[0;32mI (339) esp_image: segment 5: paddr=000be290 vaddr=4008a3e0 size=0ef90h ( 61328) load[0m
[0;32mI (376) boot: Loaded app from partition at offset 0x10000[0m
[0;32mI (376) boot: Disabling RNG early entropy source...[0m
[0;32mI (386) cpu_start: Multicore app[0m
[0;32mI (395) cpu_start: Pro cpu start user code[0m
[0;32mI (395) cpu_start: cpu freq: 160000000 Hz[0m
[0;32mI (395) app_init: Application information:[0m
[0;32mI (395) app_init: Project name:     control_1.1[0m
[0;32mI (399) app_init: App version:      v5.4[0m
[0;32mI (403) app_init: Compile time:     Sep 17 2025 20:44:09[0m
[0;32mI (408) app_init: ELF file SHA256:  1c5e9ddb4...[0m
[0;32mI (412) app_init: ESP-IDF:          v5.4[0m
[0;32mI (416) efuse_init: Min chip rev:     v0.0[0m
[0;32mI (420) efuse_init: Max chip rev:     v3.99 [0m
[0;32mI (424) efuse_init: Chip rev:         v1.1[0m
[0;32mI (428) heap_init: Initializing. RAM available for dynamic allocation:[0m
[0;32mI (434) heap_init: At 3FFAFF10 len 000000F0 (0 KiB): DRAM[0m
[0;32mI (439) heap_init: At 3FFB6388 len 00001C78 (7 KiB): DRAM[0m
[0;32mI (444) heap_init: At 3FFB9A20 len 00004108 (16 KiB): DRAM[0m
[0;32mI (449) heap_init: At 3FFC7A20 len 000185E0 (97 KiB): DRAM[0m
[0;32mI (454) heap_init: At 3FFE0440 len 00003AE0 (14 KiB): D/IRAM[0m
[0;32mI (460) heap_init: At 3FFE4350 len 0001BCB0 (111 KiB): D/IRAM[0m
[0;32mI (465) heap_init: At 40099370 len 00006C90 (27 KiB): IRAM[0m
[0;32mI (472) spi_flash: detected chip: generic[0m
[0;32mI (474) spi_flash: flash io: dio[0m
[0;32mI (478) coexist: coex firmware version: 49a8cdc[0m
[0;32mI (482) main_task: Started on CPU0[0m
[0;32mI (485) main_task: Calling app_main()[0m
[0;32mI (488) gpio: GPIO[12]| InputEn: 0| OutputEn: 0| OpenDrain: 0| Pullup: 1| Pulldown: 0| Intr:0 [0m
[0;32mI (497) I2C SLAVE: Slave initialization complete and ready to receive data[0m
[0;32mI (502) I2C SLAVE:  [0m
ENCODER[1] READING: 0
ENCODER[2] READING: 0
ENCODER[3] READING: 0
ENCODER[4] READING: 0
ENCODER[5] READING: 0
ENCODER[6] READING: 0
ENCODER[7] READING: 0
ENCODER[8] READING: 0
[0;32mI (520) I2C SLAVE: .............[0m

[0;32mI (523) I2C SLAVE: Setting up PWM and PID module [0m
[0;32mI (528) LEDC_PWM_UNIT: setting up LEDC units and chaneels[0m
[0;32mI (534) LEDC_PWM_UNIT: LEDC unit setiing up completed[0m

[0;32mI (538) CASCADE: M[0]: PosT=0.0 Pos=0.0| PWM=0 Dir=0[0m
[0;32mI (542) CASCADE: M[1]: PosT=0.0 Pos=0.0| PWM=0 Dir=0[0m
[0;32mI (547) CASCADE: M[2]: PosT=0.0 Pos=0.0| PWM=0 Dir=0[0m
[0;32mI (552) CASCADE: M[3]: PosT=0.0 Pos=0.0| PWM=0 Dir=0[0m
[0;32mI (556) CASCADE: M[4]: PosT=0.0 Pos=0.0| PWM=0 Dir=0[0m
[0;32mI (561) CASCADE: M[5]: PosT=0.0 Pos=0.0| PWM=0 Dir=0[0m
[0;32mI (566) CASCADE: M[6]: PosT=0.0 Pos=0.0| PWM=0 Dir=0[0m
[0;32mI (571) CASCADE: M[7]: PosT=0.0 Pos=0.0| PWM=0 Dir=0[0m
[0;32mI (575) MOTOR_COMMANDS: settingup the motor comnads[0m
[0;32mI (580) BLE UNIT: setting up BLE unit[0m

[0;32mI (580) MOTOR_COMMANDS: Mode[0][0m
[0;32mI (592) MOTOR_COMMANDS: Mode[0][0m
[0;32mI (595) BTDM_INIT: BT controller compile version [20b459d][0m
[0;32mI (597) BTDM_INIT: Bluetooth MAC: 5c:01:3b:f1:c0:2e[0m
[0;32mI (600) MOTOR_COMMANDS: Mode[0][0m
[0;32mI (601) phy_init: phy_version 4840,02e0d70,Sep  2 2024,19:39:07[0m
[0;32mI (607) MOTOR_COMMANDS: Mode[0][0m
[0;33mW (608) phy_init: failed to load RF calibration data (0x1102), falling back to full calibration[0m
[0;32mI (615) MOTOR_COMMANDS: Mode[0][0m
[0;32mI (623) I2C SLAVE:  [0m
ENCODER[1] READING: 0
ENCODER[2] READING: 0
ENCODER[3] READING: 0
ENCODER[4] READING: 0
ENCODER[5] READING: 0
ENCODER[6] READING: 0
ENCODER[7] READING: 0
Eï¿½ets Jun  8 2016 00:22:57

rst:0x1 (POWERON_RESET),boot:0x13 (SPI_FAST_FLASH_BOOT)
configsip: 0, SPIWP:0xee
clk_drv:0x00,q_drv:0x00,d_drv:0x00,cs0_drv:0x00,hd_drv:0x00,wp_drv:0x00
mode:DIO, clock div:2
load:0x3fff0030,len:6276
load:0x40078000,len:15716
load:0x40080400,len:4
ho 8 tail 4 room 4
load:0x40080404,len:3860
entry 0x4008063c
[0;32mI (30) boot: ESP-IDF v5.4 2nd stage bootloader[0m
[0;32mI (30) boot: compile time Sep 17 2025 20:44:17[0m
[0;32mI (30) boot: Multicore bootloader[0m
[0;32mI (31) boot: chip revision: v1.1[0m
[0;32mI (34) boot.esp32: SPI Speed      : 40MHz[0m
[0;32mI (38) boot.esp32: SPI Mode       : DIO[0m
[0;32mI (41) boot.esp32: SPI Flash Size : 16MB[0m
[0;32mI (45) boot: Enabling RNG early entropy source...[0m
[0;32mI (50) boot: Partition Table:[0m
[0;32mI (52) boot: ## Label            Usage          Type ST Offset   Length[0m
[0;32mI (59) boot:  0 nvs              WiFi data        01 02 00009000 00006000[0m
[0;32mI (65) boot:  1 phy_init         RF data          01 01 0000f000 00001000[0m
[0;32mI (72) boot:  2 factory          factory app      00 00 00010000 00100000[0m
[0;32mI (78) boot: End of partition table[0m
[0;32mI (81) esp_image: segment 0: paddr=00010020 vaddr=3f400020 size=20e44h (134724) map[0m
[0;32mI (135) esp_image: segment 1: paddr=00030e6c vaddr=3ff80000 size=0001ch (    28) load[0m
[0;32mI (135) esp_image: segment 2: paddr=00030e90 vaddr=3ffbdb60 size=04da0h ( 19872) load[0m
[0;32mI (146) esp_image: segment 3: paddr=00035c38 vaddr=40080000 size=0a3e0h ( 41952) load[0m
[0;32mI (163) esp_image: segment 4: paddr=00040020 vaddr=400d0020 size=7e268h (516712) map[0m
[0;32mI (339) esp_image: segment 5: paddr=000be290 vaddr=4008a3e0 size=0ef90h ( 61328) load[0m
[0;32mI (376) boot: Loaded app from partition at offset 0x10000[0m
[0;32mI (376) boot: Disabling RNG early entropy source...[0m
[0;32mI (386) cpu_start: Multicore app[0m
[0;32mI (395) cpu_start: Pro cpu start user code[0m
[0;32mI (395) cpu_start: cpu freq: 160000000 Hz[0m
[0;32mI (395) app_init: Application information:[0m
[0;32mI (395) app_init: Project name:     control_1.1[0m
[0;32mI (399) app_init: App version:      v5.4[0m
[0;32mI (403) app_init: Compile time:     Sep 17 2025 20:44:09[0m
[0;32mI (408) app_init: ELF file SHA256:  1c5e9ddb4...[0m
[0;32mI (412) app_init: ESP-IDF:          v5.4[0m
[0;32mI (416) efuse_init: Min chip rev:     v0.0[0m
[0;32mI (420) efuse_init: Max chip rev:     v3.99 [0m
[0;32mI (424) efuse_init: Chip rev:         v1.1[0m
[0;32mI (428) heap_init: Initializing. RAM available for dynamic allocation:[0m
[0;32mI (434) heap_init: At 3FFAFF10 len 000000F0 (0 KiB): DRAM[0m
[0;32mI (439) heap_init: At 3FFB6388 len 00001C78 (7 KiB): DRAM[0m
[0;32mI (444) heap_init: At 3FFB9A20 len 00004108 (16 KiB): DRAM[0m
[0;32mI (449) heap_init: At 3FFC7A20 len 000185E0 (97 KiB): DRAM[0m
[0;32mI (454) heap_init: At 3FFE0440 len 00003AE0 (14 KiB): D/IRAM[0m
[0;32mI (460) heap_init: At 3FFE4350 len 0001BCB0 (111 KiB): D/IRAM[0m
[0;32mI (465) heap_init: At 40099370 len 00006C90 (27 KiB): IRAM[0m
[0;32mI (472) spi_flash: detected chip: generic[0m
[0;32mI (474) spi_flash: flash io: dio[0m
[0;32mI (478) coexist: coex firmware version: 49a8cdc[0m
[0;32mI (482) main_task: Started on CPU0[0m
[0;32mI (485) main_task: Calling app_main()[0m
[0;32mI (488) gpio: GPIO[12]| InputEn: 0| OutputEn: 0| OpenDrain: 0| Pullup: 1| Pulldown: 0| Intr:0 [0m
[0;32mI (497) I2C SLAVE: Slave initialization complete and ready to receive data[0m
[0;32mI (502) I2C SLAVE:  [0m
ENCODER[1] READING: 0
ENCODER[2] READING: 0
ENCODER[3] READING: 0
ENCODER[4] READING: 0
ENCODER[5] READING: 0
ENCODER[6] READING: 0
ENCODER[7] READING: 0
ENCODER[8] READING: 0
[0;32mI (520) I2C SLAVE: .............[0m

[0;32mI (523) I2C SLAVE: Setting up PWM and PID module [0m
[0;32mI (528) LEDC_PWM_UNIT: setting up LEDC units and chaneels[0m
[0;32mI (534) LEDC_PWM_UNIT: LEDC unit setiing up completed[0m

[0;32mI (538) CASCADE: M[0]: PosT=0.0 Pos=0.0| PWM=0 Dir=0[0m
[0;32mI (542) CASCADE: M[1]: PosT=0.0 Pos=0.0| PWM=0 Dir=0[0m
[0;32mI (547) CASCADE: M[2]: PosT=0.0 Pos=0.0| PWM=0 Dir=0[0m
[0;32mI (552) CASCADE: M[3]: PosT=0.0 Pos=0.0| PWM=0 Dir=0[0m
[0;32mI (556) CASCADE: M[4]: PosT=0.0 Pos=0.0| PWM=0 Dir=0[0m
[0;32mI (561) CASCADE: M[5]: PosT=0.0 Pos=0.0| PWM=0 Dir=0[0m
[0;32mI (566) CASCADE: M[6]: PosT=0.0 Pos=0.0| PWM=0 Dir=0[0m
[0;32mI (571) CASCADE: M[7]: PosT=0.0 Pos=0.0| PWM=0 Dir=0[0m
[0;32mI (575) MOTOR_COMMANDS: settingup the motor comnads[0m
[0;32mI (580) BLE UNIT: setting up BLE unit[0m

[0;32mI (580) MOTOR_COMMANDS: Mode[0][0m
[0;32mI (592) MOTOR_COMMANDS: Mode[0][0m
[0;32mI (595) BTDM_INIT: BT controller compile version [20b459d][0m
[0;32mI (597) BTDM_INIT: Bluetooth MAC: 5c:01:3b:f1:c0:2e[0m
[0;32mI (600) MOTOR_COMMANDS: Mode[0][0m
[0;32mI (601) phy_init: phy_version 4840,02e0d70,Sep  2 2024,19:39:07[0m
[0;32mI (607) MOTOR_COMMANDS: Mode[0][0m
[0;33mW (608) phy_init: failed to load RF calibration data (0x1102), falling back to full calibration[0m
[0;32mI (615) MOTOR_COMMANDS: Mode[0][0m
[0;32mI (623) I2C SLAVE:  [0m
ENCODER[1] READING: 0
ENCODER[2] READING: 0
ENCODER[3] READING: 0
ENCODER[4] READING: 0
ENCODER[5] READING: 0
ENCODER[6] READING: 0
ENCODER[7] READING: 0
ENï¿½ï¿½ets Jun  8 2016 00:22:57

rst:0x1 (POWERON_RESET),boot:0x13 (SPI_FAST_FLASH_BOOT)
configsip: 0, SPIWP:0xee
clk_drv:0x00,q_drv:0x00,d_drv:0x00,cs0_drv:0x00,hd_drv:0x00,wp_drv:0x00
mode:DIO, clock div:2
load:0x3fff0030,len:6276
load:0x40078000,len:15716
load:0x40080400,len:4
ho 8 tail 4 room 4
load:0x40080404,len:3860
entry 0x4008063c
[0;32mI (30) boot: ESP-IDF v5.4 2nd stage bootloader[0m
[0;32mI (30) boot: compile time Sep 17 2025 20:44:17[0m
[0;32mI (30) boot: Multicore bootloader[0m
[0;32mI (31) boot: chip revision: v1.1[0m
[0;32mI (34) boot.esp32: SPI Speed      : 40MHz[0m
[0;32mI (38) boot.esp32: SPI Mode       : DIO[0m
[0;32mI (41) boot.esp32: SPI Flash Size : 16MB[0m
[0;32mI (45) boot: Enabling RNG early entropy source...[0m
[0;32mI (50) boot: Partition Table:[0m
[0;32mI (52) boot: ## Label            Usage          Type ST Offset   Length[0m
[0;32mI (59) boot:  0 nvs              WiFi data        01 02 00009000 00006000[0m
[0;32mI (65) boot:  1 phy_init         RF data          01 01 0000f000 00001000[0m
[0;32mI (72) boot:  2 factory          factory app      00 00 00010000 00100000[0m
[0;32mI (78) boot: End of partition table[0m
[0;32mI (81) esp_image: segment 0: paddr=00010020 vaddr=3f400020 size=20e44h (134724) map[0m
[0;32mI (135) esp_image: segment 1: paddr=00030e6c vaddr=3ff80000 size=0001ch (    28) load[0m
[0;32mI (135) esp_image: segment 2: paddr=00030e90 vaddr=3ffbdb60 size=04da0h ( 19872) load[0m
[0;32mI (146) esp_image: segment 3: paddr=00035c38 vaddr=40080000 size=0a3e0h ( 41952) load[0m
[0;32mI (163) esp_image: segment 4: paddr=00040020 vaddr=400d0020 size=7e268h (516712) map[0m
[0;32mI (339) esp_image: segment 5: paddr=000be290 vaddr=4008a3e0 size=0ef90h ( 61328) load[0m
[0;32mI (376) boot: Loaded app from partition at offset 0x10000[0m
[0;32mI (376) boot: Disabling RNG early entropy source...[0m
[0;32mI (386) cpu_start: Multicore app[0m
[0;32mI (395) cpu_start: Pro cpu start user code[0m
[0;32mI (395) cpu_start: cpu freq: 160000000 Hz[0m
[0;32mI (395) app_init: Application information:[0m
[0;32mI (395) app_init: Project name:     control_1.1[0m
[0;32mI (399) app_init: App version:      v5.4[0m
[0;32mI (403) app_init: Compile time:     Sep 17 2025 20:44:09[0m
[0;32mI (408) app_init: ELF file SHA256:  1c5e9ddb4...[0m
[0;32mI (412) app_init: ESP-IDF:          v5.4[0m
[0;32mI (416) efuse_init: Min chip rev:     v0.0[0m
[0;32mI (420) efuse_init: Max chip rev:     v3.99 [0m
[0;32mI (424) efuse_init: Chip rev:         v1.1[0m
[0;32mI (428) heap_init: Initializing. RAM available for dynamic allocation:[0m
[0;32mI (434) heap_init: At 3FFAFF10 len 000000F0 (0 KiB): DRAM[0m
[0;32mI (439) heap_init: At 3FFB6388 len 00001C78 (7 KiB): DRAM[0m
[0;32mI (444) heap_init: At 3FFB9A20 len 00004108 (16 KiB): DRAM[0m
[0;32mI (449) heap_init: At 3FFC7A20 len 000185E0 (97 KiB): DRAM[0m
[0;32mI (454) heap_init: At 3FFE0440 len 00003AE0 (14 KiB): D/IRAM[0m
[0;32mI (460) heap_init: At 3FFE4350 len 0001BCB0 (111 KiB): D/IRAM[0m
[0;32mI (465) heap_init: At 40099370 len 00006C90 (27 KiB): IRAM[0m
[0;32mI (472) spi_flash: detected chip: generic[0m
[0;32mI (474) spi_flash: flash io: dio[0m
[0;32mI (478) coexist: coex firmware version: 49a8cdc[0m
[0;32mI (482) main_task: Started on CPU0[0m
[0;32mI (485) main_task: Calling app_main()[0m
[0;32mI (488) gpio: GPIO[12]| InputEn: 0| OutputEn: 0| OpenDrain: 0| Pullup: 1| Pulldown: 0| Intr:0 [0m
[0;32mI (497) I2C SLAVE: Slave initialization complete and ready to receive data[0m
[0;32mI (502) I2C SLAVE:  [0m
ENCODER[1] READING: 0
ENCODER[2] READING: 0
ENCODER[3] READING: 0
ENCODER[4] READING: 0
ENCODER[5] READING: 0
ENCODER[6] READING: 0
ENCODER[7] READING: 0
ENCODER[8] READING: 0
[0;32mI (520) I2C SLAVE: .............[0m

[0;32mI (523) I2C SLAVE: Setting up PWM and PID module [0m
[0;32mI (528) LEDC_PWM_UNIT: setting up LEDC units and chaneels[0m
[0;32mI (534) LEDC_PWM_UNIT: LEDC unit setiing up completed[0m

[0;32mI (538) CASCADE: M[0]: PosT=0.0 Pos=0.0| PWM=0 Dir=0[0m
[0;32mI (542) CASCADE: M[1]: PosT=0.0 Pos=0.0| PWM=0 Dir=0[0m
[0;32mI (547) CASCADE: M[2]: PosT=0.0 Pos=0.0| PWM=0 Dir=0[0m
[0;32mI (552) CASCADE: M[3]: PosT=0.0 Pos=0.0| PWM=0 Dir=0[0m
[0;32mI (556) CASCADE: M[4]: PosT=0.0 Pos=0.0| PWM=0 Dir=0[0m
[0;32mI (561) CASCADE: M[5]: PosT=0.0 Pos=0.0| PWM=0 Dir=0[0m
[0;32mI (566) CASCADE: M[6]: PosT=0.0 Pos=0.0| PWM=0 Dir=0[0m
[0;32mI (571) CASCADE: M[7]: PosT=0.0 Pos=0.0| PWM=0 Dir=0[0m
[0;32mI (575) MOTOR_COMMANDS: settingup the motor comnads[0m
[0;32mI (580) BLE UNIT: setting up BLE unit[0m

[0;32mI (580) MOTOR_COMMANDS: Mode[0][0m
[0;32mI (592) MOTOR_COMMANDS: Mode[0][0m
[0;32mI (595) BTDM_INIT: BT controller compile version [20b459d][0m
[0;32mI (597) BTDM_INIT: Bluetooth MAC: 5c:01:3b:f1:c0:2e[0m
[0;32mI (600) MOTOR_COMMANDS: Mode[0][0m
[0;32mI (601) phy_init: phy_version 4840,02e0d70,Sep  2 2024,19:39:07[0m
[0;32mI (607) MOTOR_COMMANDS: Mode[0][0m
[0;33mW (608) phy_init: failed to load RF calibration data (0x1102), falling back to full calibration[0m
[0;32mI (615) MOTOR_COMMANDS: Mode[0][0m
[0;32mI (623) I2C SLAVE:  [0m
ENCODER[1] READING: 0
ENCODER[2] READING: 0
ENCODER[3] READING: 0
ENCODER[4] READING: 0
ENCODER[5] READING: 0
ENCODER[6] READING: 0
ENCODER[7] READING: 0
ï¿½ets Jun  8 2016 00:22:57

rst:0x1 (POWERON_RESET),boot:0x13 (SPI_FAST_FLASH_BOOT)
configsip: 0, SPIWP:0xee
clk_drv:0x00,q_drv:0x00,d_drv:0x00,cs0_drv:0x00,hd_drv:0x00,wp_drv:0x00
mode:DIO, clock div:2
load:0x3fff0030,len:6276
load:0x40078000,len:15716
load:0x40080400,len:4
ho 8 tail 4 room 4
load:0x40080404,len:3860
entry 0x4008063c
[0;32mI (30) boot: ESP-IDF v5.4 2nd stage bootloader[0m
[0;32mI (30) boot: compile time Sep 17 2025 20:44:17[0m
[0;32mI (30) boot: Multicore bootloader[0m
[0;32mI (31) boot: chip revision: v1.1[0m
[0;32mI (34) boot.esp32: SPI Speed      : 40MHz[0m
[0;32mI (38) boot.esp32: SPI Mode       : DIO[0m
[0;32mI (41) boot.esp32: SPI Flash Size : 16MB[0m
[0;32mI (45) boot: Enabling RNG early entropy source...[0m
[0;32mI (50) boot: Partition Table:[0m
[0;32mI (52) boot: ## Label            Usage          Type ST Offset   Length[0m
[0;32mI (59) boot:  0 nvs              WiFi data        01 02 00009000 00006000[0m
[0;32mI (65) boot:  1 phy_init         RF data          01 01 0000f000 00001000[0m
[0;32mI (72) boot:  2 factory          factory app      00 00 00010000 00100000[0m
[0;32mI (78) boot: End of partition table[0m
[0;32mI (81) esp_image: segment 0: paddr=00010020 vaddr=3f400020 size=20e44h (134724) map[0m
[0;32mI (135) esp_image: segment 1: paddr=00030e6c vaddr=3ff80000 size=0001ch (    28) load[0m
[0;32mI (135) esp_image: segment 2: paddr=00030e90 vaddr=3ffbdb60 size=04da0h ( 19872) load[0m
[0;32mI (146) esp_image: segment 3: paddr=00035c38 vaddr=40080000 size=0a3e0h ( 41952) load[0m
[0;32mI (163) esp_image: segment 4: paddr=00040020 vaddr=400d0020 size=7e268h (516712) map[0m
[0;32mI (339) esp_image: segment 5: paddr=000be290 vaddr=4008a3e0 size=0ef90h ( 61328) load[0m
[0;32mI (376) boot: Loaded app from partition at offset 0x10000[0m
[0;32mI (376) boot: Disabling RNG early entropy source...[0m
[0;32mI (386) cpu_start: Multicore app[0m
[0;32mI (395) cpu_start: Pro cpu start user code[0m
[0;32mI (395) cpu_start: cpu freq: 160000000 Hz[0m
[0;32mI (395) app_init: Application information:[0m
[0;32mI (395) app_init: Project name:     control_1.1[0m
[0;32mI (399) app_init: App version:      v5.4[0m
[0;32mI (403) app_init: Compile time:     Sep 17 2025 20:44:09[0m
[0;32mI (408) app_init: ELF file SHA256:  1c5e9ddb4...[0m
[0;32mI (412) app_init: ESP-IDF:          v5.4[0m
[0;32mI (416) efuse_init: Min chip rev:     v0.0[0m
[0;32mI (420) efuse_init: Max chip rev:     v3.99 [0m
[0;32mI (424) efuse_init: Chip rev:         v1.1[0m
[0;32mI (428) heap_init: Initializing. RAM available for dynamic allocation:[0m
[0;32mI (434) heap_init: At 3FFAFF10 len 000000F0 (0 KiB): DRAM[0m
[0;32mI (439) heap_init: At 3FFB6388 len 00001C78 (7 KiB): DRAM[0m
[0;32mI (444) heap_init: At 3FFB9A20 len 00004108 (16 KiB): DRAM[0m
[0;32mI (449) heap_init: At 3FFC7A20 len 000185E0 (97 KiB): DRAM[0m
[0;32mI (454) heap_init: At 3FFE0440 len 00003AE0 (14 KiB): D/IRAM[0m
[0;32mI (460) heap_init: At 3FFE4350 len 0001BCB0 (111 KiB): D/IRAM[0m
[0;32mI (465) heap_init: At 40099370 len 00006C90 (27 KiB): IRAM[0m
[0;32mI (472) spi_flash: detected chip: generic[0m
[0;32mI (474) spi_flash: flash io: dio[0m
[0;32mI (478) coexist: coex firmware version: 49a8cdc[0m
[0;32mI (482) main_task: Started on CPU0[0m
[0;32mI (485) main_task: Calling app_main()[0m
[0;32mI (488) gpio: GPIO[12]| InputEn: 0| OutputEn: 0| OpenDrain: 0| Pullup: 1| Pulldown: 0| Intr:0 [0m
[0;32mI (497) I2C SLAVE: Slave initialization complete and ready to receive data[0m
[0;32mI (502) I2C SLAVE:  [0m
ENCODER[1] READING: 0
ENCODER[2] READING: 0
ENCODER[3] READING: 0
ENCODER[4] READING: 0
ENCODER[5] READING: 0
ENCODER[6] READING: 0
ENCODER[7] READING: 0
ENCODER[8] READING: 0
[0;32mI (520) I2C SLAVE: .............[0m

[0;32mI (523) I2C SLAVE: Setting up PWM and PID module [0m
[0;32mI (528) LEDC_PWM_UNIT: setting up LEDC units and chaneels[0m
[0;32mI (534) LEDC_PWM_UNIT: LEDC unit setiing up completed[0m

[0;32mI (538) CASCADE: M[0]: PosT=0.0 Pos=0.0| PWM=0 Dir=0[0m
[0;32mI (542) CASCADE: M[1]: PosT=0.0 Pos=0.0| PWM=0 Dir=0[0m
[0;32mI (547) CASCADE: M[2]: PosT=0.0 Pos=0.0| PWM=0 Dir=0[0m
[0;32mI (552) CASCADE: M[3]: PosT=0.0 Pos=0.0| PWM=0 Dir=0[0m
[0;32mI (556) CASCADE: M[4]: PosT=0.0 Pos=0.0| PWM=0 Dir=0[0m
[0;32mI (561) CASCADE: M[5]: PosT=0.0 Pos=0.0| PWM=0 Dir=0[0m
[0;32mI (566) CASCADE: M[6]: PosT=0.0 Pos=0.0| PWM=0 Dir=0[0m
[0;32mI (571) CASCADE: M[7]: PosT=0.0 Pos=0.0| PWM=0 Dir=0[0m
[0;32mI (575) MOTOR_COMMANDS: settingup the motor comnads[0m
[0;32mI (580) BLE UNIT: setting up BLE unit[0m

[0;32mI (580) MOTOR_COMMANDS: Mode[0][0m
[0;32mI (592) MOTOR_COMMANDS: Mode[0][0m
[0;32mI (595) BTDM_INIT: BT controller compile version [20b459d][0m
[0;32mI (597) BTDM_INIT: Bluetooth MAC: 5c:01:3b:f1:c0:2e[0m
[0;32mI (600) MOTOR_COMMANDS: Mode[0][0m
[0;32mI (601) phy_init: phy_version 4840,02e0d70,Sep  2 2024,19:39:07[0m
[0;32mI (607) MOTOR_COMMANDS: Mode[0][0m
[0;33mW (608) phy_init: failed to load RF calibration data (0x1102), falling back to full calibration[0m
[0;32mI (615) MOTOR_COMMANDS: Mode[0][0m
[0;32mI (623) I2C SLAVE:  [0m
ENCODER[1] READING: 0
ENCODER[2] READING: 0
ENCODER[3] READING: 0
ENCODER[4] READING: 0
ENCODER[5] READING: 0
ENCODER[6] READING: 0
ENCODER[7] READING: 0
ENCï¿½ets Jun  8 2016 00:22:57

rst:0x1 (POWERON_RESET),boot:0x13 (SPI_FAST_FLASH_BOOT)
configsip: 0, SPIWP:0xee
clk_drv:0x00,q_drv:0x00,d_drv:0x00,cs0_drv:0x00,hd_drv:0x00,wp_drv:0x00
mode:DIO, clock div:2
load:0x3fff0030,len:6276
load:0x40078000,len:15716
load:0x40080400,len:4
ho 8 tail 4 room 4
load:0x40080404,len:3860
entry 0x4008063c
[0;32mI (30) boot: ESP-IDF v5.4 2nd stage bootloader[0m
[0;32mI (30) boot: compile time Sep 17 2025 20:44:17[0m
[0;32mI (30) boot: Multicore bootloader[0m
[0;32mI (31) boot: chip revision: v1.1[0m
[0;32mI (34) boot.esp32: SPI Speed      : 40MHz[0m
[0;32mI (38) boot.esp32: SPI Mode       : DIO[0m
[0;32mI (41) boot.esp32: SPI Flash Size : 16MB[0m
[0;32mI (45) boot: Enabling RNG early entropy source...[0m
[0;32mI (50) boot: Partition Table:[0m
[0;32mI (52) boot: ## Label            Usage          Type ST Offset   Length[0m
[0;32mI (59) boot:  0 nvs              WiFi data        01 02 00009000 00006000[0m
[0;32mI (65) boot:  1 phy_init         RF data          01 01 0000f000 00001000[0m
[0;32mI (72) boot:  2 factory          factory app      00 00 00010000 00100000[0m
[0;32mI (78) boot: End of partition table[0m
[0;32mI (81) esp_image: segment 0: paddr=00010020 vaddr=3f400020 size=20e44h (134724) map[0m
[0;32mI (135) esp_image: segment 1: paddr=00030e6c vaddr=3ff80000 size=0001ch (    28) load[0m
[0;32mI (135) esp_image: segment 2: paddr=00030e90 vaddr=3ffbdb60 size=04da0h ( 19872) load[0m
[0;32mI (146) esp_image: segment 3: paddr=00035c38 vaddr=40080000 size=0a3e0h ( 41952) load[0m
[0;32mI (163) esp_image: segment 4: paddr=00040020 vaddr=400d0020 size=7e268h (516712) map[0m
[0;32mI (339) esp_image: segment 5: paddr=000be290 vaddr=4008a3e0 size=0ef90h ( 61328) load[0m
[0;32mI (376) boot: Loaded app from partition at offset 0x10000[0m
[0;32mI (376) boot: Disabling RNG early entropy source...[0m
[0;32mI (386) cpu_start: Multicore app[0m
[0;32mI (395) cpu_start: Pro cpu start user code[0m
[0;32mI (395) cpu_start: cpu freq: 160000000 Hz[0m
[0;32mI (395) app_init: Application information:[0m
[0;32mI (395) app_init: Project name:     control_1.1[0m
[0;32mI (399) app_init: App version:      v5.4[0m
[0;32mI (403) app_init: Compile time:     Sep 17 2025 20:44:09[0m
[0;32mI (408) app_init: ELF file SHA256:  1c5e9ddb4...[0m
[0;32mI (412) app_init: ESP-IDF:          v5.4[0m
[0;32mI (416) efuse_init: Min chip rev:     v0.0[0m
[0;32mI (420) efuse_init: Max chip rev:     v3.99 [0m
[0;32mI (424) efuse_init: Chip rev:         v1.1[0m
[0;32mI (428) heap_init: Initializing. RAM available for dynamic allocation:[0m
[0;32mI (434) heap_init: At 3FFAFF10 len 000000F0 (0 KiB): DRAM[0m
[0;32mI (439) heap_init: At 3FFB6388 len 00001C78 (7 KiB): DRAM[0m
[0;32mI (444) heap_init: At 3FFB9A20 len 00004108 (16 KiB): DRAM[0m
[0;32mI (449) heap_init: At 3FFC7A20 len 000185E0 (97 KiB): DRAM[0m
[0;32mI (454) heap_init: At 3FFE0440 len 00003AE0 (14 KiB): D/IRAM[0m
[0;32mI (460) heap_init: At 3FFE4350 len 0001BCB0 (111 KiB): D/IRAM[0m
[0;32mI (465) heap_init: At 40099370 len 00006C90 (27 KiB): IRAM[0m
[0;32mI (472) spi_flash: detected chip: generic[0m
[0;32mI (474) spi_flash: flash io: dio[0m
[0;32mI (478) coexist: coex firmware version: 49a8cdc[0m
[0;32mI (482) main_task: Started on CPU0[0m
[0;32mI (485) main_task: Calling app_main()[0m
[0;32mI (488) gpio: GPIO[12]| InputEn: 0| OutputEn: 0| OpenDrain: 0| Pullup: 1| Pulldown: 0| Intr:0 [0m
[0;32mI (497) I2C SLAVE: Slave initialization complete and ready to receive data[0m
[0;32mI (502) I2C SLAVE:  [0m
ENCODER[1] READING: 0
ENCODER[2] READING: 0
ENCODER[3] READING: 0
ENCODER[4] READING: 0
ENCODER[5] READING: 0
ENCODER[6] READING: 0
ENCODER[7] READING: 0
ENCODER[8] READING: 0
[0;32mI (520) I2C SLAVE: .............[0m

[0;32mI (523) I2C SLAVE: Setting up PWM and PID module [0m
[0;32mI (528) LEDC_PWM_UNIT: setting up LEDC units and chaneels[0m
[0;32mI (534) LEDC_PWM_UNIT: LEDC unit setiing up completed[0m

[0;32mI (538) CASCADE: M[0]: PosT=0.0 Pos=0.0| PWM=0 Dir=0[0m
[0;32mI (542) CASCADE: M[1]: PosT=0.0 Pos=0.0| PWM=0 Dir=0[0m
[0;32mI (547) CASCADE: M[2]: PosT=0.0 Pos=0.0| PWM=0 Dir=0[0m
[0;32mI (552) CASCADE: M[3]: PosT=0.0 Pos=0.0| PWM=0 Dir=0[0m
[0;32mI (556) CASCADE: M[4]: PosT=0.0 Pos=0.0| PWM=0 Dir=0[0m
[0;32mI (561) CASCADE: M[5]: PosT=0.0 Pos=0.0| PWM=0 Dir=0[0m
[0;32mI (566) CASCADE: M[6]: PosT=0.0 Pos=0.0| PWM=0 Dir=0[0m
[0;32mI (571) CASCADE: M[7]: PosT=0.0 Pos=0.0| PWM=0 Dir=0[0m
[0;32mI (575) MOTOR_COMMANDS: settingup the motor comnads[0m
[0;32mI (580) BLE UNIT: setting up BLE unit[0m

[0;32mI (580) MOTOR_COMMANDS: Mode[0][0m
[0;32mI (592) MOTOR_COMMANDS: Mode[0][0m
[0;32mI (595) BTDM_INIT: BT controller compile version [20b459d][0m
[0;32mI (597) BTDM_INIT: Bluetooth MAC: 5c:01:3b:f1:c0:2e[0m
[0;32mI (600) MOTOR_COMMANDS: Mode[0][0m
[0;32mI (601) phy_init: phy_version 4840,02e0d70,Sep  2 2024,19:39:07[0m
[0;32mI (607) MOTOR_COMMANDS: Mode[0][0m
[0;33mW (608) phy_init: failed to load RF calibration data (0x1102), falling back to full calibration[0m
[0;32mI (615) MOTOR_COMMANDS: Mode[0][0m
[0;32mI (623) I2C SLAVE:  [0m
ENCODER[1] READING: 0
ENCODER[2] READING: 0
ENCODER[3] READING: 0
ENCODER[4] READING: 0
ENCODER[5] READING: 0
ENCODER[6] READING: 0
ENCODER[7] READING: 0
Aï¿½ets Jun  8 2016 00:22:57

rst:0x1 (POWERON_RESET),boot:0x13 (SPI_FAST_FLASH_BOOT)
configsip: 0, SPIWP:0xee
clk_drv:0x00,q_drv:0x00,d_drv:0x00,cs0_drv:0x00,hd_drv:0x00,wp_drv:0x00
mode:DIO, clock div:2
load:0x3fff0030,len:6276
load:0x40078000,len:15716
load:0x40080400,len:4
ho 8 tail 4 room 4
load:0x40080404,len:3860
entry 0x4008063c
[0;32mI (30) boot: ESP-IDF v5.4 2nd stage bootloader[0m
[0;32mI (30) boot: compile time Sep 17 2025 20:44:17[0m
[0;32mI (30) boot: Multicore bootloader[0m
[0;32mI (31) boot: chip revision: v1.1[0m
[0;32mI (34) boot.esp32: SPI Speed      : 40MHz[0m
[0;32mI (38) boot.esp32: SPI Mode       : DIO[0m
[0;32mI (41) boot.esp32: SPI Flash Size : 16MB[0m
[0;32mI (45) boot: Enabling RNG early entropy source...[0m
[0;32mI (50) boot: Partition Table:[0m
[0;32mI (52) boot: ## Label            Usage          Type ST Offset   Length[0m
[0;32mI (59) boot:  0 nvs              WiFi data        01 02 00009000 00006000[0m
[0;32mI (65) boot:  1 phy_init         RF data          01 01 0000f000 00001000[0m
[0;32mI (72) boot:  2 factory          factory app      00 00 00010000 00100000[0m
[0;32mI (78) boot: End of partition table[0m
[0;32mI (81) esp_image: segment 0: paddr=00010020 vaddr=3f400020 size=20e44h (134724) map[0m
[0;32mI (135) esp_image: segment 1: paddr=00030e6c vaddr=3ff80000 size=0001ch (    28) load[0m
[0;32mI (135) esp_image: segment 2: paddr=00030e90 vaddr=3ffbdb60 size=04da0h ( 19872) load[0m
[0;32mI (146) esp_image: segment 3: paddr=00035c38 vaddr=40080000 size=0a3e0h ( 41952) load[0m
[0;32mI (163) esp_image: segment 4: paddr=00040020 vaddr=400d0020 size=7e268h (516712) map[0m
[0;32mI (339) esp_image: segment 5: paddr=000be290 vaddr=4008a3e0 size=0ef90h ( 61328) load[0m
[0;32mI (376) boot: Loaded app from partition at offset 0x10000[0m
[0;32mI (376) boot: Disabling RNG early entropy source...[0m
[0;32mI (386) cpu_start: Multicore app[0m
[0;32mI (395) cpu_start: Pro cpu start user code[0m
[0;32mI (395) cpu_start: cpu freq: 160000000 Hz[0m
[0;32mI (395) app_init: Application information:[0m
[0;32mI (395) app_init: Project name:     control_1.1[0m
[0;32mI (399) app_init: App version:      v5.4[0m
[0;32mI (403) app_init: Compile time:     Sep 17 2025 20:44:09[0m
[0;32mI (408) app_init: ELF file SHA256:  1c5e9ddb4...[0m
[0;32mI (412) app_init: ESP-IDF:          v5.4[0m
[0;32mI (416) efuse_init: Min chip rev:     v0.0[0m
[0;32mI (420) efuse_init: Max chip rev:     v3.99 [0m
[0;32mI (424) efuse_init: Chip rev:         v1.1[0m
[0;32mI (428) heap_init: Initializing. RAM available for dynamic allocation:[0m
[0;32mI (434) heap_init: At 3FFAFF10 len 000000F0 (0 KiB): DRAM[0m
[0;32mI (439) heap_init: At 3FFB6388 len 00001C78 (7 KiB): DRAM[0m
[0;32mI (444) heap_init: At 3FFB9A20 len 00004108 (16 KiB): DRAM[0m
[0;32mI (449) heap_init: At 3FFC7A20 len 000185E0 (97 KiB): DRAM[0m
[0;32mI (454) heap_init: At 3FFE0440 len 00003AE0 (14 KiB): D/IRAM[0m
[0;32mI (460) heap_init: At 3FFE4350 len 0001BCB0 (111 KiB): D/IRAM[0m
[0;32mI (465) heap_init: At 40099370 len 00006C90 (27 KiB): IRAM[0m
[0;32mI (472) spi_flash: detected chip: generic[0m
[0;32mI (474) spi_flash: flash io: dio[0m
[0;32mI (478) coexist: coex firmware version: 49a8cdc[0m
[0;32mI (482) main_task: Started on CPU0[0m
[0;32mI (485) main_task: Calling app_main()[0m
[0;32mI (488) gpio: GPIO[12]| InputEn: 0| OutputEn: 0| OpenDrain: 0| Pullup: 1| Pulldown: 0| Intr:0 [0m
[0;32mI (497) I2C SLAVE: Slave initialization complete and ready to receive data[0m
[0;32mI (502) I2C SLAVE:  [0m
ENCODER[1] READING: 0
ENCODER[2] READING: 0
ENCODER[3] READING: 0
ENCODER[4] READING: 0
ENCODER[5] READING: 0
ENCODER[6] READING: 0
ENCODER[7] READING: 0
ENCODER[8] READING: 0
[0;32mI (520) I2C SLAVE: .............[0m

[0;32mI (523) I2C SLAVE: Setting up PWM and PID module [0m
[0;32mI (528) LEDC_PWM_UNIT: setting up LEDC units and chaneels[0m
[0;32mI (534) LEDC_PWM_UNIT: LEDC unit setiing up completed[0m

[0;32mI (538) CASCADE: M[0]: PosT=0.0 Pos=0.0| PWM=0 Dir=0[0m
[0;32mI (542) CASCADE: M[1]: PosT=0.0 Pos=0.0| PWM=0 Dir=0[0m
[0;32mI (547) CASCADE: M[2]: PosT=0.0 Pos=0.0| PWM=0 Dir=0[0m
[0;32mI (552) CASCADE: M[3]: PosT=0.0 Pos=0.0| PWM=0 Dir=0[0m
[0;32mI (556) CASCADE: M[4]: PosT=0.0 Pos=0.0| PWM=0 Dir=0[0m
[0;32mI (561) CASCADE: M[5]: PosT=0.0 Pos=0.0| PWM=0 Dir=0[0m
[0;32mI (566) CASCADE: M[6]: PosT=0.0 Pos=0.0| PWM=0 Dir=0[0m
[0;32mI (571) CASCADE: M[7]: PosT=0.0 Pos=0.0| PWM=0 Dir=0[0m
[0;32mI (575) MOTOR_COMMANDS: settingup the motor comnads[0m
[0;32mI (580) BLE UNIT: setting up BLE unit[0m

[0;32mI (580) MOTOR_COMMANDS: Mode[0][0m
[0;32mI (592) MOTOR_COMMANDS: Mode[0][0m
[0;32mI (595) BTDM_INIT: BT controller compile version [20b459d][0m
[0;32mI (597) BTDM_INIT: Bluetooth MAC: 5c:01:3b:f1:c0:2e[0m
[0;32mI (600) MOTOR_COMMANDS: Mode[0][0m
[0;32mI (601) phy_init: phy_version 4840,02e0d70,Sep  2 2024,19:39:07[0m
[0;32mI (607) MOTOR_COMMANDS: Mode[0][0m
[0;33mW (608) phy_init: failed to load RF calibration data (0x1102), falling back to full calibration[0m
[0;32mI (615) MOTOR_COMMANDS: Mode[0][0m
[0;32mI (623) I2C SLAVE:  [0m
ENCODER[1] READING: 0
ENCODER[2] READING: 0
ENCODER[3] READING: 0
ENCODER[4] READING: 0
ENCODER[5] READING: 0
ENCODER[6] READING: 0
ENCODER[7] READING: 0
ENï¿½ï¿½ets Jun  8 2016 00:22:57

rst:0x1 (POWERON_RESET),boot:0x13 (SPI_FAST_FLASH_BOOT)
configsip: 0, SPIWP:0xee
clk_drv:0x00,q_drv:0x00,d_drv:0x00,cs0_drv:0x00,hd_drv:0x00,wp_drv:0x00
mode:DIO, clock div:2
load:0x3fff0030,len:6276
load:0x40078000,len:15716
load:0x40080400,len:4
ho 8 tail 4 room 4
load:0x40080404,len:3860
entry 0x4008063c
[0;32mI (30) boot: ESP-IDF v5.4 2nd stage bootloader[0m
[0;32mI (30) boot: compile time Sep 17 2025 20:44:17[0m
[0;32mI (30) boot: Multicore bootloader[0m
[0;32mI (31) boot: chip revision: v1.1[0m
[0;32mI (34) boot.esp32: SPI Speed      : 40MHz[0m
[0;32mI (38) boot.esp32: SPI Mode       : DIO[0m
[0;32mI (41) boot.esp32: SPI Flash Size : 16MB[0m
[0;32mI (45) boot: Enabling RNG early entropy source...[0m
[0;32mI (50) boot: Partition Table:[0m
[0;32mI (52) boot: ## Label            Usage          Type ST Offset   Length[0m
[0;32mI (59) boot:  0 nvs              WiFi data        01 02 00009000 00006000[0m
[0;32mI (65) boot:  1 phy_init         RF data          01 01 0000f000 00001000[0m
[0;32mI (72) boot:  2 factory          factory app      00 00 00010000 00100000[0m
[0;32mI (78) boot: End of partition table[0m
[0;32mI (81) esp_image: segment 0: paddr=00010020 vaddr=3f400020 size=20e44h (134724) map[0m
[0;32mI (135) esp_image: segment 1: paddr=00030e6c vaddr=3ff80000 size=0001ch (    28) load[0m
[0;32mI (135) esp_image: segment 2: paddr=00030e90 vaddr=3ffbdb60 size=04da0h ( 19872) load[0m
[0;32mI (146) esp_image: segment 3: paddr=00035c38 vaddr=40080000 size=0a3e0h ( 41952) load[0m
[0;32mI (163) esp_image: segment 4: paddr=00040020 vaddr=400d0020 size=7e268h (516712) map[0m
[0;32mI (339) esp_image: segment 5: paddr=000be290 vaddr=4008a3e0 size=0ef90h ( 61328) load[0m
[0;32mI (376) boot: Loaded app from partition at offset 0x10000[0m
[0;32mI (376) boot: Disabling RNG early entropy source...[0m
[0;32mI (386) cpu_start: Multicore app[0m
[0;32mI (395) cpu_start: Pro cpu start user code[0m
[0;32mI (395) cpu_start: cpu freq: 160000000 Hz[0m
[0;32mI (395) app_init: Application information:[0m
[0;32mI (395) app_init: Project name:     control_1.1[0m
[0;32mI (399) app_init: App version:      v5.4[0m
[0;32mI (403) app_init: Compile time:     Sep 17 2025 20:44:09[0m
[0;32mI (408) app_init: ELF file SHA256:  1c5e9ddb4...[0m
[0;32mI (412) app_init: ESP-IDF:          v5.4[0m
[0;32mI (416) efuse_init: Min chip rev:     v0.0[0m
[0;32mI (419) efuse_init: Max chip rev:     v3.99 [0m
[0;32mI (423) efuse_init: Chip rev:         v1.1[0m
[0;32mI (428) heap_init: Initializing. RAM available for dynamic allocation:[0m
[0;32mI (434) heap_init: At 3FFAFF10 len 000000F0 (0 KiB): DRAM[0m
[0;32mI (439) heap_init: At 3FFB6388 len 00001C78 (7 KiB): DRAM[0m
[0;32mI (444) heap_init: At 3FFB9A20 len 00004108 (16 KiB): DRAM[0m
[0;32mI (449) heap_init: At 3FFC7A20 len 000185E0 (97 KiB): DRAM[0m
[0;32mI (454) heap_init: At 3FFE0440 len 00003AE0 (14 KiB): D/IRAM[0m
[0;32mI (460) heap_init: At 3FFE4350 len 0001BCB0 (111 KiB): D/IRAM[0m
[0;32mI (465) heap_init: At 40099370 len 00006C90 (27 KiB): IRAM[0m
[0;32mI (472) spi_flash: detected chip: generic[0m
[0;32mI (474) spi_flash: flash io: dio[0m
[0;32mI (478) coexist: coex firmware version: 49a8cdc[0m
[0;32mI (482) main_task: Started on CPU0[0m
[0;32mI (485) main_task: Calling app_main()[0m
[0;32mI (488) gpio: GPIO[12]| InputEn: 0| OutputEn: 0| OpenDrain: 0| Pullup: 1| Pulldown: 0| Intr:0 [0m
[0;32mI (497) I2C SLAVE: Slave initialization complete and ready to receive data[0m
[0;32mI (502) I2C SLAVE:  [0m
ENCODER[1] READING: 0
ENCODER[2] READING: 0
ENCODER[3] READING: 0
ENCODER[4] READING: 0
ENCODER[5] READING: 0
ENCODER[6] READING: 0
ENCODER[7] READING: 0
ENCODER[8] READING: 0
[0;32mI (520) I2C SLAVE: .............[0m

[0;32mI (523) I2C SLAVE: Setting up PWM and PID module [0m
[0;32mI (528) LEDC_PWM_UNIT: setting up LEDC units and chaneels[0m
[0;32mI (534) LEDC_PWM_UNIT: LEDC unit setiing up completed[0m

[0;32mI (538) CASCADE: M[0]: PosT=0.0 Pos=0.0| PWM=0 Dir=0[0m
[0;32mI (542) CASCADE: M[1]: PosT=0.0 Pos=0.0| PWM=0 Dir=0[0m
[0;32mI (547) CASCADE: M[2]: PosT=0.0 Pos=0.0| PWM=0 Dir=0[0m
[0;32mI (552) CASCADE: M[3]: PosT=0.0 Pos=0.0| PWM=0 Dir=0[0m
[0;32mI (556) CASCADE: M[4]: PosT=0.0 Pos=0.0| PWM=0 Dir=0[0m
[0;32mI (561) CASCADE: M[5]: PosT=0.0 Pos=0.0| PWM=0 Dir=0[0m
[0;32mI (566) CASCADE: M[6]: PosT=0.0 Pos=0.0| PWM=0 Dir=0[0m
[0;32mI (571) CASCADE: M[7]: PosT=0.0 Pos=0.0| PWM=0 Dir=0[0m
[0;32mI (575) MOTOR_COMMANDS: settingup the motor comnads[0m
[0;32mI (580) BLE UNIT: setting up BLE unit[0m

[0;32mI (580) MOTOR_COMMANDS: Mode[0][0m
[0;32mI (592) MOTOR_COMMANDS: Mode[0][0m
[0;32mI (595) BTDM_INIT: BT controller compile version [20b459d][0m
[0;32mI (597) BTDM_INIT: Bluetooth MAC: 5c:01:3b:f1:c0:2e[0m
[0;32mI (600) MOTOR_COMMANDS: Mode[0][0m
[0;32mI (601) phy_init: phy_version 4840,02e0d70,Sep  2 2024,19:39:07[0m
[0;32mI (607) MOTOR_COMMANDS: Mode[0][0m
[0;33mW (608) phy_init: failed to load RF calibration data (0x1102), falling back to full calibration[0m
[0;32mI (615) MOTOR_COMMANDS: Mode[0][0m
[0;32mI (623) I2C SLAVE:  [0m
ENCODER[1] READING: 0
ENCODER[2] READING: 0
ENCODER[3] READING: 0
ENCODER[4] READING: 0
ENCODER[5] READING: 0
ENCODER[6] READING: 0
ENCODER[7] READING: 0
ENC ets Jun  8 2016 00:22:57

rst:0x1 (POWERON_RESET),boot:0x13 (SPI_FAST_FLASH_BOOT)
configsip: 0, SPIWP:0xee
clk_drv:0x00,q_drv:0x00,d_drv:0x00,cs0_drv:0x00,hd_drv:0x00,wp_drv:0x00
mode:DIO, clock div:2
load:0x3fff0030,len:6276
load:0x40078000,len:15716
load:0x40080400,len:4
ho 8 tail 4 room 4
load:0x40080404,len:3860
entry 0x4008063c
[0;32mI (30) boot: ESP-IDF v5.4 2nd stage bootloader[0m
[0;32mI (30) boot: compile time Sep 17 2025 20:44:17[0m
[0;32mI (30) boot: Multicore bootloader[0m
[0;32mI (31) boot: chip revision: v1.1[0m
[0;32mI (34) boot.esp32: SPI Speed      : 40MHz[0m
[0;32mI (38) boot.esp32: SPI Mode       : DIO[0m
[0;32mI (41) boot.esp32: SPI Flash Size : 16MB[0m
[0;32mI (45) boot: Enabling RNG early entropy source...[0m
[0;32mI (50) boot: Partition Table:[0m
[0;32mI (52) boot: ## Label            Usage          Type ST Offset   Length[0m
[0;32mI (59) boot:  0 nvs              WiFi data        01 02 00009000 00006000[0m
[0;32mI (65) boot:  1 phy_init         RF data          01 01 0000f000 00001000[0m
[0;32mI (72) boot:  2 factory          factory app      00 00 00010000 00100000[0m
[0;32mI (78) boot: End of partition table[0m
[0;32mI (81) esp_image: segment 0: paddr=00010020 vaddr=3f400020 size=20e44h (134724) map[0m
[0;32mI (135) esp_image: segment 1: paddr=00030e6c vaddr=3ff80000 size=0001ch (    28) load[0m
[0;32mI (135) esp_image: segment 2: paddr=00030e90 vaddr=3ffbdb60 size=04da0h ( 19872) load[0m
[0;32mI (146) esp_image: segment 3: paddr=00035c38 vaddr=40080000 size=0a3e0h ( 41952) load[0m
[0;32mI (163) esp_image: segment 4: paddr=00040020 vaddr=400d0020 size=7e268h (516712) map[0m
[0;32mI (339) esp_image: segment 5: paddr=000be290 vaddr=4008a3e0 size=0ef90h ( 61328) load[0m
[0;32mI (376) boot: Loaded app from partition at offset 0x10000[0m
[0;32mI (376) boot: Disabling RNG early entropy source...[0m
[0;32mI (386) cpu_start: Multicore app[0m
[0;32mI (395) cpu_start: Pro cpu start user code[0m
[0;32mI (395) cpu_start: cpu freq: 160000000 Hz[0m
[0;32mI (395) app_init: Application information:[0m
[0;32mI (395) app_init: Project name:     control_1.1[0m
[0;32mI (399) app_init: App version:      v5.4[0m
[0;32mI (403) app_init: Compile time:     Sep 17 2025 20:44:09[0m
[0;32mI (408) app_init: ELF file SHA256:  1c5e9ddb4...[0m
[0;32mI (412) app_init: ESP-IDF:          v5.4[0m
[0;32mI (416) efuse_init: Min chip rev:     v0.0[0m
[0;32mI (419) efuse_init: Max chip rev:     v3.99 [0m
[0;32mI (423) efuse_init: Chip rev:         v1.1[0m
[0;32mI (428) heap_init: Initializing. RAM available for dynamic allocation:[0m
[0;32mI (434) heap_init: At 3FFAFF10 len 000000F0 (0 KiB): DRAM[0m
[0;32mI (439) heap_init: At 3FFB6388 len 00001C78 (7 KiB): DRAM[0m
[0;32mI (444) heap_init: At 3FFB9A20 len 00004108 (16 KiB): DRAM[0m
[0;32mI (449) heap_init: At 3FFC7A20 len 000185E0 (97 KiB): DRAM[0m
[0;32mI (454) heap_init: At 3FFE0440 len 00003AE0 (14 KiB): D/IRAM[0m
[0;32mI (460) heap_init: At 3FFE4350 len 0001BCB0 (111 KiB): D/IRAM[0m
[0;32mI (465) heap_init: At 40099370 len 00006C90 (27 KiB): IRAM[0m
[0;32mI (472) spi_flash: detected chip: generic[0m
[0;32mI (474) spi_flash: flash io: dio[0m
[0;32mI (478) coexist: coex firmware version: 49a8cdc[0m
[0;32mI (482) main_task: Started on CPU0[0m
[0;32mI (485) main_task: Calling app_main()[0m
[0;32mI (488) gpio: GPIO[12]| InputEn: 0| OutputEn: 0| OpenDrain: 0| Pullup: 1| Pulldown: 0| Intr:0 [0m
[0;32mI (497) I2C SLAVE: Slave initialization complete and ready to receive data[0m
[0;32mI (502) I2C SLAVE:  [0m
ENCODER[1] READING: 0
ENCODER[2] READING: 0
ENCODER[3] READING: 0
ENCODER[4] READING: 0
ENCODER[5] READING: 0
ENCODER[6] READING: 0
ENCODER[7] READING: 0
ENCODER[8] READING: 0
[0;32mI (520) I2C SLAVE: .............[0m

[0;32mI (523) I2C SLAVE: Setting up PWM and PID module [0m
[0;32mI (528) LEDC_PWM_UNIT: setting up LEDC units and chaneels[0m
[0;32mI (534) LEDC_PWM_UNIT: LEDC unit setiing up completed[0m

[0;32mI (538) CASCADE: M[0]: PosT=0.0 Pos=0.0| PWM=0 Dir=0[0m
[0;32mI (542) CASCADE: M[1]: PosT=0.0 Pos=0.0| PWM=0 Dir=0[0m
[0;32mI (547) CASCADE: M[2]: PosT=0.0 Pos=0.0| PWM=0 Dir=0[0m
[0;32mI (552) CASCADE: M[3]: PosT=0.0 Pos=0.0| PWM=0 Dir=0[0m
[0;32mI (556) CASCADE: M[4]: PosT=0.0 Pos=0.0| PWM=0 Dir=0[0m
[0;32mI (561) CASCADE: M[5]: PosT=0.0 Pos=0.0| PWM=0 Dir=0[0m
[0;32mI (566) CASCADE: M[6]: PosT=0.0 Pos=0.0| PWM=0 Dir=0[0m
[0;32mI (571) CASCADE: M[7]: PosT=0.0 Pos=0.0| PWM=0 Dir=0[0m
[0;32mI (575) MOTOR_COMMANDS: settingup the motor comnads[0m
[0;32mI (580) BLE UNIT: setting up BLE unit[0m

[0;32mI (580) MOTOR_COMMANDS: Mode[0][0m
[0;32mI (592) MOTOR_COMMANDS: Mode[0][0m
[0;32mI (595) BTDM_INIT: BT controller compile version [20b459d][0m
[0;32mI (597) BTDM_INIT: Bluetooth MAC: 5c:01:3b:f1:c0:2e[0m
[0;32mI (600) MOTOR_COMMANDS: Mode[0][0m
[0;32mI (601) phy_init: phy_version 4840,02e0d70,Sep  2 2024,19:39:07[0m
[0;32mI (607) MOTOR_COMMANDS: Mode[0][0m
[0;33mW (608) phy_init: failed to load RF calibration data (0x1102), falling back to full calibration[0m
[0;32mI (615) MOTOR_COMMANDS: Mode[0][0m
[0;32mI (623) I2C SLAVE:  [0m
ENCODER[1] READING: 0
ENCODER[2] READING: 0
ENCODER[3] READING: 0
ENCODER[4] READING: 0
ENCODER[5] READING: 0
ENCODER[6] READING: 0
ENCODER[7] READING: 0
ENCODEï¿½ï¿½ets Jun  8 2016 00:22:57

rst:0x1 (POWERON_RESET),boot:0x13 (SPI_FAST_FLASH_BOOT)
configsip: 0, SPIWP:0xee
clk_drv:0x00,q_drv:0x00,d_drv:0x00,cs0_drv:0x00,hd_drv:0x00,wp_drv:0x00
mode:DIO, clock div:2
load:0x3fff0030,len:6276
load:0x40078000,len:15716
load:0x40080400,len:4
ho 8 tail 4 room 4
load:0x40080404,len:3860
entry 0x4008063c
[0;32mI (30) boot: ESP-IDF v5.4 2nd stage bootloader[0m
[0;32mI (30) boot: compile time Sep 17 2025 20:44:17[0m
[0;32mI (30) boot: Multicore bootloader[0m
[0;32mI (31) boot: chip revision: v1.1[0m
[0;32mI (34) boot.esp32: SPI Speed      : 40MHz[0m
[0;32mI (38) boot.esp32: SPI Mode       : DIO[0m
[0;32mI (41) boot.esp32: SPI Flash Size : 16MB[0m
[0;32mI (45) boot: Enabling RNG early entropy source...[0m
[0;32mI (50) boot: Partition Table:[0m
[0;32mI (52) boot: ## Label            Usage          Type ST Offset   Length[0m
[0;32mI (59) boot:  0 nvs              WiFi data        01 02 00009000 00006000[0m
[0;32mI (65) boot:  1 phy_init         RF data          01 01 0000f000 00001000[0m
[0;32mI (72) boot:  2 factory          factory app      00 00 00010000 00100000[0m
[0;32mI (78) boot: End of partition table[0m
[0;32mI (81) esp_image: segment 0: paddr=00010020 vaddr=3f400020 size=20e44h (134724) map[0m
[0;32mI (135) esp_image: segment 1: paddr=00030e6c vaddr=3ff80000 size=0001ch (    28) load[0m
[0;32mI (135) esp_image: segment 2: paddr=00030e90 vaddr=3ffbdb60 size=04da0h ( 19872) load[0m
[0;32mI (146) esp_image: segment 3: paddr=00035c38 vaddr=40080000 size=0a3e0h ( 41952) load[0m
[0;32mI (163) esp_image: segment 4: paddr=00040020 vaddr=400d0020 size=7e268h (516712) map[0m
[0;32mI (339) esp_image: segment 5: paddr=000be290 vaddr=4008a3e0 size=0ef90h ( 61328) load[0m
[0;32mI (376) boot: Loaded app from partition at offset 0x10000[0m
[0;32mI (376) boot: Disabling RNG early entropy source...[0m
[0;32mI (386) cpu_start: Multicore app[0m
[0;32mI (395) cpu_start: Pro cpu start user code[0m
[0;32mI (395) cpu_start: cpu freq: 160000000 Hz[0m
[0;32mI (395) app_init: Application information:[0m
[0;32mI (395) app_init: Project name:     control_1.1[0m
[0;32mI (399) app_init: App version:      v5.4[0m
[0;32mI (403) app_init: Compile time:     Sep 17 2025 20:44:09[0m
[0;32mI (408) app_init: ELF file SHA256:  1c5e9ddb4...[0m
[0;32mI (412) app_init: ESP-IDF:          v5.4[0m
[0;32mI (416) efuse_init: Min chip rev:     v0.0[0m
[0;32mI (419) efuse_init: Max chip rev:     v3.99 [0m
[0;32mI (423) efuse_init: Chip rev:         v1.1[0m
[0;32mI (428) heap_init: Initializing. RAM available for dynamic allocation:[0m
[0;32mI (434) heap_init: At 3FFAFF10 len 000000F0 (0 KiB): DRAM[0m
[0;32mI (439) heap_init: At 3FFB6388 len 00001C78 (7 KiB): DRAM[0m
[0;32mI (444) heap_init: At 3FFB9A20 len 00004108 (16 KiB): DRAM[0m
[0;32mI (449) heap_init: At 3FFC7A20 len 000185E0 (97 KiB): DRAM[0m
[0;32mI (454) heap_init: At 3FFE0440 len 00003AE0 (14 KiB): D/IRAM[0m
[0;32mI (460) heap_init: At 3FFE4350 len 0001BCB0 (111 KiB): D/IRAM[0m
[0;32mI (465) heap_init: At 40099370 len 00006C90 (27 KiB): IRAM[0m
[0;32mI (472) spi_flash: detected chip: generic[0m
[0;32mI (474) spi_flash: flash io: dio[0m
[0;32mI (478) coexist: coex firmware version: 49a8cdc[0m
[0;32mI (482) main_task: Started on CPU0[0m
[0;32mI (485) main_task: Calling app_main()[0m
[0;32mI (488) gpio: GPIO[12]| InputEn: 0| OutputEn: 0| OpenDrain: 0| Pullup: 1| Pulldown: 0| Intr:0 [0m
[0;32mI (497) I2C SLAVE: Slave initialization complete and ready to receive data[0m
[0;32mI (502) I2C SLAVE:  [0m
ENCODER[1] READING: 0
ENCODER[2] READING: 0
ENCODER[3] READING: 0
ENCODER[4] READING: 0
ENCODER[5] READING: 0
ENCODER[6] READING: 0
ENCODER[7] READING: 0
ENCODER[8] READING: 0
[0;32mI (520) I2C SLAVE: .............[0m

[0;32mI (523) I2C SLAVE: Setting up PWM and PID module [0m
[0;32mI (528) LEDC_PWM_UNIT: setting up LEDC units and chaneels[0m
[0;32mI (534) LEDC_PWM_UNIT: LEDC unit setiing up completed[0m

[0;32mI (538) CASCADE: M[0]: PosT=0.0 Pos=0.0| PWM=0 Dir=0[0m
[0;32mI (542) CASCADE: M[1]: PosT=0.0 Pos=0.0| PWM=0 Dir=0[0m
[0;32mI (547) CASCADE: M[2]: PosT=0.0 Pos=0.0| PWM=0 Dir=0[0m
[0;32mI (552) CASCADE: M[3]: PosT=0.0 Pos=0.0| PWM=0 Dir=0[0m
[0;32mI (556) CASCADE: M[4]: PosT=0.0 Pos=0.0| PWM=0 Dir=0[0m
[0;32mI (561) CASCADE: M[5]: PosT=0.0 Pos=0.0| PWM=0 Dir=0[0m
[0;32mI (566) CASCADE: M[6]: PosT=0.0 Pos=0.0| PWM=0 Dir=0[0m
[0;32mI (571) CASCADE: M[7]: PosT=0.0 Pos=0.0| PWM=0 Dir=0[0m
[0;32mI (575) MOTOR_COMMANDS: settingup the motor comnads[0m
[0;32mI (580) BLE UNIT: setting up BLE unit[0m

[0;32mI (580) MOTOR_COMMANDS: Mode[0][0m
[0;32mI (592) MOTOR_COMMANDS: Mode[0][0m
[0;32mI (595) BTDM_INIT: BT controller compile version [20b459d][0m
[0;32mI (597) BTDM_INIT: Bluetooth MAC: 5c:01:3b:f1:c0:2e[0m
[0;32mI (600) MOTOR_COMMANDS: Mode[0][0m
[0;32mI (601) phy_init: phy_version 4840,02e0d70,Sep  2 2024,19:39:07[0m
[0;32mI (607) MOTOR_COMMANDS: Mode[0][0m
[0;33mW (608) phy_init: failed to load RF calibration data (0x1102), falling back to full calibration[0m
[0;32mI (615) MOTOR_COMMANDS: Mode[0][0m
[0;32mI (623) I2C SLAVE:  [0m
ENCODER[1] READING: 0
ENCODER[2] READING: 0
ENCODER[3] READING: 0
ENCODER[4] READING: 0
ENCODER[5] READING: 0
ENCODER[6] READING: 0
ENCODER[7] READING: 0
E ï¿½ï¿½ets Jun  8 2016 00:22:57

rst:0x1 (POWERON_RESET),boot:0x13 (SPI_FAST_FLASH_BOOT)
configsip: 0, SPIWP:0xee
clk_drv:0x00,q_drv:0x00,d_drv:0x00,cs0_drv:0x00,hd_drv:0x00,wp_drv:0x00
mode:DIO, clock div:2
load:0x3fff0030,len:6276
load:0x40078000,len:15716
load:0x40080400,len:4
ho 8 tail 4 room 4
load:0x40080404,len:3860
entry 0x4008063c
[0;32mI (30) boot: ESP-IDF v5.4 2nd stage bootloader[0m
[0;32mI (30) boot: compile time Sep 17 2025 20:44:17[0m
[0;32mI (30) boot: Multicore bootloader[0m
[0;32mI (31) boot: chip revision: v1.1[0m
[0;32mI (34) boot.esp32: SPI Speed      : 40MHz[0m
[0;32mI (38) boot.esp32: SPI Mode       : DIO[0m
[0;32mI (41) boot.esp32: SPI Flash Size : 16MB[0m
[0;32mI (45) boot: Enabling RNG early entropy source...[0m
[0;32mI (50) boot: Partition Table:[0m
[0;32mI (52) boot: ## Label            Usage          Type ST Offset   Length[0m
[0;32mI (59) boot:  0 nvs              WiFi data        01 02 00009000 00006000[0m
[0;32mI (65) boot:  1 phy_init         RF data          01 01 0000f000 00001000[0m
[0;32mI (72) boot:  2 factory          factory app      00 00 00010000 00100000[0m
[0;32mI (78) boot: End of partition table[0m
[0;32mI (81) esp_image: segment 0: paddr=00010020 vaddr=3f400020 size=20e44h (134724) map[0m
[0;32mI (135) esp_image: segment 1: paddr=00030e6c vaddr=3ff80000 size=0001ch (    28) load[0m
[0;32mI (135) esp_image: segment 2: paddr=00030e90 vaddr=3ffbdb60 size=04da0h ( 19872) load[0m
[0;32mI (146) esp_image: segment 3: paddr=00035c38 vaddr=40080000 size=0a3e0h ( 41952) load[0m
[0;32mI (163) esp_image: segment 4: paddr=00040020 vaddr=400d0020 size=7e268h (516712) map[0m
