[1;31mE (194) esp_image: invalid segment length 0x5265e748[0m
[1;31mE (194) bootï¿½2ï¿½ï¿½ï¿½ï¿½ï¿½ï¿½app partition is not bootable[0m
[1;31mE (194) boot: No bootable app partitions in the partition table[0m
ets Jun  8 2016 00:22:57

rst:0x3 (SW_RESET),boot:0x13 (SPI_FAST_FLASH_BOOT)
configsip: 0, SPIWP:0xee
clk_drv:0x00,q_drv:1x00,d_drv:0x00,cs0_drv:0x00,hd_drv:0x00,wp_drv:0x00
mode:DIO, clock div:2
load:0x3fff0030,lYKï¿½ï¿½ï¿½ï¿½j
load:0x40078000,len:15716
load:0x40080400,len:4
ho 8 tail 4 room 4
load:0x40080404,len:3860
entry 0x4008063c
[0;32mI (60) boot: ESP-IDF v5.4 2nd stage bootloader[0m
[0;32mI (60) boï¿½ï¿½ compile time Sep 17 2025 20:44:17[0m
[0;32mI (60) boot: Multicore bootloader[0m
[0;32mI (62) boot: chip revision: v1.1[0m
[0;32mI (65) boot.esp32: SPI Speed      : 40MHz[0m
[0;32mI (68) boot.esp32: SPI Mode       : DIO[0m
[0;32mI (72) boot.esp32: SPI Flash Size : 16MB[0m
[0;32mI (76) boot: Enabling RNG early entropy sourceï¿½rj[0m
[0;32mI (80) boot: Partition Table:[0m
[0;32mI (83) boot: ## Label            Usage          Type ST Offset   Length[0m
[0;32mI (89) boot:  0 nvs              WiFi data        01 02 00009000 00006000[0m
[0;32mI (96) boot:  1 phy_init         RF data          01 01 0000f000 00001000[0m
[0;32mI (102) boot:  2 factory          factory app      00 00 00010000 00100000[0m
I`(109) boot: End of partition table
[0;32mI (112) esp_image: segment 0: paddr=00010020 vaddr=3f400020 size=0c674h"( 50804) map[0m
[0;32mI (137) esp_image: segment 1: paddr=0001c69c vaddr=3ff80000 size=0001ch (    28) load[0m
[0;32mI (137) esp_image: segment 2: paddr=0001c6c0 vaddr=3ffbdb60 size=03730h ( 14128) load[0m
[0;32mI (146) esp_image: segment 3: paddr=0001fdf8 vaddr=40080000 size=00220h (   544) load[0m
[0;32mI (149) esp_image: segment 4: paddr=00020020 vaddr=400d0020 size=1adc0h (110016) map[0m
[1;31mE (194) esp_image: invalid segment length 0x5265e748[0m
[1;31mE (194) boot: Factory app partition is not bootable[0m
[1;31mE (194) boot: No bootable app partitions in the partition table[0m
ets Jun  8 2016 00:22:57

rst:0x3 (SW_RESET),boot:0x13 (SPI_FAST_FLASH_BOOT)
configsip: 0, SPIWP:0xee
clk_drv:0x00,q_dï¿½ï¿½ï¿½ï¿½ï¿½0,d_drv:0x00,cs0_drv:0x00,hd_drv:0x00,wp_drv:0x00
mode:DIO, clock div:2
load:0x3fff0030,len:6276
loadï¿½Lï¿½0078000,len:15716
load:0x40080400,len:4
ho 8 tail 4 room 4
load:0x40080404,len:3860
entry 0x4008063c
[0;32mI (60) boot: ESP-IDF v5.4 2nd stage bootloader[0m
[0;32mI (60) boot: compile time Sep 17 2025 20:44:17[0m
[0;32mI (60) boot: Multicore bootloader[0m
[0;32mI (62) boot: chip revision: v1.1[0m
[0;32mI (65) boot.esp32: SPI Speed      : 40MHz[0m
[0;32mI (68) boot.esp32: SPI Mode       : DIO[0m
[0;32mI (72) boot.esp32: SPI Flash Size : 16MB[0m
[0;32mI (76) boot: Enabling RNG early entropy source...[0m
[0;32mI (80) boot: Partition Table:[0m
[0;32mI (83) boot: ## Label            Usage          Type ST Offset   Length[0m
[0;32mI (89) boot:  0 nvs              WiFi data        01 02 00009000 00006000[0m
[0;32mI (96) boot:  1 phy_init         RF data          01 01 0000f000 00001000[0m
[0;32mI (102) boot:  2 factory          factory app      00 00 00010000 00100000[0m
[0;32mI (109) boot: End of partition table[0m
[0;32mI (112) esp_image: segment 0: paddr=00010020 vaddr=3f400020 size=0c674h ( 50804) map[0m
[0;32mI (137) esp_image: segment 1: paddr=0001c69c vaddr=3ff80000 size=0001ch (    28) load[0m
[0;32mI (137) esp_image: segment 2: paddr=0001c6c0 vadfr=3ffbdb60 size=03730h ( 14128) load[0m
[0;32mI (146) esp_image: segment 3: paddr=0001fdf8 vaddr=40080000 size=00220h (   544) load[0m
[0;32mI (149) esp_image: segment 4: paddr=00020020 vaddr=400d0020 size=1adc0h (110016) map[0m
[1;31mE (194) esp_image: invalid segment length 0x52>5e748[0m
[1;31mE (194) boot: Factory app partition is not bootable[0m
[1;31mE (194) boot: No bootable app partitions in the partition table[0m
ets Jun  8 2016 00:22:57

rst:0x3 (SW_RESET),boot:0x13 (SPI_FAST_FLASH_BOOT)
configsip: 0, SPIWP:0xee
clk_drv:0x00,q_drv:0x00,d_drv:0x00,cs0_drv:0x00,hd_drv:0x00,wp_drv:0x00
mode:DIO, clock div:2
load:0x3fff0030,len:6276
load:0x40078000,len:15716
load:0x40080400,len:4
ho 8 tail 4 room 4
load:0x40080404,len:3860
entry 0x4008063c
[0;32mI (60) boot: ESP-IDF v5.4 2nd stage bootloader[0m
[0;32mI (60) boot: compile timm Sep 17 2025 20:44:17[0m
[0;32mI (60) boot: Multicore bootloader[0m
[0;32mI (62) boot: chip revision: v1.1[0m
[0;32mI (65) boot.esp32: SPI Speed      : 40MHz[0m
[0;32mI (68) boot.esp32: SPI Mode       : DIO[0m
[0;32mI (72) boot.esp32: SPI Flash Size : 16MB[0m
[0;32mI (76) boot: Enabling RNG early entropy source...[0m
[0;32mI (80) boot: Partition Table:[0m
[0;32mI (83) boot: ## Label            Usage          Type ST Offset   Length[0m
[0;32mI (89) boot:  0 nvs              WiFi data        01 02 00009000 00006000[0m
[0;32mI (96) boot:  1 phy_init         RF data          01 01 0000f000 00001000[0m
[0;32mI (102) boot:  2 factory          factory app      00 00 00010000 00100000[0m
[0;32mI (109) boot: End of partition table[0m
[0;32mI (112) esp_image: segment 0: paddr=00010020 vaddr=3f400020 size=0c67ï¿½h ( 50804) map[0m
[0;32mI (137) esp_image: segment 1: paddr=0001c69c vaddr=3ff80000 size=0001ch (    28) load[0m
[0;32mI (137) esp_image: segment 2: paddr=0001c6c0 vaddr=3ffbdb60 size=03730h ( 14128) load[0m
[0;32mI (146) esp_image: segment 3: paddr=0001fdf8 vaddr=40080000 size=00220h (   544) load[0m
[0;32mI (149) esp_image: segment 4: paddr=00020020 vaddr=400d0020 size=1adc0h (110016) map[0m
[1;31mE (194) esp_image: invalid segment length 0x5265e748[0m
[1;31mE (194) boot: Factory app partition is not bootable[0m
[1;31mE (194) boot: No bootable app partitions in the partition table[0m
ets Jun  8 2016 00:22:57

rst:0x3 (SW_RESET),boot:0x13 (SPI_FAST_FLASH_BOOT)
configsip: 0, SPIWP:0xee
clk_drv:0x00,q_drv:0x00,d_drv:0x00,cs0_drv:0x00,hd_drv:0x00,wp_drv:0x00
mode:DIO, clock div:2
load:0x3fff0030,len:6276
load:0x40078000,len:15716
load:0x40080400,len:4
ho 8 tail 4 room 4
load:0x40080404,len:3860
entry 0x4008063c
[0;32mI (60) boot: ESP-IDF v5.4 2nd stage bootloader[0m
[0;32mI (60) boot: compile time Sep 17 2025 20:44:17[0m
[0;32mI (60) boot: Multicore bootloader[0m
[0;32mI (62) boot: chip revision: v1.1[0m
[0;32mI (65) boot.esp32: SPI Speed      : 40MHz[0m
[0;32mI (68) boot.esp32: SPI Mode       : DIO[0m
[0;32mI (72) boot.esp32: SPI Flash Size : 16MB[0m
[0;32mI (76) boot: Enabling RNG early entropy source...[0m
[0;32mI (80) boot: Partition Table:[0m
[0;32mI (83) boot: ## Label            Usage          Type ST Offset   Length[0m
[0;32mI (89) boot:  0 nvs              WiFi data        01 02 00009000 00006000[0m
[0;32mI (96) boot:  1 phy_init         RF data          01$01 0000f000 00001000[0m
[0;32mI (102) boot:  2 factory          factory app      00 00 00010000 00100000[0m
[0;32mI (109) boot: End of partition table[0m
[0;32mI (112) esp_image: segment 0: ï¿½Xï¿½ï¿½00010020 vaddr=3f400020 size=0c674h ( 50804) map[0m
[0;32mI (137) esp_image: segment 1: paddr=0001c69c vaddr=3ff80000 size=0001ch (    28) load[0m
[0;32mI (137) esp_image: segment 2: paddr=0001c6c0 vaddr=3ffbdb60 size=03730h ( 14128) load[0m
[0;32mI (146) esp_image: segment 3: paddr=0001fdf8 vaddr=40080000 size=00220h (   544) load[0m
[0;32mI (149) esp_image: segment 4: paddr=00020020 vaddr=400d0020 size=1adc0h (110016) map[0m
[1;31mE (194) esp_image: invalid segment length 0x5265e748[0m
[1;31mE (194) boot: Factory app partition is not bootable[0m
[1;31mE (194) boot: No bootable app partitions in the partition table[0m
ets Jun  8 2016 00:22:57

rst:0x3 (SW_RESET),boot:0x13 (SPI_FAST_FLASH_BOOT)
configsip: 0, SPIWP:0xee
clk_drv:0x00,q_drv:0x00,d_drv:0x00,cs0_drv:0x00,hd_drv:0x00,wp_drv:0x00
mode:DIO, clock div:2
load:0x3fff0030,len:6276
load:0x40078000,len:15716
load:0x40080400,len:4
ho 8 tail 4 room 4
load:0x40080404,len:3860
entry 0x4008063c
[0;32mI (60) boot: ESP-IDF v5.4 2nd stage bootloader[0m
[0;32mI (60) boot: cmpile time Sep 17 2025 20:44:1w[0m
[0;32mI (60) ï¿½ï¿½ï¿½ Multicore bootloader[0m
[0;32mI (62) boot: chip revision: v1.1[0m
[0;32mI (65) boot.esp32: SPI Speed      : 40MHz[0m
[0;32mI (68) boot.esp32: SPI Mode       : DIO[0m
[0;32mI (72) boot.esp32: SPI Flash Size : 16MB[0m
[0;32mI (76) boot: Enabling RNG early entropy source...[0m
[0;32mI (80) boot: Partition Table:[0m
[0;32mI (83) boot: ## Label            Usage          Type ST Offset   Length[0m
[0;32mI (89) boot:  0 nvs              WiFi data        01 02 00009000 00006000[0m
[0;32mI (96) boot:  1 phy_init         RF dati          01 01 0000f000 00001000[0m
[0;32mI (102) boot:  2 factory          factory app      00 00 00010000 00100000[0m
[0;32mI (109) boot: End of partition table[0m
[0;32mI (112) esp_image: segment 0: paddr=00010020 vaddr=3f400020 size=0c674h ( 50804) map[0m
[0;32mI (137) esp_image: segment 1: paddr=0001c69c vaddr=3ff80000 size=0001ch (    28) load[0m
[0;32mI (137) esp_image: segment 2: paddr=0001c6c0 vaddr=3ffbdb60 size=03730h ( 14128) load[0m
[0;32mI (146) esp_image: segment 3: paddr=0001fdf8 vaddr=40080000 size=00220h (  ï¿½MS	bï¿½ï¿½ï¿½5[0m
[0;32mI (149) esp_image: segment 4: paddr=00020020 vaddr=400d0020 size=1adc0h (110016) map[0m
[1;31mE (194) esp_image: invalid segment length 0x5265e748[0m
[1;31mE (194) boot: Factory apx partition is not bootable[0m
[1;31mE (194) boot: No bootable app partitions in the partition table[0m
ets Jun  8 2016 00:22:57

rst:0x3 (SW_RESET),boot:0x13 (SPI_FAST_FLASH_BOOT)
configsip: 0, SPIWP:0xee
clk_drv:0x00,q_drv:0x00,d_drv:0x00,cs0_drv:0x00,hd_drv:0x00,wp_drv:0x00
mode:DIO, clock div:2
load:0x3fff0030,len:6276
load:0x40078000,len:15716
load:0x40080400,len:4
ho 8 tail 4 room 4
load:0x40080404,len:3860
entry 0x4008063c
[0;32mI (60) boot: ESP-IDF v5.4 2nd stage bootloader[0m
[0;32mI (60) bï¿½ï¿½ compile time Sep 17 2025 20:44:17[0m
[0;32mI (60) boot: Multicore bootloader[0m
[0;32mI (62) boot: chip revision: v1.1[0m
[0;32mI (65) boot.esp32: SPI Speed      : 40MHz[0m
[0;32mI (68) boot.esp32: SPI Mode       : DIO[0m
[0;32mI (72) boot.esp32: SPI Flash Size : 16MB[0m
[0;32mI (76) boot: Enabling RNG early entropy source...[0m
[0;32mI (80) boot: Partition Table:[0m
[0;32mI (83) boot: ## Label            Usage          Type ST Offset   Length[0m
[0;32mI (89) boot:  0 nvs              WiFi data        01 02 00009000 00006000[0m
[0;32mI (96) boot:  1 phy_init         RF ï¿½XWï¿½         01 01 0000f000 00001000[0m
[0;32mI (102) boot:  2 factory          factory app      00 00 00010000 00100000[0m
[0;32mI (109) boot: End of partition table[0m
[0;32mI (112) esp_image: segment 0: paddr=00010020 vaddr=3f400020 size=0c674h ( 50804) map[0m
[0;32mI (137) esp_image: segment 1: paddr=0001c69c vaddr=3ff80000 size=0001ch (    28) load[0m
[0;32mI (137) esp_image: segment 2: paddr=0001c6c0 vaddr=3ffbdb60 size=03730h ( 14128) load[0m
[0;32mI (146) esp_image: segment 3: paddr=0001fdf8 vaddr=40080000 size=00220h (   544) load[0m
[0;32mI (149) esp_image: segment 4: paddr=00020020 vaddr=400d0020 size=1adc0h (110016) map[0m
[1;31mE (194) esp_image: invalid segment length 0x5265e748[0m
[1;31mE (194) boot: Factory app partition is not bootable[0m
[1;31mE (194) boot: No bootable app partitions in the partition table[0m
ets Jun  8 2016 00:22:57

rst:0x3 (SW_RESET),boot:0x13 (SPI_FAST_FLASH_BOOT)
configsip: 0, SPIWP:0xee
clk_drv:0x00,q_drv:0x00,d_drv:0x00,cs0_drv:0x00,hd_drv:0x00,wp_drv:0x00
mode:DIO, clock div:2
load:0x3fff0030,len:6276
load:0x40078000,len:15716
load:0x40080400,len:4
ho 8 tail 4 room 4
load:0x40080404,len:3860
entry 0x4008063c
[0;32mI (60) boot: ESP-IDF v5.4 2nd stage bootloader[0m
[0;32mI (60) boot: compile time Sep 17 2025 20:44:17[0m
[0;32mI (60) boot: Multicore bootloader[0m
[0;32mI (62) boot: chip revision: v1.1[0m
[0;32mI (65) boot.esp32: SPI Speed      : 40MHz[0m
[0;32mI (68) boot.esp32: SPI Mode       : DIO[0m
[0;32mI (72) boot.esp32: SPI Flash Size : 16MB[0m
[0;32mI (76) boot: Enabling RNG early entropy source...[0m
[0;32mI (80) boot: Partition Table:[0m
[0;32mI (83) boot: ## Label            Usage          Type ST Offset   Length[0m
[0;32mI (89) boot:  0 nvs              WiFi data        01 02 00009000 00006001[0m
[0;32mI (96) boot:  1 phy_init         RF data"         01 01 0000f000 00001000[0m
[0;32mI (102) boot:  2 factory          factory app      00 00 00010000 00100000[0m
[0;32mI (109) boot: End of partition table[0m
[0;32mI (112) esp_image: segment 0: paddr=00010020 vaddr=3f400020 size=0c674h ( 50804) map[0m
[0;32mI (137) esp_image: segment 1: paddr=0001c69c vaddr=3ff80000 size=0001ch (    28) load[0m
RBï¿½ï¿½ï¿½J*ï¿½ï¿½}ï¿½ï¿½ï¿½ï¿½ï¿½ï¿½ segment 2: paddr=0001c6c0 vaddr=3ffbdb60 size=03730h ( 14128) load
[0;32mI (146) esp_image: segment 3: paddr=0001fdf8 vaddr=40080000 size=00220h (   544) load[0m
[0;32mI (149) esp_image: segment 4: paddr=00020020 vaddr=400d0020 size=1adc0h (110016) map[0m
[1;31mE (194) esp_image: invalid segment length 0x5265e748[0m
[1;31mE (194) boot: Factory app partition is not bootable[0m
[1;31mE (194) boot: No bootable app partitions in the partition table[0m
ets Jun  8 2016 00:22:57

rst:0x3 (SW_RESET),boot:0x13 (SPI_FAST_FLASH_BOOT)
configsip: 0, SPIWP:0xee
clk_drv:0x00,q_drv:0x00,d_drv:0x00,cs0_drv:0x00,hd_drv:0x00,wp_drv:0x00
mode:DIO, clock div:2
load:0x3fff0030,len:6276
load:0x40078000,len:15716
load:0x40080400,len:4
ho 8 tail 4 room 4
load:0x40080404,len:3860
entry 0x4008063c
[0;32mI (60) boot: ESP-IDF v5.4 2nd stage bootloader[0m
[0;32mI (60) boot: compile time Sep 17 2025 20:44:17[0m
[0;32mI (60) boot: Multicore bootloader[0m
[0;32mI (62) boot: chip revision: v1.1[0m
[0;32mI (65) boot.esp32: SPI Speed   0  : 40MHz[0m
[0;32mI (68) boot.esp32: SPI Mode       : DIO[0m
[0;32mI (72) boot.esp32: SPI Flash Size : 16MB[0m
[0;32mI (76) boot: Enabling RNG early entropy source...[0m
[0;32mI (80) boot: Partition Table:[0m
[0;32mI (83) boot: ## Label            Usege          Type ST Offset   Length[0m
[0;32mI (89) boot:  0 nvs              WiFi data        01 02 00009000 00006000[0m
[0;32mI (96) boot:  1 phy_init         RF data          01 01 0000f000 00001000[0m
[0;32mI (102) boot:  2 factory          factory app      00 00 00010000 00100000[0m
[0;32mI (109) boot: End of partition table[0m
[0;32mI (112) esp_image: segment 0: paddr=00010020 vaddr=3f400020 size=0c674h ( 50804) map[0m
[0;32mI (137) esp_image: segment 1: paddr=0001c69c vaddr=3ff80000 size=0001ch (    28) load[0m
[0;32mI (137) esp_image: segment 2: paddr=0001c6c0 vaddr=3ffbdb60 size=03730h ( 14128) load[0m
[0;32mI (146) esp_image: segment 3: paddr=0001fdf8 vaddr=40080000 size=00220h (   544) load[0m
[0;32mI (149) esp_image: seoment 4: paddr=00020020 vaddr=400d0020 size=1adc0h (110016) map[0m
[1;31mE (194) esp_image: invalid segment length 0x5265e748[0m
[1;31mE (194) boot: Factory app partition is not bootable[0m
[1;31mE (194) boot: No bootable app partitions in the partition table[0m
ets Jun  8 2016 00:22:57

rst:0x3 (SW_RESET),boot:0x13 (SPI_FAST_FLASH_BOOT)
configsip: 0, SPIWP:0xee
clk_drv:0x00,q_drv:0x00,d_drv:0x00,cs0_drv:0x00,hd_drv:0x00,wp_drv:0x00
mode:DIO, clock div:2
load:0x3fff0030,len:6276
load:0x40078000,len:15716
load:0x40080400,len:4
ho 8 tail 4 room 4
load:0x40080404,len:3860
entry 0x4008063c
[0;32mI (60) boot: ESP-IDF v5.4 2nd stage bootloader[0m
[0;32mI (60) boot: compile time Sep 17 2025 20:44:17[0m
[0;32mI (60) boot: Multicore bootloader[0m
[0;32mI (62) boot: chip revision: v1.1[0m
[0;32mI (65) boot.esp32: SPI Speed      : 40MHz[0m
[0;32mI (68) boot.esp32: SPI Mode       : DIO[0m
[0;32mI (72) boot.esp32: SPI Flash Size : 16MB[0m
[0;32mI (76) boot: Enabling RNG early entropy source...[0m
[0;32mI (80) boot: Partition Table:[0m
[0;32mI (83) boot: ## Label ï¿½          Usage          Type ST ï¿½ffset   Length[0m
[0;32mI (89) boot:  0 nvs              WiFi data        01 02 00009000 00006000[0m
[0;32mI (96) boot:  1 phy_init         RF data          01 01 0000f000 00001000[0m
[0;32mI (102) boot:  2 factory          factory app      00 00 00010000 00100000[0m
[0;32mI (109) boot: End of partition table[0m
[0;32mI (112) esp_image: segment 0: paddr=00010020 vaddr=3f400020 size=0c674h ( 50804) map[0m
[0;32mI (137) esp_image: segment 1: paddr=0001c69c vaddr=3ff80000 size=0001ch (    28) load[0m
[0;32mI (137) esp_image: segment 2: paddr=0001c6c0 vaddr=3ffbdb60 size=03730h ( 14128) load[0m
[0;32mI (146) esp_image: segment 3: pafdr=0001fdf8 vaddr=40080000 size=00220h (   544) load[0m
[0;32mI (149) esp_image: segment 4: paddr=00020020 vaddr=400d0020 size=1adc0h (110016) map[0m
[1;31mE (194) esp_image: invalid segment length 0x5265e748[0m
[1;31mE (194) boot: Factory app partition is not bootable[0m
[1;31mE (194) boot: No bootable app partitions in the partition table[0m
ets Jun  8 2016 00:22:57

rst:0x3 (SW_RESET),boot:0x13 (SPI_FAST_FLASH_BOOT)
configsip: 0, SPIWP:0xee
clk_drv:0x00,q_drv:0x00,d_drv:0x00,cs0_drv:0x00,hd_drv:0x00,wp_drv:0x00
mode:DIO, clock div:2
load:0x3fff0030,len:6276
load:0x40078000,len:15716
load:0x40080400,len:4
ho 8 tail 4 room 4
load:0x40080404,len:3860
entry 0x4008063c
[0;32mI (60) boot: ESP-IDF v5.4 2nd stage bootloader[0m
[0;32mI (60) boot: compile time Sep 17 2025 20:44:17[0m
[0;32mI (60) boot: Multicore bootloader[0m
[0;32mI (62) boot: chip revision: v1.1[0m
[0;32mI (65) boot.esp32: SPï¿½ Speed      : 40MHz[0m
[0;32mI (68) boot.esp32: SPI Mode       : DIO[0m
[0;32mI (72) boot.esp32: SPI Flash Size : 16MB[0m
[0;32mI (76) boot: Enabling RNG early entropy source...[0m
[0;32mI (80) boot: Partition Table:[0m
[0;32mI (83) boot: ## Label            Usage          Type ST Offset   Length[0m
[0;32mI (89) boot:  0 nvs              WiFi data        01 02 00009000 00006000[0m
[0;32mI (96) boot:  1 phy_init         RF data          01 01 0000f000 00001000[0m
[0;32mI (102) boot:  2 factory          factory app      00 00 00010000 00100000[0m
[0;32mI (109) boot: End of partition table[0m
[0;32mI (112) esp_image: segment 0: paddr=00010020 vaddr=3f400020 size=0c674h ( 50804) map[0m
[0;32mI (137) esp_image; segment 1: paddr=0001c69c vaddr=3ff80000 size=0001ch (    28) load[0m
[0;32mI (137) esp_image: segment 2: paddr=0001c6c0 vaddr=3ffbdb60 size=03730h ( 14128) load[0m
[0;32mI (146) esp_image: segment 3: paddr=0001fdf8 vaddr=40080000 size=00220h (   544) load[0m
[0;32mI (149) esp_image: segment 4: paddr=00020020 vaddr=400d0020 size=1adc0h (110016) map[0m
[1;31mE (194) esp_image: invalid segment length 0x5265e748[0m
[1;31mE (194) boot: Factory app partition is not bootable[0m
[1;31mE (194) boot: No bootable app partitions in the partition table[0m
ets Jun  8 2016 00:22:57

rst:0x3 (SW_RESET),boot:0x13 (SPI_FAST_FLASH_BOOT)
configsip: 0, SPIWP:0xge
clk_drv:0x00,q_drv:0x00,d_drv:0x00,cs0_drv:0x00,hd_drv:0x00,wp_drv:0x00
mode:DIO, clock div:2
load:0x3fff0030,lenï¿½6276
load:0x40078000,len:15716
load:0x40080400,len:4
ho 8 tail 4 room 4
load:0x40080404,len:3860
entry 0x4008063c
[0;32mI (60) boot: ESP-IDF v5.4 2nd stage bootloader[0m
[0;32mI (60) boot: compile time Sep 17 2025 20:44:17[0m
[0;32mI (60) boot: Multicore bootloader[0m
[0;32mI (62) boot: chip revision: v1.1[0m
[0;32mI (65) boot.esp32: SPI Speed      : 40MHz[0m
[0;32mI (68) boot.esp32: SPI Mode       : DIO[0m
[0;32mI (72) boot.esp32: SPI Flash Size : 16MB[0m
[0;32mI (76) boot: Enabling RNG early entropy source...[0m
[0;32mI (80) boot: Partition Table:[0m
[0;32mI (83) boot: ## Label            Usage          Type ST Offset   Length[0m
[0;32mI (89) boot:  0 nvs              WiFi data        01 02 00009000 00006000[0m
[0;32mI (96) boot:  1 phy_init      ï¿½ï¿½ï¿½data          01 01 0000f000 00001000[0m
[0;32mI (102) boot:  2 factory          factory app      00 00 00010000 00100000[0m
[0;32mI (109) boot: End of partition table[0m
[0;32mI (112) esp_image: segment 0: paddr=00010020 vaddr=3f400020 size=0c674h ( 50804) map[0m
[0;32mI (137) esp_image: segment 1: paddr=0001c69c vaddr=3ff80000 size=0001kh (    28) load[0m
[0;32mI (137) esp_image: segment 2: paddr=0001c6c0 vaddr=3ffbdb60 size=03730h ( 14128) load[0m
[0;32mI (146) esp_image: segment 3: paddr=0001fdf8 vaddr=40080000 sï¿½ze=00220ï¿½ 8   544) load[0m
[0;32mI (149) esp_image: segment 4: paddr=00020020 vaddr=400d0020 size=1adc0h (110016) map[0m
[1;31mE (194) esp_image: invalid segment length 0x5265e748[0m
[1;31mE (194) booï¿½'2ï¿½ï¿½Ñ½ï¿½ï¿½app partition is not bootable[0m
[1;31mE (194) boot: No bootable app partitions in the partition table[0m
ets Jun  8 2016 00:22:57

rst:0x3 (SW_RESET),boot:0x13 (SPI_FAST_FLASH_BOOT)
configsip: 0, SPIWP:0xee
clk_drv:0x00,q_drv:0x00,d_drv:0x00,cs0_drv:0x00,hd_drv:0x00,wp_drv:0x00
mode:DIO, clock div:2
load:0x3fff0030,len:6276
load:0x40078000,len:15716
load:0x40080400,len:4
ho 8 tail 4 room 4
load:0x40080404,len:3860
entry 0x4008063c
[0;32mI (60) boot: ESP-IDF v5.4 2nd stage bootloader[0m
[0;32mI (60) boot: compile time Sep 17 2025 20:44:17[0m
[0;32mI (60) boot: Multicore bootloader[0m
[0;32mI (62) boot: chip revision: v1.1[0m
[0;32mI (65) boot.esp32: SPI Speed      : 40MHz[0m
[0;32mI (68) boot.esp32: SPI Mode       : DIO[0m
[0;32mI (72) boot.esp32: SPI Flash Size : 16MB[0m
[0;32mI (76) boot: Enabling RNG early entropy source...[0m
[0;32mI (80) boot: Partition Table:[0m
[0;32mI (83) boot: ## Label            Usage          Type ST Offset   Length[0m
[0;32mI (89) boot:  0 nvs              WiFi data        01 02 00009000 00006000[0m
[0;32mI (96) boot:  1 phy_init         RF data          01 01 0000f000 00001000[0m
[0;32mI (102) boot:  2 factory          factory app      00 00 00010000 00100000[0m
[0;32mI (109) boot: End of partition table[0m
[0;32mI (112) esp_image: segment 0: paddr=00010020 vaddr=3f400020 size=0c674h ( 50804) map[0m
[0;32mI (137) esp_image: segment 1: paddr=0001c69c vaddr=3ff80000 size=0001ch (    28) load[0m
[0;32mI (137) esp_image: segment 2: pader=0001c6c0 vaddr=3ffbdb60 size=03730h ( 14128) load[0m
[0;32mI (146) esp_image: segment 3: paddr=0001fdf8ï¿½vaddr=40080000 size=00220h (   544) load[0m
[0;32mI (149) esp_image: segment 4: paddr=00020020 vaddr=400d0020 size=1adc0h0(110016) map[0m
[1;31mE (194) esp_image: invalid segmenu length 0x5265e748[0m
[1;31mE (194) boot: Factory app partition is not bootable[0m
[1;31mE (194) boot: No bootable app partitions in the partition table[0m
ets Jun  8 2016 00:22:57

rst:0x3 (SW_RESET),boot:0x13 (SPI_FAST_FLASH_BOOT)
configsip: 0, SPIWP:0xee
clk_drv:0x00,q_drv:0x00,d_drv:0x00,cs0_drv:0x00,hd_drv:0x00,wp_drv:0x00
mode:DIO, clock div:2
load:0x3fff0030,len:6276
load:0x40078000,len:15716
load:0x40080400,lenz4
ho 8 tail 4 room 4
load:0x40080404,len:3860
entry 0x4008063c
[0;32mI (60) boot: ESP-IDF v5.4 2nd stage bootloader[0m
[0;32mI (60) boot: compile time Sep 17 2025 20:ï¿½ï¿½ï¿½ï¿½j[0m
[0;32mI (60) boot: Multicore bootloader[0m
[0;32mI (62) boot: chip revision: v1.1[0m
[0;32mI (65) boot.esp32: SPI Speed      : 40MHz[0m
[0;32mI (68) boot.esp32: SPI Mode       : DIO[0m
[0;32mI (72) boot.esp32: SPI Flash Size : 16MB[0m
[0;32mI (76) boot: Enabling RNG early entropy source...[0m
[0;32mI (80) boot: Partition Table:[0m
[0;32mI (83) boot: ## Label            Usage          Type ST Offset   Length[0m
[0;32mI (89) boot:  0 nvs              WiFi data        01 02 00009000 00006000[0m
[0;32mI (96) boot:  1 phy_init         RF data          01 01 0000f000 00001000[0m
[0;32mI (102) boot:  2 factory          factory app      00 00 00010000 00100000[0m
[0;32mI (109) boot: End of partition table[0m
[0;32mI (112) esp_image: segment 0: paddr=00010020 vaddr=3f400020 size=0c674h ( 50804) map[0m
[0;32mI (137) esp_image: segment 1: paddr=0001c69c vaddr=3ff80000 size=0001ch (    28) load[0m
[0;32mI (137) esp_image: segment 2: paddr=0001c6c0 vaddr=3ffbdb60 size=03730h ( 14128) locd[0m
[0;32mI (146) esp_image: segment 3: paddr=0001fdf8 vaddr=40080000 size=00220h (   544) load[0m
[0;32mI (149) esp_image: segment 4: paddr=00020020 vaddr=400d0020 size=1adc0h (110016) map[0m
[1;31mE (194) esp_image: invalid segment length 0x5265e748[0m
[1;31mE (194) boot: Factory app partition is not bootable[0m
[1;31mE (194) boot: No bootable app partitions in the partition table[0m
ets Jun  8 2016 00:22:57

rst:0x3 (SW_RESET),boot:0x13 (SPI_FAST_FLASH_BOOT)
configsip: 0, SPIWP:0xee
clk_drv:0x00,q_drv:0x00,d_drv:0x00,cs0_drv:0x00,hd_drv:0x00,wp_drv:0x00
mode:DIO, clock div:2
load:0x3fff0030,len:6276
load:0x40078000,len:15716
load:0x40080400,len:4
ho 8 tail 4 room 4
load:0x40080404,len:3860
entry 0x4008063c
[0;32mI (60) boot: ESP-IDF v5.4 2nd stage bootloader[0m
[0;32mI (60) boot: compile time Sep 17 2025 20:44:17[0m
[0;32mI (60) boot: Multicore bootloader[0m
[0;32mI (62) boot: chip revision: v1.1[0m
[0;32mI (65) boot.esp32: SPI Speed      : 40MHz[0m
[0;32mI (68) boot.esp32: SPI Mode       : DIO[0m
[0;32mI (72) boot.esp32: SPI Flash Size : 16MB[0m
[0;32mI (76) boot: Enabling RNG early entropy source...[0m
[0;32mI (80) boot: Partition Table:[0m
[0;32mI (83) boot: ## Label            Usage          Type ST Offset   Length[0m
[0;32mI (89) boot:  0 nvs              WiFi data       "01 02 00009000 00006000[0m
[0;32mI (96) boot:  1!phy_init         RF data          01 01 0000f000 00001000[0m
[0;32mI (102) boot:  2 factory          factory app      00 00 00010000 00100000[0m
[0;32mI (109) boot: End of partition table[0m
[0;32mI (112) esp_image: segment 0: paddr=00010020 vaddr=3f400020 size=0c674h ( 50804) map[0m
