v:0x00,d_drv:0x00,cs0_drv:0x00,hd_drv:0x00,wp_drv:0x00
mode:DIO, clock div:2
load:0x3fff0030,len:6276
load:0x40078000,len:15716
load:0x40080400,len:4
ho 8 tail 4 room 4
load:0x40080404,len:3860
entry 0x4008063c
[0;32mI (60) boot: ESP-IDF v5.4 2nd stage bootloader[0m
[0;32mI (60) boot: compile time Sep 17 2025 20:44:17[0m
[0;32mI (60) boot: Multicore bootloader[0m
[0;32mI (62) boot: chip revision: v1.1[0m
[0;32mI (65) boot.esp32: SPI Speed      : 40MHz[0m
[0;32mI (68) boot.esp32: SPI Mode       : DIO[0m
[0;32mI (72) boot.esp32: SPI Flash Size : 16MB[0m
[0;32mI (76) boot: Enabling RNG early entropy source...[0m
[0;32mI (80) boot: Partition Table:[0m
[0;32mI (83) boot: ## Label            Usage          Type ST Offset   Length[0m
[0;32mI (89) boot:  0 nvs              WiFi data        01 02 00009000 00006000[0m
[0;32mI (96) boot:  1 phy_init         RF data          01 01 0000f000 00001000[0m
[0;32mI (102) boot:  2 factory          factory app      00 00 00010000 00100000[0m
[0;32mI (109) boot: End of partition table[0m
[0;32mI (112) esp_image: segment 0: paddr=00010020 vaddr=3f400020 size=20e44h (134724) map[0m
[0;32mI (166) esp_image: segment 1: paddr=00030e6c vaddr=3ff80000 size=0001ch (    28) load[0m
[0;32mI (166) esp_image: segment 2: paddr=00030e90 vaddr=3ffbdb60 size=04da0h ( 19872) load[0m
[0;32mI (177) esp_image: segment 3: paddr=00035c38 vaddr=40080000 size=0a3e0h ( 41952) load[0m
[0;32mI (193) esp_image: segment 4: paddr=00040020 vaddr=400d0020 size=7e260h (516704) map[0m
[0;32mI (370) esp_image: segment 5: paddr=000be288 vaddr=4008a3e0 size=0ef90h ( 61328) load[0m
[0;32mI (406) boot: Loaded app from partition at offset 0x10000[0m
[0;32mI (407) boot: Disabling RNG early entropy source...[0m
[0;32mI (417) cpu_start: Multicore app[0m
[0;32mI (425) cpu_start: Pro cpu start user code[0m
[0;32mI (425) cpu_start: cpu freq: 160000000 Hz[0m
[0;32mI (426) app_init: Application information:[0m
[0;32mI (426) app_init: Project name:     control_1.1[0m
[0;32mI (430) app_init: App version:      v5.4[0m
[0;32mI (433) app_init: Compile time:     Sep 17 2025 20:44:09[0m
[0;32mI (439) app_init: ELF file SHA256:  2610ea0d0...[0m
[0;32mI (443) app_init: ESP-IDF:          v5.4[0m
[0;32mI (447) efuse_init: Min chip rev:     v0.0[0m
[0;32mI (450) efuse_init: Max chip rev:     v3.99 [0m
[0;32mI (454) efuse_init: Chip rev:         v1.1[0m
[0;32mI (458) heap_init: Initializing. RAM available for dynamic allocation:[0m
[0;32mI (465) heap_init: At 3FFAFF10 len 000000F0 (0 KiB): DRAM[0m
[0;32mI (470) heap_init: At 3FFB6388 len 00001C78 (7 KiB): DRAM[0m
[0;32mI (475) heap_init: At 3FFB9A20 len 00004108 (16 KiB): DRAM[0m
[0;32mI (480) heap_init: At 3FFC7A20 len 000185E0 (97 KiB): DRAM[0m
[0;32mI (485) heap_init: At 3FFE0440 len 00003AE0 (14 KiB): D/IRAM[0m
[0;32mI (490) heap_init: At 3FFE4350 len 0001BCB0 (111 KiB): D/IRAM[0m
[0;32mI (496) heap_init: At 40099370 len 00006C90 (27 KiB): IRAM[0m
[0;32mI (503) spi_flash: detected chip: generic[0m
[0;32mI (505) spi_flash: flash io: dio[0m
[0;32mI (509) coexist: coex firmware version: 49a8cdc[0m
[0;32mI (513) main_task: Started on CPU0[0m
[0;32mI (516) main_task: Calling app_main()[0m
[0;32mI (519) gpio: GPIO[12]| InputEn: 0| OutputEn: 0| OpenDrain: 0| Pullup: 1| Pulldown: 0| Intr:0 [0m
[0;32mI (528) I2C SLAVE: Slave initialization complete and ready to receive data[0m
[0;32mI (533) I2C SLAVE:  [0m
ENCODER[1] READING: 0
ENCODER[2] READING: 0
ENCODER[3] READING: 0
ENCODER[4] READING: 0
ENCODER[5] READING: 0
ENCODER[6] READING: 0
ENCODER[7] READING: 0
ENCODER[8] READING: 0
[0;32mI (551) I2C SLAVE: .............[0m

[0;32mI (554) I2C SLAVE: Setting up PWM and PID module [0m
[0;32mI (559) LEDC_PWM_UNIT: setting up LEDC units and chaneels[0m
[0;32mI (565) LEDC_PWM_UNIT: LEDC unit setiing up completed[0m

[0;32mI (569) CASCADE: M[0]: PosT=0.0 Pos=0.0| PWM=0 Dir=0[0m
[0;32mI (573) CASCADE: M[1]: PosT=0.0 Pos=0.0| PWM=0 Dir=0[0m
[0;32mI (578) CASCADE: M[2]: PosT=0.0 Pos=0.0| PWM=0 Dir=0[0m
[0;32mI (583) CASCADE: M[3]: PosT=0.0 Pos=0.0| PWM=0 Dir=0[0m
[0;32mI (587) CASCADE: M[4]: PosT=0.0 Pos=0.0| PWM=0 Dir=0[0m
[0;32mI (592) CASCADE: M[5]: PosT=0.0 Pos=0.0| PWM=0 Dir=0[0m
[0;32mI (597) CASCADE: M[6]: PosT=0.0 Pos=0.0| PWM=0 Dir=0[0m
[0;32mI (602) CASCADE: M[7]: PosT=0.0 Pos=0.0| PWM=0 Dir=0[0m
[0;32mI (606) MOTOR_COMMANDS: settingup the motor comnads[0m
[0;32mI (611) BLE UNIT: setting up BLE unit[0m

[0;32mI (611) MOTOR_COMMANDS: Mode[0][0m
[0;32mI (623) MOTOR_COMMANDS: Mode[0][0m
[0;32mI (625) BTDM_INIT: BT controller compile version [20b459d][0m
[0;32mI (627) BTDM_INIT: Bluetooth MAC: ac:15:18:d2:81:36[0m
[0;32mI (630) MOTOR_COMMANDS: Mode[0][0m
[0;32mI (632) phy_init: phy_version 4840,02e0d70,Sep  2 2024,19:39:07[0m
[0;32mI (638) MOTOR_COMMANDS: Mode[0][0m
[0;32mI (646) MOTOR_COMMANDS: Mode[0][0m
[0;32mI (651) MOTOR_COMMANDS: Mode[0][0m
[0;32mI (654) I2C SLAVE:  [0m
ENCODER[1] READING: 0
ENCODER[2] READING: 0
ENCODER[3] READING: 0
ENCODER[4] READING: 0
ENCODER[5] READING: 0
ENCODER[6] READING: 0
ENCODER[7] READING: 0
ENCODER[8] READING: 0
[0;32mI (656) MOTOR_COMMANDS: Mode[0][0m
[0;32mI (668) I2C SLAVE: .............[0m

[0;32mI (673) MOTOR_COMMANDS: Mode[0][0m
I BOD: Brownout detector was triggered


ets Jun  8 2016 00:22:57

rst:0x3 (SW_RESET),boot:0x13 (SPI_FAST_FLASH_BOOT)
configsip: 0, SPIWP:0xee
clk_drv:0x00,q_drv:0x00,d_drv:0x00,cs0_drv:0x00,hd_drv:0x00,wp_drv:0x00
mode:DIO, clock div:2
load:0x3fff0030,len:6276
load:0x40078000,len:15716
load:0x40080400,len:4
ho 8 tail 4 room 4
load:0x40080404,len:3860
entry 0x4008063c
[0;32mI (60) boot: ESP-IDF v5.4 2nd stage bootloader[0m
[0;32mI (60) boot: compile time Sep 17 2025 20:44:17[0m
[0;32mI (60) boot: Multicore bootloader[0m
[0;32mI (62) boot: chip revision: v1.1[0m
[0;32mI (65) boot.esp32: SPI Speed      : 40MHz[0m
[0;32mI (68) boot.esp32: SPI Mode       : DIO[0m
[0;32mI (72) boot.esp32: SPI Flash Size : 16MB[0m
[0;32mI (76) boot: Enabling RNG early entropy source...[0m
[0;32mI (80) boot: Partition Table:[0m
[0;32mI (83) boot: ## Label            Usage          Type ST Offset   Length[0m
[0;32mI (89) boot:  0 nvs              WiFi data        01 02 00009000 00006000[0m
[0;32mI (96) boot:  1 phy_init         RF data          01 01 0000f000 00001000[0m
[0;32mI (102) boot:  2 factory          factory app      00 00 00010000 00100000[0m
[0;32mI (109) boot: End of partition table[0m
[0;32mI (112) esp_image: segment 0: paddr=00010020 vaddr=3f400020 size=20e44h (134724) map[0m
[0;32mI (166) esp_image: segment 1: paddr=00030e6c vaddr=3ff80000 size=0001ch (    28) load[0m
[0;32mI (166) esp_image: segment 2: paddr=00030e90 vaddr=3ffbdb60 size=04da0h ( 19872) load[0m
[0;32mI (177) esp_image: segment 3: paddr=00035c38 vaddr=40080000 size=0a3e0h ( 41952) load[0m
[0;32mI (193) esp_image: segment 4: paddr=00040020 vaddr=400d0020 size=7e260h (516704) map[0m
[0;32mI (370) esp_image: segment 5: paddr=000be288 vaddr=4008a3e0 size=0ef90h ( 61328) load[0m
[0;32mI (406) boot: Loaded app from partition at offset 0x10000[0m
[0;32mI (407) boot: Disabling RNG early entropy source...[0m
[0;32mI (417) cpu_start: Multicore app[0m
[0;32mI (425) cpu_start: Pro cpu start user code[0m
[0;32mI (425) cpu_start: cpu freq: 160000000 Hz[0m
[0;32mI (426) app_init: Application information:[0m
[0;32mI (426) app_init: Project name:     control_1.1[0m
[0;32mI (430) app_init: App version:      v5.4[0m
[0;32mI (433) app_init: Compile time:     Sep 17 2025 20:44:09[0m
[0;32mI (439) app_init: ELF file SHA256:  2610ea0d0...[0m
[0;32mI (443) app_init: ESP-IDF:          v5.4[0m
[0;32mI (446) efuse_init: Min chip rev:     v0.0[0m
[0;32mI (450) efuse_init: Max chip rev:     v3.99 [0m
[0;32mI (454) efuse_init: Chip rev:         v1.1[0m
[0;32mI (458) heap_init: Initializing. RAM available for dynamic allocation:[0m
[0;32mI (465) heap_init: At 3FFAFF10 len 000000F0 (0 KiB): DRAM[0m
[0;32mI (470) heap_init: At 3FFB6388 len 00001C78 (7 KiB): DRAM[0m
[0;32mI (475) heap_init: At 3FFB9A20 len 00004108 (16 KiB): DRAM[0m
[0;32mI (480) heap_init: At 3FFC7A20 len 000185E0 (97 KiB): DRAM[0m
[0;32mI (485) heap_init: At 3FFE0440 len 00003AE0 (14 KiB): D/IRAM[0m
[0;32mI (490) heap_init: At 3FFE4350 len 0001BCB0 (111 KiB): D/IRAM[0m
[0;32mI (496) heap_init: At 40099370 len 00006C90 (27 KiB): IRAM[0m
[0;32mI (503) spi_flash: detected chip: generic[0m
[0;32mI (505) spi_flash: flash io: dio[0m
[0;32mI (509) coexist: coex firmware version: 49a8cdc[0m
[0;32mI (513) main_task: Started on CPU0[0m
[0;32mI (516) main_task: Calling app_main()[0m
[0;32mI (519) gpio: GPIO[12]| InputEn: 0| OutputEn: 0| OpenDrain: 0| Pullup: 1| Pulldown: 0| Intr:0 [0m
[0;32mI (528) I2C SLAVE: Slave initialization complete and ready to receive data[0m
[0;32mI (533) I2C SLAVE:  [0m
ENCODER[1] READING: 0
ENCODER[2] READING: 0
ENCODER[3] READING: 0
ENCODER[4] READING: 0
ENCODER[5] READING: 0
ENCODER[6] READING: 0
ENCODER[7] READING: 0
ENCODER[8] READING: 0
[0;32mI (551) I2C SLAVE: .............[0m

[0;32mI (554) I2C SLAVE: Setting up PWM and PID module [0m
[0;32mI (559) LEDC_PWM_UNIT: setting up LEDC units and chaneels[0m
[0;32mI (565) LEDC_PWM_UNIT: LEDC unit setiing up completed[0m

[0;32mI (569) CASCADE: M[0]: PosT=0.0 Pos=0.0| PWM=0 Dir=0[0m
[0;32mI (573) CASCADE: M[1]: PosT=0.0 Pos=0.0| PWM=0 Dir=0[0m
[0;32mI (578) CASCADE: M[2]: PosT=0.0 Pos=0.0| PWM=0 Dir=0[0m
[0;32mI (583) CASCADE: M[3]: PosT=0.0 Pos=0.0| PWM=0 Dir=0[0m
[0;32mI (587) CASCADE: M[4]: PosT=0.0 Pos=0.0| PWM=0 Dir=0[0m
[0;32mI (592) CASCADE: M[5]: PosT=0.0 Pos=0.0| PWM=0 Dir=0[0m
[0;32mI (597) CASCADE: M[6]: PosT=0.0 Pos=0.0| PWM=0 Dir=0[0m
[0;32mI (602) CASCADE: M[7]: PosT=0.0 Pos=0.0| PWM=0 Dir=0[0m
[0;32mI (606) MOTOR_COMMANDS: settingup the motor comnads[0m
[0;32mI (611) BLE UNIT: setting up BLE unit[0m

[0;32mI (611) MOTOR_COMMANDS: Mode[0][0m
[0;32mI (623) MOTOR_COMMANDS: Mode[0][0m
[0;32mI (625) BTDM_INIT: BT controller compile version [20b459d][0m
[0;32mI (627) BTDM_INIT: Bluetooth MAC: ac:15:18:d2:81:36[0m
[0;32mI (630) MOTOR_COMMANDS: Mode[0][0m
[0;32mI (632) phy_init: phy_version 4840,02e0d70,Sep  2 2024,19:39:07[0m
[0;32mI (638) MOTOR_COMMANDS: Mode[0][0m
[0;32mI (646) MOTOR_COMMANDS: Mode[0][0m
[0;32mI (651) MOTOR_COMMANDS: Mode[0][0m
[0;32mI (654) I2C SLAVE:  [0m
ENCODER[1] READING: 0
ENCODER[2] READING: 0
ENCODER[3] READING: 0
ENCODER[4] READING: 0
ENCODER[5] READING: 0
ENCODER[6] READING: 0
ENCODER[7] READING: 0
ENCODER[8] READING: 0
[0;32mI (656) MOTOR_COMMANDS: Mode[0][0m
[0;32mI (668) I2C SLAVE: .............[0m

[0;32mI (673) MOTOR_COMMANDS: Mode[0][0m
I BOD: Brownout detector was triggered


ets Jun  8 2016 00:22:57

rst:0x3 (SW_RESET),boot:0x13 (SPI_FAST_FLASH_BOOT)
configsip: 0, SPIWP:0xee
clk_drv:0x00,q_drv:0x00,d_drv:0x00,cs0_drv:0x00,hd_drv:0x00,wp_drv:0x00
mode:DIO, clock div:2
load:0x3fff0030,len:6276
load:0x40078000,len:15716
load:0x40080400,len:4
ho 8 tail 4 room 4
load:0x40080404,len:3860
entry 0x4008063c
[0;32mI (60) boot: ESP-IDF v5.4 2nd stage bootloader[0m
[0;32mI (60) boot: compile time Sep 17 2025 20:44:17[0m
[0;32mI (60) boot: Multicore bootloader[0m
[0;32mI (62) boot: chip revision: v1.1[0m
[0;32mI (65) boot.esp32: SPI Speed      : 40MHz[0m
[0;32mI (68) boot.esp32: SPI Mode       : DIO[0m
[0;32mI (72) boot.esp32: SPI Flash Size : 16MB[0m
[0;32mI (76) boot: Enabling RNG early entropy source...[0m
[0;32mI (80) boot: Partition Table:[0m
[0;32mI (83) boot: ## Label            Usage          Type ST Offset   Length[0m
[0;32mI (89) boot:  0 nvs              WiFi data        01 02 00009000 00006000[0m
[0;32mI (96) boot:  1 phy_init         RF data          01 01 0000f000 00001000[0m
[0;32mI (102) boot:  2 factory          factory app      00 00 00010000 00100000[0m
[0;32mI (109) boot: End of partition table[0m
[0;32mI (112) esp_image: segment 0: paddr=00010020 vaddr=3f400020 size=20e44h (134724) map[0m
[0;32mI (166) esp_image: segment 1: paddr=00030e6c vaddr=3ff80000 size=0001ch (    28) load[0m
[0;32mI (166) esp_image: segment 2: paddr=00030e90 vaddr=3ffbdb60 size=04da0h ( 19872) load[0m
[0;32mI (177) esp_image: segment 3: paddr=00035c38 vaddr=40080000 size=0a3e0h ( 41952) load[0m
[0;32mI (193) esp_image: segment 4: paddr=00040020 vaddr=400d0020 size=7e260h (516704) map[0m
[0;32mI (370) esp_image: segment 5: paddr=000be288 vaddr=4008a3e0 size=0ef90h ( 61328) load[0m
[0;32mI (406) boot: Loaded app from partition at offset 0x10000[0m
[0;32mI (407) boot: Disabling RNG early entropy source...[0m
[0;32mI (417) cpu_start: Multicore app[0m
[0;32mI (425) cpu_start: Pro cpu start user code[0m
[0;32mI (425) cpu_start: cpu freq: 160000000 Hz[0m
[0;32mI (426) app_init: Application information:[0m
[0;32mI (426) app_init: Project name:     control_1.1[0m
[0;32mI (430) app_init: App version:      v5.4[0m
[0;32mI (433) app_init: Compile time:     Sep 17 2025 20:44:09[0m
[0;32mI (439) app_init: ELF file SHA256:  2610ea0d0...[0m
[0;32mI (443) app_init: ESP-IDF:          v5.4[0m
[0;32mI (447) efuse_init: Min chip rev:     v0.0[0m
[0;32mI (450) efuse_init: Max chip rev:     v3.99 [0m
[0;32mI (454) efuse_init: Chip rev:         v1.1[0m
[0;32mI (458) heap_init: Initializing. RAM available for dynamic allocation:[0m
[0;32mI (465) heap_init: At 3FFAFF10 len 000000F0 (0 KiB): DRAM[0m
[0;32mI (470) heap_init: At 3FFB6388 len 00001C78 (7 KiB): DRAM[0m
[0;32mI (475) heap_init: At 3FFB9A20 len 00004108 (16 KiB): DRAM[0m
[0;32mI (480) heap_init: At 3FFC7A20 len 000185E0 (97 KiB): DRAM[0m
[0;32mI (485) heap_init: At 3FFE0440 len 00003AE0 (14 KiB): D/IRAM[0m
[0;32mI (490) heap_init: At 3FFE4350 len 0001BCB0 (111 KiB): D/IRAM[0m
[0;32mI (496) heap_init: At 40099370 len 00006C90 (27 KiB): IRAM[0m
[0;32mI (503) spi_flash: detected chip: generic[0m
[0;32mI (505) spi_flash: flash io: dio[0m
[0;32mI (509) coexist: coex firmware version: 49a8cdc[0m
[0;32mI (513) main_task: Started on CPU0[0m
[0;32mI (516) main_task: Calling app_main()[0m
[0;32mI (519) gpio: GPIO[12]| InputEn: 0| OutputEn: 0| OpenDrain: 0| Pullup: 1| Pulldown: 0| Intr:0 [0m
[0;32mI (528) I2C SLAVE: Slave initialization complete and ready to receive data[0m
[0;32mI (533) I2C SLAVE:  [0m
ENCODER[1] READING: 0
ENCODER[2] READING: 0
ENCODER[3] READING: 0
ENCODER[4] READING: 0
ENCODER[5] READING: 0
ENCODER[6] READING: 0
ENCODER[7] READING: 0
ENCODER[8] READING: 0
[0;32mI (551) I2C SLAVE: .............[0m

[0;32mI (554) I2C SLAVE: Setting up PWM and PID module [0m
[0;32mI (559) LEDC_PWM_UNIT: setting up LEDC units and chaneels[0m
[0;32mI (565) LEDC_PWM_UNIT: LEDC unit setiing up completed[0m

[0;32mI (569) CASCADE: M[0]: PosT=0.0 Pos=0.0| PWM=0 Dir=0[0m
[0;32mI (573) CASCADE: M[1]: PosT=0.0 Pos=0.0| PWM=0 Dir=0[0m
[0;32mI (578) CASCADE: M[2]: PosT=0.0 Pos=0.0| PWM=0 Dir=0[0m
[0;32mI (583) CASCADE: M[3]: PosT=0.0 Pos=0.0| PWM=0 Dir=0[0m
[0;32mI (587) CASCADE: M[4]: PosT=0.0 Pos=0.0| PWM=0 Dir=0[0m
[0;32mI (592) CASCADE: M[5]: PosT=0.0 Pos=0.0| PWM=0 Dir=0[0m
[0;32mI (597) CASCADE: M[6]: PosT=0.0 Pos=0.0| PWM=0 Dir=0[0m
[0;32mI (602) CASCADE: M[7]: PosT=0.0 Pos=0.0| PWM=0 Dir=0[0m
[0;32mI (606) MOTOR_COMMANDS: settingup the motor comnads[0m
[0;32mI (611) BLE UNIT: setting up BLE unit[0m

[0;32mI (611) MOTOR_COMMANDS: Mode[0][0m
[0;32mI (623) MOTOR_COMMANDS: Mode[0][0m
[0;32mI (625) BTDM_INIT: BT controller compile version [20b459d][0m
[0;32mI (627) BTDM_INIT: Bluetooth MAC: ac:15:18:d2:81:36[0m
[0;32mI (630) MOTOR_COMMANDS: Mode[0][0m
[0;32mI (632) phy_init: phy_version 4840,02e0d70,Sep  2 2024,19:39:07[0m
[0;32mI (638) MOTOR_COMMANDS: Mode[0][0m
[0;32mI (646) MOTOR_COMMANDS: Mode[0][0m
[0;32mI (651) MOTOR_COMMANDS: Mode[0][0m
[0;32mI (654) I2C SLAVE:  [0m
ENCODER[1] READING: 0
ENCODER[2] READING: 0
ENCODER[3] READING: 0
ENCODER[4] READING: 0
ENCODER[5] READING: 0
ENCODER[6] REÔøΩ\ÔøΩÔøΩ: 0
ENCODER[7] READING: 0
ENCODER[8] READING: 0
[0;32mI (656) MOTOR_COMMANDS: Mode[0][0m
[0;32mI (668) I2C SLAVE: .............[0m

[0;32mI (673) MOTOR_COMMANDS: Mode[0][0m
I BOD: Brownout detector was triggered


ets Jun  8 2016 00:22:57

rst:0x3 (SW_RESET),boot:0x13 (SPI_FAST_FLASH_BOOT)
configsip: 0, SPIWP:0xee
clk_drv:0x00,q_drv:0x00,d_drv:0x00,cs0_drv:0x00,hd_drv:0x00,wp_drv:0x00
mode:DIO, clock div:2
load:0x3fff0030,len:6276
load:0x40078000,len:15716
load:0x40080400,len:4
ho 8 tail 4 room 4
load:0x40080404,len:3860
entry 0x4008063c
[0;32mI (60) boot: ESP-IDF v5.4 2nd stage bootloader[0m
[0;32mI (60) boot: compile time Sep 17 2025 20:44:17[0m
[0;32mI (60) boot: Multicore bootloader[0m
[0;32mI (62) boot: chip revision: v1.1[0m
[0;32mI (65) boot.esp32: SPI Speed      : 40MHz[0m
[0;32mI (68) boot.esp32: SPI Mode       : DIO[0m
[0;32mI (72) boot.esp32: SPI Flash Size : 16MB[0m
[0;32mI (76) boot: Enabling RNG early entropy source...[0m
[0;32mI (80) boot: Partition Table:[0m
[0;32mI (83) boot: ## Label            Usage          Type ST Offset   Length[0m
[0;32mI (89) boot:  0 nvs              WiFi data        01 02 00009000 00006000[0m
[0;32mI (96) boot:  1 phy_init         RF data          01 01 0000f000 00001000[0m
[0;32mI (102) boot:  2 factory          factory app      00 00 00010000 00100000[0m
[0;32mI (109) boot: End of partition table[0m
[0;32mI (112) esp_image: segment 0: paddr=00010020 vaddr=3f400020 size=20e44h (134724) map[0m
[0;32mI (166) esp_image: segment 1: paddr=00030e6c vaddr=3ff80000 size=0001ch (    28) load[0m
[0;32mI (166) esp_image: segment 2: paddr=00030e90 vaddr=3ffbdb60 size=04da0h ( 19872) load[0m
[0;32mI (177) esp_image: segment 3: paddr=00035c38 vaddr=40080000 size=0a3e0h ( 41952) load[0m
[0;32mI (193) esp_image: segment 4: paddr=00040020 vaddr=400d0020 size=7e260h (516704) map[0m
[0;32mI (370) esp_image: segment 5: paddr=000be288 vaddr=4008a3e0 size=0ef90h ( 61328) load[0m
[0;32mI (406) boot: Loaded app from partition at offset 0x10000[0m
[0;32mI (407) boot: Disabling RNG early entropy source...[0m
[0;32mI (417) cpu_start: Multicore app[0m
[0;32mI (425) cpu_start: Pro cpu sÔøΩX.ÔøΩÕï…Åcode[0m
[0;32mI (425) cpu_stX.ÔøΩÔøΩÔøΩ freq:ÔøΩLÔøΩÔøΩÔøΩÔøΩÔøΩÔøΩBÔøΩ5[0m
[0;32mI (426) aÔøΩp_iniÔøΩ'[0m
ÔøΩÔøΩÔøΩÔøΩÔøΩÔøΩ—•ÔøΩÔøΩÔøΩinformation:
ÔøΩBÔøΩJ
ÔøΩÔøΩ}ÔøΩÔøΩÔøΩÔøΩÔøΩ PrKÔøΩÔøΩ—Åna[Y'ÔøΩÔøΩtrol_3.ÔøΩH(
BÔøΩ30) aÔøΩ_iniÔøΩ'
ÔøΩÔøΩ versioÔøΩÔøΩÔøΩ.ÔøΩCÔøΩ
„¢öÔøΩ) app_/it: ComÔøΩZÔøΩÔøΩti[Y'ÔøΩÔøΩÔøΩÔøΩÔøΩ17 r025ÔøΩ20:44:ÔøΩ^CÔøΩ
BÔøΩÔøΩÔøΩJÔøΩappÔøΩinit: ÔøΩ ÅfZÔøΩ SHA256:  2610eX"0..ÔøΩ
+BÔøΩÔøΩÔøΩJÔøΩÔøΩÔøΩ_ZkÔøΩÔøΩ ESP-IDÔøΩ:ÔøΩÔøΩÔøΩÔøΩÔøΩMÔøΩuK0(4ÔøΩÔøΩÔøΩYVÔøΩÔøΩÔøΩÔøΩ/ÔøΩ M^ÔøΩÔøΩhiÔøΩÔøΩÔøΩÔøΩÔøΩÔøΩÔøΩÔøΩÔøΩÔøΩCÔøΩ
BÔøΩÔøΩÔøΩÔøΩ YÔøΩ◊ï}ÔøΩnit: SX ip ÔøΩY: ÔøΩÔøΩ ÔøΩÔøΩrÔøΩÔøΩ?
K (454) eÔøΩ}WÔøΩniÔøΩ: CÔøΩoÔøΩÔøΩev:   ÔøΩÔøΩ≈øLÔøΩIÔøΩ(4]ÔøΩBÔøΩÔøΩÔøΩÔøΩnit:ÔøΩRiÔøΩZxizing. ÔøΩ

ÔøΩai|l,ÔøΩÔøΩfKÔøΩdyÔøΩXkÔøΩÔøΩalÔøΩkÔøΩ—•ÔøΩÔøΩ:ÔøΩ9B—øM%ÔøΩÔøΩap_iÔøΩy|>ÔøΩPÔøΩ2ÔøΩPÔøΩ\ÔøΩlŸÅ00ÔøΩÔøΩÔøΩ;ÔøΩ (0 [yB)ÔøΩfRASCÔøΩiÔøΩÔøΩ7ÔøΩ%Beap_i~ÔøΩÔøΩÔøΩ0PÔøΩÔøΩNÔøΩ(ÔøΩÔøΩÔøΩ ÔøΩÔøΩÔøΩÔøΩÔøΩÔøΩÔøΩ8 (3^ÔøΩÔøΩ"IÔøΩwGÔøΩÔøΩ(ÔøΩ75) ÔøΩÔøΩÔøΩÔøΩ_/yt:ÔøΩAt`ÔøΩÔøΩB9ÔøΩl}n 0000ÔøΩLÔøΩÔøΩ16ÔøΩÔøΩKÔøΩ:`DRAÔøΩÔøΩ (480) heap_init: At 7FFÔøΩÔøΩÔøΩ0ÔøΩÔøΩÔøΩÔøΩ0003x*ÔøΩÔøΩ)ÔøΩ ÔøΩO+ÔøΩYÔøΩÔøΩÔøΩ·ûºS	ÔøΩg|kÔøΩÔøΩ
”Å3∆£QÔøΩÔøΩ√ÅÔøΩÔøΩÔøΩÔøΩÔøΩÔøΩÕ®ÔøΩÔøΩLZÔøΩÔøΩ: ÔøΩ)J5ÔøΩRBÔøΩÔøΩÔøΩJBo,}ÔøΩZÔøΩ
ÔøΩ&ﬁ™ÔøΩÔøΩbÔøΩÔøΩÔøΩÔøΩÔøΩÔøΩ	0`h1ÔøΩ&o}TÔøΩÔøΩÔøΩ9o\ÔøΩHÔøΩBÔøΩÔøΩoÔøΩÔøΩXÔøΩÔøΩÔøΩÔøΩÔøΩPÊÇÇÔøΩÔøΩÔøΩÔøΩÔøΩÔøΩÔøΩÔøΩÔøΩÔøΩpp0ÔøΩ?√êÔøΩÔøΩ[ÔøΩÔøΩ+ÔøΩSG(
ÔøΩÔøΩÔøΩÔøΩÔøΩÔøΩi_f|ash: detected chip: generic
[0;32mI (505) spi_flash: flash io: dio[0m
[0;32mI (509) coexist: coex firmware version: 49a8cdc[0m
[0;32mI (513) main_task: Started on CPU0[0m
[0;32mI (516) main_task: Calling app_main()[0m
[0;32mI (519) gpio: GPIO[12]| InputEn: 0| OutputEn: 0| OpenDrain: 0| Pullup: 1| Pulldown: 0| Intr:0 [0m
[0;32mI (528) I2C SLAVE: Slave initialization complete and ready to receive data[0m
[0;32mI (533) I2C SLAVE:  [0m
ENCODER[1] READING: 0
ENCODER[2] READING: 0
ENCODER[3] READING: 0
ENCODER[4] READING: 0
ENCODER[5] READING: 0
ENCOÔøΩER[6] READING: 0
ENCODER[7] READING: 0
ENCODER[8] READING: 0
I (551JJÔøΩC SLAVE: .............

RBÔøΩÔøΩÔøΩJJ2C SLhUJÔøΩÔøΩÔøΩ—•ÔøΩÔøΩÔøΩup ÔøΩWM and PID modulYk
IÔøΩÔøΩÔøΩÔøΩJbEDC_PWM_UNIT: settinÔøΩÔøΩÔøΩÔøΩQ‘ÅuÔøΩZ◊ÅaÔøΩÔøΩÔøΩÔøΩÔøΩelÔøΩH(
BÔøΩÔøΩÔøΩJb_P_M_UNIÔøΩ: LMDC wnit setiinÔøΩÔøΩÔøΩcompletedÔøΩCÔøΩ
BÔøΩÔøΩÔøΩÔøΩ CASCPTÔøΩjmÔøΩ]: PosT=0.0 Pos=0.0| PWMO"ÔøΩÔøΩÔøΩ0
I (573i CAÔøΩÔøΩE: M[1}ÔøΩÔøΩosT=0.ÔøΩ PkÔøΩ0.0| PWSO"ÔøΩr=0
RBÔøΩÔøΩÔøΩJMÔøΩ M[2]: ÔøΩkQÔøΩ0.0 PÔÆÇÔøΩ0ÔøΩ PWMO"ÔøΩÔøΩ=0
KÔøΩ(=8ÔøΩ	M5ÔøΩ sÔøΩÔøΩÔøΩÔøΩÔøΩÔøΩQÔøΩ0ÔøΩ0 Pos=0ÔøΩ0| ÔøΩUÔøΩÔøΩ"ÔøΩÔøΩÔøΩ0
I (587JMÔøΩ M+SÔøΩ PosÔøΩOvÔøΩÔøΩPoÔøΩÔøΩrÔøΩÔøΩÔøΩPWMO"ÔøΩÔøΩÔøΩ0
ÔøΩ ÔøΩSÔøΩJÔøΩ\ÔøΩÔøΩSÔøΩSÔøΩÔøΩCÔøΩÔøΩQÔøΩ0.0 PoÔøΩÔøΩvÔøΩÔøΩÔøΩP’™ÔøΩ"ÔøΩÔøΩÔøΩ0CÔøΩ
ÔøΩÔøΩ97) CAÔøΩÔøΩ(TÔøΩj[6]: ÔøΩosT=0ÔøΩÔøΩÔøΩÔøΩÔøΩ0ÔøΩÔøΩÔøΩPWM=ÔøΩ Dir=0
I (6029ÔøΩCASCADÔøΩ: M[7]ÔøΩ PosT=0.p PoÔøΩÔøΩÔøΩÔøΩÔøΩÔøΩÔøΩÔøΩÔøΩÔøΩÔøΩÔøΩÔøΩÔøΩ}IOw=ÔøΩÔøΩÔøΩÔøΩÔøΩÔøΩ~ÔøΩÔøΩÔøΩÔøΩÔøΩÔøΩÔøΩÔøΩÔøΩÔøΩÔøΩÔøΩÔøΩÔøΩ{ÔøΩÔøΩÔøΩZ1ÔøΩ9~ÔøΩÔøΩÔøΩ1`]+ÔøΩ5ÔøΩ
I ÔøΩSÔøΩJj=Q=I=uOAÔøΩÔøΩS: Oode[0]
I`(ÔøΩ23) MOÔøΩOR_COMWPÔøΩMÔøΩ`_ÔøΩÔøΩÔøΩÔøΩÔøΩÔøΩÔøΩÔøΩﬂøÔøΩÔøΩÔøΩÔøΩÔøΩÔøΩÔøΩÔøΩÔøΩÔøΩÔøΩÔøΩÔøΩÔøΩÔøΩÔøΩÔøΩÔøΩÔøΩÔøΩÔøΩÔøΩÔøΩwÔøΩÔøΩÔøΩÔøΩÔøΩÔøΩÔøΩÔøΩyÔøΩÔøΩÔøΩÔøΩÔøΩÔøΩÔøΩÔøΩÔøΩÔøΩÔøΩÔøΩÔøΩÔøΩÔøΩÔøΩÔøΩÔøΩÔøΩÔøΩÔøΩÔøΩÔøΩÔøΩÔøΩÔøΩÔøΩÔøΩÔøΩÔøΩÔøΩÔøΩxÔøΩÔøΩÔøΩÔøΩÔøΩÔøΩÔøΩÔøΩÔøΩÔøΩÔøΩÔøΩÔøΩÔøΩÔøΩÔøΩÔøΩÔøΩÔøΩÔøΩÔøΩÔøΩÔøΩÔøΩÔøΩÔøΩÔøΩÔøΩÔøΩÔøΩÔøΩﬁºÔøΩÔøΩÔøΩÔøΩÔøΩÔøΩÔøΩÔøΩÔøΩÔøΩÔøΩÔøΩÔøΩÔøΩÔøΩj=ImÔøΩ] REAÔøΩÔøΩÔøΩÔøΩpÔøΩGÔøΩ=ÔøΩ_? ÔøΩ~ÔøΩ+ÔøΩÔøΩÔøΩj
ENCODER[8] READING: 0
[0;32mI (656) MOTOR_COMMANDS: Mode[0][0m
[0;32mI (668) I2C SLAVE: .............[0m

[0;32mI (673) MOTOR_COMMANDS: Mode[0][0m
I BOD: Brownout detector was triggered


ets Jun  8 2016 00:22:57

rst:0x3 (SW_RESET),boot:0x13 (SPI_FAST_FLASH_BOOT)
configsip: 0, SPIWP:0xee
clk_drv:0x00,q_drv:0x00,d_drv:0x00,cs0_drv:0x00,hd_drv:0x00,wp_drv:0x00
mode:DIO, clock div:2
load:0x3fff0030,len:6276
load:0x40078000,len:15716
load:0x40080400,len:4
ho 8 tail 4 room 4
load:0x40080404,len:3860
entry 0x4008063c
[0;32mI (60) boot: ESP-IDF v5.4 2nd stage bootloader[0m
[0;32mI (60) boot: compile time Sep 17 2025 20:44:17[0m
[0;32mI (60) boot: Multicore bootloader[0m
[0;32mI (62) boot: chip revision: v1.1[0m
[0;32mI (65) boot.esp32: SPI Speed      : 40MHz[0m
[0;32mI (68) boot.esp32: SPI Mode       : DIO[0m
[0;32mI (72) boot.esp32: SPI Flash Size : 16MB[0m
[0;32mI (76) boot: Enabling RNG early entropy source...[0m
[0;32mI (80) boot: Partition Table:[0m
[0;32mI (83) boot: ## Label            Usage          Type ST Offset   Length[0m
[0;32mI (89) boot:  0 nvs              WiFi data        01 02 00009000 00006000[0m
[0;32mI (96) boot:  1 phy_init         RF data          01 01 0000f000 00001000[0m
[0;32mI (102) boot:  2 factory          factory app      00 00 00010000 00100000[0m
[0;32mI (109) boot: End of partition table[0m
[0;32mI (112) esp_image: segment 0: paddr=00010020 vaddr=3f400020 size=20e44h (134724) map[0m
[0;32mI (166) esp_image: segment 1: paddr=00030e6c vaddr=3ff80000 size=0001ch (    28) load[0m
[0;32mI (166) esp_image: segment 2: paddr=00030e90 vaddr=3ffbdb60 size=04da0h ( 19872) load[0m
[0;32mI (177) esp_image: segment 3: paddr=00035c38 vaddr=40080000 size=0a3e0h ( 41952) load[0m
[0;32mI (193) esp_image: segment 4: paddr=00040020 vaddr=400d0020 size=7e260h (516704) map[0m
[0;32mI (370) esp_image: segment 5: paddr=000be288 vaddr=4008a3e0 size=0ef90h ( 61328) load[0m
[0;32mI (406) boot: Loaded app from partition at offset 0x10000[0m
[0;32mI (407) boot: Disabling RNG early entropy source...[0m
[0;32mI (417) cpu_start: Multicore app[0m
[0;32mI (425) cpu_start: Pro cpu start user code[0m
[0;32mI (425) cpu_start: cpu freq: 160000000 Hz[0m
[0;32mI (426) app_init: Application information:[0m
[0;32mI (426) app_init: Project name:     control_1.1[0m
[0;32mI (430) app_init: App version:      v5.4[0m
[0;32mI (433) app_init: Compile time:     Sep 17 2025 20:44:09[0m
[0;32mI (439) app_init: ELF file SHA256:  2610ea0d0...[0m
[0;32mI (443) app_init: ESP-IDF:          v5.4[0m
[0;32mI (446) efuse_init: Min chip rev:     v0.0[0m
[0;32mI (450) efuse_init: Max chip rev:     v3.99 [0m
[0;32mI (454) efuse_init: Chip rev:         v1.1[0m
[0;32mI (458) heap_init: Initializing. RAM available for dynamic allocation:[0m
[0;32mI (465) heap_init: At 3FFAFF10 len 000000F0 (0 KiB): DRAM[0m
[0;32mI (470) heap_init: At 3FFB6388 len 00001C78 (7 KiB): DRAM[0m
[0;32mI (475) heap_init: At 3FFB9A20 len 00004108 (16 KiB): DRAM[0m
[0;32mI (480) heap_init: At 3FFC7A20 len 000185E0 (97 KiB): DRAM[0m
[0;32mI (485) heap_init: At 3FFE0440 len 00003AE0 (14 KiB): D/IRAM[0m
[0;32mI (490) heap_init: At 3FFE4350 len 0001BCB0 (111 KiB): D/IRAM[0m
[0;32mI (496) heap_init: At 40099370 len 00006C90 (27 KiB): IRAM[0m
[0;32mI (503) spi_flash: detected chip: generic[0m
[0;32mI (505) spi_flash: flash io: dio[0m
[0;32mI (509) coexist: coex firmware version: 49a8cdc[0m
[0;32mI (513) main_task: Started on CPU0[0m
[0;32mI (516) main_task: Calling app_main()[0m
[0;32mI (519) gpio: GPIO[12]| InputEn: 0| OutputEn: 0| OpenDrain: 0| Pullup: 1| Pulldown: 0| Intr:0 [0m
[0;32mI (528) I2C SLAVE: Slave initialization complete and ready to receive data[0m
[0;32mI (533) I2C SLAVE:  [0m
ENCODER[1] READING: 0
ENCODER[2] READING: 0
ENCODER[3] READING: 0
ENCODER[4] READING: 0
ENCODER[5] READING: 0
ENCODER[6] READING: 0
ENCODER[7] READING: 0
ENCODER[8] READING: 0
[0;32mI (551) I2C SLAVE: .............[0m

[0;32mI (554) I2C SLAVE: Setting up PWM and PID module [0m
[0;32mI (559) LEDC_PWM_UNIT: setting up LEDC units and chaneels[0m
[0;32mI (565) LEDC_PWM_UNIT: LEDC unit setiing up completed[0m

[0;32mI (569) CASCADE: M[0]: PosT=0.0 Pos=0.0| PWM=0 Dir=0[0m
[0;32mI (573) CASCADE: M[1]: PosT=0.0 Pos=0.0| PWM=0 Dir=0[0m
[0;32mI (578) CASCADE: M[2]: PosT=0.0 Pos=0.0| PWM=0 Dir=0[0m
[0;32mI (583) CASCADE: M[3]: PosT=0.0 Pos=0.0| PWM=0 Dir=0[0m
[0;32mI (587) CASCADE: M[4]: PosT=0.0 Pos=0.0| PWM=0 Dir=0[0m
[0;32mI (592) CASCADE: M[5]: PosT=0.0 Pos=0.0| PWM=0 Dir=0[0m
[0;32mI (597) CASCADE: M[6]: PosT=0.0 Pos=0.0| PWM=0 Dir=0[0m
[0;32mI (602) CASCADE: M[7]: PosT=0.0 Pos=0.0| PWM=0 Dir=0[0m
[0;32mI (606) MOTOR_COMMANDS: settingup the motor comnads[0m
[0;32mI (611) BLE UNIT: setting up BLE unit[0m

[0;32mI (611) MOTOR_COMMANDS: Mode[0][0m
[0;32mI (623) MOTOR_COMMANDS: Mode[0][0m
[0;32mI (625) BTDM_INIT: BT controller compile version [20b459d][0m
[0;32mI (627) BTDM_INIT: Bluetooth MAC: ac:15:18:d2:81:36[0m
[0;32mI (630) MOTOR_COMMANDS: Mode[0][0m
[0;32mI (632) phy_init: phy_version 4840,02e0d70,Sep  2 2024,19:39:07[0m
[0;32mI (638) MOTOR_COMMANDS: Mode[0][0m
[0;32mI (646) MOTOR_COMMANDS: Mode[0][0m
[0;32mI (651) MOTOR_COMMANDS: Mode[0][0m
[0;32mI (654) I2C SLAVE:  [0m
ENCODER[1] READING: 0
ENCODER[2] READING: 0
ENCODER[3] READING: 0
ENCODER[4] READING: 0
ENCODER[5] READING: ÔøΩ√°ÔøΩj=ImÔøΩ] R|ÔøΩÔøΩÔøΩÔøΩ ÔøΩCÔøΩÔøΩj=ImÔøΩ] READINOÔøΩÔøΩj
ENCODER[8] READING: 0
[0;32mI (656) MOTOR_COMMANDS: Mode[0][0m
[0;32mI (668) I2C SLAVE: .............[0m

[0;32mI (673) MOTOR_COMMANDS: Mode[0][0m
I BOD: Brownout detector was triggered


ets Jun  8 2016 00:22:57

rst:0x3 (SW_RESET),boot:0x13 (SPI_FAST_FLASH_BOOT)
configsip: 0, SPIWP:0xee
clk_drv:0x00,q_drv:0x00,d_drv:0x00,cs0_drv:0x00,hd_drv:0x00,wp_drv:0x00
mode:DIO, clock div:2
load:0x3fff0030,len:6276
load:0x40078000,len:15716
load:0x40080400,len:4
ho 8 tail 4 room 4
load:0x40080404,len:3860
entry 0x4008063c
[0;32mI (60) boot: ESP-IDF v5.4 2nd stage bootloader[0m
[0;32mI (60) boot: compile time Sep 17 2025 20:44:17[0m
[0;32mI (60) boot: Multicore bootloader[0m
[0;32mI (62) boot: chip revision: v1.1[0m
[0;32mI (65) boot.esp32: SPI Speed      : 40MHz[0m
[0;32mI (68) boot.esp32: SPI Mode       : DIO[0m
[0;32mI (72) boot.esp32: SPI Flash Size : 16MB[0m
[0;32mI (76) boot: Enabling RNG early entropy source...[0m
[0;32mI (80) boot: Partition Table:[0m
[0;32mI (83) boot: ## Label            Usage          Type ST Offset   Length[0m
[0;32mI (89) boot:  0 nvs              WiFi data        01 02 00009000 00006000[0m
[0;32mI (96) boot:  1 phy_init         RF data          01 01 0000f000 00001000[0m
[0;32mI (102) boot:  2 factory          factory app      00 00 00010000 00100000[0m
[0;32mI (109) boot: End of partition table[0m
[0;32mI (112) esp_image: segment 0: paddr=00010020 vaddr=3f400020 size=20e44h (134724) map[0m
[0;32mI (166) esp_image: segment 1: paddr=00030e6c vaddr=3ff80000 size=0001ch (    28) load[0m
[0;32mI (166) esp_image: segment 2: paddr=00030e90 vaddr=3ffbdb60 size=04da0h ( 19872) load[0m
[0;32mI (177) esp_image: segment 3: paddr=00035c38 vaddr=40080000 size=0a3e0h ( 41952) load[0m
[0;32mI (193) esp_image: segment 4: paddr=00040020 vaddr=400d0020 size=7e260h (516704) map[0m
[0;32mI (370) esp_image: segment 5: paddr=000be288 vaddr=4008a3e0 size=0ef90h ( 61328) load[0m
[0;32mI (406) boot: Loaded app from partition at offset 0x10000[0m
[0;32mI (407) boot: Disabling RNG early entropy source...[0m
[0;32mI (417) cpu_start: Multicore app[0m
[0;32mI (425) cpu_start: Pro cpu start user code[0m
[0;32mI (425) cpu_start: cpu freq: 160000000 Hz[0m
[0;32mI (426) app_init: Application information:[0m
[0;32mI (426) app_init: Project name:     control_1.1[0m
[0;32mI (430) app_init: App version:      v5.4[0m
[0;32mI (433) app_init: Compile time:     Sep 17 2025 20:44:09[0m
[0;32mI (439) app_init: ELF file SHA256:  2610ea0d0...[0m
[0;32mI (443) app_init: ESP-IDF:          v5.4[0m
[0;32mI (446) efuse_init: Min chip rev:     v0.0[0m
[0;32mI (450) efuse_init: Max chip rev:     v3.99 [0m
[0;32mI (454) efuse_init: Chip rev:         v1.1[0m
[0;32mI (458) heap_init: Initializing. RAM available for dynamic allocation:[0m
[0;32mI (465) heap_init: At 3FFAFF10 len 000000F0 (0 KiB): DRAM[0m
[0;32mI (470) heap_init: At 3FFB6388 len 00001C78 (7 KiB): DRAM[0m
[0;32mI (475) heap_init: At 3FFB9A20 len 00004108 (16 KiB): DRAM[0m
[0;32mI (480) heap_init: At 3FFC7A20 len 000185E0 (97 KiB): DRAM[0m
[0;32mI (485) heap_init: At 3FFE0440 len 00003AE0 (14 KiB): D/IRAM[0m
[0;32mI (490) heap_init: At 3FFE4350 len 0001BCB0 (111 KiB): D/IRAM[0m
[0;32mI (496) heap_init: At 40099370 len 00006C90 (27 KiB): IRAM[0m
[0;32mI (503) spi_flash: detected chip: generic[0m
[0;32mI (505) spi_flash: flash io: dio[0m
[0;32mI (509) coexist: coex firmware version: 49a8cdc[0m
[0;32mI (513) main_task: Started on CPU0[0m
[0;32mI (516) main_task: Calling app_main()[0m
[0;32mI (519) gpio: GPIO[12]| InputEn: 0| OutputEn: 0| OpenDrain: 0| Pullup: 1| Pulldown: 0| Intr:0 [0m
[0;32mI (528) I2C SLAVE: Slave initialization complete and ready to receive data[0m
[0;32mI (533) I2C SLAVE:  [0m
ENCODER[1] READING: 0
ENCODER[2] READING: 0
ENCODER[3] READING: 0
ENCODER[4] READING: 0
ENCODER[5] READING: 0
ENCODER[6] READING: 0
ENCODER[7] READING: 0
ENCODER[8] READING: 0
[0;32mI (551) I2C SLAVE: .............[0m

[0;32mI (554) I2C SLAVE: Setting up PWM and PID module [0m
[0;32mI (559) LEDC_PWM_UNIT: setting up LEDC units and chaneels[0m
[0;32mI (565) LEDC_PWM_UNIT: LEDC unit setiing up completed[0m

[0;32mI (569) CASCADE: M[0]: PosT=0.0 Pos=0.0| PWM=0 Dir=0[0m
[0;32mI (573) CASCADE: M[1]: PosT=0.0 Pos=0.0| PWM=0 Dir=0[0m
[0;32mI (578) CASCADE: M[2]: PosT=0.0 Pos=0.0| PWM=0 Dir=0[0m
[0;32mI (583) CASCADE: M[3]: PosT=0.0 Pos=0.0| PWM=0 Dir=0[0m
[0;32mI (587) CASCADE: M[4]: PosT=0.0 Pos=0.0| PWM=0 Dir=0[0m
[0;32mI (592) CASCADE: M[5]: PosT=0.0 Pos=0.0| PWM=0 Dir=0[0m
[0;32mI (597) CASCADE: M[6]: PosT=0.0 Pos=0.0| PWM=0 Dir=0[0m
[0;32mI (602) CASCADE: M[7]: PosT=0.0 Pos=0.0| PWM=0 Dir=0[0m
[0;32mI (606) MOTOR_COMMANDS: settingup the motor comnads[0m
[0;32mI (611) BLE UNIT: setting up BLE unit[0m

[0;32mI (611) MOTOR_COMMANDS: Mode[0][0m
[0;32mI (623) MOTOR_COMMANDS: Mode[0][0m
[0;32mI (625) BTDM_INIT: BT controller compile version [20b459d][0m
[0;32mI (627) BTDM_INIT: Bluetooth MAC: ac:15:18:d2:81:36[0m
[0;32mI (630) MOTOR_COMMANDS: Mode[0][0m
[0;32mI (632) phy_init: phy_version 4840,02e0d70,Sep  2 2024,19:39:07[0m
[0;32mI (638) MOTOR_COMMANDS: Mode[0][0m
[0;32mI (646) MOTOR_COMMANDS: Mode[0][0m
[0;32mI (651) MOTOR_COMMANDS: Mode[0][0m
[0;32mI (654) I2C SLAVE:  [0m
ENCODER[1] READING: 0
ENCODER[2] READING: 0
ENCODER[3] READING: 0
ENCODER[4] READING: 0
ENCODER[5] READING: ÔøΩGÔøΩÔøΩjODER[6] ÔøΩÔøΩpKÔøΩG: 0
ENCODERÔøΩ7] READINJÔøΩLCÔøΩÔøΩj=ImÔøΩWÔøΩ%9ÔøΩ 0
[0;32mI (656) MOTOR_COMMANDS: Mode[0][0m
[0;32mI (668) I2C SLAVE: .............[0m

[0;32mI (673) MOTOR_COMMANDS: Mode[0][0m
I BOD: Brownout detector was triggered


ets Jun  8 2016 00:22:57

rst:0x3 (SW_RESET),boot:0x13 (SPI_FAST_FLASH_BOOT)
configsip: 0, SPIWP:0xee
clk_drv:0x00,q_drv:0x00,d_drv:0x00,cs0_drv:0x00,hd_drv:0x00,wp_drv:0x00
mode:DIO, clock div:2
load:0x3fff0030,len:6276
load:0x40078000,len:15716
load:0x40080400,len:4
ho 8 tail 4 room 4
load:0x40080404,len:3860
entry 0x4008063c
[0;32mI (60) boot: ESP-IDF v5.4 2nd stage bootloader[0m
[0;32mI (60) boot: compile time Sep 17 2025 20:44:17[0m
[0;32mI (60) boot: Multicore bootloader[0m
[0;32mI (62) boot: chip revision: v1.1[0m
[0;32mI (65) boot.esp32: SPI Speed      : 40MHz[0m
[0;32mI (68) boot.esp32: SPI Mode       : DIO[0m
[0;32mI (72) boot.esp32: SPI Flash Size : 16MB[0m
[0;32mI (76) boot: Enabling RNG early entropy source...[0m
[0;32mI (80) boot: Partition Table:[0m
[0;32mI (83) boot: ## Label            Usage          Type ST Offset   Length[0m
[0;32mI (89) boot:  0 nvs              WiFi data        01 02 00009000 00006000[0m
[0;32mI (96) boot:  1 phy_init         RF data          01 01 0000f000 00001000[0m
[0;32mI (102) boot:  2 factory          factory app      00 00 00010000 00100000[0m
[0;32mI (109) boot: End of partition table[0m
[0;32mI (112) esp_image: segment 0: paddr=00010020 vaddr=3f400020 size=20e44h (134724) map[0m
[0;32mI (166) esp_image: segment 1: paddr=00030e6c vaddr=3ff80000 size=0001ch (    28) load[0m
[0;32mI (166) esp_image: segment 2: paddr=00030e90 vaddr=3ffbdb60 size=04da0h ( 19872) load[0m
[0;32mI (177) esp_image: segment 3: paddr=00035c38 vaddr=40080000 size=0a3e0h ( 41952) load[0m
[0;32mI (193) esp_image: segment 4: paddr=00040020 vaddr=400d0020 size=7e260h (516704) map[0m
[0;32mI (370) esp_image: segment 5: paddr=000be288 vaddr=4008a3e0 size=0ef90h ( 61328) load[0m
[0;32mI (406) boot: Loaded app from partition at offset 0x10000[0m
[0;32mI (407) boot: Disabling RNG early entropy source...[0m
[0;32mI (417) cpu_start: Multicore app[0m
[0;32mI (425) cpu_start: Pro cpu start user code[0m
[0;32mI (425) cpu_start: cpu freq: 160000000 Hz[0m
[0;32mI (426) app_init: Application information:[0m
[0;32mI (426) app_init: Project name:     control_1.1[0m
[0;32mI (430) app_init: App version:      v5.4[0m
[0;32mI (433) app_init: Compile time:     Sep 17 2025 20:44:09[0m
[0;32mI (439) app_init: ELF file SHA256:  2610ea0d0...[0m
[0;32mI (443) app_init: ESP-IDF:          v5.4[0m
[0;32mI (446) efuse_init: Min chip rev:     v0.0[0m
[0;32mI (450) efuse_init: Max chip rev:     v3.99 [0m
[0;32mI (454) efuse_init: Chip rev:         v1.1[0m
[0;32mI (458) heap_init: Initializing. RAM available for dynamic allocation:[0m
[0;32mI (465) heap_init: At 3FFAFF10 len 000000F0 (0 KiB): DRAM[0m
[0;32mI (470) heap_init: At 3FFB6388 len 00001C78 (7 KiB): DRAM[0m
[0;32mI (475) heap_init: At 3FFB9A20 len 00004108 (16 KiB): DRAM[0m
[0;32mI (480) heap_init: At 3FFC7A20 len 000185E0 (97 KiB): DRAM[0m
[0;32mI (485) heap_init: At 3FFE0440 len 00003AE0 (14 KiB): D/IRAM[0m
[0;32mI (490) heap_init: At 3FFE4350 len 0001BCB0 (111 KiB): D/IRAM[0m
[0;32mI (496) heap_init: At 40099370 len 00006C90 (27 KiB): IRAM[0m
[0;32mI (503) spi_flash: detected chip: generic[0m
[0;32mI (505) spi_flash: flash io: dio[0m
[0;32mI (509) coexist: coex firmware version: 49a8cdc[0m
[0;32mI (513) main_task: Started on CPU0[0m
[0;32mI (516) main_task: Calling app_main()[0m
[0;32mI (519) gpio: GPIO[12]| InputEn: 0| OutputEn: 0| OpenDrain: 0| Pullup: 1| Pulldown: 0| Intr:0 [0m
[0;32mI (528) I2C SLAVE: Slave initialization complete and ready to receive data[0m
[0;32mI (533) I2C SLAVE:  [0m
ENCODER[1] READING: 0
ENCODER[2] READING: 0
ENCODER[3] READING: 0
ENCODER[4] READING: 0
ENCODER[5] READING: 0
ENCODER[6] READING: 0
ENCODER[7] READING: 0
ENCODER[8] READING: 0
[0;32mI (551) I2C SLAVE: .............[0m

[0;32mI (554) I2C SLAVE: Setting up PWM and PID module [0m
[0;32mI (559) LEDC_PWM_UNIT: setting up LEDC units and chaneels[0m
[0;32mI (565) LEDC_PWM_UNIT: LEDC unit setiing up completed[0m

[0;32mI (569) CASCADE: M[0]: PosT=0.0 Pos=0.0| PWM=0 Dir=0[0m
[0;32mI (573) CASCADE: M[1]: PosT=0.0 Pos=0.0| PWM=0 Dir=0[0m
[0;32mI (578) CASCADE: M[2]: PosT=0.0 Pos=0.0| PWM=0 Dir=0[0m
[0;32mI (583) CASCADE: M[3]: PosT=0.0 Pos=0.0| PWM=0 Dir=0[0m
[0;32mI (587) CASCADE: M[4]: PosT=0.0 Pos=0.0| PWM=0 Dir=0[0m
[0;32mI (592) CASCADE: M[5]: PosT=0.0 Pos=0.0| PWM=0 Dir=0[0m
[0;32mI (597) CASCADE: M[6]: PosT=0.0 Pos=0.0| PWM=0 Dir=0[0m
[0;32mI (602) CASCADE: M[7]: PosT=0.0 Pos=0.0| PWM=0 Dir=0[0m
[0;32mI (606) MOTOR_COMMANDS: settingup the motor comnads[0m
[0;32mI (611) BLE UNIT: setting up BLE unit[0m

[0;32mI (611) MOTOR_COMMANDS: Mode[0][0m
[0;32mI (623) MOTOR_COMMANDS: Mode[0][0m
[0;32mI (625) BTDM_INIT: BT controller compile version [20b459d][0m
[0;32mI (627) BTDM_INIT: Bluetooth MAC: ac:15:18:d2:81:36[0m
[0;32mI (630) MOTOR_COMMANDS: Mode[0][0m
[0;32mI (632) phy_init: phy_version 4840,02e0d70,Sep  2 2024,19:39:07[0m
[0;32mI (638) MOTOR_COMMANDS: Mode[0][0m
[0;32mI (646) MOTOR_COMMANDS: Mode[0][0m
[0;32mI (651) MOTOR_COMMANDS: Mode[0][0m
[0;32mI (654) I2C SLAVE:  [0m
ENCODER[1] READING: 0
ENCODER[2] READING: 0
ENCODER[3] READING: 0
ENCODER[4] READING: 0
ENCODER[5] READING:ÔøΩÔøΩ=_LER[6] r%9ÔøΩ 0
ENCODER[7] READING: 0
ENCODER[8] READING: 0
[0;32mI (656) MOTOR_COMMANDS: Mode[0][0m
[0;32mI (668) I2C SLAVE: .............[0m

I BOD: Brownout detector was triggered


ets Jun  8 2016 00:22:57

rst:0x3 (SW_RESET),boot:0x13 (SPI_FAST_FLASH_BOOT)
configsip: 0, SPIWP:0xee
clk_drv:0x00,q_drv:0x00,d_drv:0x00,cs0_drv:0x00,hd_drv:0x00,wp_drv:0x00
mode:DIO, clock div:2
load:0x3fff0030,len:6276
load:0x40078000,len:15716
load:0x40080400,len:4
ho 8 tail 4 room 4
load:0x40080404,len:3860
entry 0x4008063c
[0;32mI (60) boot: ESP-IDF v5.4 2nd stage bootloader[0m
[0;32mI (60) boot: compile time Sep 17 2025 20:44:17[0m
[0;32mI (60) boot: Multicore bootloader[0m
[0;32mI (62) boot: chip revision: v1.1[0m
[0;32mI (65) boot.esp32: SPI Speed      : 40MHz[0m
[0;32mI (68) boot.esp32: SPI Mode       : DIO[0m
[0;32mI (72) boot.esp32: SPI Flash Size : 16MB[0m
[0;32mI (76) boot: Enabling RNG early entropy source...[0m
[0;32mI (80) boot: Partition Table:[0m
[0;32mI (83) boot: ## Label            Usage          Type ST Offset   Length[0m
[0;32mI (89) boot:  0 nvs              WiFi data        01 02 00009000 00006000[0m
[0;32mI (96) boot:  1 phy_init         RF data          01 01 0000f000 00001000[0m
[0;32mI (102) boot:  2 factory          factory app      00 00 00010000 00100000[0m
[0;32mI (109) boot: End of partition table[0m
[0;32mI (112) esp_image: segment 0: paddr=00010020 vaddr=3f400020 size=20e44h (134724) map[0m
[0;32mI (166) esp_image: segment 1: paddr=00030e6c vaddr=3ff80000 size=0001ch (    28) load[0m
[0;32mI (166) esp_image: segment 2: paddr=00030e90 vaddr=3ffbdb60 size=04da0h ( 19872) load[0m
[0;32mI (177) esp_image: segment 3: paddr=00035c38 vaddr=40080000 size=0a3e0h ( 41952) load[0m
[0;32mI (193) esp_image: segment 4: paddr=00040020 vaddr=400d0020 size=7e260h (516704) map[0m
[0;32mI (370) esp_image: segment 5: paddr=000be288 vaddr=4008a3e0 size=0ef90h ( 61328) load[0m
[0;32mI (406) boot: Loaded app from partition at offset 0x10000[0m
[0;32mI (407) boot: Disabling RNG early entropy source...[0m
[0;32mI (417) cpu_start: Multicore app[0m
[0;32mI (425) cpu_start: Pro cpu start user code[0m
[0;32mI (425) cpu_start: cpu freq: 160000000 Hz[0m
[0;32mI (426) app_init: Application information:[0m
[0;32mI (426) app_init: Project name:     control_1.1[0m
[0;32mI (430) app_init: App version:      v5.4[0m
[0;32mI (433) app_init: Compile time:     Sep 17 2025 20:44:09[0m
[0;32mI (439) app_init: ELF file SHA256:  2610ea0d0...[0m
[0;32mI (443) app_init: ESP-IDF:          v5.4[0m
[0;32mI (446) efuse_init: Min chip rev:     v0.0[0m
[0;32mI (450) efuse_init: Max chip rev:     v3.99 [0m
[0;32mI (454) efuse_init: Chip rev:         v1.1[0m
[0;32mI (458) heap_init: Initializing. RAM available for dynamic allocation:[0m
[0;32mI (465) heap_init: At 3FFAFF10 len 000000F0 (0 KiB): DRAM[0m
[0;32mI (470) heap_init: At 3FFB6388 len 00001C78 (7 KiB): DRAM[0m
[0;32mI (475) heap_init: At 3FFB9A20 len 00004108 (16 KiB): DRAM[0m
[0;32mI (480) heap_init: At 3FFC7A20 len 000185E0 (97 KiB): DRAM[0m
[0;32mI (485) heap_init: At 3FFE0440 len 00003AE0 (14 KiB): D/IRAM[0m
[0;32mI (490) heap_init: At 3FFE4350 len 0001BCB0 (111 KiB): D/IRAM[0m
[0;32mI (496) heap_init: At 40099370 len 00006C90 (27 KiB): IRAM[0m
[0;32mI (503) spi_flash: detected chip: generic[0m
[0;32mI (505) spi_flash: flash io: dio[0m
[0;32mI (509) coexist: coex firmware version: 49a8cdc[0m
[0;32mI (513) main_task: Started on CPU0[0m
[0;32mI (516) main_task: Calling app_main()[0m
[0;32mI (519) gpio: GPIO[12]| InputEn: 0| OutputEn: 0| OpenDrain: 0| Pullup: 1| Pulldown: 0| Intr:0 [0m
[0;32mI (528) I2C SLAVE: Slave initialization complete and ready to receive data[0m
[0;32mI (533) I2C SLAVE:  [0m
ENCODER[1] READING: 0
ENCODER[2] READING: 0
ENCODER[3] READING: 0
ENCODER[4] READING: 0
ENCODER[5] READING: 0
ENCODER[6] READING: 0
ENCODER[7] READING: 0
ENCODER[8] READING: 0
[0;32mI (551) I2C SLAVE: .............[0m

[0;32mI (554) I2C SLAVE: Setting up PWM and PID module [0m
[0;32mI (559) LEDC_PWM_UNIT: setting up LEDC units and chaneels[0m
[0;32mI (565) LEDC_PWM_UNIT: LEDC unit setiing up completed[0m

[0;32mI (569) CASCADE: M[0]: PosT=0.0 Pos=0.0| PWM=0 Dir=0[0m
[0;32mI (573) CASCADE: M[1]: PosT=0.0 Pos=0.0| PWM=0 Dir=0[0m
[0;32mI (578) CASCADE: M[2]: PosT=0.0 Pos=0.0| PWM=0 Dir=0[0m
[0;32mI (583) CASCADE: M[3]: PosT=0.0 Pos=0.0| PWM=0 Dir=0[0m
[0;32mI (587) CASCADE: M[4]: PosT=0.0 Pos=0.0| PWM=0 Dir=0[0m
[0;32mI (592) CASCADE: M[5]: PosT=0.0 Pos=0.0| PWM=0 Dir=0[0m
[0;32mI (597) CASCADE: M[6]: PosT=0.0 Pos=0.0| PWM=0 Dir=0[0m
[0;32mI (602) CASCADE: M[7]: PosT=0.0 Pos=0.0| PWM=0 Dir=0[0m
[0;32mI (606) MOTOR_COMMANDS: settingup the motor comnads[0m
[0;32mI (611) BLE UNIT: setting up BLE unit[0m

[0;32mI (611) MOTOR_COMMANDS: Mode[0][0m
[0;32mI (623) MOTOR_COMMANDS: Mode[0][0m
[0;32mI (625) BTDM_INIT: BT controller compile version [20b459d][0m
[0;32mI (627) BTDM_INIT: Bluetooth MAC: ac:15:18:d2:81:36[0m
[0;32mI (630) MOTOR_COMMANDS: Mode[0][0m
[0;32mI (632) phy_init: phy_version 4840,02e0d70,Sep  2 2024,19:39:07[0m
[0;32mI (638) MOTOR_COMMANDS: Mode[0][0m
[0;32mI (646) MOTOR_COMMANDS: Mode[0][0m
[0;32mI (651) MOTOR_COMMANDS: Mode[0][0m
[0;32mI (654) I2C SLAVE:  [0m
ENCODER[1] READING: 0
ENCODER[2] READING: 0
ENCODER[3] READING: 0
ENCODER[4] READING: 0
ENCODER[5] READING:`ÔøΩÔøΩ?ÔøΩÔøΩÔøΩNÔøΩewÔøΩÔøΩPTÔøΩÔøΩÔøΩ 0
ENCODER[7] READING: 0
ENCODER[8] READING: 0
[0;32mI (656) MOTOR_COMMANDS: Mode[0][0m
[0;32mI (668) I2C SLAVE: .............[0m

I BOD: Brownout detector was triggered


ets Jun  8 2016 00:22:57

rst:0x3 (SW_RESET),boot:0x13 (SPI_FAST_FLASH_BOOT)
configsip: 0, SPIWP:0xee
clk_drv:0x00,q_drv:0x00,d_drv:0x00,cs0_drv:0x00,hd_drv:0x00,wp_drv:0x00
mode:DIO, clock div:2
load:0x3fff0030,len:6276
load:0x40078000,len:15716
load:0x40080400,len:4
ho 8 tail 4 room 4
load:0x40080404,len:3860
entry 0x4008063c
[0;32mI (60) boot: ESP-IDF v5.4 2nd stage bootloader[0m
[0;32mI (60) boot: compile time Sep 17 2025 20:44:17[0m
[0;32mI (60) boot: Multicore bootloader[0m
[0;32mI (62) boot: chip revision: v1.1[0m
[0;32mI (65) boot.esp32: SPI Speed      : 40MHz[0m
[0;32mI (68) boot.esp32: SPI Mode       : DIO[0m
[0;32mI (72) boot.esp32: SPI Flash Size : 16MB[0m
[0;32mI (76) boot: Enabling RNG early entropy source...[0m
[0;32mI (80) boot: Partition Table:[0m
[0;32mI (83) boot: ## Label            Usage          Type ST Offset   Length[0m
[0;32mI (89) boot:  0 nvs              WiFi data        01 02 00009000 00006000[0m
[0;32mI (96) boot:  1 phy_init         RF data          01 01 0000f000 00001000[0m
[0;32mI (102) boot:  2 factory          factory app      00 00 00010000 00100000[0m
[0;32mI (109) boot: End of partition table[0m
[0;32mI (112) esp_image: segment 0: paddr=00010020 vaddr=3f400020 size=20e44h (134724) map[0m
[0;32mI (166) esp_image: segment 1: paddr=00030e6c vaddr=3ff80000 size=0001ch (    28) load[0m
[0;32mI (166) esp_image: segment 2: paddr=00030e90 vaddr=3ffbdb60 size=04da0h ( 19872) load[0m
[0;32mI (177) esp_image: segment 3: paddr=00035c38 vaddr=40080000 size=0a3e0h ( 41952) load[0m
[0;32mI (193) esp_image: segment 4: paddr=00040020 vaddr=400d0020 size=7e260h (516704) map[0m
[0;32mI (370) esp_image: segment 5: paddr=000be288 vaddr=4008a3e0 size=0ef90h ( 61328) load[0m
[0;32mI (406) boot: Loaded app from partition at offset 0x10000[0m
[0;32mI (407) boot: Disabling RNG early entropy source...[0m
[0;32mI (417) cpu_start: Multicore app[0m
[0;32mI (425) cpu_start: Pro cpu start user code[0m
[0;32mI (425) cpu_start: cpu freq: 160000000 Hz[0m
[0;32mI (426) app_init: Application information:[0m
[0;32mI (426) app_init: Project name:     control_1.1[0m
[0;32mI (430) app_init: App version:      v5.4[0m
[0;32mI (433) app_init: Compile time:     Sep 17 2025 20:44:09[0m
[0;32mI (439) app_init: ELF file SHA256:  2610ea0d0...[0m
[0;32mI (443) app_init: ESP-IDF:          v5.4[0m
[0;32mI (446) efuse_init: Min chip rev:     v0.0[0m
[0;32mI (450) efuse_init: Max chip rev:     v3.99 [0m
[0;32mI (454) efuse_init: Chip rev:         v1.1[0m
[0;32mI (458) heap_init: Initializing. RAM available for dynamic allocation:[0m
[0;32mI (465) heap_init: At 3FFAFF10 len 000000F0 (0 KiB): DRAM[0m
[0;32mI (470) heap_init: At 3FFB6388 len 00001C78 (7 KiB): DRAM[0m
[0;32mI (475) heap_init: At 3FFB9A20 len 00004108 (16 KiB): DRAM[0m
[0;32mI (480) heap_init: At 3FFC7A20 len 000185E0 (97 KiB): DRAM[0m
[0;32mI (485) heap_init: At 3FFE0440 len 00003AE0 (14 KiB): D/IRAM[0m
[0;32mI (490) heap_init: At 3FFE4350 len 0001BCB0 (111 KiB): D/IRAM[0m
[0;32mI (496) heap_init: At 40099370 len 00006C90 (27 KiB): IRAM[0m
[0;32mI (503) spi_flash: detected chip: generic[0m
[0;32mI (505) spi_flash: flash io: dio[0m
[0;32mI (509) coexist: coex firmware version: 49a8cdc[0m
[0;32mI (513) main_task: Started on CPU0[0m
[0;32mI (516) main_task: Calling app_main()[0m
[0;32mI (519) gpio: GPIO[12]| InputEn: 0| OutputEn: 0| OpenDrain: 0| Pullup: 1| Pulldown: 0| Intr:0 [0m
[0;32mI (528) I2C SLAVE: Slave initialization complete and ready to receive data[0m
[0;32mI (533) I2C SLAVE:  [0m
ENCODER[1] READING: 0
ENCODER[2] READING: 0
ENCODER[3] READING: 0
ENCODER[4] READING: 0
ENCODER[5] READING: 0
ENCODER[6] READING: 0
ENCODER[7] READING: 0
ENCODER[8] READING: 0
[0;32mI (551) I2C SLAVE: .............[0m

[0;32mI (554) I2C SLAVE: Setting up PWM and PID module [0m
[0;32mI (559) LEDC_PWM_UNIT: setting up LEDC units and chaneels[0m
[0;32mI (565) LEDC_PWM_UNIT: LEDC unit setiing up completed[0m

[0;32mI (569) CASCADE: M[0]: PosT=0.0 Pos=0.0| PWM=0 Dir=0[0m
[0;32mI (573) CASCADE: M[1]: PosT=0.0 Pos=0.0| PWM=0 Dir=0[0m
[0;32mI (578) CASCADE: M[2]: PosT=0.0 Pos=0.0| PWM=0 Dir=0[0m
[0;32mI (583) CASCADE: M[3]: PosT=0.0 Pos=0.0| PWM=0 Dir=0[0m
[0;32mI (587) CASCADE: M[4]: PosT=0.0 Pos=0.0| PWM=0 Dir=0[0m
[0;32mI (592) CASCADE: M[5]: PosT=0.0 Pos=0.0| PWM=0 Dir=0[0m
[0;32mI (597) CASCADE: M[6]: PosT=0.0 Pos=0.0| PWM=0 Dir=0[0m
[0;32mI (602) CASCADE: M[7]: PosT=0.0 Pos=0.0| PWM=0 Dir=0[0m
[0;32mI (606) MOTOR_COMMANDS: settingup the motor comnads[0m
[0;32mI (611) BLE UNIT: setting up BLE unit[0m

[0;32mI (611) MOTOR_COMMANDS: Mode[0][0m
[0;32mI (623) MOTOR_COMMANDS: Mode[0][0m
[0;32mI (625) BTDM_INIT: BT controller compile version [20b459d][0m
[0;32mI (627) BTDM_INIT: Bluetooth MAC: ac:15:18:d2:81:36[0m
[0;32mI (630) MOTOR_COMMANDS: Mode[0][0m
[0;32mI (632) phy_init: phy_version 4840,02e0d70,Sep  2 2024,19:39:07[0m
[0;32mI (638) MOTOR_COMMANDS: Mode[0][0m
[0;32mI (646) MOTOR_COMMANDS: Mode[0][0m
[0;32mI (651) MOTOR_COMMANDS: Mode[0][0m
[0;32mI (654) I2C SLAVE:  [0m
ENCODER[1] READING: 0
ENCODER[2] READING: 0
ENCODER[3] READING: 0
ENCODER[4] READING: 0
ENCODER[5] READING:ÔøΩÔøΩÔøΩÔøΩÔøΩÔøΩR[vÔøΩPTÔøΩÔøΩÔøΩ 0
ENCODER[7] READING: 0
ENCODER[8] READING: 0
[0;32mI (656) MOTOR_COMMANDS: Mode[0][0m
[0;32mI (668) I2C SLAVE: .............[0m

I BOD: Brownout detector was triggered


ets Jun  8 2016 00:22:57

rst:0x3 (SW_RESET),boot:0x13 (SPI_FAST_FLASH_BOOT)
configsip: 0, SPIWP:0xee
clk_drv:0x00,q_drv:0x00,d_drv:0x00,cs0_drv:0x00,hd_drv:0x00,wp_drv:0x00
mode:DIO, clock div:2
load:0x3fff0030,len:6276
load:0x40078000,len:15716
load:0x40080400,len:4
ho 8 tail 4 room 4
load:0x40080404,len:3860
entry 0x4008063c
[0;32mI (60) boot: ESP-IDF v5.4 2nd stage bootloader[0m
[0;32mI (60) boot: compile time Sep 17 2025 20:44:17[0m
[0;32mI (60) boot: Multicore bootloader[0m
[0;32mI (62) boot: chip revision: v1.1[0m
[0;32mI (65) boot.esp32: SPI Speed      : 40MHz[0m
[0;32mI (68) boot.esp32: SPI Mode       : DIO[0m
[0;32mI (72) boot.esp32: SPI Flash Size : 16MB[0m
[0;32mI (76) boot: Enabling RNG early entropy source...[0m
[0;32mI (80) boot: Partition Table:[0m
[0;32mI (83) boot: ## Label            Usage          Type ST Offset   Length[0m
[0;32mI (89) boot:  0 nvs              WiFi data        01 02 00009000 00006000[0m
[0;32mI (96) boot:  1 phy_init         RF data          01 01 0000f000 00001000[0m
[0;32mI (102) boot:  2 factory          factory app      00 00 00010000 00100000[0m
[0;32mI (109) boot: End of partition table[0m
[0;32mI (112) esp_image: segment 0: paddr=00010020 vaddr=3f400020 size=20e44h (134724) map[0m
[0;32mI (166) esp_image: segment 1: paddr=00030e6c vaddr=3ff80000 size=0001ch (    28) load[0m
[0;32mI (166) esp_image: segment 2: paddr=00030e90 vaddr=3ffbdb60 size=04da0h ( 19872) load[0m
[0;32mI (177) esp_image: segment 3: paddr=00035c38 vaddr=40080000 size=0a3e0h ( 41952) load[0m
[0;32mI (193) esp_image: segment 4: paddr=00040020 vaddr=400d0020 size=7e260h (516704) map[0m
[0;32mI (370) esp_image: segment 5: paddr=000be288 vaddr=4008a3e0 size=0ef90h ( 61328) load[0m
[0;32mI (406) boot: Loaded app from partition at offset 0x10000[0m
[0;32mI (407) boot: Disabling RNG early entropy source...[0m
[0;32mI (417) cpu_start: Multicore app[0m
[0;32mI (425) cpu_start: Pro cpu start user code[0m
[0;32mI (425) cpu_start: cpu freq: 160000000 Hz[0m
[0;32mI (426) app_init: Application information:[0m
[0;32mI (426) app_init: Project name:     control_1.1[0m
[0;32mI (430) app_init: App version:      v5.4[0m
[0;32mI (433) app_init: Compile time:     Sep 17 2025 20:44:09[0m
[0;32mI (439) app_init: ELF file SHA256:  2610ea0d0...[0m
[0;32mI (443) app_init: ESP-IDF:          v5.4[0m
[0;32mI (446) efuse_init: Min chip rev:     v0.0[0m
[0;32mI (450) efuse_init: Max chip rev:     v3.99 [0m
[0;32mI (454) efuse_init: Chip rev:         v1.1[0m
[0;32mI (458) heap_init: Initializing. RAM available for dynamic allocation:[0m
[0;32mI (465) heap_init: At 3FFAFF10 len 000000F0 (0 KiB): DRAM[0m
[0;32mI (470) heap_init: At 3FFB6388 len 00001C78 (7 KiB): DRAM[0m
[0;32mI (475) heap_init: At 3FFB9A20 len 00004108 (16 KiB): DRAM[0m
[0;32mI (480) heap_init: At 3FFC7A20 len 000185E0 (97 KiB): DRAM[0m
[0;32mI (485) heap_init: At 3FFE0440 len 00003AE0 (14 KiB): D/IRAM[0m
[0;32mI (490) heap_init: At 3FFE4350 len 0001BCB0 (111 KiB): D/IRAM[0m
[0;32mI (496) heap_init: At 40099370 len 00006C90 (27 KiB): IRAM[0m
[0;32mI (503) spi_flash: detected chip: generic[0m
[0;32mI (505) spi_flash: flash io: dio[0m
[0;32mI (509) coexist: coex firmware version: 49a8cdc[0m
[0;32mI (513) main_task: Started on CPU0[0m
[0;32mI (516) main_task: Calling app_main()[0m
[0;32mI (519) gpio: GPIO[12]| InputEn: 0| OutputEn: 0| OpenDrain: 0| Pullup: 1| Pulldown: 0| Intr:0 [0m
[0;32mI (528) I2C SLAVE: Slave initialization complete and ready to receive data[0m
[0;32mI (533) I2C SLAVE:  [0m
ENCODER[1] READING: 0
ENCODER[2] READING: 0
ENCODER[3] READING: 0
ENCODER[4] READING: 0
ENCODER[5] READING: 0
ENCODER[6] READING: 0
ENCODER[7] READING: 0
ENCODER[8] READING: 0
[0;32mI (551) I2C SLAVE: .............[0m

[0;32mI (554) I2C SLAVE: Setting up PWM and PID module [0m
[0;32mI (559) LEDC_PWM_UNIT: setting up LEDC units and chaneels[0m
[0;32mI (565) LEDC_PWM_UNIT: LEDC unit setiing up completed[0m

[0;32mI (569) CASCADE: M[0]: PosT=0.0 Pos=0.0| PWM=0 Dir=0[0m
[0;32mI (573) CASCADE: M[1]: PosT=0.0 Pos=0.0| PWM=0 Dir=0[0m
[0;32mI (578) CASCADE: M[2]: PosT=0.0 Pos=0.0| PWM=0 Dir=0[0m
[0;32mI (583) CASCADE: M[3]: PosT=0.0 Pos=0.0| PWM=0 Dir=0[0m
[0;32mI (587) CASCADE: M[4]: PosT=0.0 Pos=0.0| PWM=0 Dir=0[0m
[0;32mI (592) CASCADE: M[5]: PosT=0.0 Pos=0.0| PWM=0 Dir=0[0m
[0;32mI (597) CASCADE: M[6]: PosT=0.0 Pos=0.0| PWM=0 Dir=0[0m
[0;32mI (602) CASCADE: M[7]: PosT=0.0 Pos=0.0| PWM=0 Dir=0[0m
[0;32mI (606) MOTOR_COMMANDS: settingup the motor comnads[0m
[0;32mI (611) BLE UNIT: setting up BLE unit[0m

[0;32mI (611) MOTOR_COMMANDS: Mode[0][0m
[0;32mI (623) MOTOR_COMMANDS: Mode[0][0m
[0;32mI (625) BTDM_INIT: BT controller compile version [20b459d][0m
[0;32mI (627) BTDM_INIT: Bluetooth MAC: ac:15:18:d2:81:36[0m
[0;32mI (630) MOTOR_COMMANDS: Mode[0][0m
[0;32mI (632) phy_init: phy_version 4840,02e0d70,Sep  2 2024,19:39:07[0m
[0;32mI (638) MOTOR_COMMANDS: Mode[0][0m
[0;32mI (646) MOTOR_COMMANDS: Mode[0][0m
[0;32mI (651) MOTOR_COMMANDS: Mode[0][0m
[0;32mI (654) I2C SLAVE:  [0m
ENCODER[1] READING: 0
ENCODER[2] READING: 0
ENCODER[3] READING: 0
ENCODER[4] READING: 0
ENCODER[5] READING: ÔøΩÔøΩÔøΩÔøΩ+SÔøΩ%9ÔøΩ 0
ENCODER[7] READING: 0
ENCODER[8] READING: 0
[0;32mI (656) MOTOR_COMMANDS: Mode[0][0m
[0;32mI (668) I2C SLAVE: .............[0m

I BOD: Brownout detector was triggered


ets Jun  8 2016 00:22:57

rst:0x3 (SW_RESET),boot:0x13 (SPI_FAST_FLASH_BOOT)
configsip: 0, SPIWP:0xee
clk_drv:0x00,q_drv:0x00,d_drv:0x00,cs0_drv:0x00,hd_drv:0x00,wp_drv:0x00
mode:DIO, clock div:2
load:0x3fff0030,len:6276
load:0x40078000,len:15716
load:0x40080400,len:4
ho 8 tail 4 room 4
load:0x40080404,len:3860
entry 0x4008063c
[0;32mI (60) boot: ESP-IDF v5.4 2nd stage bootloader[0m
[0;32mI (60) boot: compile time Sep 17 2025 20:44:17[0m
[0;32mI (60) boot: Multicore bootloader[0m
[0;32mI (62) boot: chip revision: v1.1[0m
[0;32mI (65) boot.esp32: SPI Speed      : 40MHz[0m
[0;32mI (68) boot.esp32: SPI Mode       : DIO[0m
[0;32mI (72) boot.esp32: SPI Flash Size : 16MB[0m
[0;32mI (76) boot: Enabling RNG early entropy source...[0m
[0;32mI (80) boot: Partition Table:[0m
[0;32mI (83) boot: ## Label            Usage          Type ST Offset   Length[0m
[0;32mI (89) boot:  0 nvs              WiFi data        01 02 00009000 00006000[0m
[0;32mI (96) boot:  1 phy_init         RF data          01 01 0000f000 00001000[0m
[0;32mI (102) boot:  2 factory          factory app      00 00 00010000 00100000[0m
[0;32mI (109) boot: End of partition table[0m
[0;32mI (112) esp_image: segment 0: paddr=00010020 vaddr=3f400020 size=20e44h (134724) map[0m
[0;32mI (166) esp_image: segment 1: paddr=00030e6c vaddr=3ff80000 size=0001ch (    28) load[0m
[0;32mI (166) esp_image: segment 2: paddr=00030e90 vaddr=3ffbdb60 size=04da0h ( 19872) load[0m
[0;32mI (177) esp_image: segment 3: paddr=00035c38 vaddr=40080000 size=0a3e0h ( 41952) load[0m
[0;32mI (193) esp_image: segment 4: paddr=00040020 vaddr=400d0020 size=7e260h (516704) map[0m
[0;32mI (370) esp_image: segment 5: paddr=000be288 vaddr=4008a3e0 size=0ef90h ( 61328) load[0m
[0;32mI (406) boot: Loaded app from partition at offset 0x10000[0m
[0;32mI (407) boot: Disabling RNG early entropy source...[0m
[0;32mI (417) cpu_start: Multicore app[0m
[0;32mI (425) cpu_start: Pro cpu start user code[0m
[0;32mI (425) cpu_start: cpu freq: 160000000 Hz[0m
[0;32mI (426) app_init: Application information:[0m
[0;32mI (426) app_init: Project name:     control_1.1[0m
[0;32mI (430) app_init: App version:      v5.4[0m
[0;32mI (433) app_init: Compile time:     Sep 17 2025 20:44:09[0m
[0;32mI (439) app_init: ELF file SHA256:  2610ea0d0...[0m
[0;32mI (443) app_init: ESP-IDF:          v5.4[0m
[0;32mI (446) efuse_init: Min chip rev:     v0.0[0m
[0;32mI (450) efuse_init: Max chip rev:     v3.99 [0m
[0;32mI (454) efuse_init: Chip rev:         v1.1[0m
[0;32mI (458) heap_init: Initializing. RAM available for dynamic allocation:[0m
[0;32mI (465) heap_init: At 3FFAFF10 len 000000F0 (0 KiB): DRAM[0m
[0;32mI (470) heap_init: At 3FFB6388 len 00001C78 (7 KiB): DRAM[0m
[0;32mI (475) heap_init: At 3FFB9A20 len 00004108 (16 KiB): DRAM[0m
[0;32mI (480) heap_init: At 3FFC7A20 len 000185E0 (97 KiB): DRAM[0m
[0;32mI (485) heap_init: At 3FFE0440 len 00003AE0 (14 KiB): D/IRAM[0m
[0;32mI (490) heap_init: At 3FFE4350 len 0001BCB0 (111 KiB): D/IRAM[0m
[0;32mI (496) heap_init: At 40099370 len 00006C90 (27 KiB): IRAM[0m
[0;32mI (503) spi_flash: detected chip: generic[0m
[0;32mI (505) spi_flash: flash io: dio[0m
[0;32mI (509) coexist: coex firmware version: 49a8cdc[0m
[0;32mI (513) main_task: Started on CPU0[0m
[0;32mI (516) main_task: Calling app_main()[0m
[0;32mI (519) gpio: GPIO[12]| InputEn: 0| OutputEn: 0| OpenDrain: 0| Pullup: 1| Pulldown: 0| Intr:0 [0m
[0;32mI (528) I2C SLAVE: Slave initialization complete and ready to receive data[0m
[0;32mI (533) I2C SLAVE:  [0m
ENCODER[1] READING: 0
ENCODER[2] READING: 0
ENCODER[3] READING: 0
ENCODER[4] READING: 0
ENCODER[5] READING: 0
ENCODER[6] READING: 0
ENCODER[7] READING: 0
ENCODER[8] READING: 0
[0;32mI (551) I2C SLAVE: .............[0m

[0;32mI (554) I2C SLAVE: Setting up PWM and PID module [0m
[0;32mI (559) LEDC_PWM_UNIT: setting up LEDC units and chaneels[0m
[0;32mI (565) LEDC_PWM_UNIT: LEDC unit setiing up completed[0m

[0;32mI (569) CASCADE: M[0]: PosT=0.0 Pos=0.0| PWM=0 Dir=0[0m
[0;32mI (573) CASCADE: M[1]: PosT=0.0 Pos=0.0| PWM=0 Dir=0[0m
[0;32mI (578) CASCADE: M[2]: PosT=0.0 Pos=0.0| PWM=0 Dir=0[0m
[0;32mI (583) CASCADE: M[3]: PosT=0.0 Pos=0.0| PWM=0 Dir=0[0m
[0;32mI (587) CASCADE: M[4]: PosT=0.0 Pos=0.0| PWM=0 Dir=0[0m
[0;32mI (592) CASCADE: M[5]: PosT=0.0 Pos=0.0| PWM=0 Dir=0[0m
[0;32mI (597) CASCADE: M[6]: PosT=0.0 Pos=0.0| PWM=0 Dir=0[0m
[0;32mI (602) CASCADE: M[7]: PosT=0.0 Pos=0.0| PWM=0 Dir=0[0m
[0;32mI (606) MOTOR_COMMANDS: settingup the motor comnads[0m
[0;32mI (611) BLE UNIT: setting up BLE unit[0m

[0;32mI (611) MOTOR_COMMANDS: Mode[0][0m
[0;32mI (623) MOTOR_COMMANDS: Mode[0][0m
[0;32mI (625) BTDM_INIT: BT controller compile version [20b459d][0m
[0;32mI (627) BTDM_INIT: Bluetooth MAC: ac:15:18:d2:81:36[0m
[0;32mI (630) MOTOR_COMMANDS: Mode[0][0m
[0;32mI (632) phy_init: phy_version 4840,02e0d70,Sep  2 2024,19:39:07[0m
[0;32mI (638) MOTOR_COMMANDS: Mode[0][0m
[0;32mI (646) MOTOR_COMMANDS: Mode[0][0m
[0;32mI (651) MOTOR_COMMANDS: Mode[0][0m
[0;32mI (654) I2C SLAVE:  [0m
ENCODER[1] READING: 0
ENCODER[2] READING: 0
ENCODER[3] READING: 0
ENCODER[4] READING: 0
ENCODER[5] READING:ÔøΩÔøΩÔøΩÔøΩÔøΩÔøΩÔøΩJÔøΩeÔøΩÔøΩ%9ÔøΩ 0
ENCODER[7] READING: 0
ENCODER[8] READING: 0
[0;32mI (656) MOTOR_COMMANDS: Mode[0][0m
[0;32mI (668) I2C SLAVE: .............[0m

I BOD: Brownout detector was triggered


ets Jun  8 2016 00:22:57

rst:0x3 (SW_RESET),boot:0x13 (SPI_FAST_FLASH_BOOT)
configsip: 0, SPIWP:0xee
clk_drv:0x00,q_drv:0x00,d_drv:0x00,cs0_drv:0x00,hd_drv:0x00,wp_drv:0x00
mode:DIO, clock div:2
load:0x3fff0030,len:6276
load:0x40078000,len:15716
load:0x40080400,len:4
ho 8 tail 4 room 4
load:0x40080404,len:3860
entry 0x4008063c
[0;32mI (60) boot: ESP-IDF v5.4 2nd stage bootloader[0m
[0;32mI (60) boot: compile time Sep 17 2025 20:44:17[0m
[0;32mI (60) boot: Multicore bootloader[0m
[0;32mI (62) boot: chip revision: v1.1[0m
[0;32mI (65) boot.esp32: SPI Speed      : 40MHz[0m
[0;32mI (68) boot.esp32: SPI Mode       : DIO[0m
[0;32mI (72) boot.esp32: SPI Flash Size : 16MB[0m
[0;32mI (76) boot: Enabling RNG early entropy source...[0m
[0;32mI (80) boot: Partition Table:[0m
[0;32mI (83) boot: ## Label            Usage          Type ST Offset   Length[0m
[0;32mI (89) boot:  0 nvs              WiFi data        01 02 00009000 00006000[0m
[0;32mI (96) boot:  1 phy_init         RF data          01 01 0000f000 00001000[0m
[0;32mI (102) boot:  2 factory          factory app      00 00 00010000 00100000[0m
[0;32mI (109) boot: End of partition table[0m
[0;32mI (112) esp_image: segment 0: paddr=00010020 vaddr=3f400020 size=20e44h (134724) map[0m
[0;32mI (166) esp_image: segment 1: paddr=00030e6c vaddr=3ff80000 size=0001ch (    28) load[0m
[0;32mI (166) esp_image: segment 2: paddr=00030e90 vaddr=3ffbdb60 size=04da0h ( 19872) load[0m
[0;32mI (177) esp_image: segment 3: paddr=00035c38 vaddr=40080000 size=0a3e0h ( 41952) load[0m
[0;32mI (193) esp_image: segment 4: paddr=00040020 vaddr=400d0020 size=7e260h (516704) map[0m
[0;32mI (370) esp_image: segment 5: paddr=000be288 vaddr=4008a3e0 size=0ef90h ( 61328) load[0m
[0;32mI (406) boot: Loaded app from partition at offset 0x10000[0m
[0;32mI (407) boot: Disabling RNG early entropy source...[0m
[0;32mI (417) cpu_start: Multicore app[0m
[0;32mI (425) cpu_start: Pro cpu start user code[0m
[0;32mI (425) cpu_start: cpu freq: 160000000 Hz[0m
[0;32mI (426) app_init: Application information:[0m
[0;32mI (426) app_init: Project name:     control_1.1[0m
[0;32mI (430) app_init: App version:      v5.4[0m
[0;32mI (433) app_init: Compile time:     Sep 17 2025 20:44:09[0m
[0;32mI (439) app_init: ELF file SHA256:  2610ea0d0...[0m
[0;32mI (443) app_init: ESP-IDF:          v5.4[0m
[0;32mI (447) efuse_init: Min chip rev:     v0.0[0m
[0;32mI (450) efuse_init: Max chip rev:     v3.99 [0m
[0;32mI (454) efuse_init: Chip rev:         v1.1[0m
[0;32mI (458) heap_init: Initializing. RAM available for dynamic allocation:[0m
[0;32mI (465) heap_init: At 3FFAFF10 len 000000F0 (0 KiB): DRAM[0m
[0;32mI (470) heap_init: At 3FFB6388 len 00001C78 (7 KiB): DRAM[0m
[0;32mI (475) heap_init: At 3FFB9A20 len 00004108 (16 KiB): DRAM[0m
[0;32mI (480) heap_init: At 3FFC7A20 len 000185E0 (97 KiB): DRAM[0m
[0;32mI (485) heap_init: At 3FFE0440 len 00003AE0 (14 KiB): D/IRAM[0m
[0;32mI (490) heap_init: At 3FFE4350 len 0001BCB0 (111 KiB): D/IRAM[0m
[0;32mI (496) heap_init: At 40099370 len 00006C90 (27 KiB): IRAM[0m
[0;32mI (503) spi_flash: detected chip: generic[0m
[0;32mI (505) spi_flash: flash io: dio[0m
[0;32mI (509) coexist: coex firmware version: 49a8cdc[0m
[0;32mI (513) main_task: Started on CPU0[0m
[0;32mI (516) main_task: Calling app_main()[0m
[0;32mI (519) gpio: GPIO[12]| InputEn: 0| OutputEn: 0| OpenDrain: 0| Pullup: 1| Pulldown: 0| Intr:0 [0m
[0;32mI (528) I2C SLAVE: Slave initialization complete and ready to receive data[0m
[0;32mI (533) I2C SLAVE:  [0m
ENCODER[1] READING: 0
ENCODER[2] READING: 0
ENCODER[3] READING: 0
ENCODER[4] READING: 0
ENCODER[5] READING: 0
ENCODER[6] READING: 0
ENCODER[7] READING: 0
ENCODER[8] READING: 0
[0;32mI (551) I2C SLAVE: .............[0m

[0;32mI (554) I2C SLAVE: Setting up PWM and PID module [0m
[0;32mI (559) LEDC_PWM_UNIT: setting up LEDC units and chaneels[0m
[0;32mI (565) LEDC_PWM_UNIT: LEDC unit setiing up completed[0m

[0;32mI (569) CASCADE: M[0]: PosT=0.0 Pos=0.0| PWM=0 Dir=0[0m
[0;32mI (573) CASCADE: M[1]: PosT=0.0 Pos=0.0| PWM=0 Dir=0[0m
[0;32mI (578) CASCADE: M[2]: PosT=0.0 Pos=0.0| PWM=0 Dir=0[0m
[0;32mI (583) CASCADE: M[3]: PosT=0.0 Pos=0.0| PWM=0 Dir=0[0m
[0;32mI (587) CASCADE: M[4]: PosT=0.0 Pos=0.0| PWM=0 Dir=0[0m
[0;32mI (592) CASCADE: M[5]: PosT=0.0 Pos=0.0| PWM=0 Dir=0[0m
[0;32mI (597) CASCADE: M[6]: PosT=0.0 Pos=0.0| PWM=0 Dir=0[0m
[0;32mI (602) CASCADE: M[7]: PosT=0.0 Pos=0.0| PWM=0 Dir=0[0m
[0;32mI (606) MOTOR_COMMANDS: settingup the motor comnads[0m
[0;32mI (611) BLE UNIT: setting up BLE unit[0m

[0;32mI (611) MOTOR_COMMANDS: Mode[0][0m
[0;32mI (623) MOTOR_COMMANDS: Mode[0][0m
[0;32mI (625) BTDM_INIT: BT controller compile version [20b459d][0m
[0;32mI (627) BTDM_INIT: Bluetooth MAC: ac:15:18:d2:81:36[0m
[0;32mI (630) MOTOR_COMMANDS: Mode[0][0m
[0;32mI (632) phy_init: phy_version 4840,02e0d70,Sep  2 2024,19:39:07[0m
[0;32mI (638) MOTOR_COMMANDS: Mode[0][0m
[0;32mI (646) MOTOR_COMMANDS: Mode[0][0m
[0;32mI (651) MOTOR_COMMANDS: Mode[0][0m
[0;32mI (654) I2C SLAVE:  [0m
ENCODER[1] READING: 0
ENCODER[2] READING: 0
ENCODER[3] READING: 0
ENCODER[4] READING: 0
ENCODER[5] READING: ÔøΩÔøΩÔøΩ%9ÔøΩ 0
ENCODER[7] READING: 0
ENCODER[8] READING: 0
[0;32mI (656) MOTOR_COMMANDS: Mode[0][0m
[0;32mI (668) I2C SLAVE: .............[0m

I BOD: Brownout detector was triggered


ets Jun  8 2016 00:22:57

rst:0x3 (SW_RESET),boot:0x13 (SPI_FAST_FLASH_BOOT)
configsip: 0, SPIWP:0xee
clk_drv:0x00,q_drv:0x00,d_drv:0x00,cs0_drv:0x00,hd_drv:0x00,wp_drv:0x00
mode:DIO, clock div:2
load:0x3fff0030,len:6276
load:0x40078000,len:15716
load:0x40080400,len:4
ho 8 tail 4 room 4
load:0x40080404,len:3860
entry 0x4008063c
[0;32mI (60) boot: ESP-IDF v5.4 2nd stage bootloader[0m
[0;32mI (60) boot: compile time Sep 17 2025 20:44:17[0m
[0;32mI (60) boot: Multicore bootloader[0m
[0;32mI (62) boot: chip revision: v1.1[0m
[0;32mI (65) boot.esp32: SPI Speed      : 40MHz[0m
[0;32mI (68) boot.esp32: SPI Mode       : DIO[0m
[0;32mI (72) boot.esp32: SPI Flash Size : 16MB[0m
[0;32mI (76) boot: Enabling RNG early entropy source...[0m
[0;32mI (80) boot: Partition Table:[0m
[0;32mI (83) boot: ## Label            Usage          Type ST Offset   Length[0m
[0;32mI (89) boot:  0 nvs              WiFi data        01 02 00009000 00006000[0m
[0;32mI (96) boot:  1 phy_init         RF data          01 01 0000f000 00001000[0m
[0;32mI (102) boot:  2 factory          factory app      00 00 00010000 00100000[0m
[0;32mI (109) boot: End of partition table[0m
[0;32mI (112) esp_image: segment 0: paddr=00010020 vaddr=3f400020 size=20e44h (134724) map[0m
[0;32mI (166) esp_image: segment 1: paddr=00030e6c vaddr=3ff80000 size=0001ch (    28) load[0m
[0;32mI (166) esp_image: segment 2: paddr=00030e90 vaddr=3ffbdb60 size=04da0h ( 19872) load[0m
[0;32mI (177) esp_image: segment 3: paddr=00035c38 vaddr=40080000 size=0a3e0h ( 41952) load[0m
[0;32mI (193) esp_image: segment 4: paddr=00040020 vaddr=400d0020 size=7e260h (516704) map[0m
[0;32mI (370) esp_image: segment 5: paddr=000be288 vaddr=4008a3e0 size=0ef90h ( 61328) load[0m
[0;32mI (406) boot: Loaded app from partition at offset 0x10000[0m
[0;32mI (407) boot: Disabling RNG early entropy source...[0m
[0;32mI (417) cpu_start: Multicore app[0m
[0;32mI (425) cpu_start: Pro cpu start user code[0m
[0;32mI (425) cpu_start: cpu freq: 160000000 Hz[0m
[0;32mI (426) app_init: Application information:[0m
[0;32mI (426) app_init: Project name:     control_1.1[0m
[0;32mI (430) app_init: App version:      v5.4[0m
[0;32mI (433) app_init: Compile time:     Sep 17 2025 20:44:09[0m
[0;32mI (439) app_init: ELF file SHA256:  2610ea0d0...[0m
[0;32mI (443) app_init: ESP-IDF:          v5.4[0m
[0;32mI (446) efuse_init: Min chip rev:     v0.0[0m
[0;32mI (450) efuse_init: Max chip rev:     v3.99 [0m
[0;32mI (454) efuse_init: Chip rev:         v1.1[0m
[0;32mI (458) heap_init: Initializing. RAM available for dynamic allocation:[0m
[0;32mI (465) heap_init: At 3FFAFF10 len 000000F0 (0 KiB): DRAM[0m
[0;32mI (470) heap_init: At 3FFB6388 len 00001C78 (7 KiB): DRAM[0m
[0;32mI (475) heap_init: At 3FFB9A20 len 00004108 (16 KiB): DRAM[0m
[0;32mI (480) heap_init: At 3FFC7A20 len 000185E0 (97 KiB): DRAM[0m
[0;32mI (485) heap_init: At 3FFE0440 len 00003AE0 (14 KiB): D/IRAM[0m
[0;32mI (490) heap_init: At 3FFE4350 len 0001BCB0 (111 KiB): D/IRAM[0m
[0;32mI (496) heap_init: At 40099370 len 00006C90 (27 KiB): IRAM[0m
[0;32mI (503) spi_flash: detected chip: generic[0m
[0;32mI (505) spi_flash: flash io: dio[0m
[0;32mI (509) coexist: coex firmware version: 49a8cdc[0m
[0;32mI (513) main_task: Started on CPU0[0m
[0;32mI (516) main_task: Calling app_main()[0m
[0;32mI (519) gpio: GPIO[12]| InputEn: 0| OutputEn: 0| OpenDrain: 0| Pullup: 1| Pulldown: 0| Intr:0 [0m
[0;32mI (528) I2C SLAVE: Slave initialization complete and ready to receive data[0m
[0;32mI (533) I2C SLAVE:  [0m
ENCODER[1] READING: 0
ENCODER[2] READING: 0
ENCODER[3] READING: 0
ENCODER[4] READING: 0
ENCODER[5] READING: 0
ENCODER[6] READING: 0
ENCODER[7] READING: 0
ENCODER[8] READING: 0
[0;32mI (551) I2C SLAVE: .............[0m

[0;32mI (554) I2C SLAVE: Setting up PWM and PID module [0m
[0;32mI (559) LEDC_PWM_UNIT: setting up LEDC units and chaneels[0m
[0;32mI (565) LEDC_PWM_UNIT: LEDC unit setiing up completed[0m

[0;32mI (569) CASCADE: M[0]: PosT=0.0 Pos=0.0| PWM=0 Dir=0[0m
[0;32mI (573) CASCADE: M[1]: PosT=0.0 Pos=0.0| PWM=0 Dir=0[0m
[0;32mI (578) CASCADE: M[2]: PosT=0.0 Pos=0.0| PWM=0 Dir=0[0m
[0;32mI (583) CASCADE: M[3]: PosT=0.0 Pos=0.0| PWM=0 Dir=0[0m
[0;32mI (587) CASCADE: M[4]: PosT=0.0 Pos=0.0| PWM=0 Dir=0[0m
[0;32mI (592) CASCADE: M[5]: PosT=0.0 Pos=0.0| PWM=0 Dir=0[0m
[0;32mI (597) CASCADE: M[6]: PosT=0.0 Pos=0.0| PWM=0 Dir=0[0m
[0;32mI (602) CASCADE: M[7]: PosT=0.0 Pos=0.0| PWM=0 Dir=0[0m
[0;32mI (606) MOTOR_COMMANDS: settingup the motor comnads[0m
[0;32mI (611) BLE UNIT: setting up BLE unit[0m

[0;32mI (611) MOTOR_COMMANDS: Mode[0][0m
[0;32mI (623) MOTOR_COMMANDS: Mode[0][0m
[0;32mI (625) BTDM_INIT: BT controller compile version [20b459d][0m
[0;32mI (627) BTDM_INIT: Bluetooth MAC: ac:15:18:d2:81:36[0m
[0;32mI (630) MOTOR_COMMANDS: Mode[0][0m
[0;32mI (632) phy_init: phy_version 4840,02e0d70,Sep  2 2024,19:39:07[0m
