ets Juï¿½ï¿½ï¿½ï¿½ï¿½00:22:57

rst:0x1 (ï¿½]I=9_RESET),boot:0x13 (SPI_FP*ï¿½e1SH_BOOT)
configsip: 0, Sï¿½]Aï¿½0xee
clk_drv:0x00,q_drv:ï¿½ï¿½0,d_drv:0x00,cs0_drv:0x00,hd_ï¿½ï¿½ï¿½0x00,wp_drv:0x00
mode:DIO,ï¿½ï¿½ï¿½ï¿½ div:2
load:0x3fff0030,lYKï¿½ï¿½ï¿½ï¿½j
load:0x40078000,len:15Sï¿½j
load:0x40080400,len:4
ho ï¿½ï¿½ï¿½ï¿½ 4 room 4
load:0x4008040ï¿½ï¿½ï¿½ï¿½3860
entry 0x4008063c
[0;32mI (30) boot: ESP-IDF v5.4 2nd stage bootloader[0m
[0;32mI (30) boot: compile time Sep 21 2025 12:30:22[0m
[0;32mI (30) boot: Multicore bootloader[0m
[0;32mI (31) boot: chip revision: v1.1[0m
[0;32mI (34) boot.esp32: SPI Speed      : 40MHz[0m
[0;32mI (38) boot.esp32: SPI Mode       : DIO[0m
[0;32mI (41) boot.esp32: SPI Flash Size : 16MB[0m
[0;32mI (45) boot: Enabling RNG early entropy source...[0m
[0;32mI (50) boot: Partition Table:[0m
[0;32mI (52) boot: ## Label            Usage          Type ST Offset   Length[0m
[0;32mI (59) boot:  0 nvs              WiFi data        01 02 00009000 00006000[0m
[0;32mI (65) boot:  1 phy_init         RF data          01 01 0000f000 00001000[0m
[0;32mI (72) boot:  2 factory          factory app      00 00 00010000 00100000[0m
[0;32mI (78) boot: End of partition table[0m
[0;32mI (81) esp_image: segment 0: paddr=00010020 vaddr=3f400020 size=13cc4h ( 81092) map[0m
[0;32mI (117) esp_image: segment 1: paddr=00023cec vaddr=3ff80000 size=0001ch (    28) load[0m
[0;32mI (117) esp_image: segment 2: paddr=00023d10 vaddr=3ffbdb60 size=04da8h ( 19880) load[0m
[0;32mI (128) esp_image: segment 3: paddr=00028ac0 vaddr=40080000 size=07558h ( 30040) load[0m
[0;32mI (140) esp_image: segment 4: paddr=00030020 vaddr=400d0020 size=75b34h (482100) map[0m
[0;32mI (305) esp_image: segment 5: paddr=000a5b5c vaddr=40087558 size=120f0h ( 73968) load[0m
[0;32mI (346) boot: Loaded app from partition at offset 0x10000[0m
[0;32mI (346) boot: Disabling RNG early entropy source...[0m
[0;32mI (356) cpu_start: Multicore app[0m
[0;32mI (365) cpu_start: Pro cpu start user code[0m
[0;32mI (365) cpu_start: cpu freq: 160000000 Hz[0m
[0;32mI (365) app_init: Application information:[0m
[0;32mI (365) app_init: Project name:     control_1.1[0m
[0;32mI (369) app_init: App version:      v5.4[0m
[0;32mI (373) app_init: Compile time:     Sep 21 2025 12:30:23[0m
[0;32mI (378) app_init: ELF file SHA256:  724bf074f...[0m
[0;32mI (382) app_init: ESP-IDF:          v5.4[0m
[0;32mI (386) efuse_init: Min chip rev:     v0.0[0m
[0;32mI (390) efuse_init: Max chip rev:     v3.99 [0m
[0;32mI (394) efuse_init: Chip rev:         v1.1[0m
[0;32mI (398) heap_init: Initializing. RAM available for dynamic allocation:[0m
[0;32mI (404) heap_init: At 3FFAFF10 len 000000F0 (0 KiB): DRAM[0m
[0;32mI (409) heap_init: At 3FFB6388 len 00001C78 (7 KiB): DRAM[0m
[0;32mI (414) heap_init: At 3FFB9A20 len 00004108 (16 KiB): DRAM[0m
[0;32mI (419) heap_init: At 3FFC4888 len 0001B778 (109 KiB): DRAM[0m
[0;32mI (424) heap_init: At 3FFE0440 len 00003AE0 (14 KiB): D/IRAM[0m
[0;32mI (430) heap_init: At 3FFE4350 len 0001BCB0 (111 KiB): D/IRAM[0m
[0;32mI (435) heap_init: At 40099648 len 000069B8 (26 KiB): IRAM[0m
[0;32mI (442) spi_flash: detected chip: generic[0m
[0;32mI (444) spi_flash: flash io: dio[0m
[0;32mI (448) coexist: coex firmware version: 49a8cdc[0m
[0;32mI (452) main_task: Started on CPU0[0m
[0;32mI (455) main_task: Calling app_main()[0m
[0;32mI (458) gpio: GPIO[12]| InputEn: 0| OutputEn: 0| OpenDrain: 0| Pullup: 1| Pulldown: 0| Intr:0 [0m
D (466) i2c.common: new bus(0) at 0x3ffbd728
[0;32mI (470) I2C SLAVE: Slave initialization complete and ready to receive data[0m
[0;32mI (476) I2C SLAVE:  [0m
ENCODER[1] READING: 0
ENCODER[2] READING: 0
ENCODER[3] READING: 0
ENCODER[4] READING: 0
ENCODER[5] READING: 0
ENCODER[6] READING: 0
ENCODER[7] READING: 0
ENCODER[8] READING: 0
[0;32mI (494) I2C SLAVE: .............[0m

[0;32mI (497) I2C SLAVE: Setting up PWM and PID module [0m
[0;32mI (502) LEDC_PWM_UNIT: setting up LEDC units and chaneels[0m
[0;32mI (507) gpio: GPIO[32]| InputEn: 0| OutputEn: 0| OpenDrain: 0| Pullup: 1| Pulldown: 0| Intr:0 [0m
[0;32mI (515) gpio: GPIO[33]| InputEn: 0| OutputEn: 0| OpenDrain: 0| Pullup: 1| Pulldown: 0| Intr:0 [0m
[0;32mI (524) gpio: GPIO[25]| InputEn: 0| OutputEn: 0| OpenDrain: 0| Pullup: 1| Pulldown: 0| Intr:0 [0m
[0;32mI (532) gpio: GPIO[26]| InputEn: 0| OutputEn: 0| OpenDrain: 0| Pullup: 1| Pulldown: 0| Intr:0 [0m
[0;32mI (540) gpio: GPIO[27]| InputEn: 0| OutputEn: 0| OpenDrain: 0| Pullup: 1| Pulldown: 0| Intr:0 [0m
[0;32mI (548) gpio: GPIO[14]| InputEn: 0| OutputEn: 0| OpenDrain: 0| Pullup: 1| Pulldown: 0| Intr:0 [0m
[0;32mI (557) gpio: GPIO[23]| InputEn: 0| OutputEn: 0| OpenDrain: 0| Pullup: 1| Pulldown: 0| Intr:0 [0m
[0;32mI (565) gpio: GPIO[22]| InputEn: 0| OutputEn: 0| OpenDrain: 0| Pullup: 1| Pulldown: 0| Intr:0 [0m
[0;32mI (573) gpio: GPIO[21]| InputEn: 0| OutputEn: 0| OpenDrain: 0| Pullup: 1| Pulldown: 0| Intr:0 [0m
[0;32mI (582) gpio: GPIO[19]| InputEn: 0| OutputEn: 0| OpenDrain: 0| Pullup: 1| Pulldown: 0| Intr:0 [0m
[0;32mI (590) gpio: GPIO[18]| InputEn: 0| OutputEn: 0| OpenDrain: 0| Pullup: 1| Pulldown: 0| Intr:0 [0m
[0;32mI (598) gpio: GPIO[5]| InputEn: 0| OutputEn: 0| OpenDrain: 0| Pullup: 1| Pulldown: 0| Intr:0 [0m
[0;32mI (607) gpio: GPIO[17]| InputEn: 0| OutputEn: 0| OpenDrain: 0| Pullup: 1| Pulldown: 0| Intr:0 [0m
[0;32mI (615) gpio: GPIO[16]| InputEn: 0| OutputEn: 0| OpenDrain: 0| Pullup: 1| Pulldown: 0| Intr:0 [0m
[0;32mI (623) gpio: GPIO[4]| InputEn: 0| OutputEn: 0| OpenDrain: 0| Pullup: 1| Pulldown: 0| Intr:0 [0m
[0;32mI (632) gpio: GPIO[2]| InputEn: 0| OutputEn: 0| OpenDrain: 0| Pullup: 1| Pulldown: 0| Intr:0 [0m
[0;32mI (641) LEDC_PWM_UNIT: LEDC unit setiing up completed[0m

[0;32mI (645) CASCADE: M[0]: PosT=0.0 Pos=79.0| PWM=0 Dir=0[0m
[0;32mI (650) CASCADE: M[1]: PosT=0.0 Pos=74.0| PWM=0 Dir=0[0m
[0;32mI (654) CASCADE: M[2]: PosT=0.0 Pos=-3408.0| PWM=0 Dir=0[0m
[0;32mI (659) CASCADE: M[3]: PosT=0.0 Pos=84.0| PWM=0 Dir=0[0m
[0;32mI (664) CASCADE: M[4]: PosT=0.0 Pos=68.0| PWM=0 Dir=0[0m
[0;32mI (669) CASCADE: M[5]: PosT=0.0 Pos=-2286.0| PWM=0 Dir=0[0m
[0;32mI (674) CASCADE: M[6]: PosT=0.0 Pos=56.0| PWM=0 Dir=0[0m
[0;32mI (679) CASCADE: M[7]: PosT=0.0 Pos=28.0| PWM=0 Dir=0[0m
[0;32mI (683) MOTOR_COMMANDS: settingup the motor comnads[0m
[0;32mI (688) BLE UNIT: setting up BLE unit[0m

[0;32mI (688) MOTOR_COMMANDS: Mode[0][0m
[0;32mI (726) MOTOR_COMMANDS: Mode[0][0m
[0;32mI (734) BTDM_INIT: BT controller compile version [20b459d][0m
[0;32mI (735) MOTOR_COMMANDS: Mode[0][0m
[0;32mI (737) BTDM_INIT: Bluetooth MAC: 5c:01:3b:f1:c0:16[0m
[0;32mI (739) phy_init: phy_version 4840,02e0d70,Sep  2 2024,19:39:07[0m
[0;32mI (740) MOTOR_COMMANDS: Mode[0][0m
[0;33mW (742) phy_init: failed to load RF calibration data (0x1102), falling back to full calibration[0m
[0;32mI (750) MOTOR_COMMANDS: Mode[0][0m
[0;32mI (761) MOTOR_COMMANDS: Mode[0][0m
[0;32mI (766) MOTOR_COMMANDS: Mode[0][0m
[0;32mI (771) MOTOR_COMMANDS: Mode[0][0m
[0;32mI (776) MOTOR_COMMANDS: Mode[0][0m
[0;32mI (781) MOTOR_COMMANDS: Mode[0][0m
[0;32mI (786) MOTOR_COMMANDS: Mode[0][0m
[0;32mI (791) MOTOR_COMMANDS: Mode[0][0m
I BOD: Brownout detector was triggered


ets Jun  8 2016 00:22:57

rst:0x3 (SW_RESET),boot:0x13 (SPI_FAST_FLASH_BOOT)
configsip: 0, SPIWP:0xee
clk_drv:0x00,q_drv:0x00,d_drv:0x00,cs0_drv:0x00,hd_drv:0x00,wp_drv:0x00
mode:DIO, clock div:2
load:0x3fff0030,len:6276
load:0x40078000,len:15716
load:0x40080400,len:4
ho 8 tail 4 room 4
load:0x40080404,len:3860
entry 0x4008063c
[0;32mI (60) boot: ESP-IDF v5.4 2nd stage bootloader[0m
[0;32mI (60) boot: compile time Sep 21 2025 12:30:22[0m
[0;32mI (60) boot: Multicore bootloader[0m
[0;32mI (62) boot: chip revision: v1.1[0m
[0;32mI (65) boot.esp32: SPI Speed      : 40MHz[0m
[0;32mI (68) boot.esp32: SPI Mode       : DIO[0m
[0;32mI (72) boot.esp32: SPI Flash Size : 16MB[0m
[0;32mI (76) boot: Enabling RNG early entropy source...[0m
[0;32mI (80) boot: Partition Table:[0m
[0;32mI (83) boot: ## Label            Usage          Type ST Offset   Length[0m
[0;32mI (89) boot:  0 nvs              WiFi data        01 02 00009000 00006000[0m
[0;32mI (96) boot:  1 phy_init         RF data          01 01 0000f000 00001000[0m
[0;32mI (102) boot:  2 factory          factory app      00 00 00010000 00100000[0m
[0;32mI (109) boot: End of partition table[0m
[0;32mI (112) esp_image: segment 0: paddr=00010020 vaddr=3f400020 size=13cc4h ( 81092) map[0m
[0;32mI (147) esp_image: segment 1: paddr=00023cec vaddr=3ff80000 size=0001ch (    28) load[0m
[0;32mI (148) esp_image: segment 2: paddr=00023d10 vaddr=3ffbdb60 size=04da8h ( 19880) load[0m
[0;32mI (159) esp_image: segment 3: paddr=00028ac0 vaddr=40080000 size=07558h ( 30040) load[0m
[0;32mI (170) esp_image: segment 4: paddr=00030020 vaddr=400d0020 size=75b34h (482100) map[0m
[0;32mI (335) esp_image: segment 5: paddr=000a5b5c vaddr=40087558 size=120f0h ( 73968) load[0m
[0;32mI (377) boot: Loaded app from partition at offset 0x10000[0m
[0;32mI (377) boot: Disabling RNG early entropy source...[0m
[0;32mI (387) cpu_start: Multicore app[0m
[0;32mI (396) cpu_start: Pro cpu start user code[0m
[0;32mI (396) cpu_start: cpu freq: 160000000 Hz[0m
[0;32mI (396) app_init: Application information:[0m
[0;32mI (396) app_init: Project name:     control_1.1[0m
[0;32mI (400) app_init: App version:      v5.4[0m
[0;32mI (404) app_init: Compile time:     Sep 21 2025 12:30:23[0m
[0;32mI (409) app_init: ELF file SHA256:  724bf074f...[0m
[0;32mI (413) app_init: ESP-IDF:          v5.4[0m
[0;32mI (417) efuse_init: Min chip rev:     v0.0[0m
[0;32mI (420) efuse_init: Max chip rev:     v3.99 [0m
[0;32mI (424) efuse_init: Chip rev:         v1.1[0m
[0;32mI (429) heap_init: Initializing. RAM available for dynamic allocation:[0m
[0;32mI (435) heap_init: At 3FFAFF10 len 000000F0 (0 KiB): DRAM[0m
[0;32mI (440) heap_init: At 3FFB6388 len 00001C78 (7 KiB): DRAM[0m
[0;32mI (445) heap_init: At 3FFB9A20 len 00004108 (16 KiB): DRAM[0m
[0;32mI (450) heap_init: At 3FFC4888 len 0001B778 (109 KiB): DRAM[0m
[0;32mI (455) heap_init: At 3FFE0440 len 00003AE0 (14 KiB): D/IRAM[0m
[0;32mI (461) heap_init: At 3FFE4350 len 0001BCB0 (111 KiB): D/IRAM[0m
[0;32mI (466) heap_init: At 40099648 len 000069B8 (26 KiB): IRAM[0m
[0;32mI (473) spi_flash: detected chip: generic[0m
[0;32mI (475) spi_flash: flash io: dio[0m
[0;32mI (479) coexist: coex firmware version: 49a8cdc[0m
[0;32mI (483) main_task: Started on CPU0[0m
[0;32mI (486) main_task: Calling app_main()[0m
[0;32mI (489) gpio: GPIO[12]| InputEn: 0| OutputEn: 0| OpenDrain: 0| Pullup: 1| Pulldown: 0| Intr:0 [0m
D (497) i2c.common: new bus(0) at 0x3ffbd728
[0;32mI (501) I2C SLAVE: Slave initialization complete and ready to receive data[0m
[0;32mI (507) I2C SLAVE:  [0m
ENCODER[1] READING: 0
ENCODER[2] READING: 0
ENCODER[3] READING: 0
ENCODER[4] READING: 0
ENCODER[5] READING: 0
ENCODER[6] READING: 0
ENCODER[7] READING: 0
ENCODER[8] READING: 0
[0;32mI (525) I2C SLAVE: .............[0m

[0;32mI (528) I2C SLAVE: Setting up PWM and PID module [0m
[0;32mI (533) LEDC_PWM_UNIT: setting up LEDC units and chaneels[0m
[0;32mI (538) gpio: GPIO[32]| InputEn: 0| OutputEn: 0| OpenDrain: 0| Pullup: 1| Pulldown: 0| Intr:0 [0m
[0;32mI (546) gpio: GPIO[33]| InputEn: 0| OutputEn: 0| OpenDrain: 0| Pullup: 1| Pulldown: 0| Intr:0 [0m
[0;32mI (555) gpio: GPIO[25]| InputEn: 0| OutputEn: 0| OpenDrain: 0| Pullup: 1| Pulldown: 0| Intr:0 [0m
[0;32mI (563) gpio: GPIO[26]| InputEn: 0| OutputEn: 0| OpenDrain: 0| Pullup: 1| Pulldown: 0| Intr:0 [0m
[0;32mI (571) gpio: GPIO[27]| InputEn: 0| OutputEn: 0| OpenDrain: 0| Pullup: 1| Pulldown: 0| Intr:0 [0m
[0;32mI (579) gpio: GPIO[14]| InputEn: 0| OutputEn: 0| OpenDrain: 0| Pullup: 1| Pulldown: 0| Intr:0 [0m
[0;32mI (588) gpio: GPIO[23]| InputEn: 0| OutputEn: 0| OpenDrain: 0| Pullup: 1| Pulldown: 0| Intr:0 [0m
[0;32mI (596) gpio: GPIO[22]| InputEn: 0| OutputEn: 0| OpenDrain: 0| Pullup: 1| Pulldown: 0| Intr:0 [0m
[0;32mI (604) gpio: GPIO[21]| InputEn: 0| OutputEn: 0| OpenDrain: 0| Pullup: 1| Pulldown: 0| Intr:0 [0m
[0;32mI (613) gpio: GPIO[19]| InputEn: 0| OutputEn: 0| OpenDrain: 0| Pullup: 1| Pulldown: 0| Intr:0 [0m
[0;32mI (621) gpio: GPIO[18]| InputEn: 0| OutputEn: 0| OpenDrain: 0| Pullup: 1| Pulldown: 0| Intr:0 [0m
[0;32mI (629) gpio: GPIO[5]| InputEn: 0| OutputEn: 0| OpenDrain: 0| Pullup: 1| Pulldown: 0| Intr:0 [0m
[0;32mI (638) gpio: GPIO[17]| InputEn: 0| OutputEn: 0| OpenDrain: 0| Pullup: 1| Pulldown: 0| Intr:0 [0m
[0;32mI (646) gpio: GPIO[16]| InputEn: 0| OutputEn: 0| OpenDrain: 0| Pullup: 1| Pulldown: 0| Intr:0 [0m
[0;32mI (654) gpio: GPIO[4]| InputEn: 0| OutputEn: 0| OpenDrain: 0| Pullup: 1| Pulldown: 0| Intr:0 [0m
[0;32mI (663) gpio: GPIO[2]| InputEn: 0| OutputEn: 0| OpenDrain: 0| Pullup: 1| Pulldown: 0| Intr:0 [0m
[0;32mI (672) LEDC_PWM_UNIT: LEDC unit setiing up completed[0m

[0;32mI (676) CASCADE: M[0]: PosT=0.0 Pos=0.0| PWM=0 Dir=0[0m
[0;32mI (680) CASCADE: M[1]: PosT=0.0 Pos=0.0| PWM=0 Dir=0[0m
[0;32mI (685) CASCADE: M[2]: PosT=0.0 Pos=0.0| PWM=0 Dir=0[0m
[0;32mI (690) CASCADE: M[3]: PosT=0.0 Pos=0.0| PWM=0 Dir=0[0m
[0;32mI (695) CASCADE: M[4]: PosT=0.0 Pos=0.0| PWM=0 Dir=0[0m
[0;32mI (699) CASCADE: M[5]: PosT=0.0 Pos=0.0| PWM=0 Dir=0[0m
[0;32mI (704) CASCADE: M[6]: PosT=0.0 Pos=0.0| PWM=0 Dir=0[0m
[0;32mI (709) CASCADE: M[7]: PosT=0.0 Pos=0.0| PWM=0 Dir=0[0m
[0;32mI (713) MOTOR_COMMANDS: settingup the motor comnads[0m
[0;32mI (718) BLE UNIT: setting up BLE unit[0m

[0;32mI (718) MOTOR_COMMANDS: Mode[0][0m
[0;32mI (758) MOTOR_COMMANDS: Mode[0][0m
[0;32mI (766) BTDM_INIT: BT controller compile version [20b459d][0m
[0;32mI (768) MOTOR_COMMANDS: Mode[0][0m
[0;32mI (768) BTDM_INIT: Bluetooth MAC: 5c:01:3b:f1:c0:16[0m
[0;32mI (771) phy_init: phy_version 4840,02e0d70,Sep  2 2024,19:39:07[0m
[0;32mI (773) MOTOR_COMMANDS: Mode[0][0m
[0;33mW (775) phy_init: failed to load RF calibration data (0x1102), falling back to full calibration[0m
[0;32mI (782) MOTOR_COMMANDS: Mode[0][0m
[0;32mI (794) MOTOR_COMMANDS: Mode[0][0m
[0;32mI (799) MOTOR_COMMANDS: Mode[0][0m
[0;32mI (804) MOTOR_COMMANDS: Mode[0][0m
[0;32mI (809) MOTOR_COMMANDS: Mode[0][0m
[0;32mI (814) MOTOR_COMMANDS: Mode[0][0m
[0;32mI (819) MOTOR_COMMANDS: Mode[0][0m
I BOD: Brownout detector was triggered


ets Jun  8 2016 00:22:57

rst:0x3 (SW_RESET),boot:0x13 (SPI_FAST_FLASH_BOOT)
configsip: 0, SPIWP:0xee
clk_drv:0x00,q_drv:0x00,d_drv:0x00,cs0_drv:0x00,hd_drv:0x00,wp_drv:0x00
mode:DIO, clock div:2
load:0x3fff0030,len:6276
load:0x40078000,len:15716
load:0x40080400,len:4
ho 8 tail 4 room 4
load:0x40080404,len:3860
entry 0x4008063c
[0;32mI (60) boot: ESP-IDF v5.4 2nd stage bootloader[0m
[0;32mI (60) boot: compile time Sep 21 2025 12:30:22[0m
[0;32mI (60) boot: Multicore bootloader[0m
[0;32mI (62) boot: chip revision: v1.1[0m
[0;32mI (65) boot.esp32: SPI Speed      : 40MHz[0m
[0;32mI (68) boot.esp32: SPI Mode       : DIO[0m
[0;32mI (72) boot.esp32: SPI Flash Size : 16MB[0m
[0;32mI (76) boot: Enabling RNG early entropy source...[0m
[0;32mI (80) boot: Partition Table:[0m
[0;32mI (83) boot: ## Label            Usage          Type ST Offset   Length[0m
[0;32mI (89) boot:  0 nvs              WiFi data        01 02 00009000 00006000[0m
[0;32mI (96) boot:  1 phy_init         RF data          01 01 0000f000 00001000[0m
[0;32mI (102) boot:  2 factory          factory app      00 00 00010000 00100000[0m
[0;32mI (109) boot: End of partition table[0m
[0;32mI (112) esp_image: segment 0: paddr=00010020 vaddr=3f400020 size=13cc4h ( 81092) map[0m
[0;32mI (147) esp_image: segment 1: paddr=00023cec vaddr=3ff80000 size=0001ch (    28) load[0m
[0;32mI (148) esp_image: segment 2: paddr=00023d10 vaddr=3ffbdb60 size=04da8h ( 19880) load[0m
[0;32mI (159) esp_image: segment 3: paddr=00028ac0 vaddr=40080000 size=07558h ( 30040) load[0m
[0;32mI (170) esp_image: segment 4: paddr=00030020 vaddr=400d0020 size=75b34h (482100) map[0m
[0;32mI (335) esp_image: segment 5: paddr=000a5b5c vaddr=40087558 size=120f0h ( 73968) load[0m
[0;32mI (377) boot: Loaded app from partition at offset 0x10000[0m
[0;32mI (377) boot: Disabling RNG early entropy source...[0m
[0;32mI (387) cpu_start: Multicore app[0m
[0;32mI (396) cpu_start: Pro cpu start user code[0m
[0;32mI (396) cpu_start: cpu freq: 160000000 Hz[0m
[0;32mI (396) app_init: Application information:[0m
[0;32mI (396) app_init: Project name:     control_1.1[0m
[0;32mI (400) app_init: App version:      v5.4[0m
[0;32mI (404) app_init: Compile time:     Sep 21 2025 12:30:23[0m
[0;32mI (409) app_init: ELF file SHA256:  724bf074f...[0m
[0;32mI (413) app_init: ESP-IDF:          v5.4[0m
[0;32mI (417) efuse_init: Min chip rev:     v0.0[0m
[0;32mI (420) efuse_init: Max chip rev:     v3.99 [0m
[0;32mI (424) efuse_init: Chip rev:         v1.1[0m
[0;32mI (429) heap_init: Initializing. RAM available for dynamic allocation:[0m
[0;32mI (435) heap_init: At 3FFAFF10 len 000000F0 (0 KiB): DRAM[0m
[0;32mI (440) heap_init: At 3FFB6388 len 00001C78 (7 KiB): DRAM[0m
[0;32mI (445) heap_init: At 3FFB9A20 len 00004108 (16 KiB): DRAM[0m
[0;32mI (450) heap_init: At 3FFC4888 len 0001B778 (109 KiB): DRAM[0m
[0;32mI (455) heap_init: At 3FFE0440 len 00003AE0 (14 KiB): D/IRAM[0m
[0;32mI (461) heap_init: At 3FFE4350 len 0001BCB0 (111 KiB): D/IRAM[0m
[0;32mI (466) heap_init: At 40099648 len 000069B8 (26 KiB): IRAM[0m
[0;32mI (473) spi_flash: detected chip: generic[0m
[0;32mI (475) spi_flash: flash io: dio[0m
[0;32mI (479) coexist: coex firmware version: 49a8cdc[0m
[0;32mI (483) main_task: Started on CPU0[0m
[0;32mI (486) main_task: Calling app_main()[0m
[0;32mI (489) gpio: GPIO[12]| InputEn: 0| OutputEn: 0| OpenDrain: 0| Pullup: 1| Pulldown: 0| Intr:0 [0m
D (497) i2c.common: new bus(0) at 0x3ffbd728
[0;32mI (501) I2C SLAVE: Slave initialization complete and ready to receive data[0m
[0;32mI (507) I2C SLAVE:  [0m
ENCODER[1] READING: 0
ENCODER[2] READING: 0
ENCODER[3] READING: 0
ENCODER[4] READING: 0
ENCODER[5] READING: 0
ENCODER[6] READING: 0
ENCODER[7] READING: 0
ENCODER[8] READING: 0
[0;32mI (525) I2C SLAVE: .............[0m

[0;32mI (528) I2C SLAVE: Setting up PWM and PID module [0m
[0;32mI (533) LEDC_PWM_UNIT: setting up LEDC units and chaneels[0m
[0;32mI (538) gpio: GPIO[32]| InputEn: 0| OutputEn: 0| OpenDrain: 0| Pullup: 1| Pulldown: 0| Intr:0 [0m
[0;32mI (546) gpio: GPIO[33]| InputEn: 0| OutputEn: 0| OpenDrain: 0| Pullup: 1| Pulldown: 0| Intr:0 [0m
[0;32mI (555) gpio: GPIO[25]| InputEn: 0| OutputEn: 0| OpenDrain: 0| Pullup: 1| Pulldown: 0| Intr:0 [0m
[0;32mI (563) gpio: GPIO[26]| InputEn: 0| OutputEn: 0| OpenDrain: 0| Pullup: 1| Pulldown: 0| Intr:0 [0m
[0;32mI (571) gpio: GPIO[27]| InputEn: 0| OutputEn: 0| OpenDrain: 0| Pullup: 1| Pulldown: 0| Intr:0 [0m
[0;32mI (579) gpio: GPIO[14]| InputEn: 0| OutputEn: 0| OpenDrain: 0| Pullup: 1| Pulldown: 0| Intr:0 [0m
[0;32mI (588) gpio: GPIO[23]| InputEn: 0| OutputEn: 0| OpenDrain: 0| Pullup: 1| Pulldown: 0| Intr:0 [0m
[0;32mI (596) gpio: GPIO[22]| InputEn: 0| OutputEn: 0| OpenDrain: 0| Pullup: 1| Pulldown: 0| Intr:0 [0m
[0;32mI (604) gpio: GPIO[21]| InputEn: 0| OutputEn: 0| OpenDrain: 0| Pullup: 1| Pulldown: 0| Intr:0 [0m
[0;32mI (613) gpio: GPIO[19]| InputEn: 0| OutputEn: 0| OpenDrain: 0| Pullup: 1| Pulldown: 0| Intr:0 [0m
[0;32mI (621) gpio: GPIO[18]| InputEn: 0| OutputEn: 0| OpenDrain: 0| Pullup: 1| Pulldown: 0| Intr:0 [0m
[0;32mI (629) gpio: GPIO[5]| InputEn: 0| OutputEn: 0| OpenDrain: 0| Pullup: 1| Pulldown: 0| Intr:0 [0m
[0;32mI (638) gpio: GPIO[17]| InputEn: 0| OutputEn: 0| OpenDrain: 0| Pullup: 1| Pulldown: 0| Intr:0 [0m
[0;32mI (646) gpio: GPIO[16]| InputEn: 0| OutputEn: 0| OpenDrain: 0| Pullup: 1| Pulldown: 0| Intr:0 [0m
[0;32mI (654) gpio: GPIO[4]| InputEn: 0| OutputEn: 0| OpenDrain: 0| Pullup: 1| Pulldown: 0| Intr:0 [0m
[0;32mI (663) gpio: GPIO[2]| InputEn: 0| OutputEn: 0| OpenDrain: 0| Pullup: 1| Pulldown: 0| Intr:0 [0m
[0;32mI (672) LEDC_PWM_UNIT: LEDC unit setiing up completed[0m

[0;32mI (676) CASCADE: M[0]: PosT=0.0 Pos=0.0| PWM=0 Dir=0[0m
[0;32mI (680) CASCADE: M[1]: PosT=0.0 Pos=0.0| PWM=0 Dir=0[0m
[0;32mI (685) CASCADE: M[2]: PosT=0.0 Pos=0.0| PWM=0 Dir=0[0m
[0;32mI (690) CASCADE: M[3]: PosT=0.0 Pos=0.0| PWM=0 Dir=0[0m
[0;32mI (695) CASCADE: M[4]: PosT=0.0 Pos=0.0| PWM=0 Dir=0[0m
[0;32mI (699) CASCADE: M[5]: PosT=0.0 Pos=0.0| PWM=0 Dir=0[0m
[0;32mI (704) CASCADE: M[6]: PosT=0.0 Pos=0.0| PWM=0 Dir=0[0m
[0;32mI (709) CASCADE: M[7]: PosT=0.0 Pos=0.0| PWM=0 Dir=0[0m
[0;32mI (713) MOTOR_COMMANDS: settingup the motor comnads[0m
[0;32mI (718) BLE UNIT: setting up BLE unit[0m

[0;32mI (718) MOTOR_COMMANDS: Mode[0][0m
[0;32mI (732) MOTOR_COMMANDS: Mode[0][0m
[0;32mI (736) BTDM_INIT: BT controller compile version [20b459d][0m
[0;32mI (739) BTDM_INIT: Bluetooth MAC: 5c:01:3b:f1:c0:16[0m
[0;32mI (741) MOTOR_COMMANDS: Mode[0][0m
[0;32mI (742) phy_init: phy_version 4840,02e0d70,Sep  2 2024,19:39:07[0m
[0;32mI (747) MOTOR_COMMANDS: Mode[0][0m
[0;33mW (748) phy_init: failed to load RF calibration data (0x1102), falling back to full calibration[0m
[0;32mI (756) MOTOR_COMMANDS: Mode[0][0m
[0;32mI (767) MOTOR_COMMANDS: Mode[0][0m
[0;32mI (772) MOTOR_COMMANDS: Mode[0][0m
[0;32mI (777) MOTOR_COMMANDS: Mode[0][0m
[0;32mI (782) MOTOR_COMMANDS: Mode[0][0m
[0;32mI (787) MOTOR_COMMANDS: Mode[0][0m
I BOD: Brownout detector was triggered


ets Jun  8 2016 00:22:57

rst:0x3 (SW_RESET),boot:0x13 (SPI_FAST_FLASH_BOOT)
configsip: 0, SPIWP:0xee
clk_drv:0x00,q_drv:0x00,d_drv:0x00,cs0_drv:0x00,hd_drv:0x00,wp_drv:0x00
mode:DIO, clock div:2
load:0x3fff0030,len:6276
load:0x40078000,len:15716
load:0x40080400,len:4
ho 8 tail 4 room 4
load:0x40080404,len:3860
entry 0x4008063c
[0;32mI (60) boot: ESP-IDF v5.4 2nd stage bootloader[0m
[0;32mI (60) boot: compile time Sep 21 2025 12:30:22[0m
[0;32mI (60) boot: Multicore bootloader[0m
[0;32mI (62) boot: chip revision: v1.1[0m
[0;32mI (65) boot.esp32: SPI Speed      : 40MHz[0m
[0;32mI (68) boot.esp32: SPI Mode       : DIO[0m
[0;32mI (72) boot.esp32: SPI Flash Size : 16MB[0m
[0;32mI (76) boot: Enabling RNG early entropy source...[0m
[0;32mI (80) boot: Partition Table:[0m
[0;32mI (83) boot: ## Label            Usage          Type ST Offset   Length[0m
[0;32mI (89) boot:  0 nvs              WiFi data        01 02 00009000 00006000[0m
[0;32mI (96) boot:  1 phy_init         RF data          01 01 0000f000 00001000[0m
[0;32mI (102) boot:  2 factory          factory app      00 00 00010000 00100000[0m
[0;32mI (109) boot: End of partition table[0m
[0;32mI (112) esp_image: segment 0: paddr=00010020 vaddr=3f400020 size=13cc4h ( 81092) map[0m
[0;32mI (147) esp_image: segment 1: paddr=00023cec vaddr=3ff80000 size=0001ch (    28) load[0m
[0;32mI (148) esp_image: segment 2: paddr=00023d10 vaddr=3ffbdb60 size=04da8h ( 19880) load[0m
[0;32mI (159) esp_image: segment 3: paddr=00028ac0 vaddr=40080000 size=07558h ( 30040) load[0m
[0;32mI (170) esp_image: segment 4: paddr=00030020 vaddr=400d0020 size=75b34h (482100) map[0m
[0;32mI (335) esp_image: segment 5: paddr=000a5b5c vaddr=40087558 size=120f0h ( 73968) load[0m
[0;32mI (377) boot: Loaded app from partition at offset 0x10000[0m
[0;32mI (377) boot: Disabling RNG early entropy source...[0m
[0;32mI (387) cpu_start: Multicore app[0m
[0;32mI (396) cpu_start: Pro cpu start user code[0m
[0;32mI (396) cpu_start: cpu freq: 160000000 Hz[0m
[0;32mI (396) app_init: Application information:[0m
[0;32mI (396) app_init: Project name:     control_1.1[0m
[0;32mI (400) app_init: App version:      v5.4[0m
[0;32mI (404) app_init: Compile time:     Sep 21 2025 12:30:23[0m
[0;32mI (409) app_init: ELF file SHA256:  724bf074f...[0m
[0;32mI (413) app_init: ESP-IDF:          v5.4[0m
[0;32mI (417) efuse_init: Min chip rev:     v0.0[0m
[0;32mI (420) efuse_init: Max chip rev:     v3.99 [0m
[0;32mI (424) efuse_init: Chip rev:         v1.1[0m
[0;32mI (429) heap_init: Initializing. RAM available for dynamic allocation:[0m
[0;32mI (435) heap_init: At 3FFAFF10 len 000000F0 (0 KiB): DRAM[0m
[0;32mI (440) heap_init: At 3FFB6388 len 00001C78 (7 KiB): DRAM[0m
[0;32mI (445) heap_init: At 3FFB9A20 len 00004108 (16 KiB): DRAM[0m
[0;32mI (450) heap_init: At 3FFC4888 len 0001B778 (109 KiB): DRAM[0m
[0;32mI (455) heap_init: At 3FFE0440 len 00003AE0 (14 KiB): D/IRAM[0m
[0;32mI (461) heap_init: At 3FFE4350 len 0001BCB0 (111 KiB): D/IRAM[0m
[0;32mI (466) heap_init: At 40099648 len 000069B8 (26 KiB): IRAM[0m
[0;32mI (473) spi_flash: detected chip: generic[0m
[0;32mI (475) spi_flash: flash io: dio[0m
[0;32mI (479) coexist: coex firmware version: 49a8cdc[0m
[0;32mI (483) main_task: Started on CPU0[0m
[0;32mI (486) main_task: Calling app_main()[0m
[0;32mI (489) gpio: GPIO[12]| InputEn: 0| OutputEn: 0| OpenDrain: 0| Pullup: 1| Pulldown: 0| Intr:0 [0m
D (497) i2c.common: new bus(0) at 0x3ffbd728
[0;32mI (501) I2C SLAVE: Slave initialization complete and ready to receive data[0m
[0;32mI (507) I2C SLAVE:  [0m
ENCODER[1] READING: 0
ENCODER[2] READING: 0
ENCODER[3] READING: 0
ENCODER[4] READING: 0
ENCODER[5] READING: 0
ENCODER[6] READING: 0
ENCODER[7] READING: 0
ENCODER[8] READING: 0
[0;32mI (525) I2C SLAVE: .............[0m

[0;32mI (528) I2C SLAVE: Setting up PWM and PID module [0m
[0;32mI (533) LEDC_PWM_UNIT: setting up LEDC units and chaneels[0m
[0;32mI (538) gpio: GPIO[32]| InputEn: 0| OutputEn: 0| OpenDrain: 0| Pullup: 1| Pulldown: 0| Intr:0 [0m
[0;32mI (546) gpio: GPIO[33]| InputEn: 0| OutputEn: 0| OpenDrain: 0| Pullup: 1| Pulldown: 0| Intr:0 [0m
[0;32mI (555) gpio: GPIO[25]| InputEn: 0| OutputEn: 0| OpenDrain: 0| Pullup: 1| Pulldown: 0| Intr:0 [0m
[0;32mI (563) gpio: GPIO[26]| InputEn: 0| OutputEn: 0| OpenDrain: 0| Pullup: 1| Pulldown: 0| Intr:0 [0m
[0;32mI (571) gpio: GPIO[27]| InputEn: 0| OutputEn: 0| OpenDrain: 0| Pullup: 1| Pulldown: 0| Intr:0 [0m
[0;32mI (579) gpio: GPIO[14]| InputEn: 0| OutputEn: 0| OpenDrain: 0| Pullup: 1| Pulldown: 0| Intr:0 [0m
[0;32mI (588) gpio: GPIO[23]| InputEn: 0| OutputEn: 0| OpenDrain: 0| Pullup: 1| Pulldown: 0| Intr:0 [0m
[0;32mI (596) gpio: GPIO[22]| InputEn: 0| OutputEn: 0| OpenDrain: 0| Pullup: 1| Pulldown: 0| Intr:0 [0m
[0;32mI (604) gpio: GPIO[21]| InputEn: 0| OutputEn: 0| OpenDrain: 0| Pullup: 1| Pulldown: 0| Intr:0 [0m
[0;32mI (613) gpio: GPIO[19]| InputEn: 0| OutputEn: 0| OpenDrain: 0| Pullup: 1| Pulldown: 0| Intr:0 [0m
[0;32mI (621) gpio: GPIO[18]| InputEn: 0| OutputEn: 0| OpenDrain: 0| Pullup: 1| Pulldown: 0| Intr:0 [0m
[0;32mI (629) gpio: GPIO[5]| InputEn: 0| OutputEn: 0| OpenDrain: 0| Pullup: 1| Pulldown: 0| Intr:0 [0m
[0;32mI (638) gpio: GPIO[17]| InputEn: 0| OutputEn: 0| OpenDrain: 0| Pullup: 1| Pulldown: 0| Intr:0 [0m
[0;32mI (646) gpio: GPIO[16]| InputEn: 0| OutputEn: 0| OpenDrain: 0| Pullup: 1| Pulldown: 0| Intr:0 [0m
[0;32mI (654) gpio: GPIO[4]| InputEn: 0| OutputEn: 0| OpenDrain: 0| Pullup: 1| Pulldown: 0| Intr:0 [0m
[0;32mI (663) gpio: GPIO[2]| InputEn: 0| OutputEn: 0| OpenDrain: 0| Pullup: 1| Pulldown: 0| Intr:0 [0m
[0;32mI (672) LEDC_PWM_UNIT: LEDC unit setiing up completed[0m

[0;32mI (676) CASCADE: M[0]: PosT=0.0 Pos=0.0| PWM=0 Dir=0[0m
[0;32mI (680) CASCADE: M[1]: PosT=0.0 Pos=0.0| PWM=0 Dir=0[0m
[0;32mI (685) CASCADE: M[2]: PosT=0.0 Pos=0.0| PWM=0 Dir=0[0m
[0;32mI (690) CASCADE: M[3]: PosT=0.0 Pos=0.0| PWM=0 Dir=0[0m
[0;32mI (695) CASCADE: M[4]: PosT=0.0 Pos=0.0| PWM=0 Dir=0[0m
[0;32mI (699) CASCADE: M[5]: PosT=0.0 Pos=0.0| PWM=0 Dir=0[0m
[0;32mI (704) CASCADE: M[6]: PosT=0.0 Pos=0.0| PWM=0 Dir=0[0m
[0;32mI (709) CASCADE: M[7]: PosT=0.0 Pos=0.0| PWM=0 Dir=0[0m
[0;32mI (713) MOTOR_COMMANDS: settingup the motor comnads[0m
[0;32mI (718) BLE UNIT: setting up BLE unit[0m

[0;32mI (718) MOTOR_COMMANDS: Mode[0][0m
[0;32mI (758) MOTOR_COMMANDS: Mode[0][0m
[0;32mI (766) BTDM_INIT: BT controller compile version [20b459d][0m
[0;32mI (768) MOTOR_COMMANDS: Mode[0][0m
[0;32mI (768) BTDM_INIT: Bluetooth MAC: 5c:01:3b:f1:c0:16[0m
[0;32mI (771) phy_init: phy_version 4840,02e0d70,Sep  2 2024,19:39:07[0m
[0;32mI (773) MOTOR_COMMANDS: Mode[0][0m
[0;33mW (775) phy_init: failed to load RF calibration data (0x1102), falling back to full calibration[0m
[0;32mI (782) MOTOR_COMMANDS: Mode[0][0m
[0;32mI (794) MOTOR_COMMANDS: Mode[0][0m
[0;32mI (799) MOTOR_COMMANDS: Mode[0][0m
[0;32mI (804) MOTOR_COMMANDS: Mode[0][0m
[0;32mI (809) MOTOR_COMMANDS: Mode[0][0m
[0;32mI (814) MOTOR_COMMANDS: Mode[0][0m
I BOD: Brownout detector was triggered


ets Jun  8 2016 00:22:57

rst:0x3 (SW_RESET),boot:0x13 (SPI_FAST_FLASH_BOOT)
configsip: 0, SPIWP:0xee
clk_drv:0x00,q_drv:0x00,d_drv:0x00,cs0_drv:0x00,hd_drv:0x00,wp_drv:0x00
mode:DIO, clock div:2
load:0x3fff0030,len:6276
load:0x40078000,len:15716
load:0x40080400,len:4
ho 8 tail 4 room 4
load:0x40080404,len:3860
entry 0x4008063c
[0;32mI (60) boot: ESP-IDF v5.4 2nd stage bootloader[0m
[0;32mI (60) boot: compile time Sep 21 2025 12:30:22[0m
[0;32mI (60) boot: Multicore bootloader[0m
[0;32mI (62) boot: chip revision: v1.1[0m
[0;32mI (65) boot.esp32: SPI Speed      : 40MHz[0m
[0;32mI (68) boot.esp32: SPI Mode       : DIO[0m
[0;32mI (72) boot.esp32: SPI Flash Size : 16MB[0m
[0;32mI (76) boot: Enabling RNG early entropy source...[0m
[0;32mI (80) boot: Partition Table:[0m
[0;32mI (83) boot: ## Label            Usage          Type ST Offset   Length[0m
[0;32mI (89) boot:  0 nvs              WiFi data        01 02 00009000 00006000[0m
[0;32mI (96) boot:  1 phy_init         RF data          01 01 0000f000 00001000[0m
[0;32mI (102) boot:  2 factory          factory app      00 00 00010000 00100000[0m
[0;32mI (109) boot: End of partition table[0m
[0;32mI (112) esp_image: segment 0: paddr=00010020 vaddr=3f400020 size=13cc4h ( 81092) map[0m
[0;32mI (147) esp_image: segment 1: paddr=00023cec vaddr=3ff80000 size=0001ch (    28) load[0m
[0;32mI (148) esp_image: segment 2: paddr=00023d10 vaddr=3ffbdb60 size=04da8h ( 19880) load[0m
[0;32mI (159) esp_image: segment 3: paddr=00028ac0 vaddr=40080000 size=07558h ( 30040) load[0m
[0;32mI (170) esp_image: segment 4: paddr=00030020 vaddr=400d0020 size=75b34h (482100) map[0m
[0;32mI (335) esp_image: segment 5: paddr=000a5b5c vaddr=40087558 size=120f0h ( 73968) load[0m
[0;32mI (377) boot: Loaded app from partition at offset 0x10000[0m
[0;32mI (377) boot: Disabling RNG early entropy source...[0m
[0;32mI (387) cpu_start: Multicore app[0m
[0;32mI (396) cpu_start: Pro cpu start user code[0m
[0;32mI (396) cpu_start: cpu freq: 160000000 Hz[0m
[0;32mI (396) app_init: Application information:[0m
[0;32mI (396) app_init: Project name:     control_1.1[0m
[0;32mI (400) app_init: App version:      v5.4[0m
[0;32mI (404) app_init: Compile time:     Sep 21 2025 12:30:23[0m
[0;32mI (409) app_init: ELF file SHA256:  724bf074f...[0m
[0;32mI (413) app_init: ESP-IDF:          v5.4[0m
[0;32mI (417) efuse_init: Min chip rev:     v0.0[0m
[0;32mI (420) efuse_init: Max chip rev:     v3.99 [0m
[0;32mI (424) efuse_init: Chip rev:         v1.1[0m
[0;32mI (429) heap_init: Initializing. RAM available for dynamic allocation:[0m
[0;32mI (435) heap_init: At 3FFAFF10 len 000000F0 (0 KiB): DRAM[0m
[0;32mI (440) heap_init: At 3FFB6388 len 00001C78 (7 KiB): DRAM[0m
[0;32mI (445) heap_init: At 3FFB9A20 len 00004108 (16 KiB): DRAM[0m
[0;32mI (450) heap_init: At 3FFC4888 len 0001B778 (109 KiB): DRAM[0m
[0;32mI (455) heap_init: At 3FFE0440 len 00003AE0 (14 KiB): D/IRAM[0m
[0;32mI (461) heap_init: At 3FFE4350 len 0001BCB0 (111 KiB): D/IRAM[0m
[0;32mI (466) heap_init: At 40099648 len 000069B8 (26 KiB): IRAM[0m
[0;32mI (473) spi_flash: detected chip: generic[0m
[0;32mI (475) spi_flash: flash io: dio[0m
[0;32mI (479) coexist: coex firmware version: 49a8cdc[0m
[0;32mI (483) main_task: Started on CPU0[0m
[0;32mI (486) main_task: Calling app_main()[0m
[0;32mI (489) gpio: GPIO[12]| InputEn: 0| OutputEn: 0| OpenDrain: 0| Pullup: 1| Pulldown: 0| Intr:0 [0m
D (497) i2c.common: new bus(0) at 0x3ffbd728
[0;32mI (501) I2C SLAVE: Slave initialization complete and ready to receive data[0m
[0;32mI (507) I2C SLAVE:  [0m
ENCODER[1] READING: 0
ENCODER[2] READING: 0
ENCODER[3] READING: 0
ENCODER[4] READING: 0
ENCODER[5] READING: 0
ENCODER[6] READING: 0
ENCODER[7] READING: 0
ENCODER[8] READING: 0
[0;32mI (525) I2C SLAVE: .............[0m

[0;32mI (528) I2C SLAVE: Setting up PWM and PID module [0m
[0;32mI (533) LEDC_PWM_UNIT: setting up LEDC units and chaneels[0m
[0;32mI (538) gpio: GPIO[32]| InputEn: 0| OutputEn: 0| OpenDrain: 0| Pullup: 1| Pulldown: 0| Intr:0 [0m
[0;32mI (546) gpio: GPIO[33]| InputEn: 0| OutputEn: 0| OpenDrain: 0| Pullup: 1| Pulldown: 0| Intr:0 [0m
[0;32mI (555) gpio: GPIO[25]| InputEn: 0| OutputEn: 0| OpenDrain: 0| Pullup: 1| Pulldown: 0| Intr:0 [0m
[0;32mI (563) gpio: GPIO[26]| InputEn: 0| OutputEn: 0| OpenDrain: 0| Pullup: 1| Pulldown: 0| Intr:0 [0m
[0;32mI (571) gpio: GPIO[27]| InputEn: 0| OutputEn: 0| OpenDrain: 0| Pullup: 1| Pulldown: 0| Intr:0 [0m
[0;32mI (579) gpio: GPIO[14]| InputEn: 0| OutputEn: 0| OpenDrain: 0| Pullup: 1| Pulldown: 0| Intr:0 [0m
[0;32mI (588) gpio: GPIO[23]| InputEn: 0| OutputEn: 0| OpenDrain: 0| Pullup: 1| Pulldown: 0| Intr:0 [0m
[0;32mI (596) gpio: GPIO[22]| InputEn: 0| OutputEn: 0| OpenDrain: 0| Pullup: 1| Pulldown: 0| Intr:0 [0m
[0;32mI (604) gpio: GPIO[21]| InputEn: 0| OutputEn: 0| OpenDrain: 0| Pullup: 1| Pulldown: 0| Intr:0 [0m
[0;32mI (613) gpio: GPIO[19]| InputEn: 0| OutputEn: 0| OpenDrain: 0| Pullup: 1| Pulldown: 0| Intr:0 [0m
[0;32mI (621) gpio: GPIO[18]| InputEn: 0| OutputEn: 0| OpenDrain: 0| Pullup: 1| Pulldown: 0| Intr:0 [0m
[0;32mI (629) gpio: GPIO[5]| InputEn: 0| OutputEn: 0| OpenDrain: 0| Pullup: 1| Pulldown: 0| Intr:0 [0m
[0;32mI (638) gpio: GPIO[17]| InputEn: 0| OutputEn: 0| OpenDrain: 0| Pullup: 1| Pulldown: 0| Intr:0 [0m
[0;32mI (646) gpio: GPIO[16]| InputEn: 0| OutputEn: 0| OpenDrain: 0| Pullup: 1| Pulldown: 0| Intr:0 [0m
[0;32mI (654) gpio: GPIO[4]| InputEn: 0| OutputEn: 0| OpenDrain: 0| Pullup: 1| Pulldown: 0| Intr:0 [0m
[0;32mI (663) gpio: GPIO[2]| InputEn: 0| OutputEn: 0| OpenDrain: 0| Pullup: 1| Pulldown: 0| Intr:0 [0m
[0;32mI (672) LEDC_PWM_UNIT: LEDC unit setiing up completed[0m

[0;32mI (676) CASCADE: M[0]: PosT=0.0 Pos=0.0| PWM=0 Dir=0[0m
[0;32mI (680) CASCADE: M[1]: PosT=0.0 Pos=0.0| PWM=0 Dir=0[0m
[0;32mI (685) CASCADE: M[2]: PosT=0.0 Pos=0.0| PWM=0 Dir=0[0m
[0;32mI (690) CASCADE: M[3]: PosT=0.0 Pos=0.0| PWM=0 Dir=0[0m
[0;32mI (695) CASCADE: M[4]: PosT=0.0 Pos=0.0| PWM=0 Dir=0[0m
[0;32mI (699) CASCADE: M[5]: PosT=0.0 Pos=0.0| PWM=0 Dir=0[0m
[0;32mI (704) CASCADE: M[6]: PosT=0.0 Pos=0.0| PWM=0 Dir=0[0m
[0;32mI (709) CASCADE: M[7]: PosT=0.0 Pos=0.0| PWM=0 Dir=0[0m
[0;32mI (713) MOTOR_COMMANDS: settingup the motor comnads[0m
[0;32mI (718) BLE UNIT: setting up BLE unit[0m

[0;32mI (718) MOTOR_COMMANDS: Mode[0][0m
[0;32mI (732) MOTOR_COMMANDS: Mode[0][0m
[0;32mI (737) BTDM_INIT: BT controller compile version [20b459d][0m
[0;32mI (739) BTDM_INIT: Bluetooth MAC: 5c:01:3b:f1:c0:16[0m
[0;32mI (741) MOTOR_COMMANDS: Mode[0][0m
[0;32mI (742) phy_init: phy_version 4840,02e0d70,Sep  2 2024,19:39:07[0m
[0;32mI (747) MOTOR_COMMANDS: Mode[0][0m
[0;33mW (748) phy_init: failed to load RF calibration data (0x1102), falling back to full calibration[0m
[0;32mI (756) MOTOR_COMMANDS: Mode[0][0m
[0;32mI (767) MOTOR_COMMANDS: Mode[0][0m
[0;32mI (772) MOTOR_COMMANDS: Mode[0][0m
[0;32mI (777) MOTOR_COMMANDS: Mode[0][0m
[0;32mI (782) MOTOR_COMMANDS: Mode[0][0m
[0;32mI (787) MOTOR_COMMANDS: Mode[0][0m
I BOD: Brownout detector was triggered


ets Jun  8 2016 00:22:57

rst:0x3 (SW_RESET),boot:0x13 (SPI_FAST_FLASH_BOOT)
configsip: 0, SPIWP:0xee
clk_drv:0x00,q_drv:0x00,d_drv:0x00,cs0_drv:0x00,hd_drv:0x00,wp_drv:0x00
mode:DIO, clock div:2
load:0x3fff0030,len:6276
load:0x40078000,len:15716
load:0x40080400,len:4
ho 8 tail 4 room 4
load:0x40080404,len:3860
entry 0x4008063c
[0;32mI (60) boot: ESP-IDF v5.4 2nd stage bootloader[0m
[0;32mI (60) boot: compile time Sep 21 2025 12:30:22[0m
[0;32mI (60) boot: Multicore bootloader[0m
[0;32mI (62) boot: chip revision: v1.1[0m
[0;32mI (65) boot.esp32: SPI Speed      : 40MHz[0m
[0;32mI (68) boot.esp32: SPI Mode       : DIO[0m
[0;32mI (72) boot.esp32: SPI Flash Size : 16MB[0m
[0;32mI (76) boot: Enabling RNG early entropy source...[0m
[0;32mI (80) boot: Partition Table:[0m
[0;32mI (83) boot: ## Label            Usage          Type ST Offset   Length[0m
[0;32mI (89) boot:  0 nvs              WiFi data        01 02 00009000 00006000[0m
[0;32mI (96) boot:  1 phy_init         RF data          01 01 0000f000 00001000[0m
[0;32mI (102) boot:  2 factory          factory app      00 00 00010000 00100000[0m
[0;32mI (109) boot: End of partition table[0m
[0;32mI (112) esp_image: segment 0: paddr=00010020 vaddr=3f400020 size=13cc4h ( 81092) map[0m
[0;32mI (147) esp_image: segment 1: paddr=00023cec vaddr=3ff80000 size=0001ch (    28) load[0m
[0;32mI (148) esp_image: segment 2: paddr=00023d10 vaddr=3ffbdb60 size=04da8h ( 19880) load[0m
[0;32mI (159) esp_image: segment 3: paddr=00028ac0 vaddr=40080000 size=07558h ( 30040) load[0m
[0;32mI (170) esp_image: segment 4: paddr=00030020 vaddr=400d0020 size=75b34h (482100) map[0m
[0;32mI (335) esp_image: segment 5: paddr=000a5b5c vaddr=40087558 size=120f0h ( 73968) load[0m
[0;32mI (377) boot: Loaded app from partition at offset 0x10000[0m
[0;32mI (377) boot: Disabling RNG early entropy source...[0m
[0;32mI (387) cpu_start: Multicore app[0m
[0;32mI (396) cpu_start: Pro cpu start user code[0m
[0;32mI (396) cpu_start: cpu freq: 160000000 Hz[0m
[0;32mI (396) app_init: Application information:[0m
[0;32mI (396) app_init: Project name:     control_1.1[0m
[0;32mI (400) app_init: App version:      v5.4[0m
[0;32mI (404) app_init: Compile time:     Sep 21 2025 12:30:23[0m
[0;32mI (409) app_init: ELF file SHA256:  724bf074f...[0m
[0;32mI (413) app_init: ESP-IDF:          v5.4[0m
[0;32mI (417) efuse_init: Min chip rev:     v0.0[0m
[0;32mI (420) efuse_init: Max chip rev:     v3.99 [0m
[0;32mI (424) efuse_init: Chip rev:         v1.1[0m
[0;32mI (429) heap_init: Initializing. RAM available for dynamic allocation:[0m
[0;32mI (435) heap_init: At 3FFAFF10 len 000000F0 (0 KiB): DRAM[0m
[0;32mI (440) heap_init: At 3FFB6388 len 00001C78 (7 KiB): DRAM[0m
[0;32mI (445) heap_init: At 3FFB9A20 len 00004108 (16 KiB): DRAM[0m
[0;32mI (450) heap_init: At 3FFC4888 len 0001B778 (109 KiB): DRAM[0m
[0;32mI (455) heap_init: At 3FFE0440 len 00003AE0 (14 KiB): D/IRAM[0m
[0;32mI (461) heap_init: At 3FFE4350 len 0001BCB0 (111 KiB): D/IRAM[0m
[0;32mI (466) heap_init: At 40099648 len 000069B8 (26 KiB): IRAM[0m
[0;32mI (473) spi_flash: detected chip: generic[0m
[0;32mI (475) spi_flash: flash io: dio[0m
[0;32mI (479) coexist: coex firmware version: 49a8cdc[0m
[0;32mI (483) main_task: Started on CPU0[0m
[0;32mI (486) main_task: Calling app_main()[0m
[0;32mI (489) gpio: GPIO[12]| InputEn: 0| OutputEn: 0| OpenDrain: 0| Pullup: 1| Pulldown: 0| Intr:0 [0m
D (497) i2c.common: new bus(0) at 0x3ffbd728
[0;32mI (501) I2C SLAVE: Slave initialization complete and ready to receive data[0m
[0;32mI (507) I2C SLAVE:  [0m
ENCODER[1] READING: 0
ENCODER[2] READING: 0
ENCODER[3] READING: 0
ENCODER[4] READING: 0
ENCODER[5] READING: 0
ENCODER[6] READING: 0
ENCODER[7] READING: 0
ENCODER[8] READING: 0
[0;32mI (525) I2C SLAVE: .............[0m

[0;32mI (528) I2C SLAVE: Setting up PWM and PID module [0m
[0;32mI (533) LEDC_PWM_UNIT: setting up LEDC units and chaneels[0m
[0;32mI (538) gpio: GPIO[32]| InputEn: 0| OutputEn: 0| OpenDrain: 0| Pullup: 1| Pulldown: 0| Intr:0 [0m
[0;32mI (546) gpio: GPIO[33]| InputEn: 0| OutputEn: 0| OpenDrain: 0| Pullup: 1| Pulldown: 0| Intr:0 [0m
[0;32mI (555) gpio: GPIO[25]| InputEn: 0| OutputEn: 0| OpenDrain: 0| Pullup: 1| Pulldown: 0| Intr:0 [0m
[0;32mI (563) gpio: GPIO[26]| InputEn: 0| OutputEn: 0| OpenDrain: 0| Pullup: 1| Pulldown: 0| Intr:0 [0m
[0;32mI (571) gpio: GPIO[27]| InputEn: 0| OutputEn: 0| OpenDrain: 0| Pullup: 1| Pulldown: 0| Intr:0 [0m
[0;32mI (579) gpio: GPIO[14]| InputEn: 0| OutputEn: 0| OpenDrain: 0| Pullup: 1| Pulldown: 0| Intr:0 [0m
[0;32mI (588) gpio: GPIO[23]| InputEn: 0| OutputEn: 0| OpenDrain: 0| Pullup: 1| Pulldown: 0| Intr:0 [0m
[0;32mI (596) gpio: GPIO[22]| InputEn: 0| OutputEn: 0| OpenDrain: 0| Pullup: 1| Pulldown: 0| Intr:0 [0m
[0;32mI (604) gpio: GPIO[21]| InputEn: 0| OutputEn: 0| OpenDrain: 0| Pullup: 1| Pulldown: 0| Intr:0 [0m
[0;32mI (613) gpio: GPIO[19]| InputEn: 0| OutputEn: 0| OpenDrain: 0| Pullup: 1| Pulldown: 0| Intr:0 [0m
[0;32mI (621) gpio: GPIO[18]| InputEn: 0| OutputEn: 0| OpenDrain: 0| Pullup: 1| Pulldown: 0| Intr:0 [0m
[0;32mI (629) gpio: GPIO[5]| InputEn: 0| OutputEn: 0| OpenDrain: 0| Pullup: 1| Pulldown: 0| Intr:0 [0m
[0;32mI (638) gpio: GPIO[17]| InputEn: 0| OutputEn: 0| OpenDrain: 0| Pullup: 1| Pulldown: 0| Intr:0 [0m
[0;32mI (646) gpio: GPIO[16]| InputEn: 0| OutputEn: 0| OpenDrain: 0| Pullup: 1| Pulldown: 0| Intr:0 [0m
[0;32mI (654) gpio: GPIO[4]| InputEn: 0| OutputEn: 0| OpenDrain: 0| Pullup: 1| Pulldown: 0| Intr:0 [0m
[0;32mI (663) gpio: GPIO[2]| InputEn: 0| OutputEn: 0| OpenDrain: 0| Pullup: 1| Pulldown: 0| Intr:0 [0m
[0;32mI (672) LEDC_PWM_UNIT: LEDC unit setiing up completed[0m

[0;32mI (676) CASCADE: M[0]: PosT=0.0 Pos=0.0| PWM=0 Dir=0[0m
[0;32mI (680) CASCADE: M[1]: PosT=0.0 Pos=0.0| PWM=0 Dir=0[0m
[0;32mI (685) CASCADE: M[2]: PosT=0.0 Pos=0.0| PWM=0 Dir=0[0m
[0;32mI (690) CASCADE: M[3]: PosT=0.0 Pos=0.0| PWM=0 Dir=0[0m
[0;32mI (695) CASCADE: M[4]: PosT=0.0 Pos=0.0| PWM=0 Dir=0[0m
[0;32mI (699) CASCADE: M[5]: PosT=0.0 Pos=0.0| PWM=0 Dir=0[0m
[0;32mI (704) CASCADE: M[6]: PosT=0.0 Pos=0.0| PWM=0 Dir=0[0m
[0;32mI (709) CASCADE: M[7]: PosT=0.0 Pos=0.0| PWM=0 Dir=0[0m
[0;32mI (713) MOTOR_COMMANDS: settingup the motor comnads[0m
[0;32mI (718) BLE UNIT: setting up BLE unit[0m

[0;32mI (718) MOTOR_COMMANDS: Mode[0][0m
[0;32mI (732) MOTOR_COMMANDS: Mode[0][0m
[0;32mI (736) BTDM_INIT: BT controller compile version [20b459d][0m
[0;32mI (739) BTDM_INIT: Bluetooth MAC: 5c:01:3b:f1:c0:16[0m
[0;32mI (741) MOTOR_COMMANDS: Mode[0][0m
[0;32mI (742) phy_init: phy_version 4840,02e0d70,Sep  2 2024,19:39:07[0m
[0;32mI (747) MOTOR_COMMANDS: Mode[0][0m
[0;33mW (748) phy_init: failed to load RF calibration data (0x1102), falling back to full calibration[0m
[0;32mI (756) MOTOR_COMMANDS: Mode[0][0m
[0;32mI (767) MOTOR_COMMANDS: Mode[0][0m
[0;32mI (772) MOTOR_COMMANDS: Mode[0][0m
[0;32mI (777) MOTOR_COMMANDS: Mode[0][0m
[0;32mI (782) MOTOR_COMMANDS: Mode[0][0m
[0;32mI (787) MOTOR_COMMANDS: Mode[0][0m
I BOD: Brownout detector was triggered


ets Jun  8 2016 00:22:57

rst:0x3 (SW_RESET),boot:0x13 (SPI_FAST_FLASH_BOOT)
configsip: 0, SPIWP:0xee
clk_drv:0x00,q_drv:0x00,d_drv:0x00,cs0_drv:0x00,hd_drv:0x00,wp_drv:0x00
mode:DIO, clock div:2
load:0x3fff0030,len:6276
load:0x40078000,len:15716
load:0x40080400,len:4
ho 8 tail 4 room 4
load:0x40080404,len:3860
entry 0x4008063c
[0;32mI (60) boot: ESP-IDF v5.4 2nd stage bootloader[0m
[0;32mI (60) boot: compile time Sep 21 2025 12:30:22[0m
[0;32mI (60) boot: Multicore bootloader[0m
[0;32mI (62) boot: chip revision: v1.1[0m
[0;32mI (65) boot.esp32: SPI Speed      : 40MHz[0m
[0;32mI (68) boot.esp32: SPI Mode       : DIO[0m
[0;32mI (72) boot.esp32: SPI Flash Size : 16MB[0m
[0;32mI (76) boot: Enabling RNG early entropy source...[0m
[0;32mI (80) boot: Partition Table:[0m
[0;32mI (83) boot: ## Label            Usage          Type ST Offset   Length[0m
[0;32mI (89) boot:  0 nvs              WiFi data        01 02 00009000 00006000[0m
[0;32mI (96) boot:  1 phy_init         RF data          01 01 0000f000 00001000[0m
[0;32mI (102) boot:  2 factory          factory app      00 00 00010000 00100000[0m
[0;32mI (109) boot: End of partition table[0m
[0;32mI (112) esp_image: segment 0: paddr=00010020 vaddr=3f400020 size=13cc4h ( 81092) map[0m
[0;32mI (147) esp_image: segment 1: paddr=00023cec vaddr=3ff80000 size=0001ch (    28) load[0m
[0;32mI (148) esp_image: segment 2: paddr=00023d10 vaddr=3ffbdb60 size=04da8h ( 19880) load[0m
[0;32mI (159) esp_image: segment 3: paddr=00028ac0 vaddr=40080000 size=07558h ( 30040) load[0m
[0;32mI (170) esp_image: segment 4: paddr=00030020 vaddr=400d0020 size=75b34h (482100) map[0m
[0;32mI (335) esp_image: segment 5: paddr=000a5b5c vaddr=40087558 size=120f0h ( 73968) load[0m
[0;32mI (377) boot: Loaded app from partition at offset 0x10000[0m
[0;32mI (377) boot: Disabling RNG early entropy source...[0m
[0;32mI (387) cpu_start: Multicore app[0m
[0;32mI (396) cpu_start: Pro cpu start user code[0m
[0;32mI (396) cpu_start: cpu freq: 160000000 Hz[0m
[0;32mI (396) app_init: Application information:[0m
[0;32mI (396) app_init: Project name:     control_1.1[0m
[0;32mI (400) app_init: App version:      v5.4[0m
[0;32mI (404) app_init: Compile time:     Sep 21 2025 12:30:23[0m
[0;32mI (409) app_init: ELF file SHA256:  724bf074f...[0m
[0;32mI (413) app_init: ESP-IDF:          v5.4[0m
[0;32mI (417) efuse_init: Min chip rev:     v0.0[0m
[0;32mI (420) efuse_init: Max chip rev:     v3.99 [0m
[0;32mI (424) efuse_init: Chip rev:         v1.1[0m
[0;32mI (429) heap_init: Initializing. RAM available for dynamic allocation:[0m
[0;32mI (435) heap_init: At 3FFAFF10 len 000000F0 (0 KiB): DRAM[0m
[0;32mI (440) heap_init: At 3FFB6388 len 00001C78 (7 KiB): DRAM[0m
[0;32mI (445) heap_init: At 3FFB9A20 len 00004108 (16 KiB): DRAM[0m
[0;32mI (450) heap_init: At 3FFC4888 len 0001B778 (109 KiB): DRAM[0m
[0;32mI (455) heap_init: At 3FFE0440 len 00003AE0 (14 KiB): D/IRAM[0m
[0;32mI (461) heap_init: At 3FFE4350 len 0001BCB0 (111 KiB): D/IRAM[0m
[0;32mI (466) heap_init: At 40099648 len 000069B8 (26 KiB): IRAM[0m
[0;32mI (473) spi_flash: detected chip: generic[0m
[0;32mI (475) spi_flash: flash io: dio[0m
[0;32mI (479) coexist: coex firmware version: 49a8cdc[0m
[0;32mI (483) main_task: Started on CPU0[0m
[0;32mI (486) main_task: Calling app_main()[0m
[0;32mI (489) gpio: GPIO[12]| InputEn: 0| OutputEn: 0| OpenDrain: 0| Pullup: 1| Pulldown: 0| Intr:0 [0m
D (497) i2c.common: new bus(0) at 0x3ffbd728
[0;32mI (501) I2C SLAVE: Slave initialization complete and ready to receive data[0m
[0;32mI (507) I2C SLAVE:  [0m
ENCODER[1] READING: 0
ENCODER[2] READING: 0
ENCODER[3] READING: 0
ENCODER[4] READING: 0
ENCODER[5] READING: 0
ENCODER[6] READING: 0
ENCODER[7] READING: 0
ENCODER[8] READING: 0
[0;32mI (525) I2C SLAVE: .............[0m

[0;32mI (528) I2C SLAVE: Setting up PWM and PID module [0m
[0;32mI (533) LEDC_PWM_UNIT: setting up LEDC units and chaneels[0m
[0;32mI (538) gpio: GPIO[32]| InputEn: 0| OutputEn: 0| OpenDrain: 0| Pullup: 1| Pulldown: 0| Intr:0 [0m
[0;32mI (546) gpio: GPIO[33]| InputEn: 0| OutputEn: 0| OpenDrain: 0| Pullup: 1| Pulldown: 0| Intr:0 [0m
[0;32mI (555) gpio: GPIO[25]| InputEn: 0| OutputEn: 0| OpenDrain: 0| Pullup: 1| Pulldown: 0| Intr:0 [0m
[0;32mI (563) gpio: GPIO[26]| InputEn: 0| OutputEn: 0| OpenDrain: 0| Pullup: 1| Pulldown: 0| Intr:0 [0m
[0;32mI (571) gpio: GPIO[27]| InputEn: 0| OutputEn: 0| OpenDrain: 0| Pullup: 1| Pulldown: 0| Intr:0 [0m
[0;32mI (579) gpio: GPIO[14]| InputEn: 0| OutputEn: 0| OpenDrain: 0| Pullup: 1| Pulldown: 0| Intr:0 [0m
[0;32mI (588) gpio: GPIO[23]| InputEn: 0| OutputEn: 0| OpenDrain: 0| Pullup: 1| Pulldown: 0| Intr:0 [0m
[0;32mI (596) gpio: GPIO[22]| InputEn: 0| OutputEn: 0| OpenDrain: 0| Pullup: 1| Pulldown: 0| Intr:0 [0m
[0;32mI (604) gpio: GPIO[21]| InputEn: 0| OutputEn: 0| OpenDrain: 0| Pullup: 1| Pulldown: 0| Intr:0 [0m
[0;32mI (613) gpio: GPIO[19]| InputEn: 0| OutputEn: 0| OpenDrain: 0| Pullup: 1| Pulldown: 0| Intr:0 [0m
[0;32mI (621) gpio: GPIO[18]| InputEn: 0| OutputEn: 0| OpenDrain: 0| Pullup: 1| Pulldown: 0| Intr:0 [0m
[0;32mI (629) gpio: GPIO[5]| InputEn: 0| OutputEn: 0| OpenDrain: 0| Pullup: 1| Pulldown: 0| Intr:0 [0m
[0;32mI (638) gpio: GPIO[17]| InputEn: 0| OutputEn: 0| OpenDrain: 0| Pullup: 1| Pulldown: 0| Intr:0 [0m
[0;32mI (646) gpio: GPIO[16]| InputEn: 0| OutputEn: 0| OpenDrain: 0| Pullup: 1| Pulldown: 0| Intr:0 [0m
[0;32mI (654) gpio: GPIO[4]| InputEn: 0| OutputEn: 0| OpenDrain: 0| Pullup: 1| Pulldown: 0| Intr:0 [0m
[0;32mI (663) gpio: GPIO[2]| InputEn: 0| OutputEn: 0| OpenDrain: 0| Pullup: 1| Pulldown: 0| Intr:0 [0m
[0;32mI (672) LEDC_PWM_UNIT: LEDC unit setiing up completed[0m

[0;32mI (676) CASCADE: M[0]: PosT=0.0 Pos=0.0| PWM=0 Dir=0[0m
[0;32mI (680) CASCADE: M[1]: PosT=0.0 Pos=0.0| PWM=0 Dir=0[0m
[0;32mI (685) CASCADE: M[2]: PosT=0.0 Pos=0.0| PWM=0 Dir=0[0m
[0;32mI (690) CASCADE: M[3]: PosT=0.0 Pos=0.0| PWM=0 Dir=0[0m
[0;32mI (695) CASCADE: M[4]: PosT=0.0 Pos=0.0| PWM=0 Dir=0[0m
[0;32mI (699) CASCADE: M[5]: PosT=0.0 Pos=0.0| PWM=0 Dir=0[0m
[0;32mI (704) CASCADE: M[6]: PosT=0.0 Pos=0.0| PWM=0 Dir=0[0m
[0;32mI (709) CASCADE: M[7]: PosT=0.0 Pos=0.0| PWM=0 Dir=0[0m
[0;32mI (713) MOTOR_COMMANDS: settingup the motor comnads[0m
[0;32mI (718) BLE UNIT: setting up BLE unit[0m

[0;32mI (718) MOTOR_COMMANDS: Mode[0][0m
[0;32mI (732) MOTOR_COMMANDS: Mode[0][0m
[0;32mI (737) BTDM_INIT: BT controller compile version [20b459d][0m
[0;32mI (739) BTDM_INIT: Bluetooth MAC: 5c:01:3b:f1:c0:16[0m
[0;32mI (741) MOTOR_COMMANDS: Mode[0][0m
[0;32mI (742) phy_init: phy_version 4840,02e0d70,Sep  2 2024,19:39:07[0m
[0;32mI (747) MOTOR_COMMANDS: Mode[0][0m
[0;33mW (748) phy_init: failed to load RF calibration data (0x1102), falling back to full calibration[0m
[0;32mI (756) MOTOR_COMMANDS: Mode[0][0m
[0;32mI (767) MOTOR_COMMANDS: Mode[0][0m
[0;32mI (772) MOTOR_COMMANDS: Mode[0][0m
[0;32mI (777) MOTOR_COMMANDS: Mode[0][0m
[0;32mI (782) MOTOR_COMMANDS: Mode[0][0m
[0;32mI (787) MOTOR_COMMANDS: Mode[0][0m
I BOD: Brownout detector was triggered


ets Jun  8 2016 00:22:57

rst:0x3 (SW_RESET),boot:0x13 (SPI_FAST_FLASH_BOOT)
configsip: 0, SPIWP:0xee
clk_drv:0x00,q_drv:0x00,d_drv:0x00,cs0_drv:0x00,hd_drv:0x00,wp_drv:0x00
mode:DIO, clock div:2
load:0x3fff0030,len:6276
load:0x40078000,len:15716
load:0x40080400,len:4
ho 8 tail 4 room 4
load:0x40080404,len:3860
entry 0x4008063c
[0;32mI (60) boot: ESP-IDF v5.4 2nd stage bootloader[0m
[0;32mI (60) boot: compile time Sep 21 2025 12:30:22[0m
[0;32mI (60) boot: Multicore bootloader[0m
[0;32mI (62) boot: chip revision: v1.1[0m
[0;32mI (65) boot.esp32: SPI Speed      : 40MHz[0m
[0;32mI (68) boot.esp32: SPI Mode       : DIO[0m
[0;32mI (72) boot.esp32: SPI Flash Size : 16MB[0m
[0;32mI (76) boot: Enabling RNG early entropy source...[0m
[0;32mI (80) boot: Partition Table:[0m
[0;32mI (83) boot: ## Label            Usage          Type ST Offset   Length[0m
[0;32mI (89) boot:  0 nvs              WiFi data        01 02 00009000 00006000[0m
[0;32mI (96) boot:  1 phy_init         RF data          01 01 0000f000 00001000[0m
[0;32mI (102) boot:  2 factory          factory app      00 00 00010000 00100000[0m
[0;32mI (109) boot: End of partition table[0m
[0;32mI (112) esp_image: segment 0: paddr=00010020 vaddr=3f400020 size=13cc4h ( 81092) map[0m
[0;32mI (147) esp_image: segment 1: paddr=00023cec vaddr=3ff80000 size=0001ch (    28) load[0m
[0;32mI (148) esp_image: segment 2: paddr=00023d10 vaddr=3ffbdb60 size=04da8h ( 19880) load[0m
[0;32mI (159) esp_image: segment 3: paddr=00028ac0 vaddr=40080000 size=07558h ( 30040) load[0m
[0;32mI (170) esp_image: segment 4: paddr=00030020 vaddr=400d0020 size=75b34h (482100) map[0m
[0;32mI (335) esp_image: segment 5: paddr=000a5b5c vaddr=40087558 size=120f0h ( 73968) load[0m
[0;32mI (377) boot: Loaded app from partition at offset 0x10000[0m
[0;32mI (377) boot: Disabling RNG early entropy source...[0m
[0;32mI (387) cpu_start: Multicore app[0m
[0;32mI (396) cpu_start: Pro cpu start user code[0m
[0;32mI (396) cpu_start: cpu freq: 160000000 Hz[0m
[0;32mI (396) app_init: Application information:[0m
[0;32mI (396) app_init: Project name:     control_1.1[0m
[0;32mI (400) app_init: App version:      v5.4[0m
[0;32mI (404) app_init: Compile time:     Sep 21 2025 12:30:23[0m
[0;32mI (409) app_init: ELF file SHA256:  724bf074f...[0m
[0;32mI (413) app_init: ESP-IDF:          v5.4[0m
[0;32mI (417) efuse_init: Min chip rev:     v0.0[0m
[0;32mI (420) efuse_init: Max chip rev:     v3.99 [0m
[0;32mI (424) efuse_init: Chip rev:         v1.1[0m
[0;32mI (429) heap_init: Initializing. RAM available for dynamic allocation:[0m
[0;32mI (435) heap_init: At 3FFAFF10 len 000000F0 (0 KiB): DRAM[0m
[0;32mI (440) heap_init: At 3FFB6388 len 00001C78 (7 KiB): DRAM[0m
[0;32mI (445) heap_init: At 3FFB9A20 len 00004108 (16 KiB): DRAM[0m
[0;32mI (450) heap_init: At 3FFC4888 len 0001B778 (109 KiB): DRAM[0m
[0;32mI (455) heap_init: At 3FFE0440 len 00003AE0 (14 KiB): D/IRAM[0m
[0;32mI (461) heap_init: At 3FFE4350 len 0001BCB0 (111 KiB): D/IRAM[0m
[0;32mI (466) heap_init: At 40099648 len 000069B8 (26 KiB): IRAM[0m
[0;32mI (473) spi_flash: detected chip: generic[0m
[0;32mI (475) spi_flash: flash io: dio[0m
[0;32mI (479) coexist: coex firmware version: 49a8cdc[0m
[0;32mI (483) main_task: Started on CPU0[0m
[0;32mI (486) main_task: Calling app_main()[0m
[0;32mI (489) gpio: GPIO[12]| InputEn: 0| OutputEn: 0| OpenDrain: 0| Pullup: 1| Pulldown: 0| Intr:0 [0m
D (497) i2c.common: new bus(0) at 0x3ffbd728
[0;32mI (501) I2C SLAVE: Slave initialization complete and ready to receive data[0m
[0;32mI (507) I2C SLAVE:  [0m
ENCODER[1] READING: 0
ENCODER[2] READING: 0
ENCODER[3] READING: 0
ENCODER[4] READING: 0
ENCODER[5] READING: 0
ENCODER[6] READING: 0
ENCODER[7] READING: 0
ENCODER[8] READING: 0
[0;32mI (525) I2C SLAVE: .............[0m

[0;32mI (528) I2C SLAVE: Setting up PWM and PID module [0m
[0;32mI (533) LEDC_PWM_UNIT: setting up LEDC units and chaneels[0m
[0;32mI (538) gpio: GPIO[32]| InputEn: 0| OutputEn: 0| OpenDrain: 0| Pullup: 1| Pulldown: 0| Intr:0 [0m
[0;32mI (546) gpio: GPIO[33]| InputEn: 0| OutputEn: 0| OpenDrain: 0| Pullup: 1| Pulldown: 0| Intr:0 [0m
[0;32mI (555) gpio: GPIO[25]| InputEn: 0| OutputEn: 0| OpenDrain: 0| Pullup: 1| Pulldown: 0| Intr:0 [0m
[0;32mI (563) gpio: GPIO[26]| InputEn: 0| OutputEn: 0| OpenDrain: 0| Pullup: 1| Pulldown: 0| Intr:0 [0m
[0;32mI (571) gpio: GPIO[27]| InputEn: 0| OutputEn: 0| OpenDrain: 0| Pullup: 1| Pulldown: 0| Intr:0 [0m
[0;32mI (579) gpio: GPIO[14]| InputEn: 0| OutputEn: 0| OpenDrain: 0| Pullup: 1| Pulldown: 0| Intr:0 [0m
[0;32mI (588) gpio: GPIO[23]| InputEn: 0| OutputEn: 0| OpenDrain: 0| Pullup: 1| Pulldown: 0| Intr:0 [0m
[0;32mI (596) gpio: GPIO[22]| InputEn: 0| OutputEn: 0| OpenDrain: 0| Pullup: 1| Pulldown: 0| Intr:0 [0m
[0;32mI (604) gpio: GPIO[21]| InputEn: 0| OutputEn: 0| OpenDrain: 0| Pullup: 1| Pulldown: 0| Intr:0 [0m
[0;32mI (613) gpio: GPIO[19]| InputEn: 0| OutputEn: 0| OpenDrain: 0| Pullup: 1| Pulldown: 0| Intr:0 [0m
[0;32mI (621) gpio: GPIO[18]| InputEn: 0| OutputEn: 0| OpenDrain: 0| Pullup: 1| Pulldown: 0| Intr:0 [0m
[0;32mI (629) gpio: GPIO[5]| InputEn: 0| OutputEn: 0| OpenDrain: 0| Pullup: 1| Pulldown: 0| Intr:0 [0m
[0;32mI (638) gpio: GPIO[17]| InputEn: 0| OutputEn: 0| OpenDrain: 0| Pullup: 1| Pulldown: 0| Intr:0 [0m
[0;32mI (646) gpio: GPIO[16]| InputEn: 0| OutputEn: 0| OpenDrain: 0| Pullup: 1| Pulldown: 0| Intr:0 [0m
[0;32mI (654) gpio: GPIO[4]| InputEn: 0| OutputEn: 0| OpenDrain: 0| Pullup: 1| Pulldown: 0| Intr:0 [0m
[0;32mI (663) gpio: GPIO[2]| InputEn: 0| OutputEn: 0| OpenDrain: 0| Pullup: 1| Pulldown: 0| Intr:0 [0m
[0;32mI (672) LEDC_PWM_UNIT: LEDC unit setiing up completed[0m

[0;32mI (676) CASCADE: M[0]: PosT=0.0 Pos=0.0| PWM=0 Dir=0[0m
[0;32mI (680) CASCADE: M[1]: PosT=0.0 Pos=0.0| PWM=0 Dir=0[0m
[0;32mI (685) CASCADE: M[2]: PosT=0.0 Pos=0.0| PWM=0 Dir=0[0m
[0;32mI (690) CASCADE: M[3]: PosT=0.0 Pos=0.0| PWM=0 Dir=0[0m
[0;32mI (695) CASCADE: M[4]: PosT=0.0 Pos=0.0| PWM=0 Dir=0[0m
[0;32mI (699) CASCADE: M[5]: PosT=0.0 Pos=0.0| PWM=0 Dir=0[0m
[0;32mI (704) CASCADE: M[6]: PosT=0.0 Pos=0.0| PWM=0 Dir=0[0m
[0;32mI (709) CASCADE: M[7]: PosT=0.0 Pos=0.0| PWM=0 Dir=0[0m
[0;32mI (713) MOTOR_COMMANDS: settingup the motor comnads[0m
[0;32mI (718) BLE UNIT: setting up BLE unit[0m

[0;32mI (718) MOTOR_COMMANDS: Mode[0][0m
[0;32mI (732) MOTOR_COMMANDS: Mode[0][0m
[0;32mI (736) BTDM_INIT: BT controller compile version [20b459d][0m
[0;32mI (739) BTDM_INIT: Bluetooth MAC: 5c:01:3b:f1:c0:16[0m
[0;32mI (741) MOTOR_COMMANDS: Mode[0][0m
[0;32mI (742) phy_init: phy_version 4840,02e0d70,Sep  2 2024,19:39:07[0m
[0;32mI (747) MOTOR_COMMANDS: Mode[0][0m
[0;33mW (748) phy_init: failed to load RF calibration data (0x1102), falling back to full calibration[0m
[0;32mI (756) MOTOR_COMMANDS: Mode[0][0m
[0;32mI (767) MOTOR_COMMANDS: Mode[0][0m
[0;32mI (772) MOTOR_COMMANDS: Mode[0][0m
[0;32mI (777) MOTOR_COMMANDS: Mode[0][0m
[0;32mI (782) MOTOR_COMMANDS: Mode[0][0m
[0;32mI (787) MOTOR_COMMANDS: Mode[0][0m
I BOD: Brownout detector was triggered


ets Jun  8 2016 00:22:57

rst:0x3 (SW_RESET),boot:0x13 (SPI_FAST_FLASH_BOOT)
configsip: 0, SPIWP:0xee
clk_drv:0x00,q_drv:0x00,d_drv:0x00,cs0_drv:0x00,hd_drv:0x00,wp_drv:0x00
mode:DIO, clock div:2
load:0x3fff0030,len:6276
load:0x40078000,len:15716
load:0x40080400,len:4
ho 8 tail 4 room 4
load:0x40080404,len:3860
entry 0x4008063c
[0;32mI (60) boot: ESP-IDF v5.4 2nd stage bootloader[0m
[0;32mI (60) boot: compile time Sep 21 2025 12:30:22[0m
[0;32mI (60) boot: Multicore bootloader[0m
[0;32mI (62) boot: chip revision: v1.1[0m
[0;32mI (65) boot.esp32: SPI Speed      : 40MHz[0m
[0;32mI (68) boot.esp32: SPI Mode       : DIO[0m
[0;32mI (72) boot.esp32: SPI Flash Size : 16MB[0m
[0;32mI (76) boot: Enabling RNG early entropy source...[0m
[0;32mI (80) boot: Partition Table:[0m
[0;32mI (83) boot: ## Label            Usage          Type ST Offset   Length[0m
[0;32mI (89) boot:  0 nvs              WiFi data        01 02 00009000 00006000[0m
[0;32mI (96) boot:  1 phy_init         RF data          01 01 0000f000 00001000[0m
[0;32mI (102) boot:  2 factory          factory app      00 00 00010000 00100000[0m
[0;32mI (109) boot: End of partition table[0m
[0;32mI (112) esp_image: segment 0: paddr=00010020 vaddr=3f400020 size=13cc4h ( 81092) map[0m
[0;32mI (147) esp_image: segment 1: paddr=00023cec vaddr=3ff80000 size=0001ch (    28) load[0m
[0;32mI (148) esp_image: segment 2: paddr=00023d10 vaddr=3ffbdb60 size=04da8h ( 19880) load[0m
[0;32mI (159) esp_image: segment 3: paddr=00028ac0 vaddr=40080000 size=07558h ( 30040) load[0m
[0;32mI (170) esp_image: segment 4: paddr=00030020 vaddr=400d0020 size=75b34h (482100) map[0m
[0;32mI (335) esp_image: segment 5: paddr=000a5b5c vaddr=40087558 size=120f0h ( 73968) load[0m
[0;32mI (377) boot: Loaded app from partition at offset 0x10000[0m
[0;32mI (377) boot: Disabling RNG early entropy source...[0m
[0;32mI (387) cpu_start: Multicore app[0m
[0;32mI (396) cpu_start: Pro cpu start user code[0m
[0;32mI (396) cpu_start: cpu freq: 160000000 Hz[0m
[0;32mI (396) app_init: Application information:[0m
[0;32mI (396) app_init: Project name:     control_1.1[0m
[0;32mI (400) app_init: App version:      v5.4[0m
[0;32mI (404) app_init: Compile time:     Sep 21 2025 12:30:23[0m
[0;32mI (409) app_init: ELF file SHA256:  724bf074f...[0m
[0;32mI (413) app_init: ESP-IDF:          v5.4[0m
[0;32mI (417) efuse_init: Min chip rev:     v0.0[0m
[0;32mI (420) efuse_init: Max chip rev:     v3.99 [0m
[0;32mI (424) efuse_init: Chip rev:         v1.1[0m
[0;32mI (429) heap_init: Initializing. RAM available for dynamic allocation:[0m
[0;32mI (435) heap_init: At 3FFAFF10 len 000000F0 (0 KiB): DRAM[0m
[0;32mI (440) heap_init: At 3FFB6388 len 00001C78 (7 KiB): DRAM[0m
[0;32mI (445) heap_init: At 3FFB9A20 len 00004108 (16 KiB): DRAM[0m
[0;32mI (450) heap_init: At 3FFC4888 len 0001B778 (109 KiB): DRAM[0m
[0;32mI (455) heap_init: At 3FFE0440 len 00003AE0 (14 KiB): D/IRAM[0m
[0;32mI (461) heap_init: At 3FFE4350 len 0001BCB0 (111 KiB): D/IRAM[0m
[0;32mI (466) heap_init: At 40099648 len 000069B8 (26 KiB): IRAM[0m
[0;32mI (473) spi_flash: detected chip: generic[0m
[0;32mI (475) spi_flash: flash io: dio[0m
[0;32mI (479) coexist: coex firmware version: 49a8cdc[0m
[0;32mI (483) main_task: Started on CPU0[0m
[0;32mI (486) main_task: Calling app_main()[0m
[0;32mI (489) gpio: GPIO[12]| InputEn: 0| OutputEn: 0| OpenDrain: 0| Pullup: 1| Pulldown: 0| Intr:0 [0m
D (497) i2c.common: new bus(0) at 0x3ffbd728
[0;32mI (501) I2C SLAVE: Slave initialization complete and ready to receive data[0m
[0;32mI (507) I2C SLAVE:  [0m
ENCODER[1] READING: 0
ENCODER[2] READING: 0
ENCODER[3] READING: 0
ENCODER[4] READING: 0
ENCODER[5] READING: 0
ENCODER[6] READING: 0
ENCODER[7] READING: 0
ENCODER[8] READING: 0
[0;32mI (525) I2C SLAVE: .............[0m

[0;32mI (528) I2C SLAVE: Setting up PWM and PID module [0m
[0;32mI (533) LEDC_PWM_UNIT: setting up LEDC units and chaneels[0m
[0;32mI (538) gpio: GPIO[32]| InputEn: 0| OutputEn: 0| OpenDrain: 0| Pullup: 1| Pulldown: 0| Intr:0 [0m
[0;32mI (546) gpio: GPIO[33]| InputEn: 0| OutputEn: 0| OpenDrain: 0| Pullup: 1| Pulldown: 0| Intr:0 [0m
[0;32mI (555) gpio: GPIO[25]| InputEn: 0| OutputEn: 0| OpenDrain: 0| Pullup: 1| Pulldown: 0| Intr:0 [0m
[0;32mI (563) gpio: GPIO[26]| InputEn: 0| OutputEn: 0| OpenDrain: 0| Pullup: 1| Pulldown: 0| Intr:0 [0m
[0;32mI (571) gpio: GPIO[27]| InputEn: 0| OutputEn: 0| OpenDrain: 0| Pullup: 1| Pulldown: 0| Intr:0 [0m
[0;32mI (579) gpio: GPIO[14]| InputEn: 0| OutputEn: 0| OpenDrain: 0| Pullup: 1| Pulldown: 0| Intr:0 [0m
[0;32mI (588) gpio: GPIO[23]| InputEn: 0| OutputEn: 0| OpenDrain: 0| Pullup: 1| Pulldown: 0| Intr:0 [0m
[0;32mI (596) gpio: GPIO[22]| InputEn: 0| OutputEn: 0| OpenDrain: 0| Pullup: 1| Pulldown: 0| Intr:0 [0m
[0;32mI (604) gpio: GPIO[21]| InputEn: 0| OutputEn: 0| OpenDrain: 0| Pullup: 1| Pulldown: 0| Intr:0 [0m
[0;32mI (613) gpio: GPIO[19]| InputEn: 0| OutputEn: 0| OpenDrain: 0| Pullup: 1| Pulldown: 0| Intr:0 [0m
[0;32mI (621) gpio: GPIO[18]| InputEn: 0| OutputEn: 0| OpenDrain: 0| Pullup: 1| Pulldown: 0| Intr:0 [0m
[0;32mI (629) gpio: GPIO[5]| InputEn: 0| OutputEn: 0| OpenDrain: 0| Pullup: 1| Pulldown: 0| Intr:0 [0m
[0;32mI (638) gpio: GPIO[17]| InputEn: 0| OutputEn: 0| OpenDrain: 0| Pullup: 1| Pulldown: 0| Intr:0 [0m
[0;32mI (646) gpio: GPIO[16]| InputEn: 0| OutputEn: 0| OpenDrain: 0| Pullup: 1| Pulldown: 0| Intr:0 [0m
[0;32mI (654) gpio: GPIO[4]| InputEn: 0| OutputEn: 0| OpenDrain: 0| Pullup: 1| Pulldown: 0| Intr:0 [0m
[0;32mI (663) gpio: GPIO[2]| InputEn: 0| OutputEn: 0| OpenDrain: 0| Pullup: 1| Pulldown: 0| Intr:0 [0m
[0;32mI (672) LEDC_PWM_UNIT: LEDC unit setiing up completed[0m

[0;32mI (676) CASCADE: M[0]: PosT=0.0 Pos=0.0| PWM=0 Dir=0[0m
[0;32mI (680) CASCADE: M[1]: PosT=0.0 Pos=0.0| PWM=0 Dir=0[0m
[0;32mI (685) CASCADE: M[2]: PosT=0.0 Pos=0.0| PWM=0 Dir=0[0m
[0;32mI (690) CASCADE: M[3]: PosT=0.0 Pos=0.0| PWM=0 Dir=0[0m
[0;32mI (695) CASCADE: M[4]: PosT=0.0 Pos=0.0| PWM=0 Dir=0[0m
[0;32mI (699) CASCADE: M[5]: PosT=0.0 Pos=0.0| PWM=0 Dir=0[0m
[0;32mI (704) CASCADE: M[6]: PosT=0.0 Pos=0.0| PWM=0 Dir=0[0m
[0;32mI (709) CASCADE: M[7]: PosT=0.0 Pos=0.0| PWM=0 Dir=0[0m
[0;32mI (713) MOTOR_COMMANDS: settingup the motor comnads[0m
[0;32mI (718) BLE UNIT: setting up BLE unit[0m

[0;32mI (718) MOTOR_COMMANDS: Mode[0][0m
[0;32mI (732) MOTOR_COMMANDS: Mode[0][0m
[0;32mI (736) BTDM_INIT: BT controller compile version [20b459d][0m
[0;32mI (739) BTDM_INIT: Bluetooth MAC: 5c:01:3b:f1:c0:16[0m
[0;32mI (741) MOTOR_COMMANDS: Mode[0][0m
[0;32mI (742) phy_init: phy_version 4840,02e0d70,Sep  2 2024,19:39:07[0m
[0;32mI (747) MOTOR_COMMANDS: Mode[0][0m
[0;33mW (748) phy_init: failed to load RF calibration data (0x1102), falling back to full calibration[0m
[0;32mI (756) MOTOR_COMMANDS: Mode[0][0m
[0;32mI (767) MOTOR_COMMANDS: Mode[0][0m
[0;32mI (772) MOTOR_COMMANDS: Mode[0][0m
[0;32mI (777) MOTOR_COMMANDS: Mode[0][0m
[0;32mI (782) MOTOR_COMMANDS: Mode[0][0m
[0;32mI (787) MOTOR_COMMANDS: Mode[0][0m
I BOD: Brownout detector was triggered


ets Jun  8 2016 00:22:57

rst:0x3 (SW_RESET),boot:0x13 (SPI_FAST_FLASH_BOOT)
configsip: 0, SPIWP:0xee
clk_drv:0x00,q_drv:0x00,d_drv:0x00,cs0_drv:0x00,hd_drv:0x00,wp_drv:0x00
mode:DIO, clock div:2
load:0x3fff0030,len:6276
load:0x40078000,len:15716
load:0x40080400,len:4
ho 8 tail 4 room 4
load:0x40080404,len:3860
entry 0x4008063c
[0;32mI (60) boot: ESP-IDF v5.4 2nd stage bootloader[0m
[0;32mI (60) boot: compile time Sep 21 2025 12:30:22[0m
[0;32mI (60) boot: Multicore bootloader[0m
[0;32mI (62) boot: chip revision: v1.1[0m
[0;32mI (65) boot.esp32: SPI Speed      : 40MHz[0m
[0;32mI (68) boot.esp32: SPI Mode       : DIO[0m
[0;32mI (72) boot.esp32: SPI Flash Size : 16MB[0m
[0;32mI (76) boot: Enabling RNG early entropy source...[0m
[0;32mI (80) boot: Partition Table:[0m
[0;32mI (83) boot: ## Label            Usage          Type ST Offset   Length[0m
[0;32mI (89) boot:  0 nvs              WiFi data        01 02 00009000 00006000[0m
[0;32mI (96) boot:  1 phy_init         RF data          01 01 0000f000 00001000[0m
[0;32mI (102) boot:  2 factory          factory app      00 00 00010000 00100000[0m
[0;32mI (109) boot: End of partition table[0m
[0;32mI (112) esp_image: segment 0: paddr=00010020 vaddr=3f400020 size=13cc4h ( 81092) map[0m
[0;32mI (147) esp_image: segment 1: paddr=00023cec vaddr=3ff80000 size=0001ch (    28) load[0m
[0;32mI (148) esp_image: segment 2: paddr=00023d10 vaddr=3ffbdb60 size=04da8h ( 19880) load[0m
[0;32mI (159) esp_image: segment 3: paddr=00028ac0 vaddr=40080000 size=07558h ( 30040) load[0m
[0;32mI (170) esp_image: segment 4: paddr=00030020 vaddr=400d0020 size=75b34h (482100) map[0m
[0;32mI (335) esp_image: segment 5: paddr=000a5b5c vaddr=40087558 size=120f0h ( 73968) load[0m
[0;32mI (377) boot: Loaded app from partition at offset 0x10000[0m
[0;32mI (377) boot: Disabling RNG early entropy source...[0m
[0;32mI (387) cpu_start: Multicore app[0m
[0;32mI (396) cpu_start: Pro cpu start user code[0m
[0;32mI (396) cpu_start: cpu freq: 160000000 Hz[0m
[0;32mI (396) app_init: Application information:[0m
[0;32mI (396) app_init: Project name:     control_1.1[0m
[0;32mI (400) app_init: App version:      v5.4[0m
[0;32mI (404) app_init: Compile time:     Sep 21 2025 12:30:23[0m
[0;32mI (409) app_init: ELF file SHA256:  724bf074f...[0m
[0;32mI (413) app_init: ESP-IDF:          v5.4[0m
[0;32mI (417) efuse_init: Min chip rev:     v0.0[0m
[0;32mI (420) efuse_init: Max chip rev:     v3.99 [0m
[0;32mI (424) efuse_init: Chip rev:         v1.1[0m
[0;32mI (429) heap_init: Initializing. RAM available for dynamic allocation:[0m
[0;32mI (435) heap_init: At 3FFAFF10 len 000000F0 (0 KiB): DRAM[0m
[0;32mI (440) heap_init: At 3FFB6388 len 00001C78 (7 KiB): DRAM[0m
[0;32mI (445) heap_init: At 3FFB9A20 len 00004108 (16 KiB): DRAM[0m
[0;32mI (450) heap_init: At 3FFC4888 len 0001B778 (109 KiB): DRAM[0m
[0;32mI (455) heap_init: At 3FFE0440 len 00003AE0 (14 KiB): D/IRAM[0m
[0;32mI (461) heap_init: At 3FFE4350 len 0001BCB0 (111 KiB): D/IRAM[0m
[0;32mI (466) heap_init: At 40099648 len 000069B8 (26 KiB): IRAM[0m
[0;32mI (473) spi_flash: detected chip: generic[0m
[0;32mI (475) spi_flash: flash io: dio[0m
[0;32mI (479) coexist: coex firmware version: 49a8cdc[0m
[0;32mI (483) main_task: Started on CPU0[0m
[0;32mI (486) main_task: Calling app_main()[0m
[0;32mI (489) gpio: GPIO[12]| InputEn: 0| OutputEn: 0| OpenDrain: 0| Pullup: 1| Pulldown: 0| Intr:0 [0m
D (497) i2c.common: new bus(0) at 0x3ffbd728
[0;32mI (501) I2C SLAVE: Slave initialization complete and ready to receive data[0m
[0;32mI (507) I2C SLAVE:  [0m
ENCODER[1] READING: 0
ENCODER[2] READING: 0
ENCODER[3] READING: 0
ENCODER[4] READING: 0
ENCODER[5] READING: 0
ENCODER[6] READING: 0
ENCODER[7] READING: 0
ENCODER[8] READING: 0
[0;32mI (525) I2C SLAVE: .............[0m

[0;32mI (528) I2C SLAVE: Setting up PWM and PID module [0m
[0;32mI (533) LEDC_PWM_UNIT: setting up LEDC units and chaneels[0m
[0;32mI (538) gpio: GPIO[32]| InputEn: 0| OutputEn: 0| OpenDrain: 0| Pullup: 1| Pulldown: 0| Intr:0 [0m
[0;32mI (546) gpio: GPIO[33]| InputEn: 0| OutputEn: 0| OpenDrain: 0| Pullup: 1| Pulldown: 0| Intr:0 [0m
[0;32mI (555) gpio: GPIO[25]| InputEn: 0| OutputEn: 0| OpenDrain: 0| Pullup: 1| Pulldown: 0| Intr:0 [0m
[0;32mI (563) gpio: GPIO[26]| InputEn: 0| OutputEn: 0| OpenDrain: 0| Pullup: 1| Pulldown: 0| Intr:0 [0m
[0;32mI (571) gpio: GPIO[27]| InputEn: 0| OutputEn: 0| OpenDrain: 0| Pullup: 1| Pulldown: 0| Intr:0 [0m
[0;32mI (579) gpio: GPIO[14]| InputEn: 0| OutputEn: 0| OpenDrain: 0| Pullup: 1| Pulldown: 0| Intr:0 [0m
[0;32mI (588) gpio: GPIO[23]| InputEn: 0| OutputEn: 0| OpenDrain: 0| Pullup: 1| Pulldown: 0| Intr:0 [0m
[0;32mI (596) gpio: GPIO[22]| InputEn: 0| OutputEn: 0| OpenDrain: 0| Pullup: 1| Pulldown: 0| Intr:0 [0m
[0;32mI (604) gpio: GPIO[21]| InputEn: 0| OutputEn: 0| OpenDrain: 0| Pullup: 1| Pulldown: 0| Intr:0 [0m
[0;32mI (613) gpio: GPIO[19]| InputEn: 0| OutputEn: 0| OpenDrain: 0| Pullup: 1| Pulldown: 0| Intr:0 [0m
[0;32mI (621) gpio: GPIO[18]| InputEn: 0| OutputEn: 0| OpenDrain: 0| Pullup: 1| Pulldown: 0| Intr:0 [0m
[0;32mI (629) gpio: GPIO[5]| InputEn: 0| OutputEn: 0| OpenDrain: 0| Pullup: 1| Pulldown: 0| Intr:0 [0m
[0;32mI (638) gpio: GPIO[17]| InputEn: 0| OutputEn: 0| OpenDrain: 0| Pullup: 1| Pulldown: 0| Intr:0 [0m
[0;32mI (646) gpio: GPIO[16]| InputEn: 0| OutputEn: 0| OpenDrain: 0| Pullup: 1| Pulldown: 0| Intr:0 [0m
[0;32mI (654) gpio: GPIO[4]| InputEn: 0| OutputEn: 0| OpenDrain: 0| Pullup: 1| Pulldown: 0| Intr:0 [0m
[0;32mI (663) gpio: GPIO[2]| InputEn: 0| OutputEn: 0| OpenDrain: 0| Pullup: 1| Pulldown: 0| Intr:0 [0m
[0;32mI (672) LEDC_PWM_UNIT: LEDC unit setiing up completed[0m

[0;32mI (676) CASCADE: M[0]: PosT=0.0 Pos=0.0| PWM=0 Dir=0[0m
[0;32mI (680) CASCADE: M[1]: PosT=0.0 Pos=0.0| PWM=0 Dir=0[0m
[0;32mI (685) CASCADE: M[2]: PosT=0.0 Pos=0.0| PWM=0 Dir=0[0m
[0;32mI (690) CASCADE: M[3]: PosT=0.0 Pos=0.0| PWM=0 Dir=0[0m
[0;32mI (695) CASCADE: M[4]: PosT=0.0 Pos=0.0| PWM=0 Dir=0[0m
[0;32mI (699) CASCADE: M[5]: PosT=0.0 Pos=0.0| PWM=0 Dir=0[0m
[0;32mI (704) CASCADE: M[6]: PosT=0.0 Pos=0.0| PWM=0 Dir=0[0m
[0;32mI (709) CASCADE: M[7]: PosT=0.0 Pos=0.0| PWM=0 Dir=0[0m
[0;32mI (713) MOTOR_COMMANDS: settingup the motor comnads[0m
[0;32mI (718) BLE UNIT: setting up BLE unit[0m

[0;32mI (718) MOTOR_COMMANDS: Mode[0][0m
[0;32mI (732) MOTOR_COMMANDS: Mode[0][0m
[0;32mI (736) BTDM_INIT: BT controller compile version [20b459d][0m
[0;32mI (739) BTDM_INIT: Bluetooth MAC: 5c:01:3b:f1:c0:16[0m
[0;32mI (741) MOTOR_COMMANDS: Mode[0][0m
[0;32mI (742) phy_init: phy_version 4840,02e0d70,Sep  2 2024,19:39:07[0m
[0;32mI (747) MOTOR_COMMANDS: Mode[0][0m
[0;33mW (748) phy_init: failed to load RF calibration data (0x1102), falling back to full calibration[0m
[0;32mI (756) MOTOR_COMMANDS: Mode[0][0m
[0;32mI (767) MOTOR_COMMANDS: Mode[0][0m
[0;32mI (772) MOTOR_COMMANDS: Mode[0][0m
[0;32mI (777) MOTOR_COMMANDS: Mode[0][0m
[0;32mI (782) MOTOR_COMMANDS: Mode[0][0m
[0;32mI (787) MOTOR_COMMANDS: Mode[0][0m
I BOD: Brownout detector was triggered


ets Jun  8 2016 00:22:57

rst:0x3 (SW_RESET),boot:0x13 (SPI_FAST_FLASH_BOOT)
configsip: 0, SPIWP:0xee
clk_drv:0x00,q_drv:0x00,d_drv:0x00,cs0_drv:0x00,hd_drv:0x00,wp_drv:0x00
mode:DIO, clock div:2
load:0x3fff0030,len:6276
load:0x40078000,len:15716
load:0x40080400,len:4
ho 8 tail 4 room 4
load:0x40080404,len:3860
entry 0x4008063c
[0;32mI (60) boot: ESP-IDF v5.4 2nd stage bootloader[0m
[0;32mI (60) boot: compile time Sep 21 2025 12:30:22[0m
[0;32mI (60) boot: Multicore bootloader[0m
[0;32mI (62) boot: chip revision: v1.1[0m
[0;32mI (65) boot.esp32: SPI Speed      : 40MHz[0m
[0;32mI (68) boot.esp32: SPI Mode       : DIO[0m
[0;32mI (72) boot.esp32: SPI Flash Size : 16MB[0m
[0;32mI (76) boot: Enabling RNG early entropy source...[0m
[0;32mI (80) boot: Partition Table:[0m
[0;32mI (83) boot: ## Label            Usage          Type ST Offset   Length[0m
[0;32mI (89) boot:  0 nvs              WiFi data        01 02 00009000 00006000[0m
[0;32mI (96) boot:  1 phy_init         RF data          01 01 0000f000 00001000[0m
[0;32mI (102) boot:  2 factory          factory app      00 00 00010000 00100000[0m
[0;32mI (109) boot: End of partition table[0m
[0;32mI (112) esp_image: segment 0: paddr=00010020 vaddr=3f400020 size=13cc4h ( 81092) map[0m
[0;32mI (147) esp_image: segment 1: paddr=00023cec vaddr=3ff80000 size=0001ch (    28) load[0m
[0;32mI (148) esp_image: segment 2: paddr=00023d10 vaddr=3ffbdb60 size=04da8h ( 19880) load[0m
[0;32mI (159) esp_image: segment 3: paddr=00028ac0 vaddr=40080000 size=07558h ( 30040) load[0m
[0;32mI (170) esp_image: segment 4: paddr=00030020 vaddr=400d0020 size=75b34h (482100) map[0m
[0;32mI (335) esp_image: segment 5: paddr=000a5b5c vaddr=40087558 size=120f0h ( 73968) load[0m
[0;32mI (377) boot: Loaded app from partition at offset 0x10000[0m
[0;32mI (377) boot: Disabling RNG early entropy source...[0m
[0;32mI (387) cpu_start: Multicore app[0m
[0;32mI (396) cpu_start: Pro cpu start user code[0m
[0;32mI (396) cpu_start: cpu freq: 160000000 Hz[0m
[0;32mI (396) app_init: Application information:[0m
[0;32mI (396) app_init: Project name:     control_1.1[0m
[0;32mI (400) app_init: App version:      v5.4[0m
[0;32mI (404) app_init: Compile time:     Sep 21 2025 12:30:23[0m
[0;32mI (409) app_init: ELF file SHA256:  724bf074f...[0m
[0;32mI (413) app_init: ESP-IDF:          v5.4[0m
[0;32mI (417) efuse_init: Min chip rev:     v0.0[0m
[0;32mI (420) efuse_init: Max chip rev:     v3.99 [0m
[0;32mI (424) efuse_init: Chip rev:         v1.1[0m
[0;32mI (429) heap_init: Initializing. RAM available for dynamic allocation:[0m
[0;32mI (435) heap_init: At 3FFAFF10 len 000000F0 (0 KiB): DRAM[0m
[0;32mI (440) heap_init: At 3FFB6388 len 00001C78 (7 KiB): DRAM[0m
[0;32mI (445) heap_init: At 3FFB9A20 len 00004108 (16 KiB): DRAM[0m
[0;32mI (450) heap_init: At 3FFC4888 len 0001B778 (109 KiB): DRAM[0m
[0;32mI (455) heap_init: At 3FFE0440 len 00003AE0 (14 KiB): D/IRAM[0m
[0;32mI (461) heap_init: At 3FFE4350 len 0001BCB0 (111 KiB): D/IRAM[0m
[0;32mI (466) heap_init: At 40099648 len 000069B8 (26 KiB): IRAM[0m
[0;32mI (473) spi_flash: detected chip: generic[0m
[0;32mI (475) spi_flash: flash io: dio[0m
[0;32mI (479) coexist: coex firmware version: 49a8cdc[0m
[0;32mI (483) main_task: Started on CPU0[0m
[0;32mI (486) main_task: Calling app_main()[0m
[0;32mI (489) gpio: GPIO[12]| InputEn: 0| OutputEn: 0| OpenDrain: 0| Pullup: 1| Pulldown: 0| Intr:0 [0m
D (497) i2c.common: new bus(0) at 0x3ffbd728
[0;32mI (501) I2C SLAVE: Slave initialization complete and ready to receive data[0m
[0;32mI (507) I2C SLAVE:  [0m
ENCODER[1] READING: 0
ENCODER[2] READING: 0
ENCODER[3] READING: 0
ENCODER[4] READING: 0
ENCODER[5] READING: 0
ENCODER[6] READING: 0
ENCODER[7] READING: 0
ENCODER[8] READING: 0
[0;32mI (525) I2C SLAVE: .............[0m

[0;32mI (528) I2C SLAVE: Setting up PWM and PID module [0m
[0;32mI (533) LEDC_PWM_UNIT: setting up LEDC units and chaneels[0m
[0;32mI (538) gpio: GPIO[32]| InputEn: 0| OutputEn: 0| OpenDrain: 0| Pullup: 1| Pulldown: 0| Intr:0 [0m
[0;32mI (546) gpio: GPIO[33]| InputEn: 0| OutputEn: 0| OpenDrain: 0| Pullup: 1| Pulldown: 0| Intr:0 [0m
[0;32mI (555) gpio: GPIO[25]| InputEn: 0| OutputEn: 0| OpenDrain: 0| Pullup: 1| Pulldown: 0| Intr:0 [0m
[0;32mI (563) gpio: GPIO[26]| InputEn: 0| OutputEn: 0| OpenDrain: 0| Pullup: 1| Pulldown: 0| Intr:0 [0m
[0;32mI (571) gpio: GPIO[27]| InputEn: 0| OutputEn: 0| OpenDrain: 0| Pullup: 1| Pulldown: 0| Intr:0 [0m
[0;32mI (579) gpio: GPIO[14]| InputEn: 0| OutputEn: 0| OpenDrain: 0| Pullup: 1| Pulldown: 0| Intr:0 [0m
[0;32mI (588) gpio: GPIO[23]| InputEn: 0| OutputEn: 0| OpenDrain: 0| Pullup: 1| Pulldown: 0| Intr:0 [0m
[0;32mI (596) gpio: GPIO[22]| InputEn: 0| OutputEn: 0| OpenDrain: 0| Pullup: 1| Pulldown: 0| Intr:0 [0m
[0;32mI (604) gpio: GPIO[21]| InputEn: 0| OutputEn: 0| OpenDrain: 0| Pullup: 1| Pulldown: 0| Intr:0 [0m
[0;32mI (613) gpio: GPIO[19]| InputEn: 0| OutputEn: 0| OpenDrain: 0| Pullup: 1| Pulldown: 0| Intr:0 [0m
[0;32mI (621) gpio: GPIO[18]| InputEn: 0| OutputEn: 0| OpenDrain: 0| Pullup: 1| Pulldown: 0| Intr:0 [0m
[0;32mI (629) gpio: GPIO[5]| InputEn: 0| OutputEn: 0| OpenDrain: 0| Pullup: 1| Pulldown: 0| Intr:0 [0m
[0;32mI (638) gpio: GPIO[17]| InputEn: 0| OutputEn: 0| OpenDrain: 0| Pullup: 1| Pulldown: 0| Intr:0 [0m
[0;32mI (646) gpio: GPIO[16]| InputEn: 0| OutputEn: 0| OpenDrain: 0| Pullup: 1| Pulldown: 0| Intr:0 [0m
[0;32mI (654) gpio: GPIO[4]| InputEn: 0| OutputEn: 0| OpenDrain: 0| Pullup: 1| Pulldown: 0| Intr:0 [0m
[0;32mI (663) gpio: GPIO[2]| InputEn: 0| OutputEn: 0| OpenDrain: 0| Pullup: 1| Pulldown: 0| Intr:0 [0m
[0;32mI (672) LEDC_PWM_UNIT: LEDC unit setiing up completed[0m

[0;32mI (676) CASCADE: M[0]: PosT=0.0 Pos=0.0| PWM=0 Dir=0[0m
[0;32mI (680) CASCADE: M[1]: PosT=0.0 Pos=0.0| PWM=0 Dir=0[0m
[0;32mI (685) CASCADE: M[2]: PosT=0.0 Pos=0.0| PWM=0 Dir=0[0m
[0;32mI (690) CASCADE: M[3]: PosT=0.0 Pos=0.0| PWM=0 Dir=0[0m
[0;32mI (695) CASCADE: M[4]: PosT=0.0 Pos=0.0| PWM=0 Dir=0[0m
[0;32mI (699) CASCADE: M[5]: PosT=0.0 Pos=0.0| PWM=0 Dir=0[0m
[0;32mI (704) CASCADE: M[6]: PosT=0.0 Pos=0.0| PWM=0 Dir=0[0m
[0;32mI (709) CASCADE: M[7]: PosT=0.0 Pos=0.0| PWM=0 Dir=0[0m
[0;32mI (713) MOTOR_COMMANDS: settingup the motor comnads[0m
[0;32mI (718) BLE UNIT: setting up BLE unit[0m

[0;32mI (718) MOTOR_COMMANDS: Mode[0][0m
[0;32mI (732) MOTOR_COMMANDS: Mode[0][0m
[0;32mI (736) BTDM_INIT: BT controller compile version [20b459d][0m
[0;32mI (739) BTDM_INIT: Bluetooth MAC: 5c:01:3b:f1:c0:16[0m
[0;32mI (741) MOTOR_COMMANDS: Mode[0][0m
[0;32mI (742) phy_init: phy_version 4840,02e0d70,Sep  2 2024,19:39:07[0m
[0;32mI (747) MOTOR_COMMANDS: Mode[0][0m
[0;33mW (748) phy_init: failed to load RF calibration data (0x1102), falling back to full calibration[0m
[0;32mI (756) MOTOR_COMMANDS: Mode[0][0m
[0;32mI (767) MOTOR_COMMANDS: Mode[0][0m
[0;32mI (772) MOTOR_COMMANDS: Mode[0][0m
[0;32mI (777) MOTOR_COMMANDS: Mode[0][0m
[0;32mI (782) MOTOR_COMMANDS: Mode[0][0m
[0;32mI (787) MOTOR_COMMANDS: Mode[0][0m
I BOD: Brownout detector was triggered


ets Jun  8 2016 00:22:57

rst:0x3 (SW_RESET),boot:0x13 (SPI_FAST_FLASH_BOOT)
configsip: 0, SPIWP:0xee
clk_drv:0x00,q_drv:0x00,d_drv:0x00,cs0_drv:0x00,hd_drv:0x00,wp_drv:0x00
mode:DIO, clock div:2
load:0x3fff0030,len:6276
load:0x40078000,len:15716
load:0x40080400,len:4
ho 8 tail 4 room 4
load:0x40080404,len:3860
entry 0x4008063c
[0;32mI (60) boot: ESP-IDF v5.4 2nd stage bootloader[0m
[0;32mI (60) boot: compile time Sep 21 2025 12:30:22[0m
[0;32mI (60) boot: Multicore bootloader[0m
[0;32mI (62) boot: chip revision: v1.1[0m
[0;32mI (65) boot.esp32: SPI Speed      : 40MHz[0m
[0;32mI (68) boot.esp32: SPI Mode       : DIO[0m
[0;32mI (72) boot.esp32: SPI Flash Size : 16MB[0m
[0;32mI (76) boot: Enabling RNG early entropy source...[0m
[0;32mI (80) boot: Partition Table:[0m
[0;32mI (83) boot: ## Label            Usage          Type ST Offset   Length[0m
[0;32mI (89) boot:  0 nvs              WiFi data        01 02 00009000 00006000[0m
[0;32mI (96) boot:  1 phy_init         RF data          01 01 0000f000 00001000[0m
[0;32mI (102) boot:  2 factory          factory app      00 00 00010000 00100000[0m
[0;32mI (109) boot: End of partition table[0m
[0;32mI (112) esp_image: segment 0: paddr=00010020 vaddr=3f400020 size=13cc4h ( 81092) map[0m
[0;32mI (147) esp_image: segment 1: paddr=00023cec vaddr=3ff80000 size=0001ch (    28) load[0m
[0;32mI (148) esp_image: segment 2: paddr=00023d10 vaddr=3ffbdb60 size=04da8h ( 19880) load[0m
[0;32mI (159) esp_image: segment 3: paddr=00028ac0 vaddr=40080000 size=07558h ( 30040) load[0m
[0;32mI (170) esp_image: segment 4: paddr=00030020 vaddr=400d0020 size=75b34h (482100) map[0m
[0;32mI (335) esp_image: segment 5: paddr=000a5b5c vaddr=40087558 size=120f0h ( 73968) load[0m
[0;32mI (377) boot: Loaded app from partition at offset 0x10000[0m
[0;32mI (377) boot: Disabling RNG early entropy source...[0m
[0;32mI (387) cpu_start: Multicore app[0m
[0;32mI (396) cpu_start: Pro cpu start user code[0m
[0;32mI (396) cpu_start: cpu freq: 160000000 Hz[0m
[0;32mI (396) app_init: Application information:[0m
[0;32mI (396) app_init: Project name:     control_1.1[0m
[0;32mI (400) app_init: App version:      v5.4[0m
[0;32mI (404) app_init: Compile time:     Sep 21 2025 12:30:23[0m
[0;32mI (409) app_init: ELF file SHA256:  724bf074f...[0m
[0;32mI (413) app_init: ESP-IDF:          v5.4[0m
[0;32mI (417) efuse_init: Min chip rev:     v0.0[0m
[0;32mI (420) efuse_init: Max chip rev:     v3.99 [0m
[0;32mI (424) efuse_init: Chip rev:         v1.1[0m
[0;32mI (429) heap_init: Initializing. RAM available for dynamic allocation:[0m
[0;32mI (435) heap_init: At 3FFAFF10 len 000000F0 (0 KiB): DRAM[0m
[0;32mI (440) heap_init: At 3FFB6388 len 00001C78 (7 KiB): DRAM[0m
[0;32mI (445) heap_init: At 3FFB9A20 len 00004108 (16 KiB): DRAM[0m
[0;32mI (450) heap_init: At 3FFC4888 len 0001B778 (109 KiB): DRAM[0m
[0;32mI (455) heap_init: At 3FFE0440 len 00003AE0 (14 KiB): D/IRAM[0m
[0;32mI (461) heap_init: At 3FFE4350 len 0001BCB0 (111 KiB): D/IRAM[0m
[0;32mI (466) heap_init: At 40099648 len 000069B8 (26 KiB): IRAM[0m
[0;32mI (473) spi_flash: detected chip: generic[0m
[0;32mI (475) spi_flash: flash io: dio[0m
[0;32mI (479) coexist: coex firmware version: 49a8cdc[0m
[0;32mI (483) main_task: Started on CPU0[0m
[0;32mI (486) main_task: Calling app_main()[0m
[0;32mI (489) gpio: GPIO[12]| InputEn: 0| OutputEn: 0| OpenDrain: 0| Pullup: 1| Pulldown: 0| Intr:0 [0m
D (497) i2c.common: new bus(0) at 0x3ffbd728
[0;32mI (501) I2C SLAVE: Slave initialization complete and ready to receive data[0m
[0;32mI (507) I2C SLAVE:  [0m
ENCODER[1] READING: 0
ENCODER[2] READING: 0
ENCODER[3] READING: 0
ENCODER[4] READING: 0
ENCODER[5] READING: 0
ENCODER[6] READING: 0
ENCODER[7] READING: 0
ENCODER[8] READING: 0
[0;32mI (525) I2C SLAVE: .............[0m

[0;32mI (528) I2C SLAVE: Setting up PWM and PID module [0m
[0;32mI (533) LEDC_PWM_UNIT: setting up LEDC units and chaneels[0m
[0;32mI (538) gpio: GPIO[32]| InputEn: 0| OutputEn: 0| OpenDrain: 0| Pullup: 1| Pulldown: 0| Intr:0 [0m
[0;32mI (546) gpio: GPIO[33]| InputEn: 0| OutputEn: 0| OpenDrain: 0| Pullup: 1| Pulldown: 0| Intr:0 [0m
[0;32mI (555) gpio: GPIO[25]| InputEn: 0| OutputEn: 0| OpenDrain: 0| Pullup: 1| Pulldown: 0| Intr:0 [0m
[0;32mI (563) gpio: GPIO[26]| InputEn: 0| OutputEn: 0| OpenDrain: 0| Pullup: 1| Pulldown: 0| Intr:0 [0m
[0;32mI (571) gpio: GPIO[27]| InputEn: 0| OutputEn: 0| OpenDrain: 0| Pullup: 1| Pulldown: 0| Intr:0 [0m
[0;32mI (579) gpio: GPIO[14]| InputEn: 0| OutputEn: 0| OpenDrain: 0| Pullup: 1| Pulldown: 0| Intr:0 [0m
[0;32mI (588) gpio: GPIO[23]| InputEn: 0| OutputEn: 0| OpenDrain: 0| Pullup: 1| Pulldown: 0| Intr:0 [0m
[0;32mI (596) gpio: GPIO[22]| InputEn: 0| OutputEn: 0| OpenDrain: 0| Pullup: 1| Pulldown: 0| Intr:0 [0m
[0;32mI (604) gpio: GPIO[21]| InputEn: 0| OutputEn: 0| OpenDrain: 0| Pullup: 1| Pulldown: 0| Intr:0 [0m
[0;32mI (613) gpio: GPIO[19]| InputEn: 0| OutputEn: 0| OpenDrain: 0| Pullup: 1| Pulldown: 0| Intr:0 [0m
[0;32mI (621) gpio: GPIO[18]| InputEn: 0| OutputEn: 0| OpenDrain: 0| Pullup: 1| Pulldown: 0| Intr:0 [0m
[0;32mI (629) gpio: GPIO[5]| InputEn: 0| OutputEn: 0| OpenDrain: 0| Pullup: 1| Pulldown: 0| Intr:0 [0m
[0;32mI (638) gpio: GPIO[17]| InputEn: 0| OutputEn: 0| OpenDrain: 0| Pullup: 1| Pulldown: 0| Intr:0 [0m
[0;32mI (646) gpio: GPIO[16]| InputEn: 0| OutputEn: 0| OpenDrain: 0| Pullup: 1| Pulldown: 0| Intr:0 [0m
[0;32mI (654) gpio: GPIO[4]| InputEn: 0| OutputEn: 0| OpenDrain: 0| Pullup: 1| Pulldown: 0| Intr:0 [0m
[0;32mI (663) gpio: GPIO[2]| InputEn: 0| OutputEn: 0| OpenDrain: 0| Pullup: 1| Pulldown: 0| Intr:0 [0m
[0;32mI (672) LEDC_PWM_UNIT: LEDC unit setiing up completed[0m

[0;32mI (676) CASCADE: M[0]: PosT=0.0 Pos=0.0| PWM=0 Dir=0[0m
[0;32mI (680) CASCADE: M[1]: PosT=0.0 Pos=0.0| PWM=0 Dir=0[0m
[0;32mI (685) CASCADE: M[2]: PosT=0.0 Pos=0.0| PWM=0 Dir=0[0m
[0;32mI (690) CASCADE: M[3]: PosT=0.0 Pos=0.0| PWM=0 Dir=0[0m
[0;32mI (695) CASCADE: M[4]: PosT=0.0 Pos=0.0| PWM=0 Dir=0[0m
[0;32mI (699) CASCADE: M[5]: PosT=0.0 Pos=0.0| PWM=0 Dir=0[0m
[0;32mI (704) CASCADE: M[6]: PosT=0.0 Pos=0.0| PWM=0 Dir=0[0m
[0;32mI (709) CASCADE: M[7]: PosT=0.0 Pos=0.0| PWM=0 Dir=0[0m
[0;32mI (713) MOTOR_COMMANDS: settingup the motor comnads[0m
[0;32mI (718) BLE UNIT: setting up BLE unit[0m

[0;32mI (718) MOTOR_COMMANDS: Mode[0][0m
[0;32mI (732) MOTOR_COMMANDS: Mode[0][0m
[0;32mI (736) BTDM_INIT: BT controller compile version [20b459d][0m
[0;32mI (739) BTDM_INIT: Bluetooth MAC: 5c:01:3b:f1:c0:16[0m
[0;32mI (741) MOTOR_COMMANDS: Mode[0][0m
[0;32mI (742) phy_init: phy_version 4840,02e0d70,Sep  2 2024,19:39:07[0m
[0;32mI (747) MOTOR_COMMANDS: Mode[0][0m
[0;33mW (748) phy_init: failed to load RF calibration data (0x1102), falling back to full calibration[0m
[0;32mI (756) MOTOR_COMMANDS: Mode[0][0m
[0;32mI (767) MOTOR_COMMANDS: Mode[0][0m
[0;32mI (772) MOTOR_COMMANDS: Mode[0][0m
[0;32mI (777) MOTOR_COMMANDS: Mode[0][0m
[0;32mI (782) MOTOR_COMMANDS: Mode[0][0m
[0;32mI (787) MOTOR_COMMANDS: Mode[0][0m
I BOD: Brownout detector was triggered


ets Jun  8 2016 00:22:57

rst:0x3 (SW_RESET),boot:0x13 (SPI_FAST_FLASH_BOOT)
configsip: 0, SPIWP:0xee
clk_drv:0x00,q_drv:0x00,d_drv:0x00,cs0_drv:0x00,hd_drv:0x00,wp_drv:0x00
mode:DIO, clock div:2
load:0x3fff0030,len:6276
load:0x40078000,len:15716
load:0x40080400,len:4
ho 8 tail 4 room 4
load:0x40080404,len:3860
entry 0x4008063c
[0;32mI (60) boot: ESP-IDF v5.4 2nd stage bootloader[0m
[0;32mI (60) boot: compile time Sep 21 2025 12:30:22[0m
[0;32mI (60) boot: Multicore bootloader[0m
[0;32mI (62) boot: chip revision: v1.1[0m
[0;32mI (65) boot.esp32: SPI Speed      : 40MHz[0m
[0;32mI (68) boot.esp32: SPI Mode       : DIO[0m
[0;32mI (72) boot.esp32: SPI Flash Size : 16MB[0m
[0;32mI (76) boot: Enabling RNG early entropy source...[0m
[0;32mI (80) boot: Partition Table:[0m
[0;32mI (83) boot: ## Label            Usage          Type ST Offset   Length[0m
[0;32mI (89) boot:  0 nvs              WiFi data        01 02 00009000 00006000[0m
[0;32mI (96) boot:  1 phy_init         RF data          01 01 0000f000 00001000[0m
[0;32mI (102) boot:  2 factory          factory app      00 00 00010000 00100000[0m
[0;32mI (109) boot: End of partition table[0m
[0;32mI (112) esp_image: segment 0: paddr=00010020 vaddr=3f400020 size=13cc4h ( 81092) map[0m
[0;32mI (147) esp_image: segment 1: paddr=00023cec vaddr=3ff80000 size=0001ch (    28) load[0m
[0;32mI (148) esp_image: segment 2: paddr=00023d10 vaddr=3ffbdb60 size=04da8h ( 19880) load[0m
[0;32mI (159) esp_image: segment 3: paddr=00028ac0 vaddr=40080000 size=07558h ( 30040) load[0m
[0;32mI (170) esp_image: segment 4: paddr=00030020 vaddr=400d0020 size=75b34h (482100) map[0m
[0;32mI (335) esp_image: segment 5: paddr=000a5b5c vaddr=40087558 size=120f0h ( 73968) load[0m
[0;32mI (377) boot: Loaded app from partition at offset 0x10000[0m
[0;32mI (377) boot: Disabling RNG early entropy source...[0m
[0;32mI (387) cpu_start: Multicore app[0m
[0;32mI (396) cpu_start: Pro cpu start user code[0m
[0;32mI (396) cpu_start: cpu freq: 160000000 Hz[0m
[0;32mI (396) app_init: Application information:[0m
[0;32mI (396) app_init: Project name:     control_1.1[0m
[0;32mI (400) app_init: App version:      v5.4[0m
[0;32mI (404) app_init: Compile time:     Sep 21 2025 12:30:23[0m
[0;32mI (409) app_init: ELF file SHA256:  724bf074f...[0m
[0;32mI (413) app_init: ESP-IDF:          v5.4[0m
[0;32mI (417) efuse_init: Min chip rev:     v0.0[0m
[0;32mI (420) efuse_init: Max chip rev:     v3.99 [0m
[0;32mI (424) efuse_init: Chip rev:         v1.1[0m
[0;32mI (429) heap_init: Initializing. RAM available for dynamic allocation:[0m
[0;32mI (435) heap_init: At 3FFAFF10 len 000000F0 (0 KiB): DRAM[0m
[0;32mI (440) heap_init: At 3FFB6388 len 00001C78 (7 KiB): DRAM[0m
[0;32mI (445) heap_init: At 3FFB9A20 len 00004108 (16 KiB): DRAM[0m
[0;32mI (450) heap_init: At 3FFC4888 len 0001B778 (109 KiB): DRAM[0m
[0;32mI (455) heap_init: At 3FFE0440 len 00003AE0 (14 KiB): D/IRAM[0m
[0;32mI (461) heap_init: At 3FFE4350 len 0001BCB0 (111 KiB): D/IRAM[0m
[0;32mI (466) heap_init: At 40099648 len 000069B8 (26 KiB): IRAM[0m
[0;32mI (473) spi_flash: detected chip: generic[0m
[0;32mI (475) spi_flash: flash io: dio[0m
[0;32mI (479) coexist: coex firmware version: 49a8cdc[0m
[0;32mI (483) main_task: Started on CPU0[0m
[0;32mI (486) main_task: Calling app_main()[0m
[0;32mI (489) gpio: GPIO[12]| InputEn: 0| OutputEn: 0| OpenDrain: 0| Pullup: 1| Pulldown: 0| Intr:0 [0m
D (497) i2c.common: new bus(0) at 0x3ffbd728
[0;32mI (501) I2C SLAVE: Slave initialization complete and ready to receive data[0m
[0;32mI (507) I2C SLAVE:  [0m
ENCODER[1] READING: 0
ENCODER[2] READING: 0
ENCODER[3] READING: 0
ENCODER[4] READING: 0
ENCODER[5] READING: 0
ENCODER[6] READING: 0
ENCODER[7] READING: 0
ENCODER[8] READING: 0
[0;32mI (525) I2C SLAVE: .............[0m

[0;32mI (528) I2C SLAVE: Setting up PWM and PID module [0m
[0;32mI (533) LEDC_PWM_UNIT: setting up LEDC units and chaneels[0m
[0;32mI (538) gpio: GPIO[32]| InputEn: 0| OutputEn: 0| OpenDrain: 0| Pullup: 1| Pulldown: 0| Intr:0 [0m
[0;32mI (546) gpio: GPIO[33]| InputEn: 0| OutputEn: 0| OpenDrain: 0| Pullup: 1| Pulldown: 0| Intr:0 [0m
[0;32mI (555) gpio: GPIO[25]| InputEn: 0| OutputEn: 0| OpenDrain: 0| Pullup: 1| Pulldown: 0| Intr:0 [0m
[0;32mI (563) gpio: GPIO[26]| InputEn: 0| OutputEn: 0| OpenDrain: 0| Pullup: 1| Pulldown: 0| Intr:0 [0m
[0;32mI (571) gpio: GPIO[27]| InputEn: 0| OutputEn: 0| OpenDrain: 0| Pullup: 1| Pulldown: 0| Intr:0 [0m
[0;32mI (579) gpio: GPIO[14]| InputEn: 0| OutputEn: 0| OpenDrain: 0| Pullup: 1| Pulldown: 0| Intr:0 [0m
[0;32mI (588) gpio: GPIO[23]| InputEn: 0| OutputEn: 0| OpenDrain: 0| Pullup: 1| Pulldown: 0| Intr:0 [0m
[0;32mI (596) gpio: GPIO[22]| InputEn: 0| OutputEn: 0| OpenDrain: 0| Pullup: 1| Pulldown: 0| Intr:0 [0m
[0;32mI (604) gpio: GPIO[21]| InputEn: 0| OutputEn: 0| OpenDrain: 0| Pullup: 1| Pulldown: 0| Intr:0 [0m
[0;32mI (613) gpio: GPIO[19]| InputEn: 0| OutputEn: 0| OpenDrain: 0| Pullup: 1| Pulldown: 0| Intr:0 [0m
[0;32mI (621) gpio: GPIO[18]| InputEn: 0| OutputEn: 0| OpenDrain: 0| Pullup: 1| Pulldown: 0| Intr:0 [0m
[0;32mI (629) gpio: GPIO[5]| InputEn: 0| OutputEn: 0| OpenDrain: 0| Pullup: 1| Pulldown: 0| Intr:0 [0m
[0;32mI (638) gpio: GPIO[17]| InputEn: 0| OutputEn: 0| OpenDrain: 0| Pullup: 1| Pulldown: 0| Intr:0 [0m
[0;32mI (646) gpio: GPIO[16]| InputEn: 0| OutputEn: 0| OpenDrain: 0| Pullup: 1| Pulldown: 0| Intr:0 [0m
[0;32mI (654) gpio: GPIO[4]| InputEn: 0| OutputEn: 0| OpenDrain: 0| Pullup: 1| Pulldown: 0| Intr:0 [0m
[0;32mI (663) gpio: GPIO[2]| InputEn: 0| OutputEn: 0| OpenDrain: 0| Pullup: 1| Pulldown: 0| Intr:0 [0m
[0;32mI (672) LEDC_PWM_UNIT: LEDC unit setiing up completed[0m

[0;32mI (676) CASCADE: M[0]: PosT=0.0 Pos=0.0| PWM=0 Dir=0[0m
[0;32mI (680) CASCADE: M[1]: PosT=0.0 Pos=0.0| PWM=0 Dir=0[0m
[0;32mI (685) CASCADE: M[2]: PosT=0.0 Pos=0.0| PWM=0 Dir=0[0m
[0;32mI (690) CASCADE: M[3]: PosT=0.0 Pos=0.0| PWM=0 Dir=0[0m
[0;32mI (695) CASCADE: M[4]: PosT=0.0 Pos=0.0| PWM=0 Dir=0[0m
[0;32mI (699) CASCADE: M[5]: PosT=0.0 Pos=0.0| PWM=0 Dir=0[0m
[0;32mI (704) CASCADE: M[6]: PosT=0.0 Pos=0.0| PWM=0 Dir=0[0m
[0;32mI (709) CASCADE: M[7]: PosT=0.0 Pos=0.0| PWM=0 Dir=0[0m
[0;32mI (713) MOTOR_COMMANDS: settingup the motor comnads[0m
[0;32mI (718) BLE UNIT: setting up BLE unit[0m

[0;32mI (718) MOTOR_COMMANDS: Mode[0][0m
[0;32mI (732) MOTOR_COMMANDS: Mode[0][0m
[0;32mI (736) BTDM_INIT: BT controller compile version [20b459d][0m
[0;32mI (739) BTDM_INIT: Bluetooth MAC: 5c:01:3b:f1:c0:16[0m
[0;32mI (741) MOTOR_COMMANDS: Mode[0][0m
[0;32mI (742) phy_init: phy_version 4840,02e0d70,Sep  2 2024,19:39:07[0m
[0;32mI (747) MOTOR_COMMANDS: Mode[0][0m
[0;33mW (748) phy_init: failed to load RF calibration data (0x1102), falling back to full calibration[0m
[0;32mI (756) MOTOR_COMMANDS: Mode[0][0m
[0;32mI (767) MOTOR_COMMANDS: Mode[0][0m
[0;32mI (772) MOTOR_COMMANDS: Mode[0][0m
[0;32mI (777) MOTOR_COMMANDS: Mode[0][0m
[0;32mI (782) MOTOR_COMMANDS: Mode[0][0m
[0;32mI (787) MOTOR_COMMANDS: Mode[0][0m
I BOD: Brownout detector was triggered


ets Jun  8 2016 00:22:57

rst:0x3 (SW_RESET),boot:0x13 (SPI_FAST_FLASH_BOOT)
configsip: 0, SPIWP:0xee
clk_drv:0x00,q_drv:0x00,d_drv:0x00,cs0_drv:0x00,hd_drv:0x00,wp_drv:0x00
mode:DIO, clock div:2
load:0x3fff0030,len:6276
load:0x40078000,len:15716
load:0x40080400,len:4
ho 8 tail 4 room 4
load:0x40080404,len:3860
entry 0x4008063c
[0;32mI (60) boot: ESP-IDF v5.4 2nd stage bootloader[0m
[0;32mI (60) boot: compile time Sep 21 2025 12:30:22[0m
[0;32mI (60) boot: Multicore bootloader[0m
[0;32mI (62) boot: chip revision: v1.1[0m
[0;32mI (65) boot.esp32: SPI Speed      : 40MHz[0m
[0;32mI (68) boot.esp32: SPI Mode       : DIO[0m
[0;32mI (72) boot.esp32: SPI Flash Size : 16MB[0m
[0;32mI (76) boot: Enabling RNG early entropy source...[0m
[0;32mI (80) boot: Partition Table:[0m
[0;32mI (83) boot: ## Label            Usage          Type ST Offset   Length[0m
[0;32mI (89) boot:  0 nvs              WiFi data        01 02 00009000 00006000[0m
[0;32mI (96) boot:  1 phy_init         RF data          01 01 0000f000 00001000[0m
[0;32mI (102) boot:  2 factory          factory app      00 00 00010000 00100000[0m
[0;32mI (109) boot: End of partition table[0m
[0;32mI (112) esp_image: segment 0: paddr=00010020 vaddr=3f400020 size=13cc4h ( 81092) map[0m
[0;32mI (147) esp_image: segment 1: paddr=00023cec vaddr=3ff80000 size=0001ch (    28) load[0m
[0;32mI (148) esp_image: segment 2: paddr=00023d10 vaddr=3ffbdb60 size=04da8h ( 19880) load[0m
[0;32mI (159) esp_image: segment 3: paddr=00028ac0 vaddr=40080000 size=07558h ( 30040) load[0m
[0;32mI (170) esp_image: segment 4: paddr=00030020 vaddr=400d0020 size=75b34h (482100) map[0m
[0;32mI (335) esp_image: segment 5: paddr=000a5b5c vaddr=40087558 size=120f0h ( 73968) load[0m
[0;32mI (377) boot: Loaded app from partition at offset 0x10000[0m
[0;32mI (377) boot: Disabling RNG early entropy source...[0m
[0;32mI (387) cpu_start: Multicore app[0m
[0;32mI (396) cpu_start: Pro cpu start user code[0m
[0;32mI (396) cpu_start: cpu freq: 160000000 Hz[0m
[0;32mI (396) app_init: Application information:[0m
[0;32mI (396) app_init: Project name:     control_1.1[0m
[0;32mI (400) app_init: App version:      v5.4[0m
[0;32mI (404) app_init: Compile time:     Sep 21 2025 12:30:23[0m
[0;32mI (409) app_init: ELF file SHA256:  724bf074f...[0m
[0;32mI (413) app_init: ESP-IDF:          v5.4[0m
[0;32mI (417) efuse_init: Min chip rev:     v0.0[0m
[0;32mI (420) efuse_init: Max chip rev:     v3.99 [0m
[0;32mI (424) efuse_init: Chip rev:         v1.1[0m
[0;32mI (429) heap_init: Initializing. RAM available for dynamic allocation:[0m
[0;32mI (435) heap_init: At 3FFAFF10 len 000000F0 (0 KiB): DRAM[0m
[0;32mI (440) heap_init: At 3FFB6388 len 00001C78 (7 KiB): DRAM[0m
[0;32mI (445) heap_init: At 3FFB9A20 len 00004108 (16 KiB): DRAM[0m
[0;32mI (450) heap_init: At 3FFC4888 len 0001B778 (109 KiB): DRAM[0m
[0;32mI (455) heap_init: At 3FFE0440 len 00003AE0 (14 KiB): D/IRAM[0m
[0;32mI (461) heap_init: At 3FFE4350 len 0001BCB0 (111 KiB): D/IRAM[0m
[0;32mI (466) heap_init: At 40099648 len 000069B8 (26 KiB): IRAM[0m
[0;32mI (473) spi_flash: detected chip: generic[0m
[0;32mI (475) spi_flash: flash io: dio[0m
[0;32mI (479) coexist: coex firmware version: 49a8cdc[0m
[0;32mI (483) main_task: Started on CPU0[0m
[0;32mI (486) main_task: Calling app_main()[0m
[0;32mI (489) gpio: GPIO[12]| InputEn: 0| OutputEn: 0| OpenDrain: 0| Pullup: 1| Pulldown: 0| Intr:0 [0m
D (497) i2c.common: new bus(0) at 0x3ffbd728
[0;32mI (501) I2C SLAVE: Slave initialization complete and ready to receive data[0m
[0;32mI (507) I2C SLAVE:  [0m
ENCODER[1] READING: 0
ENCODER[2] READING: 0
ENCODER[3] READING: 0
ENCODER[4] READING: 0
ENCODER[5] READING: 0
ENCODER[6] READING: 0
ENCODER[7] READING: 0
ENCODER[8] READING: 0
[0;32mI (525) I2C SLAVE: .............[0m

[0;32mI (528) I2C SLAVE: Setting up PWM and PID module [0m
[0;32mI (533) LEDC_PWM_UNIT: setting up LEDC units and chaneels[0m
[0;32mI (538) gpio: GPIO[32]| InputEn: 0| OutputEn: 0| OpenDrain: 0| Pullup: 1| Pulldown: 0| Intr:0 [0m
[0;32mI (546) gpio: GPIO[33]| InputEn: 0| OutputEn: 0| OpenDrain: 0| Pullup: 1| Pulldown: 0| Intr:0 [0m
[0;32mI (555) gpio: GPIO[25]| InputEn: 0| OutputEn: 0| OpenDrain: 0| Pullup: 1| Pulldown: 0| Intr:0 [0m
[0;32mI (563) gpio: GPIO[26]| InputEn: 0| OutputEn: 0| OpenDrain: 0| Pullup: 1| Pulldown: 0| Intr:0 [0m
[0;32mI (571) gpio: GPIO[27]| InputEn: 0| OutputEn: 0| OpenDrain: 0| Pullup: 1| Pulldown: 0| Intr:0 [0m
[0;32mI (579) gpio: GPIO[14]| InputEn: 0| OutputEn: 0| OpenDrain: 0| Pullup: 1| Pulldown: 0| Intr:0 [0m
[0;32mI (588) gpio: GPIO[23]| InputEn: 0| OutputEn: 0| OpenDrain: 0| Pullup: 1| Pulldown: 0| Intr:0 [0m
[0;32mI (596) gpio: GPIO[22]| InputEn: 0| OutputEn: 0| OpenDrain: 0| Pullup: 1| Pulldown: 0| Intr:0 [0m
[0;32mI (604) gpio: GPIO[21]| InputEn: 0| OutputEn: 0| OpenDrain: 0| Pullup: 1| Pulldown: 0| Intr:0 [0m
[0;32mI (613) gpio: GPIO[19]| InputEn: 0| OutputEn: 0| OpenDrain: 0| Pullup: 1| Pulldown: 0| Intr:0 [0m
[0;32mI (621) gpio: GPIO[18]| InputEn: 0| OutputEn: 0| OpenDrain: 0| Pullup: 1| Pulldown: 0| Intr:0 [0m
[0;32mI (629) gpio: GPIO[5]| InputEn: 0| OutputEn: 0| OpenDrain: 0| Pullup: 1| Pulldown: 0| Intr:0 [0m
[0;32mI (638) gpio: GPIO[17]| InputEn: 0| OutputEn: 0| OpenDrain: 0| Pullup: 1| Pulldown: 0| Intr:0 [0m
[0;32mI (646) gpio: GPIO[16]| InputEn: 0| OutputEn: 0| OpenDrain: 0| Pullup: 1| Pulldown: 0| Intr:0 [0m
[0;32mI (654) gpio: GPIO[4]| InputEn: 0| OutputEn: 0| OpenDrain: 0| Pullup: 1| Pulldown: 0| Intr:0 [0m
[0;32mI (663) gpio: GPIO[2]| InputEn: 0| OutputEn: 0| OpenDrain: 0| Pullup: 1| Pulldown: 0| Intr:0 [0m
[0;32mI (672) LEDC_PWM_UNIT: LEDC unit setiing up completed[0m

[0;32mI (676) CASCADE: M[0]: PosT=0.0 Pos=0.0| PWM=0 Dir=0[0m
[0;32mI (680) CASCADE: M[1]: PosT=0.0 Pos=0.0| PWM=0 Dir=0[0m
[0;32mI (685) CASCADE: M[2]: PosT=0.0 Pos=0.0| PWM=0 Dir=0[0m
[0;32mI (690) CASCADE: M[3]: PosT=0.0 Pos=0.0| PWM=0 Dir=0[0m
[0;32mI (695) CASCADE: M[4]: PosT=0.0 Pos=0.0| PWM=0 Dir=0[0m
[0;32mI (699) CASCADE: M[5]: PosT=0.0 Pos=0.0| PWM=0 Dir=0[0m
[0;32mI (704) CASCADE: M[6]: PosT=0.0 Pos=0.0| PWM=0 Dir=0[0m
[0;32mI (709) CASCADE: M[7]: PosT=0.0 Pos=0.0| PWM=0 Dir=0[0m
[0;32mI (713) MOTOR_COMMANDS: settingup the motor comnads[0m
[0;32mI (718) BLE UNIT: setting up BLE unit[0m

[0;32mI (718) MOTOR_COMMANDS: Mode[0][0m
[0;32mI (732) MOTOR_COMMANDS: Mode[0][0m
[0;32mI (736) BTDM_INIT: BT controller compile version [20b459d][0m
[0;32mI (739) BTDM_INIT: Bluetooth MAC: 5c:01:3b:f1:c0:16[0m
