ESP-ROM:esp32s3-20210327
Build:Mar 27 2021
rst:0x1 (POWERON),boot:0xa (SPI_FAST_FLASH_BOOT)
SPIWP:0xee
mode:DIO, clock div:1
load:0x3fce2810,len:0x15a0
load:0x403c8700,len:0x4
load:0x403c8704,len:0xd20
load:0x403cb700,len:0x2ee4
entry 0x403c8928
[0;32mI (27) boot: ESP-IDF v5.4 2nd stage bootloader[0m
[0;32mI (27) boot: compile time Apr  3 2025 20:08:34[0m
[0;32mI (27) boot: Multicore bootloader[0m
[0;32mI (27) boot: chip revision: v0.2[0m
[0;32mI (30) boot: efuse block revision: v1.3[0m
[0;32mI (33) boot.esp32s3: Boot SPI Speed : 80MHz[0m
[0;32mI (37) boot.esp32s3: SPI Mode       : DIO[0m
[0;32mI (41) boot.esp32s3: SPI Flash Size : 2MB[0m
[0;32mI (45) boot: Enabling RNG early entropy source...[0m
[0;32mI (49) boot: Partition Table:[0m
[0;32mI (52) boot: ## Label            Usage          Type ST Offset   Length[0m
[0;32mI (58) boot:  0 nvs              WiFi data        01 02 00009000 00006000[0m
[0;32mI (65) boot:  1 phy_init         RF data          01 01 0000f000 00001000[0m
[0;32mI (71) boot:  2 factory          factory app      00 00 00010000 00100000[0m
[0;32mI (78) boot: End of partition table[0m
[0;32mI (81) esp_image: segment 0: paddr=00010020 vaddr=3c020020 size=0ada8h ( 44456) map[0m
[0;32mI (96) esp_image: segment 1: paddr=0001add0 vaddr=3fc92500 size=02a40h ( 10816) load[0m
[0;32mI (99) esp_image: segment 2: paddr=0001d818 vaddr=40374000 size=02800h ( 10240) load[0m
[0;32mI (105) esp_image: segment 3: paddr=00020020 vaddr=42000020 size=18f94h (102292) map[0m
[0;32mI (129) esp_image: segment 4: paddr=00038fbc vaddr=40376800 size=0bbf8h ( 48120) load[0m
[0;32mI (139) esp_image: segment 5: paddr=00044bbc vaddr=600fe100 size=0001ch (    28) load[0m
[0;32mI (145) boot: Loaded app from partition at offset 0x10000[0m
[0;32mI (145) boot: Disabling RNG early entropy source...[0m
[0;32mI (157) cpu_start: Multicore app[0m
[0;32mI (166) cpu_start: Pro cpu start user code[0m
[0;32mI (166) cpu_start: cpu freq: 160000000 Hz[0m
[0;32mI (166) app_init: Application information:[0m
[0;32mI (166) app_init: Project name:     PCNT_unit_V1.2[0m
[0;32mI (171) app_init: App version:      v5.4[0m
[0;32mI (174) app_init: Compile time:     Apr  3 2025 20:08:22[0m
[0;32mI (180) app_init: ELF file SHA256:  3d2114520...[0m
[0;32mI (184) app_init: ESP-IDF:          v5.4[0m
[0;32mI (187) efuse_init: Min chip rev:     v0.0[0m
[0;32mI (191) efuse_init: Max chip rev:     v0.99 [0m
[0;32mI (195) efuse_init: Chip rev:         v0.2[0m
[0;32mI (199) heap_init: Initializing. RAM available for dynamic allocation:[0m
[0;32mI (206) heap_init: At 3FC95820 len 00053EF0 (335 KiB): RAM[0m
[0;32mI (211) heap_init: At 3FCE9710 len 00005724 (21 KiB): RAM[0m
[0;32mI (216) heap_init: At 3FCF0000 len 00008000 (32 KiB): DRAM[0m
[0;32mI (221) heap_init: At 600FE11C len 00001ECC (7 KiB): RTCRAM[0m
[0;32mI (227) spi_flash: detected chip: boya[0m
[0;32mI (230) spi_flash: flash io: dio[0m
[0;33mW (233) spi_flash: Detected size(16384k) larger than the size in the binary image header(2048k). Using the size in the binary image header.[0m
[0;32mI (245) sleep_gpio: Configure to isolate all GPIO pins in sleep state[0m
[0;32mI (251) sleep_gpio: Enable automatic switching of GPIO sleep configuration[0m
[0;32mI (258) main_task: Started on CPU0[0m
[0;32mI (278) main_task: Calling app_main()[0m
[0;32mI (278) PCNT: setting up PCNT units and chaneels[0m
[0;32mI (278) PCNT: install pcnt unit1[0m
[0;32mI (278) PCNT: set glitch filter for unit1[0m
[0;32mI (278) PCNT: install pcnt channels of unit1[0m
[0;32mI (288) PCNT: set edge and level actions for pcnt channels of unit1[0m
[0;32mI (288) PCNT: enable pcnt unit1[0m
[0;32mI (298) PCNT: clear pcnt unit1[0m
[0;32mI (298) PCNT: start pcnt unit1[0m
[0;32mI (298) PCNT: install pcnt unit2[0m
[0;32mI (308) PCNT: set glitch filter for unit2[0m
[0;32mI (308) PCNT: install pcnt channels of unit2[0m
[0;32mI (308) PCNT: set edge and level actions for pcnt channels of unit2[0m
[0;32mI (318) PCNT: enable pcnt unit2[0m
[0;32mI (318) PCNT: clear pcnt unit2[0m
[0;32mI (318) PCNT: start pcnt unit2[0m
[0;32mI (328) PCNT: install pcnt unit3[0m
[0;32mI (328) PCNT: set glitch filter for unit3[0m
[0;32mI (328) PCNT: install pcnt channels of unit3[0m
[0;32mI (338) PCNT: set edge and level actions for pcnt channels of unit3[0m
[0;32mI (338) PCNT: enable pcnt unit3[0m
[0;32mI (348) PCNT: clear pcnt unit3[0m
[0;32mI (348) PCNT: start pcnt unit3[0m
[0;32mI (348) PCNT: install pcnt unit4[0m
[0;32mI (358) PCNT: set glitch filter for unit4[0m
[0;32mI (358) PCNT: install pcnt channels of unit4[0m
[0;32mI (358) PCNT: set edge and level actions for pcnt channels of unit4[0m
[0;32mI (368) PCNT: enable pcnt unit4[0m
[0;32mI (368) PCNT: clear pcnt unit4[0m
[0;32mI (368) PCNT: start pcnt unit4[0m
[0;32mI (378) PCNT: setting up Ques[0m
[0;32mI (378) PCNT: setting up Tasks[0m
[1;31mE (5278) task_wdt: Task watchdog got triggered. The following tasks/users did not reset the watchdog in time:[0m
[1;31mE (5278) task_wdt:  - IDLE0 (CPU 0)[0m
[1;31mE (5278) task_wdt: Tasks currently running:[0m
[1;31mE (5278) task_wdt: CPU 0: Read_Task[0m
[1;31mE (5278) task_wdt: CPU 1: IDLE1[0m
[1;31mE (5278) task_wdt: Print CPU 0 (current core) backtrace[0m


Backtrace: 0x4200B2AE:0x3FC935B0 0x4200B6C4:0x3FC935D0 0x4037726D:0x3FC93600 0x4037C2BA:0x3FC99DE0 0x42009621:0x3FC99E00 0x4037A689:0x3FC99E20

