ets Jun  8 2016 00:22:57

rst:0x1 (POWERON_RESET),boot:0x13 (SPI_FAST_FLASH_BOOT)
configsip: 0, SPIWP:0xee
clk_drv:0x00,q_drv:0x00,d_drv:0x00,cs0_drv:0x00,hd_drv:0x00,wp_drv:0x00
mode:DIO, clock div:2
load:0x3fff0030,len:6276
load:0x40078000,len:15716
load:0x40080400,len:4
ho 8 tail 4 room 4
load:0x40080404,len:3860
entry 0x4008063c
[0;32mI (30) boot: ESP-IDF v5.4-dirty 2nd stage bootloader[0m
[0;32mI (30) boot: compile time Dec 15 2025 11:24:30[0m
[0;32mI (30) boot: Multicore bootloader[0m
[0;32mI (32) boot: chip revision: v1.1[0m
[0;32mI (35) boot.esp32: SPI Speed      : 40MHz[0m
[0;32mI (39) boot.esp32: SPI Mode       : DIO[0m
[0;32mI (42) boot.esp32: SPI Flash Size : 16MB[0m
[0;32mI (46) boot: Enabling RNG early entropy source...[0m
[0;32mI (50) boot: Partition Table:[0m
[0;32mI (53) boot: ## Label            Usage          Type ST Offset   Length[0m
[0;32mI (59) boot:  0 nvs              WiFi data        01 02 00009000 00006000[0m
[0;32mI (66) boot:  1 phy_init         RF data          01 01 0000f000 00001000[0m
[0;32mI (72) boot:  2 factory          factory app      00 00 00010000 00100000[0m
[0;32mI (79) boot: End of partition table[0m
[0;32mI (82) esp_image: segment 0: paddr=00010020 vaddr=3f400020 size=21664h (136804) map[0m
[0;32mI (136) esp_image: segment 1: paddr=0003168c vaddr=3ff80000 size=0001ch (    28) load[0m
[0;32mI (137) esp_image: segment 2: paddr=000316b0 vaddr=3ffbdb60 size=0518ch ( 20876) load[0m
[0;32mI (148) esp_image: segment 3: paddr=00036844 vaddr=40080000 size=097d4h ( 38868) load[0m
[0;32mI (163) esp_image: segment 4: paddr=00040020 vaddr=400d0020 size=825a4h (533924) map[0m
[0;32mI (346) esp_image: segment 5: paddr=000c25cc vaddr=400897d4 size=1031ch ( 66332) load[0m
[0;32mI (384) boot: Loaded app from partition at offset 0x10000[0m
[0;32mI (384) boot: Disabling RNG early entropy source...[0m
[0;32mI (395) cpu_start: Multicore app[0m
[0;32mI (403) cpu_start: Pro cpu start user code[0m
[0;32mI (403) cpu_start: cpu freq: 160000000 Hz[0m
[0;32mI (403) app_init: Application information:[0m
[0;32mI (403) app_init: Project name:     control_1.8[0m
[0;32mI (408) app_init: App version:      ffc465069-dirty[0m
[0;32mI (412) app_init: Compile time:     Mar  1 2026 19:36:20[0m
[0;32mI (417) app_init: ELF file SHA256:  8814a05f4...[0m
[0;32mI (422) app_init: ESP-IDF:          v5.4-dirty[0m
[0;32mI (426) efuse_init: Min chip rev:     v0.0[0m
[0;32mI (430) efuse_init: Max chip rev:     v3.99 [0m
[0;32mI (434) efuse_init: Chip rev:         v1.1[0m
[0;32mI (438) heap_init: Initializing. RAM available for dynamic allocation:[0m
[0;32mI (444) heap_init: At 3FFAFF10 len 000000F0 (0 KiB): DRAM[0m
[0;32mI (449) heap_init: At 3FFB6388 len 00001C78 (7 KiB): DRAM[0m
[0;32mI (454) heap_init: At 3FFB9A20 len 00004108 (16 KiB): DRAM[0m
[0;32mI (459) heap_init: At 3FFC7BB0 len 00018450 (97 KiB): DRAM[0m
[0;32mI (464) heap_init: At 3FFE0440 len 00003AE0 (14 KiB): D/IRAM[0m
[0;32mI (470) heap_init: At 3FFE4350 len 0001BCB0 (111 KiB): D/IRAM[0m
[0;32mI (475) heap_init: At 40099AF0 len 00006510 (25 KiB): IRAM[0m
[0;32mI (482) spi_flash: detected chip: generic[0m
[0;32mI (484) spi_flash: flash io: dio[0m
[0;32mI (488) coexist: coex firmware version: 49a8cdc[0m
[0;32mI (492) main_task: Started on CPU0[0m
[0;32mI (495) main_task: Calling app_main()[0m
[0;32mI (497) UART MASTER: decorder initialization begins[0m
[0;32mI (502) gpio: GPIO[12]| InputEn: 0| OutputEn: 0| OpenDrain: 0| Pullup: 1| Pulldown: 0| Intr:0 [0m
[0;32mI (1010) PCNT: setting up PCNT units and chanels[0m
[0;32mI (1010) gpio: GPIO[32]| InputEn: 0| OutputEn: 0| OpenDrain: 0| Pullup: 1| Pulldown: 0| Intr:0 [0m
[0;32mI (1011) gpio: GPIO[33]| InputEn: 0| OutputEn: 0| OpenDrain: 0| Pullup: 1| Pulldown: 0| Intr:0 [0m
[0;32mI (1020) PCNT: install pcnt unit1[0m
[0;32mI (1023) PCNT: set glitch filter for unit1[0m
[0;32mI (1027) PCNT: install pcnt channels of unit1[0m
[0;32mI (1031) PCNT: set edge and level actions for pcnt channels of unit1[0m
[0;32mI (1037) PCNT: enable pcnt unit1[0m
[0;32mI (1040) PCNT: clear pcnt unit1[0m
[0;32mI (1043) PCNT: start pcnt unit1[0m
[0;32mI (1046) gpio: GPIO[25]| InputEn: 0| OutputEn: 0| OpenDrain: 0| Pullup: 1| Pulldown: 0| Intr:0 [0m
[0;32mI (1054) gpio: GPIO[26]| InputEn: 0| OutputEn: 0| OpenDrain: 0| Pullup: 1| Pulldown: 0| Intr:0 [0m
[0;32mI (1062) PCNT: install pcnt unit2[0m
[0;32mI (1066) PCNT: set glitch filter for unit2[0m
[0;32mI (1069) PCNT: install pcnt channels of unit2[0m
[0;32mI (1073) PCNT: set edge and level actions for pcnt channels of unit2[0m
[0;32mI (1079) PCNT: enable pcnt unit2[0m
[0;32mI (1082) PCNT: clear pcnt unit2[0m
[0;32mI (1085) PCNT: start pcnt unit2[0m
[0;32mI (1088) gpio: GPIO[27]| InputEn: 0| OutputEn: 0| OpenDrain: 0| Pullup: 1| Pulldown: 0| Intr:0 [0m
[0;32mI (1096) gpio: GPIO[14]| InputEn: 0| OutputEn: 0| OpenDrain: 0| Pullup: 1| Pulldown: 0| Intr:0 [0m
[0;32mI (1105) PCNT: install pcnt unit3[0m
[0;32mI (1108) PCNT: set glitch filter for unit3[0m
[0;32mI (1112) PCNT: install pcnt channels of unit3[0m
[0;32mI (1116) PCNT: set edge and level actions for pcnt channels of unit3[0m
[0;32mI (1122) PCNT: enable pcnt unit3[0m
[0;32mI (1125) PCNT: clear pcnt unit3[0m
[0;32mI (1128) PCNT: start pcnt unit3[0m
[0;32mI (1131) gpio: GPIO[23]| InputEn: 0| OutputEn: 0| OpenDrain: 0| Pullup: 1| Pulldown: 0| Intr:0 [0m
[0;32mI (1139) gpio: GPIO[22]| InputEn: 0| OutputEn: 0| OpenDrain: 0| Pullup: 1| Pulldown: 0| Intr:0 [0m
[0;32mI (1147) PCNT: install pcnt unit4[0m
[0;32mI (1151) PCNT: set glitch filter for unit4[0m
[0;32mI (1154) PCNT: install pcnt channels of unit4[0m
[0;32mI (1158) PCNT: set edge and level actions for pcnt channels of unit4[0m
[0;32mI (1164) PCNT: enable pcnt unit4[0m
[0;32mI (1167) PCNT: clear pcnt unit4[0m
[0;32mI (1170) PCNT: start pcnt unit4[0m
[0;32mI (1173) gpio: GPIO[21]| InputEn: 0| OutputEn: 0| OpenDrain: 0| Pullup: 1| Pulldown: 0| Intr:0 [0m
[0;32mI (1182) gpio: GPIO[19]| InputEn: 0| OutputEn: 0| OpenDrain: 0| Pullup: 1| Pulldown: 0| Intr:0 [0m
[0;32mI (1190) PCNT: install pcnt unit5[0m
[0;32mI (1193) PCNT: set glitch filter for unit5[0m
[0;32mI (1197) PCNT: install pcnt channels of unit5[0m
[0;32mI (1201) PCNT: set edge and level actions for pcnt channels of unit5[0m
[0;32mI (1207) PCNT: enable pcnt unit5[0m
[0;32mI (1210) PCNT: clear pcnt unit5[0m
[0;32mI (1213) PCNT: start pcnt unit5[0m
[0;32mI (1216) gpio: GPIO[18]| InputEn: 0| OutputEn: 0| OpenDrain: 0| Pullup: 1| Pulldown: 0| Intr:0 [0m
[0;32mI (1224) gpio: GPIO[5]| InputEn: 0| OutputEn: 0| OpenDrain: 0| Pullup: 1| Pulldown: 0| Intr:0 [0m
[0;32mI (1232) PCNT: install pcnt unit6[0m
[0;32mI (1236) PCNT: set glitch filter for unit6[0m
[0;32mI (1239) PCNT: install pcnt channels of unit6[0m
[0;32mI (1243) PCNT: set edge and level actions for pcnt channels of unit6[0m
[0;32mI (1249) PCNT: enable pcnt unit6[0m
[0;32mI (1252) PCNT: clear pcnt unit6[0m
[0;32mI (1255) PCNT: start pcnt unit6[0m
[0;32mI (1258) gpio: GPIO[17]| InputEn: 0| OutputEn: 0| OpenDrain: 0| Pullup: 1| Pulldown: 0| Intr:0 [0m
[0;32mI (1266) gpio: GPIO[16]| InputEn: 0| OutputEn: 0| OpenDrain: 0| Pullup: 1| Pulldown: 0| Intr:0 [0m
[0;32mI (1275) PCNT: install pcnt unit7[0m
[0;32mI (1278) PCNT: set glitch filter for unit7[0m
[0;32mI (1282) PCNT: install pcnt channels of unit7[0m
[0;32mI (1286) PCNT: set edge and level actions for pcnt channels of unit7[0m
[0;32mI (1292) PCNT: enable pcnt unit7[0m
[0;32mI (1295) PCNT: clear pcnt unit7[0m
[0;32mI (1298) PCNT: start pcnt unit7[0m
[0;32mI (1301) gpio: GPIO[4]| InputEn: 0| OutputEn: 0| OpenDrain: 0| Pullup: 1| Pulldown: 0| Intr:0 [0m
[0;32mI (1309) gpio: GPIO[2]| InputEn: 0| OutputEn: 0| OpenDrain: 0| Pullup: 1| Pulldown: 0| Intr:0 [0m
[0;32mI (1317) PCNT: install pcnt unit8[0m
[0;32mI (1320) PCNT: set glitch filter for unit8[0m
[0;32mI (1324) PCNT: install pcnt channels of unit8[0m
[0;32mI (1328) PCNT: set edge and level actions for pcnt channels of unit8[0m
[0;32mI (1334) PCNT: enable pcnt unit8[0m
[0;32mI (1337) PCNT: clear pcnt unit8[0m
[0;32mI (1340) PCNT: start pcnt unit8[0m
[0;32mI (1343) PCNT: PCNT unit setiing up completed[0m

[0;32mI (1347) PCNT: setting up   pcnt Que[0m
[0;32mI (1350) PCNT: setting up PCNT Read_Tasks[0m
[0;32mI (1354) PCNT: PCNT Task Initialization Complete. Tasks running.[0m
[0;32mI (1370) UART: setting up UART [0m
[0;32mI (1370) UART: setting up UART MASTER device[0m
[0;32mI (1370) uart: ESP_INTR_FLAG_IRAM flag not set while CONFIG_UART_ISR_IN_IRAM is enabled, flag updated[0m
[0;32mI (1376) uart: queue free spaces: 20[0m
[0;32mI (1380) UART: UART initialized with DMA, 2000000 bps[0m
[0;32mI (1384) UART: setting up UART MASTER device Complete[0m
[0;32mI (1391) BLE: Setting up BLE unit[0m
[0;32mI (1401) BTDM_INIT: BT controller compile version [20b459d][0m
[0;32mI (1403) BTDM_INIT: Bluetooth MAC: 5c:01:3b:f1:c0:22[0m
[0;32mI (1406) phy_init: phy_version 4840,02e0d70,Sep  2 2024,19:39:07[0m
I BOD: Brownout detector was triggered


ets Jun  8 2016 00:22:57

rst:0x3 (SW_RESET),boot:0x13 (SPI_FAST_FLASH_BOOT)
configsip: 0, SPIWP:0xee
clk_drv:0x00,q_drv:0x00,d_drv:0x00,cs0_drv:0x00,hd_drv:0x00,wp_drv:0x00
mode:DIO, clock div:2
load:0x3fff0030,len:6276
load:0x40078000,len:15716
load:0x40080400,len:4
ho 8 tail 4 room 4
load:0x40080404,len:3860
entry 0x4008063c
[0;32mI (60) boot: ESP-IDF v5.4-dirty 2nd stage bootloader[0m
[0;32mI (60) boot: compile time Dec 15 2025 11:24:30[0m
[0;32mI (60) boot: Multicore bootloader[0m
[0;32mI (62) boot: chip revision: v1.1[0m
[0;32mI (326) boot.esp32: SPI Speed      : 40MHz[0m
[0;32mI (326) boot.esp32: SPI Mode       : DIO[0m
[0;32mI (326) boot.esp32: SPI Flash Size : 16MB[0m
[0;32mI (326) boot: Enabling RNG early entropy source...[0m
[0;32mI (330) boot: Partition Table:[0m
[0;32mI (333) boot: ## Label            Usage          Type ST Offset   Length[0m
[0;32mI (340) boot:  0 nvs              WiFi data        01 02 00009000 00006000[0m
[0;32mI (346) boot:  1 phy_init         RF data          01 01 0000f000 00001000[0m
[0;32mI (353) boot:  2 factory          factory app      00 00 00010000 00100000[0m
[0;32mI (359) boot: End of partition table[0m
[0;32mI (363) esp_image: segment 0: paddr=00010020 vaddr=3f400020 size=21664h (136804) map[0m
[0;32mI (417) esp_image: segment 1: paddr=0003168c vaddr=3ff80000 size=0001ch (    28) load[0m
[0;32mI (417) esp_image: segment 2: paddr=000316b0 vaddr=3ffbdb60 size=0518ch ( 20876) load[0m
[0;32mI (429) esp_image: segment 3: paddr=00036844 vaddr=40080000 size=097d4h ( 38868) load[0m
[0;32mI (444) esp_image: segment 4: paddr=00040020 vaddr=400d0020 size=825a4h (533924) map[0m
[0;32mI (627) esp_image: segment 5: paddr=000c25cc vaddr=400897d4 size=1031ch ( 66332) load[0m
[0;32mI (665) boot: Loaded app from partition at offset 0x10000[0m
[0;32mI (665) boot: Disabling RNG early entropy source...[0m
[0;32mI (676) cpu_start: Multicore app[0m
[0;32mI (684) cpu_start: Pro cpu start user code[0m
[0;32mI (684) cpu_start: cpu freq: 160000000 Hz[0m
[0;32mI (684) app_init: Application information:[0m
[0;32mI (684) app_init: Project name:     control_1.8[0m
[0;32mI (688) app_init: App version:      ffc465069-dirty[0m
[0;32mI (693) app_init: Compile time:     Mar  1 2026 19:36:20[0m
[0;32mI (698) app_init: ELF file SHA256:  8814a05f4...[0m
[0;32mI (702) app_init: ESP-IDF:          v5.4-dirty[0m
[0;32mI (707) efuse_init: Min chip rev:     v0.0[0m
[0;32mI (710) efuse_init: Max chip rev:     v3.99 [0m
[0;32mI (714) efuse_init: Chip rev:         v1.1[0m
[0;32mI (719) heap_init: Initializing. RAM available for dynamic allocation:[0m
[0;32mI (725) heap_init: At 3FFAFF10 len 000000F0 (0 KiB): DRAM[0m
[0;32mI (730) heap_init: At 3FFB6388 len 00001C78 (7 KiB): DRAM[0m
[0;32mI (735) heap_init: At 3FFB9A20 len 00004108 (16 KiB): DRAM[0m
[0;32mI (740) heap_init: At 3FFC7BB0 len 00018450 (97 KiB): DRAM[0m
[0;32mI (745) heap_init: At 3FFE0440 len 00003AE0 (14 KiB): D/IRAM[0m
[0;32mI (750) heap_init: At 3FFE4350 len 0001BCB0 (111 KiB): D/IRAM[0m
[0;32mI (756) heap_init: At 40099AF0 len 00006510 (25 KiB): IRAM[0m
[0;32mI (763) spi_flash: detected chip: generic[0m
[0;32mI (765) spi_flash: flash io: dio[0m
[0;32mI (769) coexist: coex firmware version: 49a8cdc[0m
[0;32mI (773) main_task: Started on CPU0[0m
[0;32mI (776) main_task: Calling app_main()[0m
[0;32mI (778) UART MASTER: decorder initialization begins[0m
[0;32mI (783) gpio: GPIO[12]| InputEn: 0| OutputEn: 0| OpenDrain: 0| Pullup: 1| Pulldown: 0| Intr:0 [0m
[0;32mI (1291) PCNT: setting up PCNT units and chanels[0m
[0;32mI (1291) gpio: GPIO[32]| InputEn: 0| OutputEn: 0| OpenDrain: 0| Pullup: 1| Pulldown: 0| Intr:0 [0m
[0;32mI (1292) gpio: GPIO[33]| InputEn: 0| OutputEn: 0| OpenDrain: 0| Pullup: 1| Pulldown: 0| Intr:0 [0m
[0;32mI (1301) PCNT: install pcnt unit1[0m
[0;32mI (1304) PCNT: set glitch filter for unit1[0m
[0;32mI (1308) PCNT: install pcnt channels of unit1[0m
[0;32mI (1312) PCNT: set edge and level actions for pcnt channels of unit1[0m
[0;32mI (1318) PCNT: enable pcnt unit1[0m
[0;32mI (1321) PCNT: clear pcnt unit1[0m
[0;32mI (1324) PCNT: start pcnt unit1[0m
[0;32mI (1327) gpio: GPIO[25]| InputEn: 0| OutputEn: 0| OpenDrain: 0| Pullup: 1| Pulldown: 0| Intr:0 [0m
[0;32mI (1335) gpio: GPIO[26]| InputEn: 0| OutputEn: 0| OpenDrain: 0| Pullup: 1| Pulldown: 0| Intr:0 [0m
[0;32mI (1343) PCNT: install pcnt unit2[0m
[0;32mI (1347) PCNT: set glitch filter for unit2[0m
[0;32mI (1350) PCNT: install pcnt channels of unit2[0m
[0;32mI (1354) PCNT: set edge and level actions for pcnt channels of unit2[0m
[0;32mI (1360) PCNT: enable pcnt unit2[0m
[0;32mI (1363) PCNT: clear pcnt unit2[0m
[0;32mI (1366) PCNT: start pcnt unit2[0m
[0;32mI (1369) gpio: GPIO[27]| InputEn: 0| OutputEn: 0| OpenDrain: 0| Pullup: 1| Pulldown: 0| Intr:0 [0m
[0;32mI (1377) gpio: GPIO[14]| InputEn: 0| OutputEn: 0| OpenDrain: 0| Pullup: 1| Pulldown: 0| Intr:0 [0m
[0;32mI (1386) PCNT: install pcnt unit3[0m
[0;32mI (1389) PCNT: set glitch filter for unit3[0m
[0;32mI (1393) PCNT: install pcnt channels of unit3[0m
[0;32mI (1397) PCNT: set edge and level actions for pcnt channels of unit3[0m
[0;32mI (1403) PCNT: enable pcnt unit3[0m
[0;32mI (1406) PCNT: clear pcnt unit3[0m
[0;32mI (1409) PCNT: start pcnt unit3[0m
[0;32mI (1412) gpio: GPIO[23]| InputEn: 0| OutputEn: 0| OpenDrain: 0| Pullup: 1| Pulldown: 0| Intr:0 [0m
[0;32mI (1420) gpio: GPIO[22]| InputEn: 0| OutputEn: 0| OpenDrain: 0| Pullup: 1| Pulldown: 0| Intr:0 [0m
[0;32mI (1428) PCNT: install pcnt unit4[0m
[0;32mI (1432) PCNT: set glitch filter for unit4[0m
[0;32mI (1435) PCNT: install pcnt channels of unit4[0m
[0;32mI (1439) PCNT: set edge and level actions for pcnt channels of unit4[0m
[0;32mI (1445) PCNT: enable pcnt unit4[0m
[0;32mI (1448) PCNT: clear pcnt unit4[0m
[0;32mI (1451) PCNT: start pcnt unit4[0m
[0;32mI (1454) gpio: GPIO[21]| InputEn: 0| OutputEn: 0| OpenDrain: 0| Pullup: 1| Pulldown: 0| Intr:0 [0m
[0;32mI (1463) gpio: GPIO[19]| InputEn: 0| OutputEn: 0| OpenDrain: 0| Pullup: 1| Pulldown: 0| Intr:0 [0m
[0;32mI (1471) PCNT: install pcnt unit5[0m
[0;32mI (1474) PCNT: set glitch filter for unit5[0m
[0;32mI (1478) PCNT: install pcnt channels of unit5[0m
[0;32mI (1482) PCNT: set edge and level actions for pcnt channels of unit5[0m
[0;32mI (1488) PCNT: enable pcnt unit5[0m
[0;32mI (1491) PCNT: clear pcnt unit5[0m
[0;32mI (1494) PCNT: start pcnt unit5[0m
[0;32mI (1497) gpio: GPIO[18]| InputEn: 0| OutputEn: 0| OpenDrain: 0| Pullup: 1| Pulldown: 0| Intr:0 [0m
[0;32mI (1505) gpio: GPIO[5]| InputEn: 0| OutputEn: 0| OpenDrain: 0| Pullup: 1| Pulldown: 0| Intr:0 [0m
[0;32mI (1513) PCNT: install pcnt unit6[0m
[0;32mI (1517) PCNT: set glitch filter for unit6[0m
[0;32mI (1520) PCNT: install pcnt channels of unit6[0m
[0;32mI (1524) PCNT: set edge and level actions for pcnt channels of unit6[0m
[0;32mI (1530) PCNT: enable pcnt unit6[0m
[0;32mI (1533) PCNT: clear pcnt unit6[0m
[0;32mI (1536) PCNT: start pcnt unit6[0m
[0;32mI (1539) gpio: GPIO[17]| InputEn: 0| OutputEn: 0| OpenDrain: 0| Pullup: 1| Pulldown: 0| Intr:0 [0m
[0;32mI (1547) gpio: GPIO[16]| InputEn: 0| OutputEn: 0| OpenDrain: 0| Pullup: 1| Pulldown: 0| Intr:0 [0m
[0;32mI (1556) PCNT: install pcnt unit7[0m
[0;32mI (1559) PCNT: set glitch filter for unit7[0m
[0;32mI (1563) PCNT: install pcnt channels of unit7[0m
[0;32mI (1567) PCNT: set edge and level actions for pcnt channels of unit7[0m
[0;32mI (1573) PCNT: enable pcnt unit7[0m
[0;32mI (1576) PCNT: clear pcnt unit7[0m
[0;32mI (1579) PCNT: start pcnt unit7[0m
[0;32mI (1582) gpio: GPIO[4]| InputEn: 0| OutputEn: 0| OpenDrain: 0| Pullup: 1| Pulldown: 0| Intr:0 [0m
[0;32mI (1590) gpio: GPIO[2]| InputEn: 0| OutputEn: 0| OpenDrain: 0| Pullup: 1| Pulldown: 0| Intr:0 [0m
[0;32mI (1598) PCNT: install pcnt unit8[0m
[0;32mI (1601) PCNT: set glitch filter for unit8[0m
[0;32mI (1605) PCNT: install pcnt channels of unit8[0m
[0;32mI (1609) PCNT: set edge and level actions for pcnt channels of unit8[0m
[0;32mI (1615) PCNT: enable pcnt unit8[0m
[0;32mI (1618) PCNT: clear pcnt unit8[0m
[0;32mI (1621) PCNT: start pcnt unit8[0m
[0;32mI (1624) PCNT: PCNT unit setiing up completed[0m

[0;32mI (1628) PCNT: setting up   pcnt Que[0m
[0;32mI (1631) PCNT: setting up PCNT Read_Tasks[0m
[0;32mI (1635) PCNT: PCNT Task Initialization Complete. Tasks running.[0m
[0;32mI (1651) UART: setting up UART [0m
[0;32mI (1651) UART: setting up UART MASTER device[0m
[0;32mI (1651) uart: ESP_INTR_FLAG_IRAM flag not set while CONFIG_UART_ISR_IN_IRAM is enabled, flag updated[0m
[0;32mI (1657) uart: queue free spaces: 20[0m
[0;32mI (1661) UART: UART initialized with DMA, 2000000 bps[0m
[0;32mI (1665) UART: setting up UART MASTER device Complete[0m
[0;32mI (1672) BLE: Setting up BLE unit[0m
[0;32mI (1682) BTDM_INIT: BT controller compile version [20b459d][0m
[0;32mI (1684) BTDM_INIT: Bluetooth MAC: 5c:01:3b:f1:c0:22[0m
[0;32mI (1687) phy_init: phy_version 4840,02e0d70,Sep  2 2024,19:39:07[0m
I BOD: Brownout detector was triggered


ets Jun  8 2016 00:22:57

rst:0x3 (SW_RESET),boot:0x13 (SPI_FAST_FLASH_BOOT)
configsip: 0, SPIWP:0xee
clk_drv:0x00,q_drv:0x00,d_drv:0x00,cs0_drv:0x00,hd_drv:0x00,wp_drv:0x00
mode:DIO, clock div:2
load:0x3fff0030,len:6276
load:0x40078000,len:15716
load:0x40080400,len:4
ho 8 tail 4 room 4
load:0x40080404,len:3860
entry 0x4008063c
[0;32mI (60) boot: ESP-IDF v5.4-dirty 2nd stage bootloader[0m
[0;32mI (60) boot: compile time Dec 15 2025 11:24:30[0m
[0;32mI (60) boot: Multicore bootloader[0m
[0;32mI (62) boot: chip revision: v1.1[0m
[0;32mI (338) boot.esp32: SPI Speed      : 40MHz[0m
[0;32mI (338) boot.esp32: SPI Mode       : DIO[0m
[0;32mI (338) boot.esp32: SPI Flash Size : 16MB[0m
[0;32mI (338) boot: Enabling RNG early entropy source...[0m
[0;32mI (342) boot: Partition Table:[0m
[0;32mI (345) boot: ## Label            Usage          Type ST Offset   Length[0m
[0;32mI (351) boot:  0 nvs              WiFi data        01 02 00009000 00006000[0m
[0;32mI (358) boot:  1 phy_init         RF data          01 01 0000f000 00001000[0m
[0;32mI (364) boot:  2 factory          factory app      00 00 00010000 00100000[0m
[0;32mI (371) boot: End of partition table[0m
[0;32mI (374) esp_image: segment 0: paddr=00010020 vaddr=3f400020 size=21664h (136804) map[0m
[0;32mI (429) esp_image: segment 1: paddr=0003168c vaddr=3ff80000 size=0001ch (    28) load[0m
[0;32mI (429) esp_image: segment 2: paddr=000316b0 vaddr=3ffbdb60 size=0518ch ( 20876) load[0m
[0;32mI (440) esp_image: segment 3: paddr=00036844 vaddr=40080000 size=097d4h ( 38868) load[0m
[0;32mI (456) esp_image: segment 4: paddr=00040020 vaddr=400d0020 size=825a4h (533924) map[0m
[0;32mI (638) esp_image: segment 5: paddr=000c25cc vaddr=400897d4 size=1031ch ( 66332) load[0m
[0;32mI (677) boot: Loaded app from partition at offset 0x10000[0m
[0;32mI (677) boot: Disabling RNG early entropy source...[0m
[0;32mI (687) cpu_start: Multicore app[0m
[0;32mI (696) cpu_start: Pro cpu start user code[0m
[0;32mI (696) cpu_start: cpu freq: 160000000 Hz[0m
[0;32mI (696) app_init: Application information:[0m
[0;32mI (696) app_init: Project name:     control_1.8[0m
[0;32mI (700) app_init: App version:      ffc465069-dirty[0m
[0;32mI (705) app_init: Compile time:     Mar  1 2026 19:36:20[0m
[0;32mI (710) app_init: ELF file SHA256:  8814a05f4...[0m
[0;32mI (714) app_init: ESP-IDF:          v5.4-dirty[0m
[0;32mI (718) efuse_init: Min chip rev:     v0.0[0m
[0;32mI (722) efuse_init: Max chip rev:     v3.99 [0m
[0;32mI (726) efuse_init: Chip rev:         v1.1[0m
[0;32mI (730) heap_init: Initializing. RAM available for dynamic allocation:[0m
[0;32mI (736) heap_init: At 3FFAFF10 len 000000F0 (0 KiB): DRAM[0m
[0;32mI (741) heap_init: At 3FFB6388 len 00001C78 (7 KiB): DRAM[0m
[0;32mI (746) heap_init: At 3FFB9A20 len 00004108 (16 KiB): DRAM[0m
[0;32mI (752) heap_init: At 3FFC7BB0 len 00018450 (97 KiB): DRAM[0m
[0;32mI (757) heap_init: At 3FFE0440 len 00003AE0 (14 KiB): D/IRAM[0m
[0;32mI (762) heap_init: At 3FFE4350 len 0001BCB0 (111 KiB): D/IRAM[0m
[0;32mI (768) heap_init: At 40099AF0 len 00006510 (25 KiB): IRAM[0m
[0;32mI (774) spi_flash: detected chip: generic[0m
[0;32mI (777) spi_flash: flash io: dio[0m
[0;32mI (781) coexist: coex firmware version: 49a8cdc[0m
[0;32mI (785) main_task: Started on CPU0[0m
[0;32mI (788) main_task: Calling app_main()[0m
[0;32mI (790) UART MASTER: decorder initialization begins[0m
[0;32mI (795) gpio: GPIO[12]| InputEn: 0| OutputEn: 0| OpenDrain: 0| Pullup: 1| Pulldown: 0| Intr:0 [0m
[0;32mI (1303) PCNT: setting up PCNT units and chanels[0m
[0;32mI (1303) gpio: GPIO[32]| InputEn: 0| OutputEn: 0| OpenDrain: 0| Pullup: 1| Pulldown: 0| Intr:0 [0m
[0;32mI (1304) gpio: GPIO[33]| InputEn: 0| OutputEn: 0| OpenDrain: 0| Pullup: 1| Pulldown: 0| Intr:0 [0m
[0;32mI (1313) PCNT: install pcnt unit1[0m
[0;32mI (1316) PCNT: set glitch filter for unit1[0m
[0;32mI (1320) PCNT: install pcnt channels of unit1[0m
[0;32mI (1324) PCNT: set edge and level actions for pcnt channels of unit1[0m
[0;32mI (1330) PCNT: enable pcnt unit1[0m
[0;32mI (1333) PCNT: clear pcnt unit1[0m
[0;32mI (1336) PCNT: start pcnt unit1[0m
[0;32mI (1339) gpio: GPIO[25]| InputEn: 0| OutputEn: 0| OpenDrain: 0| Pullup: 1| Pulldown: 0| Intr:0 [0m
[0;32mI (1347) gpio: GPIO[26]| InputEn: 0| OutputEn: 0| OpenDrain: 0| Pullup: 1| Pulldown: 0| Intr:0 [0m
[0;32mI (1355) PCNT: install pcnt unit2[0m
[0;32mI (1359) PCNT: set glitch filter for unit2[0m
[0;32mI (1362) PCNT: install pcnt channels of unit2[0m
[0;32mI (1366) PCNT: set edge and level actions for pcnt channels of unit2[0m
[0;32mI (1372) PCNT: enable pcnt unit2[0m
[0;32mI (1375) PCNT: clear pcnt unit2[0m
[0;32mI (1378) PCNT: start pcnt unit2[0m
[0;32mI (1381) gpio: GPIO[27]| InputEn: 0| OutputEn: 0| OpenDrain: 0| Pullup: 1| Pulldown: 0| Intr:0 [0m
[0;32mI (1389) gpio: GPIO[14]| InputEn: 0| OutputEn: 0| OpenDrain: 0| Pullup: 1| Pulldown: 0| Intr:0 [0m
[0;32mI (1398) PCNT: install pcnt unit3[0m
[0;32mI (1401) PCNT: set glitch filter for unit3[0m
[0;32mI (1405) PCNT: install pcnt channels of unit3[0m
[0;32mI (1409) PCNT: set edge and level actions for pcnt channels of unit3[0m
[0;32mI (1415) PCNT: enable pcnt unit3[0m
[0;32mI (1418) PCNT: clear pcnt unit3[0m
[0;32mI (1421) PCNT: start pcnt unit3[0m
[0;32mI (1424) gpio: GPIO[23]| InputEn: 0| OutputEn: 0| OpenDrain: 0| Pullup: 1| Pulldown: 0| Intr:0 [0m
[0;32mI (1432) gpio: GPIO[22]| InputEn: 0| OutputEn: 0| OpenDrain: 0| Pullup: 1| Pulldown: 0| Intr:0 [0m
[0;32mI (1440) PCNT: install pcnt unit4[0m
[0;32mI (1444) PCNT: set glitch filter for unit4[0m
[0;32mI (1447) PCNT: install pcnt channels of unit4[0m
[0;32mI (1451) PCNT: set edge and level actions for pcnt channels of unit4[0m
[0;32mI (1457) PCNT: enable pcnt unit4[0m
[0;32mI (1460) PCNT: clear pcnt unit4[0m
[0;32mI (1463) PCNT: start pcnt unit4[0m
[0;32mI (1466) gpio: GPIO[21]| InputEn: 0| OutputEn: 0| OpenDrain: 0| Pullup: 1| Pulldown: 0| Intr:0 [0m
[0;32mI (1475) gpio: GPIO[19]| InputEn: 0| OutputEn: 0| OpenDrain: 0| Pullup: 1| Pulldown: 0| Intr:0 [0m
[0;32mI (1483) PCNT: install pcnt unit5[0m
[0;32mI (1486) PCNT: set glitch filter for unit5[0m
[0;32mI (1490) PCNT: install pcnt channels of unit5[0m
[0;32mI (1494) PCNT: set edge and level actions for pcnt channels of unit5[0m
[0;32mI (1500) PCNT: enable pcnt unit5[0m
[0;32mI (1503) PCNT: clear pcnt unit5[0m
[0;32mI (1506) PCNT: start pcnt unit5[0m
[0;32mI (1509) gpio: GPIO[18]| InputEn: 0| OutputEn: 0| OpenDrain: 0| Pullup: 1| Pulldown: 0| Intr:0 [0m
[0;32mI (1517) gpio: GPIO[5]| InputEn: 0| OutputEn: 0| OpenDrain: 0| Pullup: 1| Pulldown: 0| Intr:0 [0m
[0;32mI (1525) PCNT: install pcnt unit6[0m
[0;32mI (1529) PCNT: set glitch filter for unit6[0m
[0;32mI (1532) PCNT: install pcnt channels of unit6[0m
[0;32mI (1536) PCNT: set edge and level actions for pcnt channels of unit6[0m
[0;32mI (1542) PCNT: enable pcnt unit6[0m
[0;32mI (1545) PCNT: clear pcnt unit6[0m
[0;32mI (1548) PCNT: start pcnt unit6[0m
[0;32mI (1551) gpio: GPIO[17]| InputEn: 0| OutputEn: 0| OpenDrain: 0| Pullup: 1| Pulldown: 0| Intr:0 [0m
[0;32mI (1559) gpio: GPIO[16]| InputEn: 0| OutputEn: 0| OpenDrain: 0| Pullup: 1| Pulldown: 0| Intr:0 [0m
[0;32mI (1568) PCNT: install pcnt unit7[0m
[0;32mI (1571) PCNT: set glitch filter for unit7[0m
[0;32mI (1575) PCNT: install pcnt channels of unit7[0m
[0;32mI (1579) PCNT: set edge and level actions for pcnt channels of unit7[0m
[0;32mI (1585) PCNT: enable pcnt unit7[0m
[0;32mI (1588) PCNT: clear pcnt unit7[0m
[0;32mI (1591) PCNT: start pcnt unit7[0m
[0;32mI (1594) gpio: GPIO[4]| InputEn: 0| OutputEn: 0| OpenDrain: 0| Pullup: 1| Pulldown: 0| Intr:0 [0m
[0;32mI (1602) gpio: GPIO[2]| InputEn: 0| OutputEn: 0| OpenDrain: 0| Pullup: 1| Pulldown: 0| Intr:0 [0m
[0;32mI (1610) PCNT: install pcnt unit8[0m
[0;32mI (1613) PCNT: set glitch filter for unit8[0m
[0;32mI (1617) PCNT: install pcnt channels of unit8[0m
[0;32mI (1621) PCNT: set edge and level actions for pcnt channels of unit8[0m
[0;32mI (1627) PCNT: enable pcnt unit8[0m
[0;32mI (1630) PCNT: clear pcnt unit8[0m
[0;32mI (1633) PCNT: start pcnt unit8[0m
[0;32mI (1636) PCNT: PCNT unit setiing up completed[0m

[0;32mI (1640) PCNT: setting up   pcnt Que[0m
[0;32mI (1643) PCNT: setting up PCNT Read_Tasks[0m
[0;32mI (1647) PCNT: PCNT Task Initialization Complete. Tasks running.[0m
[0;32mI (1663) UART: setting up UART [0m
[0;32mI (1663) UART: setting up UART MASTER device[0m
[0;32mI (1663) uart: ESP_INTR_FLAG_IRAM flag not set while CONFIG_UART_ISR_IN_IRAM is enabled, flag updated[0m
[0;32mI (1669) uart: queue free spaces: 20[0m
[0;32mI (1673) UART: UART initialized with DMA, 2000000 bps[0m
[0;32mI (1677) UART: setting up UART MASTER device Complete[0m
[0;32mI (1684) BLE: Setting up BLE unit[0m
[0;32mI (1694) BTDM_INIT: BT controller compile version [20b459d][0m
[0;32mI (1696) BTDM_INIT: Bluetooth MAC: 5c:01:3b:f1:c0:22[0m
[0;32mI (1699) phy_init: phy_version 4840,02e0d70,Sep  2 2024,19:39:07[0m
I BOD: Brownout detector was triggered


ets Jun  8 2016 00:22:57

rst:0x3 (SW_RESET),boot:0x13 (SPI_FAST_FLASH_BOOT)
configsip: 0, SPIWP:0xee
clk_drv:0x00,q_drv:0x00,d_drv:0x00,cs0_drv:0x00,hd_drv:0x00,wp_drv:0x00
mode:DIO, clock div:2
load:0x3fff0030,len:6276
load:0x40078000,len:15716
load:0x40080400,len:4
ho 8 tail 4 room 4
load:0x40080404,len:3860
entry 0x4008063c
[0;32mI (60) boot: ESP-IDF v5.4-dirty 2nd stage bootloader[0m
[0;32mI (60) boot: compile time Dec 15 2025 11:24:30[0m
[0;32mI (60) boot: Multicore bootloader[0m
[0;32mI (62) boot: chip revision: v1.1[0m
[0;32mI (344) boot.esp32: SPI Speed      : 40MHz[0m
[0;32mI (344) boot.esp32: SPI Mode       : DIO[0m
[0;32mI (344) boot.esp32: SPI Flash Size : 16MB[0m
[0;32mI (344) boot: Enabling RNG early entropy source...[0m
[0;32mI (348) boot: Partition Table:[0m
[0;32mI (351) boot: ## Label            Usage          Type ST Offset   Length[0m
[0;32mI (357) boot:  0 nvs              WiFi data        01 02 00009000 00006000[0m
[0;32mI (364) boot:  1 phy_init         RF data          01 01 0000f000 00001000[0m
[0;32mI (370) boot:  2 factory          factory app      00 00 00010000 00100000[0m
[0;32mI (377) boot: End of partition table[0m
[0;32mI (380) esp_image: segment 0: paddr=00010020 vaddr=3f400020 size=21664h (136804) map[0m
[0;32mI (435) esp_image: segment 1: paddr=0003168c vaddr=3ff80000 size=0001ch (    28) load[0m
[0;32mI (435) esp_image: segment 2: paddr=000316b0 vaddr=3ffbdb60 size=0518ch ( 20876) load[0m
[0;32mI (446) esp_image: segment 3: paddr=00036844 vaddr=40080000 size=097d4h ( 38868) load[0m
[0;32mI (462) esp_image: segment 4: paddr=00040020 vaddr=400d0020 size=825a4h (533924) map[0m
[0;32mI (644) esp_image: segment 5: paddr=000c25cc vaddr=400897d4 size=1031ch ( 66332) load[0m
[0;32mI (683) boot: Loaded app from partition at offset 0x10000[0m
[0;32mI (683) boot: Disabling RNG early entropy source...[0m
[0;32mI (693) cpu_start: Multicore app[0m
[0;32mI (702) cpu_start: Pro cpu start user code[0m
[0;32mI (702) cpu_start: cpu freq: 160000000 Hz[0m
[0;32mI (702) app_init: Application information:[0m
[0;32mI (702) app_init: Project name:     control_1.8[0m
[0;32mI (706) app_init: App version:      ffc465069-dirty[0m
[0;32mI (711) app_init: Compile time:     Mar  1 2026 19:36:20[0m
[0;32mI (716) app_init: ELF file SHA256:  8814a05f4...[0m
[0;32mI (720) app_init: ESP-IDF:          v5.4-dirty[0m
[0;32mI (724) efuse_init: Min chip rev:     v0.0[0m
[0;32mI (728) efuse_init: Max chip rev:     v3.99 [0m
[0;32mI (732) efuse_init: Chip rev:         v1.1[0m
[0;32mI (736) heap_init: Initializing. RAM available for dynamic allocation:[0m
[0;32mI (742) heap_init: At 3FFAFF10 len 000000F0 (0 KiB): DRAM[0m
[0;32mI (747) heap_init: At 3FFB6388 len 00001C78 (7 KiB): DRAM[0m
[0;32mI (752) heap_init: At 3FFB9A20 len 00004108 (16 KiB): DRAM[0m
[0;32mI (758) heap_init: At 3FFC7BB0 len 00018450 (97 KiB): DRAM[0m
[0;32mI (763) heap_init: At 3FFE0440 len 00003AE0 (14 KiB): D/IRAM[0m
[0;32mI (768) heap_init: At 3FFE4350 len 0001BCB0 (111 KiB): D/IRAM[0m
[0;32mI (774) heap_init: At 40099AF0 len 00006510 (25 KiB): IRAM[0m
[0;32mI (781) spi_flash: detected chip: generic[0m
[0;32mI (783) spi_flash: flash io: dio[0m
[0;32mI (787) coexist: coex firmware version: 49a8cdc[0m
[0;32mI (791) main_task: Started on CPU0[0m
[0;32mI (794) main_task: Calling app_main()[0m
[0;32mI (796) UART MASTER: decorder initialization begins[0m
[0;32mI (801) gpio: GPIO[12]| InputEn: 0| OutputEn: 0| OpenDrain: 0| Pullup: 1| Pulldown: 0| Intr:0 [0m
[0;32mI (1309) PCNT: setting up PCNT units and chanels[0m
[0;32mI (1309) gpio: GPIO[32]| InputEn: 0| OutputEn: 0| OpenDrain: 0| Pullup: 1| Pulldown: 0| Intr:0 [0m
[0;32mI (1310) gpio: GPIO[33]| InputEn: 0| OutputEn: 0| OpenDrain: 0| Pullup: 1| Pulldown: 0| Intr:0 [0m
[0;32mI (1319) PCNT: install pcnt unit1[0m
[0;32mI (1322) PCNT: set glitch filter for unit1[0m
[0;32mI (1326) PCNT: install pcnt channels of unit1[0m
[0;32mI (1330) PCNT: set edge and level actions for pcnt channels of unit1[0m
[0;32mI (1336) PCNT: enable pcnt unit1[0m
[0;32mI (1339) PCNT: clear pcnt unit1[0m
[0;32mI (1342) PCNT: start pcnt unit1[0m
[0;32mI (1345) gpio: GPIO[25]| InputEn: 0| OutputEn: 0| OpenDrain: 0| Pullup: 1| Pulldown: 0| Intr:0 [0m
[0;32mI (1353) gpio: GPIO[26]| InputEn: 0| OutputEn: 0| OpenDrain: 0| Pullup: 1| Pulldown: 0| Intr:0 [0m
[0;32mI (1361) PCNT: install pcnt unit2[0m
[0;32mI (1365) PCNT: set glitch filter for unit2[0m
[0;32mI (1368) PCNT: install pcnt channels of unit2[0m
[0;32mI (1372) PCNT: set edge and level actions for pcnt channels of unit2[0m
[0;32mI (1378) PCNT: enable pcnt unit2[0m
[0;32mI (1381) PCNT: clear pcnt unit2[0m
[0;32mI (1384) PCNT: start pcnt unit2[0m
[0;32mI (1387) gpio: GPIO[27]| InputEn: 0| OutputEn: 0| OpenDrain: 0| Pullup: 1| Pulldown: 0| Intr:0 [0m
[0;32mI (1395) gpio: GPIO[14]| InputEn: 0| OutputEn: 0| OpenDrain: 0| Pullup: 1| Pulldown: 0| Intr:0 [0m
[0;32mI (1404) PCNT: install pcnt unit3[0m
[0;32mI (1407) PCNT: set glitch filter for unit3[0m
[0;32mI (1411) PCNT: install pcnt channels of unit3[0m
[0;32mI (1415) PCNT: set edge and level actions for pcnt channels of unit3[0m
[0;32mI (1421) PCNT: enable pcnt unit3[0m
[0;32mI (1424) PCNT: clear pcnt unit3[0m
[0;32mI (1427) PCNT: start pcnt unit3[0m
[0;32mI (1430) gpio: GPIO[23]| InputEn: 0| OutputEn: 0| OpenDrain: 0| Pullup: 1| Pulldown: 0| Intr:0 [0m
[0;32mI (1438) gpio: GPIO[22]| InputEn: 0| OutputEn: 0| OpenDrain: 0| Pullup: 1| Pulldown: 0| Intr:0 [0m
[0;32mI (1446) PCNT: install pcnt unit4[0m
[0;32mI (1450) PCNT: set glitch filter for unit4[0m
[0;32mI (1453) PCNT: install pcnt channels of unit4[0m
[0;32mI (1457) PCNT: set edge and level actions for pcnt channels of unit4[0m
[0;32mI (1463) PCNT: enable pcnt unit4[0m
[0;32mI (1466) PCNT: clear pcnt unit4[0m
[0;32mI (1469) PCNT: start pcnt unit4[0m
[0;32mI (1472) gpio: GPIO[21]| InputEn: 0| OutputEn: 0| OpenDrain: 0| Pullup: 1| Pulldown: 0| Intr:0 [0m
[0;32mI (1481) gpio: GPIO[19]| InputEn: 0| OutputEn: 0| OpenDrain: 0| Pullup: 1| Pulldown: 0| Intr:0 [0m
[0;32mI (1489) PCNT: install pcnt unit5[0m
[0;32mI (1492) PCNT: set glitch filter for unit5[0m
[0;32mI (1496) PCNT: install pcnt channels of unit5[0m
[0;32mI (1500) PCNT: set edge and level actions for pcnt channels of unit5[0m
[0;32mI (1506) PCNT: enable pcnt unit5[0m
[0;32mI (1509) PCNT: clear pcnt unit5[0m
[0;32mI (1512) PCNT: start pcnt unit5[0m
[0;32mI (1515) gpio: GPIO[18]| InputEn: 0| OutputEn: 0| OpenDrain: 0| Pullup: 1| Pulldown: 0| Intr:0 [0m
[0;32mI (1523) gpio: GPIO[5]| InputEn: 0| OutputEn: 0| OpenDrain: 0| Pullup: 1| Pulldown: 0| Intr:0 [0m
[0;32mI (1531) PCNT: install pcnt unit6[0m
[0;32mI (1535) PCNT: set glitch filter for unit6[0m
[0;32mI (1538) PCNT: install pcnt channels of unit6[0m
[0;32mI (1542) PCNT: set edge and level actions for pcnt channels of unit6[0m
[0;32mI (1548) PCNT: enable pcnt unit6[0m
[0;32mI (1551) PCNT: clear pcnt unit6[0m
[0;32mI (1554) PCNT: start pcnt unit6[0m
[0;32mI (1557) gpio: GPIO[17]| InputEn: 0| OutputEn: 0| OpenDrain: 0| Pullup: 1| Pulldown: 0| Intr:0 [0m
[0;32mI (1565) gpio: GPIO[16]| InputEn: 0| OutputEn: 0| OpenDrain: 0| Pullup: 1| Pulldown: 0| Intr:0 [0m
[0;32mI (1574) PCNT: install pcnt unit7[0m
[0;32mI (1577) PCNT: set glitch filter for unit7[0m
[0;32mI (1581) PCNT: install pcnt channels of unit7[0m
[0;32mI (1585) PCNT: set edge and level actions for pcnt channels of unit7[0m
[0;32mI (1591) PCNT: enable pcnt unit7[0m
[0;32mI (1594) PCNT: clear pcnt unit7[0m
[0;32mI (1597) PCNT: start pcnt unit7[0m
[0;32mI (1600) gpio: GPIO[4]| InputEn: 0| OutputEn: 0| OpenDrain: 0| Pullup: 1| Pulldown: 0| Intr:0 [0m
[0;32mI (1608) gpio: GPIO[2]| InputEn: 0| OutputEn: 0| OpenDrain: 0| Pullup: 1| Pulldown: 0| Intr:0 [0m
[0;32mI (1616) PCNT: install pcnt unit8[0m
[0;32mI (1619) PCNT: set glitch filter for unit8[0m
[0;32mI (1623) PCNT: install pcnt channels of unit8[0m
[0;32mI (1627) PCNT: set edge and level actions for pcnt channels of unit8[0m
[0;32mI (1633) PCNT: enable pcnt unit8[0m
[0;32mI (1636) PCNT: clear pcnt unit8[0m
[0;32mI (1639) PCNT: start pcnt unit8[0m
[0;32mI (1642) PCNT: PCNT unit setiing up completed[0m

[0;32mI (1646) PCNT: setting up   pcnt Que[0m
[0;32mI (1649) PCNT: setting up PCNT Read_Tasks[0m
[0;32mI (1653) PCNT: PCNT Task Initialization Complete. Tasks running.[0m
[0;32mI (1669) UART: setting up UART [0m
[0;32mI (1669) UART: setting up UART MASTER device[0m
[0;32mI (1669) uart: ESP_INTR_FLAG_IRAM flag not set while CONFIG_UART_ISR_IN_IRAM is enabled, flag updated[0m
[0;32mI (1675) uart: queue free spaces: 20[0m
[0;32mI (1679) UART: UART initialized with DMA, 2000000 bps[0m
[0;32mI (1683) UART: setting up UART MASTER device Complete[0m
[0;32mI (1690) BLE: Setting up BLE unit[0m
[0;32mI (1700) BTDM_INIT: BT controller compile version [20b459d][0m
[0;32mI (1702) BTDM_INIT: Bluetooth MAC: 5c:01:3b:f1:c0:22[0m
[0;32mI (1705) phy_init: phy_version 4840,02e0d70,Sep  2 2024,19:39:07[0m
I BOD: Brownout detector was triggered


ets Jun  8 2016 00:22:57

rst:0x3 (SW_RESET),boot:0x13 (SPI_FAST_FLASH_BOOT)
configsip: 0, SPIWP:0xee
clk_drv:0x00,q_drv:0x00,d_drv:0x00,cs0_drv:0x00,hd_drv:0x00,wp_drv:0x00
mode:DIO, clock div:2
load:0x3fff0030,len:6276
load:0x40078000,len:15716
load:0x40080400,len:4
ho 8 tail 4 room 4
load:0x40080404,len:3860
entry 0x4008063c
[0;32mI (60) boot: ESP-IDF v5.4-dirty 2nd stage bootloader[0m
[0;32mI (60) boot: compile time Dec 15 2025 11:24:30[0m
[0;32mI (60) boot: Multicore bootloader[0m
[0;32mI (62) boot: chip revision: v1.1[0m
ets Jun  8 2016 00:22:57

rst:0x7 (TG0WDT_SYS_RESET),boot:0x13 (SPI_FAST_FLASH_BOOT)
configsip: 0, SPIWP:0xee
clk_drv:0x00,q_drv:0x00,d_drv:0x00,cs0_drv:0x00,hd_drv:0x00,wp_drv:0x00
mode:DIO, clock div:2
load:0x3fff0030,len:6276
load:0x40078000,len:15716
load:0x40080400,len:4
ho 8 tail 4 room 4
load:0x40080404,len:3860
entry 0x4008063c
[0;32mI (61) boot: ESP-IDF v5.4-dirty 2nd stage bootloader[0m
[0;32mI (61) boot: compile time Dec 15 2025 11:24:30[0m
[0;32mI (61) boot: Multicore bootloader[0m
[0;32mI (64) boot: chip revision: v1.1[0m
[0;32mI (67) boot.esp32: SPI Speed      : 40MHz[0m
[0;32mI (70) boot.esp32: SPI Mode       : DIO[0m
[0;32mI (74) boot.esp32: SPI Flash Size : 16MB[0m
[0;33mW (78) boot.esp32: PRO CPU has been reset by WDT[0m
[0;33mW (82) boot.esp32: WDT rst info: PRO CPU PC=0x40081800[0m
[0;33mW (87) boot.esp32: WDT rst info: APP CPU PC=0x4008f606 (waiti mode)[0m
[0;32mI (93) boot: Enabling RNG early entropy source...[0m
[0;32mI (97) boot: Partition Table:[0m
[0;32mI (100) boot: ## Label            Usage          Type ST Offset   Length[0m
[0;32mI (106) boot:  0 nvs              WiFi data        01 02 00009000 00006000[0m
[0;32mI (113) boot:  1 phy_init         RF data          01 01 0000f000 00001000[0m
[0;32mI (119) boot:  2 factory          factory app      00 00 00010000 00100000[0m
[0;32mI (126) boot: End of partition table[0m
[0;32mI (129) esp_image: segment 0: paddr=00010020 vaddr=3f400020 size=21664h (136804) map[0m
[0;32mI (184) esp_image: segment 1: paddr=0003168c vaddr=3ff80000 size=0001ch (    28) load[0m
[0;32mI (184) esp_image: segment 2: paddr=000316b0 vaddr=3ffbdb60 size=0518ch ( 20876) load[0m
[0;32mI (195) esp_image: segment 3: paddr=00036844 vaddr=40080000 size=097d4h ( 38868) load[0m
[0;32mI (211) esp_image: segment 4: paddr=00040020 vaddr=400d0020 size=825a4h (533924) map[0m
[0;32mI (393) esp_image: segment 5: paddr=000c25cc vaddr=400897d4 size=1031ch ( 66332) load[0m
[0;32mI (432) boot: Loaded app from partition at offset 0x10000[0m
[0;32mI (432) boot: Disabling RNG early entropy source...[0m
[0;32mI (442) cpu_start: Multicore app[0m
[0;32mI (451) cpu_start: Pro cpu start user code[0m
[0;32mI (451) cpu_start: cpu freq: 160000000 Hz[0m
[0;32mI (451) app_init: Application information:[0m
[0;32mI (451) app_init: Project name:     control_1.8[0m
[0;32mI (455) app_init: App version:      ffc465069-dirty[0m
[0;32mI (460) app_init: Compile time:     Mar  1 2026 19:36:20[0m
[0;32mI (465) app_init: ELF file SHA256:  8814a05f4...[0m
[0;32mI (469) app_init: ESP-IDF:          v5.4-dirty[0m
[0;32mI (473) efuse_init: Min chip rev:     v0.0[0m
[0;32mI (477) efuse_init: Max chip rev:     v3.99 [0m
[0;32mI (481) efuse_init: Chip rev:         v1.1[0m
[0;32mI (485) heap_init: Initializing. RAM available for dynamic allocation:[0m
[0;32mI (491) heap_init: At 3FFAFF10 len 000000F0 (0 KiB): DRAM[0m
[0;32mI (496) heap_init: At 3FFB6388 len 00001C78 (7 KiB): DRAM[0m
[0;32mI (501) heap_init: At 3FFB9A20 len 00004108 (16 KiB): DRAM[0m
[0;32mI (507) heap_init: At 3FFC7BB0 len 00018450 (97 KiB): DRAM[0m
[0;32mI (512) heap_init: At 3FFE0440 len 00003AE0 (14 KiB): D/IRAM[0m
[0;32mI (517) heap_init: At 3FFE4350 len 0001BCB0 (111 KiB): D/IRAM[0m
[0;32mI (523) heap_init: At 40099AF0 len 00006510 (25 KiB): IRAM[0m
I BOD: Brownout detector was triggered


ets Jun  8 2016 00:22:57

rst:0x3 (SW_RESET),boot:0x13 (SPI_FAST_FLASH_BOOT)
configsip: 0, SPIWP:0xee
clk_drv:0x00,q_drv:0x00,d_drv:0x00,cs0_drv:0x00,hd_drv:0x00,wp_drv:0x00
mode:DIO, clock div:2
load:0x3fff0030,len:6276
load:0x40078000,len:15716
load:0x40080400,len:4
ho 8 tail 4 room 4
load:0x40080404,len:3860
entry 0x4008063c
[0;32mI (60) boot: ESP-IDF v5.4-dirty 2nd stage bootloader[0m
[0;32mI (60) boot: compile time Dec 15 2025 11:24:30[0m
[0;32mI (60) boot: Multicore bootloader[0m
[0;32mI (62) boot: chip revision: v1.1[0m
[0;32mI (65) boot.esp32: SPI Speed      : 40MHz[0m
[0;32mI (69) boot.esp32: SPI Mode       : DIO[0m
[0;32mI (72) boot.esp32: SPI Flash Size : 16MB[0m
[0;32mI (76) boot: Enabling RNG early entropy source...[0m
[0;32mI (81) boot: Partition Table:[0m
[0;32mI (83) boot: ## Label            Usage          Type ST Offset   Length[0m
[0;32mI (90) boot:  0 nvs              WiFi data        01 02 00009000 00006000[0m
[0;32mI (96) boot:  1 phy_init         RF data          01 01 0000f000 00001000[0m
[0;32mI (103) boot:  2 factory          factory app      00 00 00010000 00100000[0m
[0;32mI (109) boot: End of partition table[0m
[0;32mI (113) esp_image: segment 0: paddr=00010020 vaddr=3f400020 size=21664h (136804) map[0m
[0;32mI (167) esp_image: segment 1: paddr=0003168c vaddr=3ff80000 size=0001ch (    28) load[0m
[0;32mI (167) esp_image: segment 2: paddr=000316b0 vaddr=3ffbdb60 size=0518ch ( 20876) load[0m
[0;32mI (179) esp_image: segment 3: paddr=00036844 vaddr=40080000 size=097d4h ( 38868) load[0m
[0;32mI (194) esp_image: segment 4: paddr=00040020 vaddr=400d0020 size=825a4h (533924) map[0m
[0;32mI (376) esp_image: segment 5: paddr=000c25cc vaddr=400897d4 size=1031ch ( 66332) load[0m
[0;32mI (415) boot: Loaded app from partition at offset 0x10000[0m
[0;32mI (415) boot: Disabling RNG early entropy source...[0m
[0;32mI (426) cpu_start: Multicore app[0m
[0;32mI (434) cpu_start: Pro cpu start user code[0m
[0;32mI (434) cpu_start: cpu freq: 160000000 Hz[0m
[0;32mI (434) app_init: Application information:[0m
[0;32mI (434) app_init: Project name:     control_1.8[0m
[0;32mI (438) app_init: App version:      ffc465069-dirty[0m
[0;32mI (443) app_init: Compile time:     Mar  1 2026 19:36:20[0m
[0;32mI (448) app_init: ELF file SHA256:  8814a05f4...[0m
[0;32mI (452) app_init: ESP-IDF:          v5.4-dirty[0m
[0;32mI (456) efuse_init: Min chip rev:     v0.0[0m
[0;32mI (460) efuse_init: Max chip rev:     v3.99 [0m
[0;32mI (464) efuse_init: Chip rev:         v1.1[0m
[0;32mI (468) heap_init: Initializing. RAM available for dynamic allocation:[0m
[0;32mI (475) heap_init: At 3FFAFF10 len 000000F0 (0 KiB): DRAM[0m
[0;32mI (479) heap_init: At 3FFB6388 len 00001C78 (7 KiB): DRAM[0m
[0;32mI (485) heap_init: At 3FFB9A20 len 00004108 (16 KiB): DRAM[0m
[0;32mI (490) heap_init: At 3FFC7BB0 len 00018450 (97 KiB): DRAM[0m
[0;32mI (495) heap_init: At 3FFE0440 len 00003AE0 (14 KiB): D/IRAM[0m
[0;32mI (500) heap_init: At 3FFE4350 len 0001BCB0 (111 KiB): D/IRAM[0m
[0;32mI (506) heap_init: At 40099AF0 len 00006510 (25 KiB): IRAM[0m
[0;32mI (513) spi_flash: detected chip: generic[0m
[0;32mI (515) spi_flash: flash io: dio[0m
[0;32mI (519) coexist: coex firmware version: 49a8cdc[0m
[0;32mI (523) main_task: Started on CPU0[0m
[0;32mI (526) main_task: Calling app_main()[0m
[0;32mI (528) UART MASTER: decorder initialization begins[0m
[0;32mI (533) gpio: GPIO[12]| InputEn: 0| OutputEn: 0| OpenDrain: 0| Pullup: 1| Pulldown: 0| Intr:0 [0m
I BOD: Brownout detector was triggered


ets Jun  8 2016 00:22:57

rst:0x3 (SW_RESET),boot:0x13 (SPI_FAST_FLASH_BOOT)
configsip: 0, SPIWP:0xee
clk_drv:0x00,q_drv:0x00,d_drv:0x00,cs0_drv:0x00,hd_drv:0x00,wp_drv:0x00
mode:DIO, clock div:2
load:0x3fff0030,len:6276
load:0x40078000,len:15716
load:0x40080400,len:4
ho 8 tail 4 room 4
load:0x40080404,len:3860
entry 0x4008063c
[0;32mI (60) boot: ESP-IDF v5.4-dirty 2nd stage bootloader[0m
[0;32mI (60) boot: compile time Dec 15 2025 11:24:30[0m
[0;32mI (60) boot: Multicore bootloader[0m
[0;32mI (62) boot: chip revision: v1.1[0m
[0;32mI (65) boot.esp32: SPI Speed      : 40MHz[0m
[0;32mI (69) boot.esp32: SPI Mode       : DIO[0m
[0;32mI (73) boot.esp32: SPI Flash Size : 16MB[0m
[0;32mI (76) boot: Enabling RNG early entropy source...[0m
[0;32mI (81) boot: Partition Table:[0m
[0;32mI (83) boot: ## Label            Usage          Type ST Offset   Length[0m
[0;32mI (90) boot:  0 nvs              WiFi data        01 02 00009000 00006000[0m
[0;32mI (96) boot:  1 phy_init         RF data          01 01 0000f000 00001000[0m
[0;32mI (103) boot:  2 factory          factory app      00 00 00010000 00100000[0m
[0;32mI (109) boot: End of partition table[0m
[0;32mI (113) esp_image: segment 0: paddr=00010020 vaddr=3f400020 size=21664h (136804) map[0m
[0;32mI (167) esp_image: segment 1: paddr=0003168c vaddr=3ff80000 size=0001ch (    28) load[0m
[0;32mI (167) esp_image: segment 2: paddr=000316b0 vaddr=3ffbdb60 size=0518ch ( 20876) load[0m
[0;32mI (179) esp_image: segment 3: paddr=00036844 vaddr=40080000 size=097d4h ( 38868) load[0m
[0;32mI (194) esp_image: segment 4: paddr=00040020 vaddr=400d0020 size=825a4h (533924) map[0m
[0;32mI (376) esp_image: segment 5: paddr=000c25cc vaddr=400897d4 size=1031ch ( 66332) load[0m
[0;32mI (415) boot: Loaded app from partition at offset 0x10000[0m
[0;32mI (415) boot: Disabling RNG early entropy source...[0m
[0;32mI (426) cpu_start: Multicore app[0m
[0;32mI (434) cpu_start: Pro cpu start user code[0m
[0;32mI (434) cpu_start: cpu freq: 160000000 Hz[0m
[0;32mI (434) app_init: Application information:[0m
[0;32mI (434) app_init: Project name:     control_1.8[0m
[0;32mI (438) app_init: App version:      ffc465069-dirty[0m
[0;32mI (443) app_init: Compile time:     Mar  1 2026 19:36:20[0m
[0;32mI (448) app_init: ELF file SHA256:  8814a05f4...[0m
[0;32mI (452) app_init: ESP-IDF:          v5.4-dirty[0m
[0;32mI (456) efuse_init: Min chip rev:     v0.0[0m
[0;32mI (460) efuse_init: Max chip rev:     v3.99 [0m
[0;32mI (464) efuse_init: Chip rev:         v1.1[0m
[0;32mI (468) heap_init: Initializing. RAM available for dynamic allocation:[0m
[0;32mI (475) heap_init: At 3FFAFF10 len 000000F0 (0 KiB): DRAM[0m
[0;32mI (479) heap_init: At 3FFB6388 len 00001C78 (7 KiB): DRAM[0m
[0;32mI (485) heap_init: At 3FFB9A20 len 00004108 (16 KiB): DRAM[0m
[0;32mI (490) heap_init: At 3FFC7BB0 len 00018450 (97 KiB): DRAM[0m
[0;32mI (495) heap_init: At 3FFE0440 len 00003AE0 (14 KiB): D/IRAM[0m
[0;32mI (500) heap_init: At 3FFE4350 len 0001BCB0 (111 KiB): D/IRAM[0m
[0;32mI (506) heap_init: At 40099AF0 len 00006510 (25 KiB): IRAM[0m
[0;32mI (513) spi_flash: detected chip: generic[0m
[0;32mI (515) spi_flash: flash io: diI BOD: Brownout detector was triggered[0m


ets Jun  8 2016 00:22:57

rst:0x3 (SW_RESET),boot:0x13 (SPI_FAST_FLASH_BOOT)
configsip: 0, SPIWP:0xee
clk_drv:0x00,q_drv:0x00,d_drv:0x00,cs0_drv:0x00,hd_drv:0x00,wp_drv:0x00
mode:DIO, clock div:2
load:0x3fff0030,len:6276
load:0x40078000,len:15716
load:0x40080400,len:4
ho 8 tail 4 room 4
load:0x40080404,len:3860
entry 0x4008063c
[0;32mI (60) boot: ESP-IDF v5.4-dirty 2nd stage bootloader[0m
[0;32mI (60) boot: compile time Dec 15 2025 11:24:30[0m
[0;32mI (60) boot: Multicore bootloader[0m
[0;32mI (62) boot: chip revision: v1.1[0m
[0;32mI (65) boot.esp32: SPI Speed      : 40MHz[0m
[0;32mI (69) boot.esp32: SPI Mode       : DIO[0m
[0;32mI (72) boot.esp32: SPI Flash Size : 16MB[0m
[0;32mI (76) boot: Enabling RNG early entropy source...[0m
[0;32mI (81) boot: Partition Table:[0m
[0;32mI (83) boot: ## Label            Usage          Type ST Offset   Length[0m
[0;32mI (90) boot:  0 nvs              WiFi data        01 02 00009000 00006000[0m
[0;32mI (96) boot:  1 phy_init         RF data          01 01 0000f000 00001000[0m
[0;32mI (103) boot:  2 factory          factory app      00 00 00010000 00100000[0m
[0;32mI (109) boot: End of partition table[0m
[0;32mI (113) esp_image: segment 0: paddr=00010020 vaddr=3f400020 size=21664h (136804) map[0m
[0;32mI (167) esp_image: segment 1: paddr=0003168c vaddr=3ff80000 size=0001ch (    28) load[0m
[0;32mI (167) esp_image: segment 2: paddr=000316b0 vaddr=3ffbdb60 size=0518ch ( 20876) load[0m
[0;32mI (179) esp_image: segment 3: paddr=00036844 vaddr=40080000 size=097d4h ( 38868) load[0m
[0;32mI (194) esp_image: segment 4: paddr=00040020 vaddr=400d0020 size=825a4h (533924) map[0m
[0;32mI (376) esp_image: segment 5: paddr=000c25cc vaddr=400897d4 size=1031ch ( 66332) load[0m
[0;32mI (415) boot: Loaded app from partition at offset 0x10000[0m
[0;32mI (415) boot: Disabling RNG early entropy source...[0m
[0;32mI (426) cpu_start: Multicore app[0m
[0;32mI (434) cpu_start: Pro cpu start user code[0m
[0;32mI (434) cpu_start: cpu freq: 160000000 Hz[0m
[0;32mI (434) app_init: Application information:[0m
[0;32mI (434) app_init: Project name:     control_1.8[0m
[0;32mI (438) app_init: App version:      ffc465069-dirty[0m
[0;32mI (443) app_init: Compile time:     Mar  1 2026 19:36:20[0m
[0;32mI (448) app_init: ELF file SHA256:  8814a05f4...[0m
[0;32mI (452) app_init: ESP-IDF:          v5.4-dirty[0m
[0;32mI (456) efuse_init: Min chip rev:     v0.0[0m
[0;32mI (460) efuse_init: Max chip rev:     v3.99 [0m
[0;32mI (464) efuse_init: Chip rev:         v1.1[0m
[0;32mI (468) heap_init: Initializing. RAM available for dynamic allocation:[0m
[0;32mI (475) heap_init: At 3FFAFF10 len 000000F0 (0 KiB): DRAM[0m
[0;32mI (479) heap_init: At 3FFB6388 len 00001C78 (7 KiB): DRAM[0m
[0;32mI (485) heap_init: At 3FFB9A20 len 00004108 (16 KiB): DRAM[0m
[0;32mI (490) heap_init: At 3FFC7BB0 len 00018450 (97 KiB): DRAM[0m
[0;32mI (495) heap_init: At 3FFE0440 len 00003AE0 (14 KiB): D/IRAM[0m
[0;32mI (500) heap_init: At 3FFE4350 len 0001BCB0 (111 KiB): D/IRAM[0m
[0;32mI (506) heap_init: At 40099AF0 len 00006510 (25 KiB): IRAM[0m
I BOD: Brownout detector was triggered


ets Jun  8 2016 00:22:57

rst:0x3 (SW_RESET),boot:0x13 (SPI_FAST_FLASH_BOOT)
configsip: 0, SPIWP:0xee
clk_drv:0x00,q_drv:0x00,d_drv:0x00,cs0_drv:0x00,hd_drv:0x00,wp_drv:0x00
mode:DIO, clock div:2
load:0x3fff0030,len:6276
load:0x40078000,len:15716
load:0x40080400,len:4
ho 8 tail 4 room 4
load:0x40080404,len:3860
entry 0x4008063c
[0;32mI (60) boot: ESP-IDF v5.4-dirty 2nd stage bootloader[0m
[0;32mI (60) boot: compile time Dec 15 2025 11:24:30[0m
[0;32mI (60) boot: Multicore bootloader[0m
[0;32mI (62) boot: chip revision: v1.1[0m
[0;32mI (65) boot.esp32: SPI Speed      : 40MHz[0m
[0;32mI (69) boot.esp32: SPI Mode       : DIO[0m
[0;32mI (72) boot.esp32: SPI Flash Size : 16MB[0m
[0;32mI (76) boot: Enabling RNG early entropy source...[0m
[0;32mI (81) boot: Partition Table:[0m
[0;32mI (83) boot: ## Label            Usage          Type ST Offset   Length[0m
[0;32mI (90) boot:  0 nvs              WiFi data        01 02 00009000 00006000[0m
[0;32mI (96) boot:  1 phy_init         RF data          01 01 0000f000 00001000[0m
[0;32mI (103) boot:  2 factory          factory app      00 00 00010000 00100000[0m
[0;32mI (109) boot: End of partition table[0m
[0;32mI (113) esp_image: segment 0: paddr=00010020 vaddr=3f400020 size=21664h (136804) map[0m
[0;32mI (167) esp_image: segment 1: paddr=0003168c vaddr=3ff80000 size=0001ch (    28) load[0m
[0;32mI (167) esp_image: segment 2: paddr=000316b0 vaddr=3ffbdb60 size=0518ch ( 20876) load[0m
[0;32mI (179) esp_image: segment 3: paddr=00036844 vaddr=40080000 size=097d4h ( 38868) load[0m
[0;32mI (194) esp_image: segment 4: paddr=00040020 vaddr=400d0020 size=825a4h (533924) map[0m
[0;32mI (376) esp_image: segment 5: paddr=000c25cc vaddr=400897d4 size=1031ch ( 66332) load[0m
[0;32mI (415) boot: Loaded app from partition at offset 0x10000[0m
[0;32mI (415) boot: Disabling RNG early entropy source...[0m
[0;32mI (426) cpu_start: Multicore app[0m
[0;32mI (434) cpu_start: Pro cpu start user code[0m
[0;32mI (434) cpu_start: cpu freq: 160000000 Hz[0m
[0;32mI (434) app_init: Application information:[0m
[0;32mI (434) app_init: Project name:     control_1.8[0m
[0;32mI (438) app_init: App version:      ffc465069-dirty[0m
[0;32mI (443) app_init: Compile time:     Mar  1 2026 19:36:20[0m
[0;32mI (448) app_init: ELF file SHA256:  8814a05f4...[0m
[0;32mI (452) app_init: ESP-IDF:          v5.4-dirty[0m
[0;32mI (456) efuse_init: Min chip rev:     v0.0[0m
[0;32mI (460) efuse_init: Max chip rev:     v3.99 [0m
[0;32mI (464) efuse_init: Chip rev:         v1.1[0m
[0;32mI (468) heap_init: Initializing. RAM available for dynamic allocation:[0m
[0;32mI (475) heap_init: At 3FFAFF10 len 000000F0 (0 KiB): DRAM[0m
[0;32mI (479) heap_init: At 3FFB6388 len 00001C78 (7 KiB): DRAM[0m
[0;32mI (485) heap_init: At 3FFB9A20 len 00004108 (16 KiB): DRAM[0m
[0;32mI (490) heap_init: At 3FFC7BB0 len 00018450 (97 KiB): DRAM[0m
[0;32mI (495) heap_init: At 3FFE0440 len 00003AE0 (14 KiB): D/IRAM[0m
[0;32mI (500) heap_init: At 3FFE4350 len 0001BCB0 (111 KiB): D/IRAM[0m
[0;32mI (506) heap_init: At 40099AF0 len 00006510 (25 KiB): IRAM[0m
I BOD: Brownout detector was triggered


ets Jun  8 2016 00:22:57

rst:0x3 (SW_RESET),boot:0x13 (SPI_FAST_FLASH_BOOT)
configsip: 0, SPIWP:0xee
clk_drv:0x00,q_drv:0x00,d_drv:0x00,cs0_drv:0x00,hd_drv:0x00,wp_drv:0x00
mode:DIO, clock div:2
load:0x3fff0030,len:6276
load:0x40078000,len:15716
load:0x40080400,len:4
ho 8 tail 4 room 4
load:0x40080404,len:3860
entry 0x4008063c
[0;32mI (60) boot: ESP-IDF v5.4-dirty 2nd stage bootloader[0m
[0;32mI (60) boot: compile time Dec 15 2025 11:24:30[0m
[0;32mI (60) boot: Multicore bootloader[0m
[0;32mI (62) boot: chip revision: v1.1[0m
[0;32mI (65) boot.esp32: SPI Speed      : 40MHz[0m
[0;32mI (69) boot.esp32: SPI Mode       : DIO[0m
[0;32mI (72) boot.esp32: SPI Flash Size : 16MB[0m
[0;32mI (76) boot: Enabling RNG early entropy source...[0m
[0;32mI (81) boot: Partition Table:[0m
[0;32mI (83) boot: ## Label            Usage          Type ST Offset   Length[0m
[0;32mI (90) boot:  0 nvs              WiFi data        01 02 00009000 00006000[0m
[0;32mI (96) boot:  1 phy_init         RF data          01 01 0000f000 00001000[0m
[0;32mI (103) boot:  2 factory          factory app      00 00 00010000 00100000[0m
[0;32mI (109) boot: End of partition table[0m
[0;32mI (113) esp_image: segment 0: paddr=00010020 vaddr=3f400020 size=21664h (136804) map[0m
[0;32mI (167) esp_image: segment 1: paddr=0003168c vaddr=3ff80000 size=0001ch (    28) load[0m
[0;32mI (167) esp_image: segment 2: paddr=000316b0 vaddr=3ffbdb60 size=0518ch ( 20876) load[0m
[0;32mI (179) esp_image: segment 3: paddr=00036844 vaddr=40080000 size=097d4h ( 38868) load[0m
[0;32mI (194) esp_image: segment 4: paddr=00040020 vaddr=400d0020 size=825a4h (533924) map[0m
[0;32mI (376) esp_image: segment 5: paddr=000c25cc vaddr=400897d4 size=1031ch ( 66332) load[0m
[0;32mI (415) boot: Loaded app from partition at offset 0x10000[0m
[0;32mI (415) boot: Disabling RNG early entropy source...[0m
[0;32mI (426) cpu_start: Multicore app[0m
[0;32mI (434) cpu_start: Pro cpu start user code[0m
[0;32mI (434) cpu_start: cpu freq: 160000000 Hz[0m
[0;32mI (434) app_init: Application information:[0m
[0;32mI (434) app_init: Project name:     control_1.8[0m
[0;32mI (438) app_init: App version:      ffc465069-dirty[0m
[0;32mI (443) app_init: Compile time:     Mar  1 2026 19:36:20[0m
[0;32mI (448) app_init: ELF file SHA256:  8814a05f4...[0m
[0;32mI (452) app_init: ESP-IDF:          v5.4-dirty[0m
[0;32mI (456) efuse_init: Min chip rev:     v0.0[0m
[0;32mI (460) efuse_init: Max chip rev:     v3.99 [0m
[0;32mI (464) efuse_init: Chip rev:         v1.1[0m
[0;32mI (468) heap_init: Initializing. RAM available for dynamic allocation:[0m
[0;32mI (475) heap_init: At 3FFAFF10 len 000000F0 (0 KiB): DRAM[0m
[0;32mI (479) heap_init: At 3FFB6388 len 00001C78 (7 KiB): DRAM[0m
[0;32mI (485) heap_init: At 3FFB9A20 len 00004108 (16 KiB): DRAM[0m
[0;32mI (490) heap_init: At 3FFC7BB0 len 00018450 (97 KiB): DRAM[0m
[0;32mI (495) heap_init: At 3FFE0440 len 00003AE0 (14 KiB): D/IRAM[0m
[0;32mI (500) heap_init: At 3FFE4350 len 0001BCB0 (111 KiB): D/IRAM[0m
[0;32mI (506) heap_init: At 40099AF0 len 00006510 (25 KiB): IRAM[0m
I BOD: Brownout detector was triggered


ets Jun  8 2016 00:22:57

rst:0x3 (SW_RESET),boot:0x13 (SPI_FAST_FLASH_BOOT)
configsip: 0, SPIWP:0xee
clk_drv:0x00,q_drv:0x00,d_drv:0x00,cs0_drv:0x00,hd_drv:0x00,wp_drv:0x00
mode:DIO, clock div:2
load:0x3fff0030,len:6276
load:0x40078000,len:15716
load:0x40080400,len:4
ho 8 tail 4 room 4
load:0x40080404,len:3860
entry 0x4008063c
[0;32mI (60) boot: ESP-IDF v5.4-dirty 2nd stage bootloader[0m
[0;32mI (60) boot: compile time Dec 15 2025 11:24:30[0m
[0;32mI (60) boot: Multicore bootloader[0m
[0;32mI (62) boot: chip revision: v1.1[0m
[0;32mI (65) boot.esp32: SPI Speed      : 40MHz[0m
[0;32mI (69) boot.esp32: SPI Mode       : DIO[0m
[0;32mI (73) boot.esp32: SPI Flash Size : 16MB[0m
[0;32mI (76) boot: Enabling RNG early entropy source...[0m
[0;32mI (81) boot: Partition Table:[0m
[0;32mI (83) boot: ## Label            Usage          Type ST Offset   Length[0m
[0;32mI (90) boot:  0 nvs              WiFi data        01 02 00009000 00006000[0m
[0;32mI (96) boot:  1 phy_init         RF data          01 01 0000f000 00001000[0m
[0;32mI (103) boot:  2 factory          factory app      00 00 00010000 00100000[0m
[0;32mI (109) boot: End of partition table[0m
[0;32mI (113) esp_image: segment 0: paddr=00010020 vaddr=3f400020 size=21664h (136804) map[0m
[0;32mI (167) esp_image: segment 1: paddr=0003168c vaddr=3ff80000 size=0001ch (    28) load[0m
[0;32mI (167) esp_image: segment 2: paddr=000316b0 vaddr=3ffbdb60 size=0518ch ( 20876) load[0m
[0;32mI (179) esp_image: segment 3: paddr=00036844 vaddr=40080000 size=097d4h ( 38868) load[0m
[0;32mI (194) esp_image: segment 4: paddr=00040020 vaddr=400d0020 size=825a4h (533924) map[0m
[0;32mI (376) esp_image: segment 5: paddr=000c25cc vaddr=400897d4 size=1031ch ( 66332) load[0m
[0;32mI (415) boot: Loaded app from partition at offset 0x10000[0m
[0;32mI (415) boot: Disabling RNG early entropy source...[0m
[0;32mI (426) cpu_start: Multicore app[0m
[0;32mI (434) cpu_start: Pro cpu start user code[0m
[0;32mI (434) cpu_start: cpu freq: 160000000 Hz[0m
[0;32mI (434) app_init: Application information:[0m
[0;32mI (434) app_init: Project name:     control_1.8[0m
[0;32mI (438) app_init: App version:      ffc465069-dirty[0m
[0;32mI (443) app_init: Compile time:     Mar  1 2026 19:36:20[0m
[0;32mI (448) app_init: ELF file SHA256:  8814a05f4...[0m
[0;32mI (452) app_init: ESP-IDF:          v5.4-dirty[0m
[0;32mI (456) efuse_init: Min chip rev:     v0.0[0m
[0;32mI (460) efuse_init: Max chip rev:     v3.99 [0m
[0;32mI (464) efuse_init: Chip rev:         v1.1[0m
[0;32mI (468) heap_init: Initializing. RAM available for dynamic allocation:[0m
[0;32mI (475) heap_init: At 3FFAFF10 len 000000F0 (0 KiB): DRAM[0m
[0;32mI (479) heap_init: At 3FFB6388 len 00001C78 (7 KiB): DRAM[0m
[0;32mI (485) heap_init: At 3FFB9A20 len 00004108 (16 KiB): DRAM[0m
[0;32mI (490) heap_init: At 3FFC7BB0 len 00018450 (97 KiB): DRAM[0m
[0;32mI (495) heap_init: At 3FFE0440 len 00003AE0 (14 KiB): D/IRAM[0m
[0;32mI (500) heap_init: At 3FFE4350 len 0001BCB0 (111 KiB): D/IRAM[0m
[0;32mI (506) heap_init: At 40099AF0 len 00006510 (25 KiB): IRAM[0m
I BOD: Brownout detector was triggered


ets Jun  8 2016 00:22:57

rst:0x3 (SW_RESET),boot:0x13 (SPI_FAST_FLASH_BOOT)
configsip: 0, SPIWP:0xee
clk_drv:0x00,q_drv:0x00,d_drv:0x00,cs0_drv:0x00,hd_drv:0x00,wp_drv:0x00
mode:DIO, clock div:2
load:0x3fff0030,len:6276
load:0x40078000,len:15716
load:0x40080400,len:4
ho 8 tail 4 room 4
load:0x40080404,len:3860
entry 0x4008063c
[0;32mI (60) boot: ESP-IDF v5.4-dirty 2nd stage bootloader[0m
[0;32mI (60) boot: compile time Dec 15 2025 11:24:30[0m
[0;32mI (60) boot: Multicore bootloader[0m
[0;32mI (62) boot: chip revision: v1.1[0m
[0;32mI (65) boot.esp32: SPI Speed      : 40MHz[0m
[0;32mI (69) boot.esp32: SPI Mode       : DIO[0m
[0;32mI (72) boot.esp32: SPI Flash Size : 16MB[0m
[0;32mI (76) boot: Enabling RNG early entropy source...[0m
[0;32mI (81) boot: Partition Table:[0m
[0;32mI (83) boot: ## Label            Usage          Type ST Offset   Length[0m
[0;32mI (90) boot:  0 nvs              WiFi data        01 02 00009000 00006000[0m
[0;32mI (96) boot:  1 phy_init         RF data          01 01 0000f000 00001000[0m
[0;32mI (103) boot:  2 factory          factory app      00 00 00010000 00100000[0m
[0;32mI (109) boot: End of partition table[0m
[0;32mI (113) esp_image: segment 0: paddr=00010020 vaddr=3f400020 size=21664h (136804) map[0m
[0;32mI (167) esp_image: segment 1: paddr=0003168c vaddr=3ff80000 size=0001ch (    28) load[0m
[0;32mI (167) esp_image: segment 2: paddr=000316b0 vaddr=3ffbdb60 size=0518ch ( 20876) load[0m
[0;32mI (179) esp_image: segment 3: paddr=00036844 vaddr=40080000 size=097d4h ( 38868) load[0m
[0;32mI (194) esp_image: segment 4: paddr=00040020 vaddr=400d0020 size=825a4h (533924) map[0m
[0;32mI (376) esp_image: segment 5: paddr=000c25cc vaddr=400897d4 size=1031ch ( 66332) load[0m
[0;32mI (415) boot: Loaded app from partition at offset 0x10000[0m
[0;32mI (415) boot: Disabling RNG early entropy source...[0m
[0;32mI (426) cpu_start: Multicore app[0m
[0;32mI (434) cpu_start: Pro cpu start user code[0m
[0;32mI (434) cpu_start: cpu freq: 160000000 Hz[0m
[0;32mI (434) app_init: Application information:[0m
[0;32mI (434) app_init: Project name:     control_1.8[0m
[0;32mI (438) app_init: App version:      ffc465069-dirty[0m
[0;32mI (443) app_init: Compile time:     Mar  1 2026 19:36:20[0m
[0;32mI (448) app_init: ELF file SHA256:  8814a05f4...[0m
[0;32mI (452) app_init: ESP-IDF:          v5.4-dirty[0m
[0;32mI (456) efuse_init: Min chip rev:     v0.0[0m
[0;32mI (460) efuse_init: Max chip rev:     v3.99 [0m
[0;32mI (464) efuse_init: Chip rev:         v1.1[0m
[0;32mI (468) heap_init: Initializing. RAM available for dynamic allocation:[0m
[0;32mI (475) heap_init: At 3FFAFF10 len 000000F0 (0 KiB): DRAM[0m
[0;32mI (479) heap_init: At 3FFB6388 len 00001C78 (7 KiB): DRAM[0m
[0;32mI (485) heap_init: At 3FFB9A20 len 00004108 (16 KiB): DRAM[0m
[0;32mI (490) heap_init: At 3FFC7BB0 len 00018450 (97 KiB): DRAM[0m
[0;32mI (495) heap_init: At 3FFE0440 len 00003AE0 (14 KiB): D/IRAM[0m
[0;32mI (500) heap_init: At 3FFE4350 len 0001BCB0 (111 KiB): D/IRAM[0m
[0;32mI (506) heap_init: At 40099AF0 len 00006510 (25 KiB): IRAM[0m
I BOD: Brownout detector was triggered


ets Jun  8 2016 00:22:57

rst:0x3 (SW_RESET),boot:0x13 (SPI_FAST_FLASH_BOOT)
configsip: 0, SPIWP:0xee
clk_drv:0x00,q_drv:0x00,d_drv:0x00,cs0_drv:0x00,hd_drv:0x00,wp_drv:0x00
mode:DIO, clock div:2
load:0x3fff0030,len:6276
load:0x40078000,len:15716
load:0x40080400,len:4
ho 8 tail 4 room 4
load:0x40080404,len:3860
entry 0x4008063c
[0;32mI (60) boot: ESP-IDF v5.4-dirty 2nd stage bootloader[0m
[0;32mI (60) boot: compile time Dec 15 2025 11:24:30[0m
[0;32mI (60) boot: Multicore bootloader[0m
[0;32mI (62) boot: chip revision: v1.1[0m
[0;32mI (65) boot.esp32: SPI Speed      : 40MHz[0m
[0;32mI (69) boot.esp32: SPI Mode       : DIO[0m
[0;32mI (72) boot.esp32: SPI Flash Size : 16MB[0m
[0;32mI (76) boot: Enabling RNG early entropy source...[0m
[0;32mI (81) boot: Partition Table:[0m
[0;32mI (83) boot: ## Label            Usage          Type ST Offset   Length[0m
[0;32mI (90) boot:  0 nvs              WiFi data        01 02 00009000 00006000[0m
[0;32mI (96) boot:  1 phy_init         RF data          01 01 0000f000 00001000[0m
[0;32mI (103) boot:  2 factory          factory app      00 00 00010000 00100000[0m
[0;32mI (109) boot: End of partition table[0m
[0;32mI (113) esp_image: segment 0: paddr=00010020 vaddr=3f400020 size=21664h (136804) map[0m
[0;32mI (167) esp_image: segment 1: paddr=0003168c vaddr=3ff80000 size=0001ch (    28) load[0m
[0;32mI (167) esp_image: segment 2: paddr=000316b0 vaddr=3ffbdb60 size=0518ch ( 20876) load[0m
[0;32mI (179) esp_image: segment 3: paddr=00036844 vaddr=40080000 size=097d4h ( 38868) load[0m
[0;32mI (194) esp_image: segment 4: paddr=00040020 vaddr=400d0020 size=825a4h (533924) map[0m
[0;32mI (376) esp_image: segment 5: paddr=000c25cc vaddr=400897d4 size=1031ch ( 66332) load[0m
[0;32mI (415) boot: Loaded app from partition at offset 0x10000[0m
[0;32mI (415) boot: Disabling RNG early entropy source...[0m
[0;32mI (426) cpu_start: Multicore app[0m
[0;32mI (434) cpu_start: Pro cpu start user code[0m
[0;32mI (434) cpu_start: cpu freq: 160000000 Hz[0m
[0;32mI (434) app_init: Application information:[0m
[0;32mI (434) app_init: Project name:     control_1.8[0m
[0;32mI (438) app_init: App version:      ffc465069-dirty[0m
[0;32mI (443) app_init: Compile time:     Mar  1 2026 19:36:20[0m
[0;32mI (448) app_init: ELF file SHA256:  8814a05f4...[0m
[0;32mI (452) app_init: ESP-IDF:          v5.4-dirty[0m
[0;32mI (456) efuse_init: Min chip rev:     v0.0[0m
[0;32mI (460) efuse_init: Max chip rev:     v3.99 [0m
[0;32mI (464) efuse_init: Chip rev:         v1.1[0m
[0;32mI (468) heap_init: Initializing. RAM available for dynamic allocation:[0m
[0;32mI (475) heap_init: At 3FFAFF10 len 000000F0 (0 KiB): DRAM[0m
[0;32mI (479) heap_init: At 3FFB6388 len 00001C78 (7 KiB): DRAM[0m
[0;32mI (485) heap_init: At 3FFB9A20 len 00004108 (16 KiB): DRAM[0m
[0;32mI (490) heap_init: At 3FFC7BB0 len 00018450 (97 KiB): DRAM[0m
[0;32mI (495) heap_init: At 3FFE0440 len 00003AE0 (14 KiB): D/IRAM[0m
[0;32mI (500) heap_init: At 3FFE4350 len 0001BCB0 (111 KiB): D/IRAM[0m
[0;32mI (506) heap_init: At 40099AF0 len 00006510 (25 KiB): IRAM[0m
I BOD: Brownout detector was triggered


ets Jun  8 2016 00:22:57

rst:0x3 (SW_RESET),boot:0x13 (SPI_FAST_FLASH_BOOT)
configsip: 0, SPIWP:0xee
clk_drv:0x00,q_drv:0x00,d_drv:0x00,cs0_drv:0x00,hd_drv:0x00,wp_drv:0x00
mode:DIO, clock div:2
load:0x3fff0030,len:6276
load:0x40078000,len:15716
load:0x40080400,len:4
ho 8 tail 4 room 4
load:0x40080404,len:3860
entry 0x4008063c
[0;32mI (60) boot: ESP-IDF v5.4-dirty 2nd stage bootloader[0m
[0;32mI (60) boot: compile time Dec 15 2025 11:24:30[0m
[0;32mI (60) boot: Multicore bootloader[0m
[0;32mI (62) boot: chip revision: v1.1[0m
[0;32mI (65) boot.esp32: SPI Speed      : 40MHz[0m
[0;32mI (69) boot.esp32: SPI Mode       : DIO[0m
[0;32mI (72) boot.esp32: SPI Flash Size : 16MB[0m
[0;32mI (76) boot: Enabling RNG early entropy source...[0m
[0;32mI (81) boot: Partition Table:[0m
[0;32mI (83) boot: ## Label            Usage          Type ST Offset   Length[0m
[0;32mI (90) boot:  0 nvs              WiFi data        01 02 00009000 00006000[0m
[0;32mI (96) boot:  1 phy_init         RF data          01 01 0000f000 00001000[0m
[0;32mI (103) boot:  2 factory          factory app      00 00 00010000 00100000[0m
[0;32mI (109) boot: End of partition table[0m
[0;32mI (113) esp_image: segment 0: paddr=00010020 vaddr=3f400020 size=21664h (136804) map[0m
[0;32mI (167) esp_image: segment 1: paddr=0003168c vaddr=3ff80000 size=0001ch (    28) load[0m
[0;32mI (167) esp_image: segment 2: paddr=000316b0 vaddr=3ffbdb60 size=0518ch ( 20876) load[0m
[0;32mI (179) esp_image: segment 3: paddr=00036844 vaddr=40080000 size=097d4h ( 38868) load[0m
[0;32mI (194) esp_image: segment 4: paddr=00040020 vaddr=400d0020 size=825a4h (533924) map[0m
[0;32mI (376) esp_image: segment 5: paddr=000c25cc vaddr=400897d4 size=1031ch ( 66332) load[0m
[0;32mI (415) boot: Loaded app from partition at offset 0x10000[0m
[0;32mI (415) boot: Disabling RNG early entropy source...[0m
[0;32mI (426) cpu_start: Multicore app[0m
[0;32mI (434) cpu_start: Pro cpu start user code[0m
[0;32mI (434) cpu_start: cpu freq: 160000000 Hz[0m
[0;32mI (434) app_init: Application information:[0m
[0;32mI (434) app_init: Project name:     control_1.8[0m
[0;32mI (438) app_init: App version:      ffc465069-dirty[0m
[0;32mI (443) app_init: Compile time:     Mar  1 2026 19:36:20[0m
[0;32mI (448) app_init: ELF file SHA256:  8814a05f4...[0m
[0;32mI (452) app_init: ESP-IDF:          v5.4-dirty[0m
[0;32mI (456) efuse_init: Min chip rev:     v0.0[0m
[0;32mI (460) efuse_init: Max chip rev:     v3.99 [0m
[0;32mI (464) efuse_init: Chip rev:         v1.1[0m
[0;32mI (468) heap_init: Initializing. RAM available for dynamic allocation:[0m
[0;32mI (475) heap_init: At 3FFAFF10 len 000000F0 (0 KiB): DRAM[0m
[0;32mI (479) heap_init: At 3FFB6388 len 00001C78 (7 KiB): DRAM[0m
[0;32mI (485) heap_init: At 3FFB9A20 len 00004108 (16 KiB): DRAM[0m
[0;32mI (490) heap_init: At 3FFC7BB0 len 00018450 (97 KiB): DRAM[0m
[0;32mI (495) heap_init: At 3FFE0440 len 00003AE0 (14 KiB): D/IRAM[0m
[0;32mI (500) heap_init: At 3FFE4350 len 0001BCB0 (111 KiB): D/IRAM[0m
[0;32mI (506) heap_init: At 40099AF0 len 00006510 (25 KiB): IRAM[0m
I BOD: Brownout detector was triggered


ets Jun  8 2016 00:22:57

rst:0x3 (SW_RESET),boot:0x13 (SPI_FAST_FLASH_BOOT)
configsip: 0, SPIWP:0xee
clk_drv:0x00,q_drv:0x00,d_drv:0x00,cs0_drv:0x00,hd_drv:0x00,wp_drv:0x00
mode:DIO, clock div:2
load:0x3fff0030,len:6276
load:0x40078000,len:15716
load:0x40080400,len:4
ho 8 tail 4 room 4
load:0x40080404,len:3860
entry 0x4008063c
[0;32mI (60) boot: ESP-IDF v5.4-dirty 2nd stage bootloader[0m
[0;32mI (60) boot: compile time Dec 15 2025 11:24:30[0m
[0;32mI (60) boot: Multicore bootloader[0m
[0;32mI (62) boot: chip revision: v1.1[0m
[0;32mI (65) boot.esp32: SPI Speed      : 40MHz[0m
[0;32mI (69) boot.esp32: SPI Mode       : DIO[0m
[0;32mI (72) boot.esp32: SPI Flash Size : 16MB[0m
[0;32mI (76) boot: Enabling RNG early entropy source...[0m
[0;32mI (81) boot: Partition Table:[0m
[0;32mI (83) boot: ## Label            Usage          Type ST Offset   Length[0m
[0;32mI (90) boot:  0 nvs              WiFi data        01 02 00009000 00006000[0m
[0;32mI (96) boot:  1 phy_init         RF data          01 01 0000f000 00001000[0m
[0;32mI (103) boot:  2 factory          factory app      00 00 00010000 00100000[0m
[0;32mI (109) boot: End of partition table[0m
[0;32mI (113) esp_image: segment 0: paddr=00010020 vaddr=3f400020 size=21664h (136804) map[0m
[0;32mI (167) esp_image: segment 1: paddr=0003168c vaddr=3ff80000 size=0001ch (    28) load[0m
[0;32mI (167) esp_image: segment 2: paddr=000316b0 vaddr=3ffbdb60 size=0518ch ( 20876) load[0m
[0;32mI (179) esp_image: segment 3: paddr=00036844 vaddr=40080000 size=097d4h ( 38868) load[0m
[0;32mI (194) esp_image: segment 4: paddr=00040020 vaddr=400d0020 size=825a4h (533924) map[0m
[0;32mI (376) esp_image: segment 5: paddr=000c25cc vaddr=400897d4 size=1031ch ( 66332) load[0m
[0;32mI (415) boot: Loaded app from partition at offset 0x10000[0m
[0;32mI (415) boot: Disabling RNG early entropy source...[0m
[0;32mI (426) cpu_start: Multicore app[0m
[0;32mI (434) cpu_start: Pro cpu start user code[0m
[0;32mI (434) cpu_start: cpu freq: 160000000 Hz[0m
[0;32mI (434) app_init: Application information:[0m
[0;32mI (434) app_init: Project name:     control_1.8[0m
[0;32mI (438) app_init: App version:      ffc465069-dirty[0m
[0;32mI (443) app_init: Compile time:     Mar  1 2026 19:36:20[0m
[0;32mI (448) app_init: ELF file SHA256:  8814a05f4...[0m
[0;32mI (452) app_init: ESP-IDF:          v5.4-dirty[0m
[0;32mI (456) efuse_init: Min chip rev:     v0.0[0m
[0;32mI (460) efuse_init: Max chip rev:     v3.99 [0m
[0;32mI (464) efuse_init: Chip rev:         v1.1[0m
[0;32mI (468) heap_init: Initializing. RAM available for dynamic allocation:[0m
[0;32mI (475) heap_init: At 3FFAFF10 len 000000F0 (0 KiB): DRAM[0m
[0;32mI (479) heap_init: At 3FFB6388 len 00001C78 (7 KiB): DRAM[0m
[0;32mI (485) heap_init: At 3FFB9A20 len 00004108 (16 KiB): DRAM[0m
[0;32mI (490) heap_init: At 3FFC7BB0 len 00018450 (97 KiB): DRAM[0m
[0;32mI (495) heap_init: At 3FFE0440 len 00003AE0 (14 KiB): D/IRAM[0m
[0;32mI (500) heap_init: At 3FFE4350 len 0001BCB0 (111 KiB): D/IRAM[0m
[0;32mI (506) heap_init: At 40099AF0 len 00006510 (25 KiB): IRAM[0m
I BOD: Brownout detector was triggered


ets Jun  8 2016 00:22:57

rst:0x3 (SW_RESET),boot:0x13 (SPI_FAST_FLASH_BOOT)
configsip: 0, SPIWP:0xee
clk_drv:0x00,q_drv:0x00,d_drv:0x00,cs0_drv:0x00,hd_drv:0x00,wp_drv:0x00
mode:DIO, clock div:2
load:0x3fff0030,len:6276
load:0x40078000,len:15716
load:0x40080400,len:4
ho 8 tail 4 room 4
load:0x40080404,len:3860
entry 0x4008063c
[0;32mI (60) boot: ESP-IDF v5.4-dirty 2nd stage bootloader[0m
[0;32mI (60) boot: compile time Dec 15 2025 11:24:30[0m
[0;32mI (60) boot: Multicore bootloader[0m
[0;32mI (62) boot: chip revision: v1.1[0m
[0;32mI (65) boot.esp32: SPI Speed      : 40MHz[0m
[0;32mI (69) boot.esp32: SPI Mode       : DIO[0m
[0;32mI (72) boot.esp32: SPI Flash Size : 16MB[0m
[0;32mI (76) boot: Enabling RNG early entropy source...[0m
[0;32mI (81) boot: Partition Table:[0m
[0;32mI (83) boot: ## Label            Usage          Type ST Offset   Length[0m
[0;32mI (90) boot:  0 nvs              WiFi data        01 02 00009000 00006000[0m
[0;32mI (96) boot:  1 phy_init         RF data          01 01 0000f000 00001000[0m
[0;32mI (103) boot:  2 factory          factory app      00 00 00010000 00100000[0m
[0;32mI (109) boot: End of partition table[0m
[0;32mI (113) esp_image: segment 0: paddr=00010020 vaddr=3f400020 size=21664h (136804) map[0m
[0;32mI (167) esp_image: segment 1: paddr=0003168c vaddr=3ff80000 size=0001ch (    28) load[0m
[0;32mI (167) esp_image: segment 2: paddr=000316b0 vaddr=3ffbdb60 size=0518ch ( 20876) load[0m
[0;32mI (179) esp_image: segment 3: paddr=00036844 vaddr=40080000 size=097d4h ( 38868) load[0m
[0;32mI (194) esp_image: segment 4: paddr=00040020 vaddr=400d0020 size=825a4h (533924) map[0m
[0;32mI (376) esp_image: segment 5: paddr=000c25cc vaddr=400897d4 size=1031ch ( 66332) load[0m
[0;32mI (415) boot: Loaded app from partition at offset 0x10000[0m
[0;32mI (415) boot: Disabling RNG early entropy source...[0m
[0;32mI (426) cpu_start: Multicore app[0m
[0;32mI (434) cpu_start: Pro cpu start user code[0m
[0;32mI (434) cpu_start: cpu freq: 160000000 Hz[0m
[0;32mI (434) app_init: Application information:[0m
[0;32mI (434) app_init: Project name:     control_1.8[0m
[0;32mI (438) app_init: App version:      ffc465069-dirty[0m
[0;32mI (443) app_init: Compile time:     Mar  1 2026 19:36:20[0m
[0;32mI (448) app_init: ELF file SHA256:  8814a05f4...[0m
[0;32mI (452) app_init: ESP-IDF:          v5.4-dirty[0m
[0;32mI (456) efuse_init: Min chip rev:     v0.0[0m
[0;32mI (460) efuse_init: Max chip rev:     v3.99 [0m
[0;32mI (464) efuse_init: Chip rev:         v1.1[0m
[0;32mI (468) heap_init: Initializing. RAM available for dynamic allocation:[0m
[0;32mI (475) heap_init: At 3FFAFF10 len 000000F0 (0 KiB): DRAM[0m
[0;32mI (479) heap_init: At 3FFB6388 len 00001C78 (7 KiB): DRAM[0m
[0;32mI (485) heap_init: At 3FFB9A20 len 00004108 (16 KiB): DRAM[0m
[0;32mI (490) heap_init: At 3FFC7BB0 len 00018450 (97 KiB): DRAM[0m
[0;32mI (495) heap_init: At 3FFE0440 len 00003AE0 (14 KiB): D/IRAM[0m
[0;32mI (500) heap_init: At 3FFE4350 len 0001BCB0 (111 KiB): D/IRAM[0m
[0;32mI (506) heap_init: At 40099AF0 len 00006510 (25 KiB): IRAM[0m
I BOD: Brownout detector was triggered


ets Jun  8 2016 00:22:57

rst:0x3 (SW_RESET),boot:0x13 (SPI_FAST_FLASH_BOOT)
configsip: 0, SPIWP:0xee
clk_drv:0x00,q_drv:0x00,d_drv:0x00,cs0_drv:0x00,hd_drv:0x00,wp_drv:0x00
mode:DIO, clock div:2
load:0x3fff0030,len:6276
load:0x40078000,len:15716
load:0x40080400,len:4
ho 8 tail 4 room 4
load:0x40080404,len:3860
entry 0x4008063c
[0;32mI (60) boot: ESP-IDF v5.4-dirty 2nd stage bootloader[0m
[0;32mI (60) boot: compile time Dec 15 2025 11:24:30[0m
[0;32mI (60) boot: Multicore bootloader[0m
[0;32mI (62) boot: chip revision: v1.1[0m
[0;32mI (65) boot.esp32: SPI Speed      : 40MHz[0m
[0;32mI (69) boot.esp32: SPI Mode       : DIO[0m
[0;32mI (72) boot.esp32: SPI Flash Size : 16MB[0m
[0;32mI (76) boot: Enabling RNG early entropy source...[0m
[0;32mI (81) boot: Partition Table:[0m
[0;32mI (83) boot: ## Label            Usage          Type ST Offset   Length[0m
[0;32mI (90) boot:  0 nvs              WiFi data        01 02 00009000 00006000[0m
[0;32mI (96) boot:  1 phy_init         RF data          01 01 0000f000 00001000[0m
[0;32mI (103) boot:  2 factory          factory app      00 00 00010000 00100000[0m
[0;32mI (109) boot: End of partition table[0m
[0;32mI (113) esp_image: segment 0: paddr=00010020 vaddr=3f400020 size=21664h (136804) map[0m
[0;32mI (167) esp_image: segment 1: paddr=0003168c vaddr=3ff80000 size=0001ch (    28) load[0m
[0;32mI (167) esp_image: segment 2: paddr=000316b0 vaddr=3ffbdb60 size=0518ch ( 20876) load[0m
[0;32mI (179) esp_image: segment 3: paddr=00036844 vaddr=40080000 size=097d4h ( 38868) load[0m
[0;32mI (194) esp_image: segment 4: paddr=00040020 vaddr=400d0020 size=825a4h (533924) map[0m
[0;32mI (376) esp_image: segment 5: paddr=000c25cc vaddr=400897d4 size=1031ch ( 66332) load[0m
[0;32mI (415) boot: Loaded app from partition at offset 0x10000[0m
[0;32mI (415) boot: Disabling RNG early entropy source...[0m
[0;32mI (426) cpu_start: Multicore app[0m
[0;32mI (434) cpu_start: Pro cpu start user code[0m
[0;32mI (434) cpu_start: cpu freq: 160000000 Hz[0m
[0;32mI (434) app_init: Application information:[0m
[0;32mI (434) app_init: Project name:     control_1.8[0m
[0;32mI (438) app_init: App version:      ffc465069-dirty[0m
[0;32mI (443) app_init: Compile time:     Mar  1 2026 19:36:20[0m
[0;32mI (448) app_init: ELF file SHA256:  8814a05f4...[0m
[0;32mI (452) app_init: ESP-IDF:          v5.4-dirty[0m
[0;32mI (456) efuse_init: Min chip rev:     v0.0[0m
[0;32mI (460) efuse_init: Max chip rev:     v3.99 [0m
[0;32mI (464) efuse_init: Chip rev:         v1.1[0m
[0;32mI (468) heap_init: Initializing. RAM available for dynamic allocation:[0m
[0;32mI (475) heap_init: At 3FFAFF10 len 000000F0 (0 KiB): DRAM[0m
[0;32mI (479) heap_init: At 3FFB6388 len 00001C78 (7 KiB): DRAM[0m
[0;32mI (485) heap_init: At 3FFB9A20 len 00004108 (16 KiB): DRAM[0m
[0;32mI (490) heap_init: At 3FFC7BB0 len 00018450 (97 KiB): DRAM[0m
[0;32mI (495) heap_init: At 3FFE0440 len 00003AE0 (14 KiB): D/IRAM[0m
[0;32mI (500) heap_init: At 3FFE4350 len 0001BCB0 (111 KiB): D/IRAM[0m
[0;32mI (506) heap_init: At 40099AF0 len 00006510 (25 KiB): IRAM[0m
I BOD: Brownout detector was triggered


ets Jun  8 2016 00:22:57

rst:0x3 (SW_RESET),boot:0x13 (SPI_FAST_FLASH_BOOT)
configsip: 0, SPIWP:0xee
clk_drv:0x00,q_drv:0x00,d_drv:0x00,cs0_drv:0x00,hd_drv:0x00,wp_drv:0x00
mode:DIO, clock div:2
load:0x3fff0030,len:6276
load:0x40078000,len:15716
load:0x40080400,len:4
ho 8 tail 4 room 4
load:0x40080404,len:3860
entry 0x4008063c
[0;32mI (60) boot: ESP-IDF v5.4-dirty 2nd stage bootloader[0m
[0;32mI (60) boot: compile time Dec 15 2025 11:24:30[0m
[0;32mI (60) boot: Multicore bootloader[0m
[0;32mI (62) boot: chip revision: v1.1[0m
[0;32mI (121) boot.esp32: SPI Speed      : 40MHz[0m
[0;32mI (121) boot.esp32: SPI Mode       : DIO[0m
[0;32mI (121) boot.esp32: SPI Flash Size : 16MB[0m
[0;32mI (121) boot: Enabling RNG early entropy source...[0m
[0;32mI (125) boot: Partition Table:[0m
[0;32mI (128) boot: ## Label            Usage          Type ST Offset   Length[0m
[0;32mI (135) boot:  0 nvs              WiFi data        01 02 00009000 00006000[0m
[0;32mI (141) boot:  1 phy_init         RF data          01 01 0000f000 00001000[0m
[0;32mI (148) boot:  2 factory          factory app      00 00 00010000 00100000[0m
[0;32mI (154) boot: End of partition table[0m
[0;32mI (158) esp_image: segment 0: paddr=00010020 vaddr=3f400020 size=21664h (136804) map[0m
[0;32mI (212) esp_image: segment 1: paddr=0003168c vaddr=3ff80000 size=0001ch (    28) load[0m
[0;32mI (212) esp_image: segment 2: paddr=000316b0 vaddr=3ffbdb60 size=0518ch ( 20876) load[0m
[0;32mI (224) esp_image: segment 3: paddr=00036844 vaddr=40080000 size=097d4h ( 38868) load[0m
[0;32mI (239) esp_image: segment 4: paddr=00040020 vaddr=400d0020 size=825a4h (533924) map[0m
[0;32mI (422) esp_image: segment 5: paddr=000c25cc vaddr=400897d4 size=1031ch ( 66332) load[0m
[0;32mI (460) boot: Loaded app from partition at offset 0x10000[0m
[0;32mI (460) boot: Disabling RNG early entropy source...[0m
[0;32mI (471) cpu_start: Multicore app[0m
[0;32mI (479) cpu_start: Pro cpu start user code[0m
[0;32mI (479) cpu_start: cpu freq: 160000000 Hz[0m
[0;32mI (479) app_init: Application information:[0m
[0;32mI (479) app_init: Project name:     control_1.8[0m
[0;32mI (483) app_init: App version:      ffc465069-dirty[0m
[0;32mI (488) app_init: Compile time:     Mar  1 2026 19:36:20[0m
[0;32mI (493) app_init: ELF file SHA256:  8814a05f4...[0m
[0;32mI (497) app_init: ESP-IDF:          v5.4-dirty[0m
[0;32mI (502) efuse_init: Min chip rev:     v0.0[0m
[0;32mI (505) efuse_init: Max chip rev:     v3.99 [0m
[0;32mI (509) efuse_init: Chip rev:         v1.1[0m
[0;32mI (513) heap_init: Initializing. RAM available for dynamic allocation:[0m
[0;32mI (520) heap_init: At 3FFAFF10 len 000000F0 (0 KiB): DRAM[0m
[0;32mI (525) heap_init: At 3FFB6388 len 00001C78 (7 KiB): DRAM[0m
[0;32mI (530) heap_init: At 3FFB9A20 len 00004108 (16 KiB): DRAM[0m
[0;32mI (535) heap_init: At 3FFC7BB0 len 00018450 (97 KiB): DRAM[0m
[0;32mI (540) heap_init: At 3FFE0440 len 00003AE0 (14 KiB): D/IRAM[0m
[0;32mI (545) heap_init: At 3FFE4350 len 0001BCB0 (111 KiB): D/IRAM[0m
[0;32mI (551) heap_init: At 40099AF0 len 00006510 (25 KiB): IRAM[0m
I BOD: Brownout detector was triggered


ets Jun  8 2016 00:22:57

rst:0x3 (SW_RESET),boot:0x13 (SPI_FAST_FLASH_BOOT)
configsip: 0, SPIWP:0xee
clk_drv:0x00,q_drv:0x00,d_drv:0x00,cs0_drv:0x00,hd_drv:0x00,wp_drv:0x00
mode:DIO, clock div:2
load:0x3fff0030,len:6276
load:0x40078000,len:15716
load:0x40080400,len:4
ho 8 tail 4 room 4
load:0x40080404,len:3860
entry 0x4008063c
[0;32mI (60) boot: ESP-IDF v5.4-dirty 2nd stage bootloader[0m
[0;32mI (60) boot: compile time Dec 15 2025 11:24:30[0m
[0;32mI (60) boot: Multicore bootloader[0m
[0;32mI (62) boot: chip revision: v1.1[0m
[0;32mI (65) boot.esp32: SPI Speed      : 40MHz[0m
[0;32mI (69) boot.esp32: SPI Mode       : DIO[0m
[0;32mI (73) boot.esp32: SPI Flash Size : 16MB[0m
[0;32mI (76) boot: Enabling RNG early entropy source...[0m
[0;32mI (81) boot: Partition Table:[0m
[0;32mI (83) boot: ## Label            Usage          Type ST Offset   Length[0m
[0;32mI (90) boot:  0 nvs              WiFi data        01 02 00009000 00006000[0m
[0;32mI (96) boot:  1 phy_init         RF data          01 01 0000f000 00001000[0m
[0;32mI (103) boot:  2 factory          factory app      00 00 00010000 00100000[0m
[0;32mI (109) boot: End of partition table[0m
[0;32mI (113) esp_image: segment 0: paddr=00010020 vaddr=3f400020 size=21664h (136804) map[0m
[0;32mI (167) esp_image: segment 1: paddr=0003168c vaddr=3ff80000 size=0001ch (    28) load[0m
[0;32mI (167) esp_image: segment 2: paddr=000316b0 vaddr=3ffbdb60 size=0518ch ( 20876) load[0m
[0;32mI (179) esp_image: segment 3: paddr=00036844 vaddr=40080000 size=097d4h ( 38868) load[0m
[0;32mI (194) esp_image: segment 4: paddr=00040020 vaddr=400d0020 size=825a4h (533924) map[0m
[0;32mI (376) esp_image: segment 5: paddr=000c25cc vaddr=400897d4 size=1031ch ( 66332) load[0m
[0;32mI (415) boot: Loaded app from partition at offset 0x10000[0m
[0;32mI (415) boot: Disabling RNG early entropy source...[0m
[0;32mI (426) cpu_start: Multicore app[0m
[0;32mI (434) cpu_start: Pro cpu start user code[0m
[0;32mI (434) cpu_start: cpu freq: 160000000 Hz[0m
[0;32mI (434) app_init: Application information:[0m
[0;32mI (434) app_init: Project name:     control_1.8[0m
[0;32mI (438) app_init: App version:      ffc465069-dirty[0m
[0;32mI (443) app_init: Compile time:     Mar  1 2026 19:36:20[0m
[0;32mI (448) app_init: ELF file SHA256:  8814a05f4...[0m
[0;32mI (452) app_init: ESP-IDF:          v5.4-dirty[0m
[0;32mI (456) efuse_init: Min chip rev:     v0.0[0m
[0;32mI (460) efuse_init: Max chip rev:     v3.99 [0m
[0;32mI (464) efuse_init: Chip rev:         v1.1[0m
[0;32mI (468) heap_init: Initializing. RAM available for dynamic allocation:[0m
[0;32mI (475) heap_init: At 3FFAFF10 len 000000F0 (0 KiB): DRAM[0m
[0;32mI (479) heap_init: At 3FFB6388 len 00001C78 (7 KiB): DRAM[0m
[0;32mI (485) heap_init: At 3FFB9A20 len 00004108 (16 KiB): DRAM[0m
[0;32mI (490) heap_init: At 3FFC7BB0 len 00018450 (97 KiB): DRAM[0m
[0;32mI (495) heap_init: At 3FFE0440 len 00003AE0 (14 KiB): D/IRAM[0m
[0;32mI (500) heap_init: At 3FFE4350 len 0001BCB0 (111 KiB): D/IRAM[0m
[0;32mI (506) heap_init: At 40099AF0 len 00006510 (25 KiB): IRAM[0m
I BOD: Brownout detector was triggered


ets Jun  8 2016 00:22:57

rst:0x3 (SW_RESET),boot:0x13 (SPI_FAST_FLASH_BOOT)
configsip: 0, SPIWP:0xee
clk_drv:0x00,q_drv:0x00,d_drv:0x00,cs0_drv:0x00,hd_drv:0x00,wp_drv:0x00
mode:DIO, clock div:2
load:0x3fff0030,len:6276
load:0x40078000,len:15716
load:0x40080400,len:4
ho 8 tail 4 room 4
load:0x40080404,len:3860
entry 0x4008063c
[0;32mI (60) boot: ESP-IDF v5.4-dirty 2nd stage bootloader[0m
[0;32mI (60) boot: compile time Dec 15 2025 11:24:30[0m
[0;32mI (60) boot: Multicore bootloader[0m
[0;32mI (62) boot: chip revision: v1.1[0m
[0;32mI (65) boot.esp32: SPI Speed      : 40MHz[0m
[0;32mI (69) boot.esp32: SPI Mode       : DIO[0m
[0;32mI (72) boot.esp32: SPI Flash Size : 16MB[0m
[0;32mI (76) boot: Enabling RNG early entropy source...[0m
[0;32mI (81) boot: Partition Table:[0m
[0;32mI (83) boot: ## Label            Usage          Type ST Offset   Length[0m
[0;32mI (90) boot:  0 nvs              WiFi data        01 02 00009000 00006000[0m
[0;32mI (96) boot:  1 phy_init         RF data          01 01 0000f000 00001000[0m
[0;32mI (103) boot:  2 factory          factory app      00 00 00010000 00100000[0m
[0;32mI (109) boot: End of partition table[0m
[0;32mI (113) esp_image: segment 0: paddr=00010020 vaddr=3f400020 size=21664h (136804) map[0m
[0;32mI (167) esp_image: segment 1: paddr=0003168c vaddr=3ff80000 size=0001ch (    28) load[0m
[0;32mI (167) esp_image: segment 2: paddr=000316b0 vaddr=3ffbdb60 size=0518ch ( 20876) load[0m
[0;32mI (179) esp_image: segment 3: paddr=00036844 vaddr=40080000 size=097d4h ( 38868) load[0m
[0;32mI (194) esp_image: segment 4: paddr=00040020 vaddr=400d0020 size=825a4h (533924) map[0m
[0;32mI (376) esp_image: segment 5: paddr=000c25cc vaddr=400897d4 size=1031ch ( 66332) load[0m
[0;32mI (415) boot: Loaded app from partition at offset 0x10000[0m
[0;32mI (415) boot: Disabling RNG early entropy source...[0m
[0;32mI (426) cpu_start: Multicore app[0m
[0;32mI (434) cpu_start: Pro cpu start user code[0m
[0;32mI (434) cpu_start: cpu freq: 160000000 Hz[0m
[0;32mI (434) app_init: Application information:[0m
[0;32mI (434) app_init: Project name:     control_1.8[0m
[0;32mI (438) app_init: App version:      ffc465069-dirty[0m
[0;32mI (443) app_init: Compile time:     Mar  1 2026 19:36:20[0m
[0;32mI (448) app_init: ELF file SHA256:  8814a05f4...[0m
[0;32mI (452) app_init: ESP-IDF:          v5.4-dirty[0m
[0;32mI (456) efuse_init: Min chip rev:     v0.0[0m
[0;32mI (460) efuse_init: Max chip rev:     v3.99 [0m
[0;32mI (464) efuse_init: Chip rev:         v1.1[0m
[0;32mI (468) heap_init: Initializing. RAM available for dynamic allocation:[0m
[0;32mI (475) heap_init: At 3FFAFF10 len 000000F0 (0 KiB): DRAM[0m
[0;32mI (479) heap_init: At 3FFB6388 len 00001C78 (7 KiB): DRAM[0m
[0;32mI (485) heap_init: At 3FFB9A20 len 00004108 (16 KiB): DRAM[0m
[0;32mI (490) heap_init: At 3FFC7BB0 len 00018450 (97 KiB): DRAM[0m
[0;32mI (495) heap_init: At 3FFE0440 len 00003AE0 (14 KiB): D/IRAM[0m
[0;32mI (500) heap_init: At 3FFE4350 len 0001BCB0 (111 KiB): D/IRAM[0m
[0;32mI (506) heap_init: At 40099AF0 len 00006510 (25 KiB): IRAM[0m
I BOD: Brownout detector was triggered


ets Jun  8 2016 00:22:57

rst:0x3 (SW_RESET),boot:0x13 (SPI_FAST_FLASH_BOOT)
configsip: 0, SPIWP:0xee
clk_drv:0x00,q_drv:0x00,d_drv:0x00,cs0_drv:0x00,hd_drv:0x00,wp_drv:0x00
mode:DIO, clock div:2
load:0x3fff0030,len:6276
load:0x40078000,len:15716
load:0x40080400,len:4
ho 8 tail 4 room 4
load:0x40080404,len:3860
entry 0x4008063c
[0;32mI (60) boot: ESP-IDF v5.4-dirty 2nd stage bootloader[0m
[0;32mI (60) boot: compile time Dec 15 2025 11:24:30[0m
[0;32mI (60) boot: Multicore bootloader[0m
[0;32mI (62) boot: chip revision: v1.1[0m
[0;32mI (65) boot.esp32: SPI Speed      : 40MHz[0m
[0;32mI (69) boot.esp32: SPI Mode       : DIO[0m
[0;32mI (73) boot.esp32: SPI Flash Size : 16MB[0m
[0;32mI (76) boot: Enabling RNG early entropy source...[0m
[0;32mI (81) boot: Partition Table:[0m
[0;32mI (83) boot: ## Label            Usage          Type ST Offset   Length[0m
[0;32mI (90) boot:  0 nvs              WiFi data        01 02 00009000 00006000[0m
[0;32mI (96) boot:  1 phy_init         RF data          01 01 0000f000 00001000[0m
[0;32mI (103) boot:  2 factory          factory app      00 00 00010000 00100000[0m
[0;32mI (109) boot: End of partition table[0m
[0;32mI (113) esp_image: segment 0: paddr=00010020 vaddr=3f400020 size=21664h (136804) map[0m
[0;32mI (167) esp_image: segment 1: paddr=0003168c vaddr=3ff80000 size=0001ch (    28) load[0m
[0;32mI (167) esp_image: segment 2: paddr=000316b0 vaddr=3ffbdb60 size=0518ch ( 20876) load[0m
[0;32mI (179) esp_image: segment 3: paddr=00036844 vaddr=40080000 size=097d4h ( 38868) load[0m
[0;32mI (194) esp_image: segment 4: paddr=00040020 vaddr=400d0020 size=825a4h (533924) map[0m
[0;32mI (376) esp_image: segment 5: paddr=000c25cc vaddr=400897d4 size=1031ch ( 66332) load[0m
[0;32mI (415) boot: Loaded app from partition at offset 0x10000[0m
[0;32mI (415) boot: Disabling RNG early entropy source...[0m
[0;32mI (426) cpu_start: Multicore app[0m
[0;32mI (434) cpu_start: Pro cpu start user code[0m
[0;32mI (434) cpu_start: cpu freq: 160000000 Hz[0m
[0;32mI (434) app_init: Application information:[0m
[0;32mI (434) app_init: Project name:     control_1.8[0m
[0;32mI (438) app_init: App version:      ffc465069-dirty[0m
[0;32mI (443) app_init: Compile time:     Mar  1 2026 19:36:20[0m
[0;32mI (448) app_init: ELF file SHA256:  8814a05f4...[0m
[0;32mI (452) app_init: ESP-IDF:          v5.4-dirty[0m
[0;32mI (456) efuse_init: Min chip rev:     v0.0[0m
[0;32mI (460) efuse_init: Max chip rev:     v3.99 [0m
[0;32mI (464) efuse_init: Chip rev:         v1.1[0m
[0;32mI (468) heap_init: Initializing. RAM available for dynamic allocation:[0m
[0;32mI (475) heap_init: At 3FFAFF10 len 000000F0 (0 KiB): DRAM[0m
[0;32mI (479) heap_init: At 3FFB6388 len 00001C78 (7 KiB): DRAM[0m
[0;32mI (485) heap_init: At 3FFB9A20 len 00004108 (16 KiB): DRAM[0m
[0;32mI (490) heap_init: At 3FFC7BB0 len 00018450 (97 KiB): DRAM[0m
[0;32mI (495) heap_init: At 3FFE0440 len 00003AE0 (14 KiB): D/IRAM[0m
[0;32mI (500) heap_init: At 3FFE4350 len 0001BCB0 (111 KiB): D/IRAM[0m
[0;32mI (506) heap_init: At 40099AF0 len 00006510 (25 KiB): IRAM[0m
I BOD: Brownout detector was triggered


ets Jun  8 2016 00:22:57

rst:0x3 (SW_RESET),boot:0x13 (SPI_FAST_FLASH_BOOT)
configsip: 0, SPIWP:0xee
clk_drv:0x00,q_drv:0x00,d_drv:0x00,cs0_drv:0x00,hd_drv:0x00,wp_drv:0x00
mode:DIO, clock div:2
load:0x3fff0030,len:6276
load:0x40078000,len:15716
load:0x40080400,len:4
ho 8 tail 4 room 4
load:0x40080404,len:3860
entry 0x4008063c
[0;32mI (60) boot: ESP-IDF v5.4-dirty 2nd stage bootloader[0m
[0;32mI (60) boot: compile time Dec 15 2025 11:24:30[0m
[0;32mI (60) boot: Multicore bootloader[0m
[0;32mI (62) boot: chip revision: v1.1[0m
[0;32mI (65) boot.esp32: SPI Speed      : 40MHz[0m
[0;32mI (69) boot.esp32: SPI Mode       : DIO[0m
[0;32mI (72) boot.esp32: SPI Flash Size : 16MB[0m
[0;32mI (76) boot: Enabling RNG early entropy source...[0m
[0;32mI (81) boot: Partition Table:[0m
[0;32mI (83) boot: ## Label            Usage          Type ST Offset   Length[0m
[0;32mI (90) boot:  0 nvs              WiFi data        01 02 00009000 00006000[0m
[0;32mI (96) boot:  1 phy_init         RF data          01 01 0000f000 00001000[0m
[0;32mI (103) boot:  2 factory          factory app      00 00 00010000 00100000[0m
[0;32mI (109) boot: End of partition table[0m
[0;32mI (113) esp_image: segment 0: paddr=00010020 vaddr=3f400020 size=21664h (136804) map[0m
[0;32mI (167) esp_image: segment 1: paddr=0003168c vaddr=3ff80000 size=0001ch (    28) load[0m
[0;32mI (167) esp_image: segment 2: paddr=000316b0 vaddr=3ffbdb60 size=0518ch ( 20876) load[0m
[0;32mI (179) esp_image: segment 3: paddr=00036844 vaddr=40080000 size=097d4h ( 38868) load[0m
[0;32mI (194) esp_image: segment 4: paddr=00040020 vaddr=400d0020 size=825a4h (533924) map[0m
[0;32mI (376) esp_image: segment 5: paddr=000c25cc vaddr=400897d4 size=1031ch ( 66332) load[0m
[0;32mI (415) boot: Loaded app from partition at offset 0x10000[0m
[0;32mI (415) boot: Disabling RNG early entropy source...[0m
[0;32mI (426) cpu_start: Multicore app[0m
[0;32mI (434) cpu_start: Pro cpu start user code[0m
[0;32mI (434) cpu_start: cpu freq: 160000000 Hz[0m
[0;32mI (434) app_init: Application information:[0m
[0;32mI (434) app_init: Project name:     control_1.8[0m
[0;32mI (438) app_init: App version:      ffc465069-dirty[0m
[0;32mI (443) app_init: Compile time:     Mar  1 2026 19:36:20[0m
[0;32mI (448) app_init: ELF file SHA256:  8814a05f4...[0m
[0;32mI (452) app_init: ESP-IDF:          v5.4-dirty[0m
[0;32mI (456) efuse_init: Min chip rev:     v0.0[0m
[0;32mI (460) efuse_init: Max chip rev:     v3.99 [0m
[0;32mI (464) efuse_init: Chip rev:         v1.1[0m
[0;32mI (468) heap_init: Initializing. RAM available for dynamic allocation:[0m
[0;32mI (475) heap_init: At 3FFAFF10 len 000000F0 (0 KiB): DRAM[0m
[0;32mI (479) heap_init: At 3FFB6388 len 00001C78 (7 KiB): DRAM[0m
[0;32mI (485) heap_init: At 3FFB9A20 len 00004108 (16 KiB): DRAM[0m
[0;32mI (490) heap_init: At 3FFC7BB0 len 00018450 (97 KiB): DRAM[0m
[0;32mI (495) heap_init: At 3FFE0440 len 00003AE0 (14 KiB): D/IRAM[0m
[0;32mI (500) heap_init: At 3FFE4350 len 0001BCB0 (111 KiB): D/IRAM[0m
[0;32mI (506) heap_init: At 40099AF0 len 00006510 (25 KiB): IRAM[0m
I BOD: Brownout detector was triggered


ets Jun  8 2016 00:22:57

rst:0x3 (SW_RESET),boot:0x13 (SPI_FAST_FLASH_BOOT)
configsip: 0, SPIWP:0xee
clk_drv:0x00,q_drv:0x00,d_drv:0x00,cs0_drv:0x00,hd_drv:0x00,wp_drv:0x00
mode:DIO, clock div:2
load:0x3fff0030,len:6276
load:0x40078000,len:15716
load:0x40080400,len:4
ho 8 tail 4 room 4
load:0x40080404,len:3860
entry 0x4008063c
[0;32mI (60) boot: ESP-IDF v5.4-dirty 2nd stage bootloader[0m
[0;32mI (60) boot: compile time Dec 15 2025 11:24:30[0m
[0;32mI (60) boot: Multicore bootloader[0m
[0;32mI (62) boot: chip revision: v1.1[0m
[0;32mI (65) boot.esp32: SPI Speed      : 40MHz[0m
[0;32mI (69) boot.esp32: SPI Mode       : DIO[0m
[0;32mI (72) boot.esp32: SPI Flash Size : 16MB[0m
[0;32mI (76) boot: Enabling RNG early entropy source...[0m
[0;32mI (81) boot: Partition Table:[0m
[0;32mI (83) boot: ## Label            Usage          Type ST Offset   Length[0m
[0;32mI (90) boot:  0 nvs              WiFi data        01 02 00009000 00006000[0m
[0;32mI (96) boot:  1 phy_init         RF data          01 01 0000f000 00001000[0m
[0;32mI (103) boot:  2 factory          factory app      00 00 00010000 00100000[0m
[0;32mI (109) boot: End of partition table[0m
[0;32mI (113) esp_image: segment 0: paddr=00010020 vaddr=3f400020 size=21664h (136804) map[0m
[0;32mI (167) esp_image: segment 1: paddr=0003168c vaddr=3ff80000 size=0001ch (    28) load[0m
[0;32mI (167) esp_image: segment 2: paddr=000316b0 vaddr=3ffbdb60 size=0518ch ( 20876) load[0m
[0;32mI (179) esp_image: segment 3: paddr=00036844 vaddr=40080000 size=097d4h ( 38868) load[0m
[0;32mI (194) esp_image: segment 4: paddr=00040020 vaddr=400d0020 size=825a4h (533924) map[0m
[0;32mI (376) esp_image: segment 5: paddr=000c25cc vaddr=400897d4 size=1031ch ( 66332) load[0m
[0;32mI (415) boot: Loaded app from partition at offset 0x10000[0m
[0;32mI (415) boot: Disabling RNG early entropy source...[0m
[0;32mI (426) cpu_start: Multicore app[0m
[0;32mI (434) cpu_start: Pro cpu start user code[0m
[0;32mI (434) cpu_start: cpu freq: 160000000 Hz[0m
[0;32mI (434) app_init: Application information:[0m
[0;32mI (434) app_init: Project name:     control_1.8[0m
[0;32mI (438) app_init: App version:      ffc465069-dirty[0m
[0;32mI (443) app_init: Compile time:     Mar  1 2026 19:36:20[0m
[0;32mI (448) app_init: ELF file SHA256:  8814a05f4...[0m
[0;32mI (452) app_init: ESP-IDF:          v5.4-dirty[0m
[0;32mI (456) efuse_init: Min chip rev:     v0.0[0m
[0;32mI (460) efuse_init: Max chip rev:     v3.99 [0m
[0;32mI (464) efuse_init: Chip rev:         v1.1[0m
[0;32mI (468) heap_init: Initializing. RAM available for dynamic allocation:[0m
[0;32mI (475) heap_init: At 3FFAFF10 len 000000F0 (0 KiB): DRAM[0m
[0;32mI (479) heap_init: At 3FFB6388 len 00001C78 (7 KiB): DRAM[0m
[0;32mI (485) heap_init: At 3FFB9A20 len 00004108 (16 KiB): DRAM[0m
[0;32mI (490) heap_init: At 3FFC7BB0 len 00018450 (97 KiB): DRAM[0m
[0;32mI (495) heap_init: At 3FFE0440 len 00003AE0 (14 KiB): D/IRAM[0m
[0;32mI (500) heap_init: At 3FFE4350 len 0001BCB0 (111 KiB): D/IRAM[0m
[0;32mI (506) heap_init: At 40099AF0 len 00006510 (25 KiB): IRAM[0m
[0;32mI (513) spi_flash: detected chip: generic[0m
[0;32mI (515) spi_flash: flash io: dio[0m
[0;32mI (519) coexist: coex firmware version: 49a8cdc[0m
[0;32mI (523) main_task: Started on CPU0[0m
[0;32mI (526) main_task: Calling app_main()[0m
[0;32mI (528) UART MASTER: decorder initialization begins[0m
[0;32mI (533) gpio: GPIO[12]| InputEn: 0| OutputEn: 0| OpenDrain: 0| Pullup: 1| Pulldown: 0| Intr:0 [0m
[0;32mI (1041) PCNT: setting up PCNT units and chanels[0m
[0;32mI (1041) gpio: GPIO[32]| InputEn: 0| OutputEn: 0| OpenDrain: 0| Pullup: 1| Pulldown: 0| Intr:0 [0m
[0;32mI (1042) gpio: GPIO[33]| InputEn: 0| OutputEn: 0| OpenDrain: 0| Pullup: 1| Pulldown: 0| Intr:0 [0m
[0;32mI (1051) PCNT: install pcnt unit1[0m
[0;32mI (1054) PCNT: set glitch filter for unit1[0m
[0;32mI (1058) PCNT: install pcnt channels of unit1[0m
[0;32mI (1062) PCNT: set edge and level actions for pcnt channels of unit1[0m
[0;32mI (1068) PCNT: enable pcnt unit1[0m
[0;32mI (1071) PCNT: clear pcnt unit1[0m
[0;32mI (1074) PCNT: start pcnt unit1[0m
[0;32mI (1077) gpio: GPIO[25]| InputEn: 0| OutputEn: 0| OpenDrain: 0| Pullup: 1| Pulldown: 0| Intr:0 [0m
[0;32mI (1085) gpio: GPIO[26]| InputEn: 0| OutputEn: 0| OpenDrain: 0| Pullup: 1| Pulldown: 0| Intr:0 [0m
[0;32mI (1093) PCNT: install pcnt unit2[0m
