KiB): IRAM
[0;32mI (479) spi_flash: detected chip: generic[0m
[0;32mI (481) spi_flash: flash io: dio[0m
[0;33mW (484) spi_flash: Detected size(16384k) larger than the size in the binary image header(2048k). Using the size in the binary image header.[0m
[0;32mI (497) coexist: coex firmware version: 49a8cdc[0m
[0;32mI (501) main_task: Started on CPU0[0m
[0;32mI (504) main_task: Calling app_main()[0m
[0;32mI (507) gpio: GPIO[12]| InputEn: 0| OutputEn: 0| OpenDrain: 0| Pullup: 1| Pulldown: 0| Intr:0 [0m
[0;32mI (516) I2C SLAVE: Slave initialization complete and ready to receive data[0m
[0;32mI (522) I2C SLAVE: Setting up PWM and PID module[0m

assert failed: xQueueSemaphoreTake queue.c:1709 (( pxQueue ))


Backtrace: 0x40081d55:0x3ffccfa0 0x40091151:0x3ffccfc0 0x40097a49:0x3ffccfe0 0x400919ee:0x3ffcd100 0x400daf82:0x3ffcd140 0x400db1be:0x3ffcd160 0x40091c09:0x3ffcd760




ELF file SHA256: 67e636eca

Rebooting...
ets Jun  8 2016 00:22:57

rst:0xc (SW_CPU_RESET),boot:0x13 (SPI_FAST_FLASH_BOOT)
configsip: 0, SPIWP:0xee
clk_drv:0x00,q_drv:0x00,d_drv:0x00,cs0_drv:0x00,hd_drv:0x00,wp_drv:0x00
mode:DIO, clock div:2
load:0x3fff0030,len:6276
load:0x40078000,len:15716
load:0x40080400,len:4
ho 8 tail 4 room 4
load:0x40080404,len:3860
entry 0x4008063c
[0;32mI (30) boot: ESP-IDF v5.4 2nd stage bootloader[0m
[0;32mI (31) boot: compile time Oct 27 2025 14:34:10[0m
[0;32mI (31) boot: Multicore bootloader[0m
[0;32mI (32) boot: chip revision: v1.1[0m
[0;32mI (35) boot.esp32: SPI Speed      : 40MHz[0m
[0;32mI (39) boot.esp32: SPI Mode       : DIO[0m
[0;32mI (42) boot.esp32: SPI Flash Size : 2MB[0m
[0;32mI (46) boot: Enabling RNG early entropy source...[0m
[0;32mI (50) boot: Partition Table:[0m
[0;32mI (53) boot: ## Label            Usage          Type ST Offset   Length[0m
[0;32mI (59) boot:  0 nvs              WiFi data        01 02 00009000 00006000[0m
[0;32mI (66) boot:  1 phy_init         RF data          01 01 0000f000 00001000[0m
[0;32mI (72) boot:  2 factory          factory app      00 00 00010000 00100000[0m
[0;32mI (79) boot: End of partition table[0m
[0;32mI (82) esp_image: segment 0: paddr=00010020 vaddr=3f400020 size=21b5ch (138076) map[0m
[0;32mI (137) esp_image: segment 1: paddr=00031b84 vaddr=3ff80000 size=0001ch (    28) load[0m
[0;32mI (137) esp_image: segment 2: paddr=00031ba8 vaddr=3ffbdb60 size=04db8h ( 19896) load[0m
[0;32mI (148) esp_image: segment 3: paddr=00036968 vaddr=40080000 size=096b0h ( 38576) load[0m
[0;32mI (163) esp_image: segment 4: paddr=00040020 vaddr=400d0020 size=81134h (528692) map[0m
[0;32mI (344) esp_image: segment 5: paddr=000c115c vaddr=400896b0 size=10260h ( 66144) load[0m
[0;32mI (382) boot: Loaded app from partition at offset 0x10000[0m
[0;32mI (382) boot: Disabling RNG early entropy source...[0m
[0;32mI (393) cpu_start: Multicore app[0m
[0;32mI (401) cpu_start: Pro cpu start user code[0m
[0;32mI (401) cpu_start: cpu freq: 160000000 Hz[0m
[0;32mI (401) app_init: Application information:[0m
[0;32mI (401) app_init: Project name:     control_1.2[0m
[0;32mI (406) app_init: App version:      v5.4[0m
[0;32mI (409) app_init: Compile time:     Oct 27 2025 14:34:03[0m
[0;32mI (414) app_init: ELF file SHA256:  67e636eca...[0m
[0;32mI (419) app_init: ESP-IDF:          v5.4[0m
[0;32mI (422) efuse_init: Min chip rev:     v0.0[0m
[0;32mI (426) efuse_init: Max chip rev:     v3.99 [0m
[0;32mI (430) efuse_init: Chip rev:         v1.1[0m
[0;32mI (434) heap_init: Initializing. RAM available for dynamic allocation:[0m
[0;32mI (440) heap_init: At 3FFAFF10 len 000000F0 (0 KiB): DRAM[0m
[0;32mI (445) heap_init: At 3FFB6388 len 00001C78 (7 KiB): DRAM[0m
[0;32mI (450) heap_init: At 3FFB9A20 len 00004108 (16 KiB): DRAM[0m
[0;32mI (456) heap_init: At 3FFC81E0 len 00017E20 (95 KiB): DRAM[0m
[0;32mI (461) heap_init: At 3FFE0440 len 00003AE0 (14 KiB): D/IRAM[0m
[0;32mI (466) heap_init: At 3FFE4350 len 0001BCB0 (111 KiB): D/IRAM[0m
[0;32mI (472) heap_init: At 40099910 len 000066F0 (25 KiB): IRAM[0m
[0;32mI (479) spi_flash: detected chip: generic[0m
[0;32mI (481) spi_flash: flash io: dio[0m
[0;33mW (484) spi_flash: Detected size(16384k) larger than the size in the binary image header(2048k). Using the size in the binary image header.[0m
[0;32mI (497) coexist: coex firmware version: 49a8cdc[0m
[0;32mI (501) main_task: Started on CPU0[0m
[0;32mI (504) main_task: Calling app_main()[0m
[0;32mI (507) gpio: GPIO[12]| InputEn: 0| OutputEn: 0| OpenDrain: 0| Pullup: 1| Pulldown: 0| Intr:0 [0m
[0;32mI (516) I2C SLAVE: Slave[0m
assert failed: vTaskGenericNotifyGiveFromISR tasks.c:6168 (xTaskToNotify)


Backtrace: 0x40081d55:0x3ffbf090 0x40091151:0x3ffbf0b0 0x40097a49:0x3ffbf0d0 0x400944a6:0x3ffbf1f0 0x40083619:0x3ffbf210 0x4008621e:0x3ffbf260 0x40082819:0x3ffbf290 0x40083ee9:0x3ffbf2b0 0x400d6fbf:0x3ffbb690 0x400d7677:0x3ffbb6c0 0x400d9f76:0x3ffbb6e0 0x4000bd83:0x3ffbb700 0x4000182a:0x3ffbb720 0x400d99a9:0x3ffbb740 0x400d9f76:0x3ffbb760 0x4000bd83:0x3ffbb780 0x4000117d:0x3ffbb7a0 0x400592fe:0x3ffbb7c0 0x4005937a:0x3ffbb7e0 0x40138ec1:0x3ffbb800 0x40143fc3:0x3ffbb830 0x401439da:0x3ffbb850 0x40139351:0x3ffbbb70 0x4014fadd:0x3ffbbba0 0x40097881:0x3ffbbbd0 0x400dacde:0x3ffbbc20 0x4014f2c7:0x3ffbbc50 0x40091c09:0x3ffbbc80




ELF file SHA256: 67e636eca

Rebooting...
ets Jun  8 2016 00:22:57

rst:0xc (SW_CPU_RESET),boot:0x13 (SPI_FAST_FLASH_BOOT)
configsip: 0, SPIWP:0xee
clk_drv:0x00,q_drv:0x00,d_drv:0x00,cs0_drv:0x00,hd_drv:0x00,wp_drv:0x00
mode:DIO, clock div:2
load:0x3fff0030,len:6276
load:0x40078000,len:15716
load:0x40080400,len:4
ho 8 tail 4 room 4
load:0x40080404,len:3860
entry 0x4008063c
[0;32mI (30) boot: ESP-IDF v5.4 2nd stage bootloader[0m
[0;32mI (31) boot: compile time Oct 27 2025 14:34:10[0m
[0;32mI (31) boot: Multicore bootloader[0m
[0;32mI (32) boot: chip revision: v1.1[0m
[0;32mI (35) boot.esp32: SPI Speed      : 40MHz[0m
[0;32mI (39) boot.esp32: SPI Mode       : DIO[0m
[0;32mI (42) boot.esp32: SPI Flash Size : 2MB[0m
[0;32mI (46) boot: Enabling RNG early entropy source...[0m
[0;32mI (50) boot: Partition Table:[0m
[0;32mI (53) boot: ## Label            Usage          Type ST Offset   Length[0m
[0;32mI (59) boot:  0 nvs              WiFi data        01 02 00009000 00006000[0m
[0;32mI (66) boot:  1 phy_init         RF data          01 01 0000f000 00001000[0m
[0;32mI (72) boot:  2 factory          factory app      00 00 00010000 00100000[0m
[0;32mI (79) boot: End of partition table[0m
[0;32mI (82) esp_image: segment 0: paddr=00010020 vaddr=3f400020 size=21b5ch (138076) map[0m
[0;32mI (137) esp_image: segment 1: paddr=00031b84 vaddr=3ff80000 size=0001ch (    28) load[0m
[0;32mI (137) esp_image: segment 2: paddr=00031ba8 vaddr=3ffbdb60 size=04db8h ( 19896) load[0m
[0;32mI (148) esp_image: segment 3: paddr=00036968 vaddr=40080000 size=096b0h ( 38576) load[0m
[0;32mI (163) esp_image: segment 4: paddr=00040020 vaddr=400d0020 size=81134h (528692) map[0m
[0;32mI (344) esp_image: segment 5: paddr=000c115c vaddr=400896b0 size=10260h ( 66144) load[0m
[0;32mI (382) boot: Loaded app from partition at offset 0x10000[0m
[0;32mI (382) boot: Disabling RNG early entropy source...[0m
[0;32mI (393) cpu_start: Multicore app[0m
[0;32mI (401) cpu_start: Pro cpu start user code[0m
[0;32mI (401) cpu_start: cpu freq: 160000000 Hz[0m
[0;32mI (401) app_init: Application information:[0m
[0;32mI (401) app_init: Project name:     control_1.2[0m
[0;32mI (406) app_init: App version:      v5.4[0m
[0;32mI (409) app_init: Compile time:     Oct 27 2025 14:34:03[0m
[0;32mI (414) app_init: ELF file SHA256:  67e636eca...[0m
[0;32mI (419) app_init: ESP-IDF:          v5.4[0m
[0;32mI (422) efuse_init: Min chip rev:     v0.0[0m
[0;32mI (426) efuse_init: Max chip rev:     v3.99 [0m
[0;32mI (430) efuse_init: Chip rev:         v1.1[0m
[0;32mI (434) heap_init: Initializing. RAM available for dynamic allocation:[0m
[0;32mI (440) heap_init: At 3FFAFF10 len 000000F0 (0 KiB): DRAM[0m
[0;32mI (445) heap_init: At 3FFB6388 len 00001C78 (7 KiB): DRAM[0m
[0;32mI (450) heap_init: At 3FFB9A20 len 00004108 (16 KiB): DRAM[0m
[0;32mI (456) heap_init: At 3FFC81E0 len 00017E20 (95 KiB): DRAM[0m
[0;32mI (461) heap_init: At 3FFE0440 len 00003AE0 (14 KiB): D/IRAM[0m
[0;32mI (466) heap_init: At 3FFE4350 len 0001BCB0 (111 KiB): D/IRAM[0m
[0;32mI (472) heap_init: At 40099910 len 000066F0 (25 KiB): IRAM[0m
[0;32mI (479) spi_flash: detected chip: generic[0m
[0;32mI (481) spi_flash: flash io: dio[0m
[0;33mW (484) spi_flash: Detected size(16384k) larger than the size in the binary image header(2048k). Using the size in the binary image header.[0m
[0;32mI (497) coexist: coex firmware version: 49a8cdc[0m
[0;32mI (501) main_task: Started on CPU0[0m
[0;32mI (504) main_task: Calling app_main()[0m
[0;32mI (507) gpio: GPIO[12]| InputEn: 0| OutputEn: 0| OpenDrain: 0| Pullup: 1| Pulldown: 0| Intr:0 [0m
[0;32mI (516) I2C SLAVE: Slave initialization complete and ready to receive data[0m
[0;32mI (522) I2C SLAVE: Setting up PWM and PID module[0m

assert failed: xQueueSemaphoreTake queue.c:1709 (( pxQueue ))


Backtrace: 0x40081d55:0x3ffccfa0 0x40091151:0x3ffccfc0 0x40097a49:0x3ffccfe0 0x400919ee:0x3ffcd100 0x400daf82:0x3ffcd140 0x400db1be:0x3ffcd160 0x40091c09:0x3ffcd760




ELF file SHA256: 67e636eca

Rebooting...
ets Jun  8 2016 00:22:57

rst:0xc (SW_CPU_RESET),boot:0x13 (SPI_FAST_FLASH_BOOT)
configsip: 0, SPIWP:0xee
clk_drv:0x00,q_drv:0x00,d_drv:0x00,cs0_drv:0x00,hd_drv:0x00,wp_drv:0x00
mode:DIO, clock div:2
load:0x3fff0030,len:6276
load:0x40078000,len:15716
load:0x40080400,len:4
ho 8 tail 4 room 4
load:0x40080404,len:3860
entry 0x4008063c
[0;32mI (30) boot: ESP-IDF v5.4 2nd stage bootloader[0m
[0;32mI (31) boot: compile time Oct 27 2025 14:34:10[0m
[0;32mI (31) boot: Multicore bootloader[0m
[0;32mI (32) boot: chip revision: v1.1[0m
[0;32mI (35) boot.esp32: SPI Speed      : 40MHz[0m
[0;32mI (39) boot.esp32: SPI Mode       : DIO[0m
[0;32mI (42) boot.esp32: SPI Flash Size : 2MB[0m
[0;32mI (46) boot: Enabling RNG early entropy source...[0m
[0;32mI (50) boot: Partition Table:[0m
[0;32mI (53) boot: ## Label            Usage          Type ST Offset   Length[0m
[0;32mI (59) boot:  0 nvs              WiFi data        01 02 00009000 00006000[0m
[0;32mI (66) boot:  1 phy_init         RF data          01 01 0000f000 00001000[0m
[0;32mI (72) boot:  2 factory          factory app      00 00 00010000 00100000[0m
[0;32mI (79) boot: End of partition table[0m
[0;32mI (82) esp_image: segment 0: paddr=00010020 vaddr=3f400020 size=21b5ch (138076) map[0m
[0;32mI (137) esp_image: segment 1: paddr=00031b84 vaddr=3ff80000 size=0001ch (    28) load[0m
[0;32mI (137) esp_image: segment 2: paddr=00031ba8 vaddr=3ffbdb60 size=04db8h ( 19896) load[0m
[0;32mI (148) esp_image: segment 3: paddr=00036968 vaddr=40080000 size=096b0h ( 38576) load[0m
[0;32mI (163) esp_image: segment 4: paddr=00040020 vaddr=400d0020 size=81134h (528692) map[0m
[0;32mI (344) esp_image: segment 5: paddr=000c115c vaddr=400896b0 size=10260h ( 66144) load[0m
[0;32mI (382) boot: Loaded app from partition at offset 0x10000[0m
[0;32mI (382) boot: Disabling RNG early entropy source...[0m
[0;32mI (393) cpu_start: Multicore app[0m
[0;32mI (401) cpu_start: Pro cpu start user code[0m
[0;32mI (401) cpu_start: cpu freq: 160000000 Hz[0m
[0;32mI (401) app_init: Application information:[0m
[0;32mI (401) app_init: Project name:     control_1.2[0m
[0;32mI (406) app_init: App version:      v5.4[0m
[0;32mI (409) app_init: Compile time:     Oct 27 2025 14:34:03[0m
[0;32mI (414) app_init: ELF file SHA256:  67e636eca...[0m
[0;32mI (419) app_init: ESP-IDF:          v5.4[0m
[0;32mI (422) efuse_init: Min chip rev:     v0.0[0m
[0;32mI (426) efuse_init: Max chip rev:     v3.99 [0m
[0;32mI (430) efuse_init: Chip rev:         v1.1[0m
[0;32mI (434) heap_init: Initializing. RAM available for dynamic allocation:[0m
[0;32mI (440) heap_init: At 3FFAFF10 len 000000F0 (0 KiB): DRAM[0m
[0;32mI (445) heap_init: At 3FFB6388 len 00001C78 (7 KiB): DRAM[0m
[0;32mI (450) heap_init: At 3FFB9A20 len 00004108 (16 KiB): DRAM[0m
[0;32mI (456) heap_init: At 3FFC81E0 len 00017E20 (95 KiB): DRAM[0m
[0;32mI (461) heap_init: At 3FFE0440 len 00003AE0 (14 KiB): D/IRAM[0m
[0;32mI (466) heap_init: At 3FFE4350 len 0001BCB0 (111 KiB): D/IRAM[0m
[0;32mI (472) heap_init: At 40099910 len 000066F0 (25 KiB): IRAM[0m
[0;32mI (479) spi_flash: detected chip: generic[0m
[0;32mI (481) spi_flash: flash io: dio[0m
[0;33mW (484) spi_flash: Detected size(16384k) larger than the size in the binary image header(2048k). Using the size in the binary image header.[0m
[0;32mI (497) coexist: coex firmware version: 49a8cdc[0m
[0;32mI (501) main_task: Started on CPU0[0m
[0;32mI (504) main_task: Calling app_main()[0m
[0;32mI (507) gpio: GPIO[12]| InputEn: 0| OutputEn: 0| OpenDrain: 0| Pullup: 1| Pulldown: 0| Intr:0 [0m
[0;32mI (516) I2C SLAVE: Slave initialization complete and ready to receive data[0m
[0;32mI (522) I2C SLAVE: Setting up PWM and PID module[0m

assert failed: xQueueSemaphoreTake queue.c:1709 (( pxQueue ))


Backtrace: 0x40081d55:0x3ffccfa0 0x40091151:0x3ffccfc0 0x40097a49:0x3ffccfe0 0x400919ee:0x3ffcd100 0x400daf82:0x3ffcd140 0x400db1be:0x3ffcd160 0x40091c09:0x3ffcd760




ELF file SHA256: 67e636eca

Rebooting...
ets Jun  8 2016 00:22:57

rst:0xc (SW_CPU_RESET),boot:0x13 (SPI_FAST_FLASH_BOOT)
configsip: 0, SPIWP:0xee
clk_drv:0x00,q_drv:0x00,d_drv:0x00,cs0_drv:0x00,hd_drv:0x00,wp_drv:0x00
mode:DIO, clock div:2
load:0x3fff0030,len:6276
load:0x40078000,len:15716
load:0x40080400,len:4
ho 8 tail 4 room 4
load:0x40080404,len:3860
entry 0x4008063c
[0;32mI (30) boot: ESP-IDF v5.4 2nd stage bootloader[0m
[0;32mI (31) boot: compile time Oct 27 2025 14:34:10[0m
[0;32mI (31) boot: Multicore bootloader[0m
[0;32mI (32) boot: chip revision: v1.1[0m
[0;32mI (35) boot.esp32: SPI Speed      : 40MHz[0m
[0;32mI (39) boot.esp32: SPI Mode       : DIO[0m
[0;32mI (42) boot.esp32: SPI Flash Size : 2MB[0m
[0;32mI (46) boot: Enabling RNG early entropy source...[0m
[0;32mI (50) boot: Partition Table:[0m
[0;32mI (53) boot: ## Label            Usage          Type ST Offset   Length[0m
[0;32mI (59) boot:  0 nvs              WiFi data        01 02 00009000 00006000[0m
[0;32mI (66) boot:  1 phy_init         RF data          01 01 0000f000 00001000[0m
[0;32mI (72) boot:  2 factory          factory app      00 00 00010000 00100000[0m
[0;32mI (79) boot: End of partition table[0m
[0;32mI (82) esp_image: segment 0: paddr=00010020 vaddr=3f400020 size=21b5ch (138076) map[0m
[0;32mI (137) esp_image: segment 1: paddr=00031b84 vaddr=3ff80000 size=0001ch (    28) load[0m
[0;32mI (137) esp_image: segment 2: paddr=00031ba8 vaddr=3ffbdb60 size=04db8h ( 19896) load[0m
[0;32mI (148) esp_image: segment 3: paddr=00036968 vaddr=40080000 size=096b0h ( 38576) load[0m
[0;32mI (163) esp_image: segment 4: paddr=00040020 vaddr=400d0020 size=81134h (528692) map[0m
[0;32mI (344) esp_image: segment 5: paddr=000c115c vaddr=400896b0 size=10260h ( 66144) load[0m
[0;32mI (382) boot: Loaded app from partition at offset 0x10000[0m
[0;32mI (382) boot: Disabling RNG early entropy source...[0m
[0;32mI (393) cpu_start: Multicore app[0m
[0;32mI (401) cpu_start: Pro cpu start user code[0m
[0;32mI (401) cpu_start: cpu freq: 160000000 Hz[0m
[0;32mI (401) app_init: Application information:[0m
[0;32mI (401) app_init: Project name:     control_1.2[0m
[0;32mI (406) app_init: App version:      v5.4[0m
[0;32mI (409) app_init: Compile time:     Oct 27 2025 14:34:03[0m
[0;32mI (414) app_init: ELF file SHA256:  67e636eca...[0m
[0;32mI (419) app_init: ESP-IDF:          v5.4[0m
[0;32mI (422) efuse_init: Min chip rev:     v0.0[0m
[0;32mI (426) efuse_init: Max chip rev:     v3.99 [0m
[0;32mI (430) efuse_init: Chip rev:         v1.1[0m
[0;32mI (434) heap_init: Initializing. RAM available for dynamic allocation:[0m
[0;32mI (440) heap_init: At 3FFAFF10 len 000000F0 (0 KiB): DRAM[0m
[0;32mI (445) heap_init: At 3FFB6388 len 00001C78 (7 KiB): DRAM[0m
[0;32mI (450) heap_init: At 3FFB9A20 len 00004108 (16 KiB): DRAM[0m
[0;32mI (456) heap_init: At 3FFC81E0 len 00017E20 (95 KiB): DRAM[0m
[0;32mI (461) heap_init: At 3FFE0440 len 00003AE0 (14 KiB): D/IRAM[0m
[0;32mI (466) heap_init: At 3FFE4350 len 0001BCB0 (111 KiB): D/IRAM[0m
[0;32mI (472) heap_init: At 40099910 len 000066F0 (25 KiB): IRAM[0m
[0;32mI (479) spi_flash: detected chip: generic[0m
[0;32mI (481) spi_flash: flash io: dio[0m
[0;33mW (484) spi_flash: Detected size(16384k) larger than the size in the binary image header(2048k). Using the size in the binary image header.[0m
[0;32mI (497) coexist: coex firmware version: 49a8cdc[0m
[0;32mI (501) main_task: Started on CPU0[0m
[0;32mI (504) main_task: Calling app_main()[0m
[0;32mI (507) gpio: GPIO[12]| InputEn: 0| OutputEn: 0| OpenDrain: 0| Pullup: 1| Pulldown: 0| Intr:0 [0m
[0;32mI (516) I2C SLAVE: Slave initialization complete and ready to receive data[0m
[0;32mI (522) I2C SLAVE: Setting up PWM and PID module[0m

assert failed: xQueueSemaphoreTake queue.c:1709 (( pxQueue ))


Backtrace: 0x40081d55:0x3ffccfa0 0x40091151:0x3ffccfc0 0x40097a49:0x3ffccfe0 0x400919ee:0x3ffcd100 0x400daf82:0x3ffcd140 0x400db1be:0x3ffcd160 0x40091c09:0x3ffcd760




ELF file SHA256: 67e636eca

Rebooting...
ets Jun  8 2016 00:22:57

rst:0xc (SW_CPU_RESET),boot:0x13 (SPI_FAST_FLASH_BOOT)
configsip: 0, SPIWP:0xee
clk_drv:0x00,q_drv:0x00,d_drv:0x00,cs0_drv:0x00,hd_drv:0x00,wp_drv:0x00
mode:DIO, clock div:2
load:0x3fff0030,len:6276
load:0x40078000,len:15716
load:0x40080400,len:4
ho 8 tail 4 room 4
load:0x40080404,len:3860
entry 0x4008063c
[0;32mI (30) boot: ESP-IDF v5.4 2nd stage bootloader[0m
[0;32mI (31) boot: compile time Oct 27 2025 14:34:10[0m
[0;32mI (31) boot: Multicore bootloader[0m
[0;32mI (32) boot: chip revision: v1.1[0m
[0;32mI (35) boot.esp32: SPI Speed      : 40MHz[0m
[0;32mI (39) boot.esp32: SPI Mode       : DIO[0m
[0;32mI (42) boot.esp32: SPI Flash Size : 2MB[0m
[0;32mI (46) boot: Enabling RNG early entropy source...[0m
[0;32mI (50) boot: Partition Table:[0m
[0;32mI (53) boot: ## Label            Usage          Type ST Offset   Length[0m
[0;32mI (59) boot:  0 nvs              WiFi data        01 02 00009000 00006000[0m
[0;32mI (66) boot:  1 phy_init         RF data          01 01 0000f000 00001000[0m
[0;32mI (72) boot:  2 factory          factory app      00 00 00010000 00100000[0m
[0;32mI (79) boot: End of partition table[0m
[0;32mI (82) esp_image: segment 0: paddr=00010020 vaddr=3f400020 size=21b5ch (138076) map[0m
[0;32mI (137) esp_image: segment 1: paddr=00031b84 vaddr=3ff80000 size=0001ch (    28) load[0m
[0;32mI (137) esp_image: segment 2: paddr=00031ba8 vaddr=3ffbdb60 size=04db8h ( 19896) load[0m
[0;32mI (148) esp_image: segment 3: paddr=00036968 vaddr=40080000 size=096b0h ( 38576) load[0m
[0;32mI (163) esp_image: segment 4: paddr=00040020 vaddr=400d0020 size=81134h (528692) map[0m
[0;32mI (344) esp_image: segment 5: paddr=000c115c vaddr=400896b0 size=10260h ( 66144) load[0m
[0;32mI (382) boot: Loaded app from partition at offset 0x10000[0m
[0;32mI (382) boot: Disabling RNG early entropy source...[0m
[0;32mI (393) cpu_start: Multicore app[0m
[0;32mI (401) cpu_start: Pro cpu start user code[0m
[0;32mI (401) cpu_start: cpu freq: 160000000 Hz[0m
[0;32mI (401) app_init: Application information:[0m
[0;32mI (401) app_init: Project name:     control_1.2[0m
[0;32mI (406) app_init: App version:      v5.4[0m
I (409) app_init: Compile time:     Oct 27 2025 14:34:03
[0;32mI (414) app_init: ELF file SHA256:  67e636eca...[0m
[0;32mI (419) app_init: ESP-IDF:          v5.4[0m
[0;32mI (422) efuse_init: Min chip rev:     v0.0[0m
[0;32mI (426) efuse_init: Max chip rev:     v3.99 [0m
[0;32mI (430) efuse_init: Chip rev:         v1.1[0m
[0;32mI (434) heap_init: Initializing. RAM available for dynamic allocation:[0m
[0;32mI (440) heap_init: At 3FFAFF10 len 000000F0 (0 KiB): DRAM[0m
[0;32mI (445) heap_init: At 3FFB6388 len 00001C78 (7 KiB): DRAM[0m
[0;32mI (450) heap_init: At 3FFB9A20 len 00004108 (16 KiB): DRAM[0m
[0;32mI (456) heap_init: At 3FFC81E0 len 00017E20 (95 KiB): DRAM[0m
[0;32mI (461) heap_init: At 3FFE0440 len 00003AE0 (14 KiB): D/IRAM[0m
[0;32mI (466) heap_init: At 3FFE4350 len 0001BCB0 (111 KiB): D/IRAM[0m
[0;32mI (472) heap_init: At 40099910 len 000066F0 (25 KiB): IRAM[0m
[0;32mI (479) spi_flash: detected chip: generic[0m
[0;32mI (481) spi_flash: flash io: dio[0m
[0;33mW (484) spi_flash: Detected size(16384k) larger than the size in the binary image header(2048k). Using the size in the binary image header.[0m
[0;32mI (497) coexist: coex firmware version: 49a8cdc[0m
[0;32mI (501) main_task: Started on CPU0[0m
[0;32mI (504) main_task: Calling app_main()[0m
[0;32mI (507) gpio: GPIO[12]| InputEn: 0| OutputEn: 0| OpenDrain: 0| Pullup: 1| Pulldown: 0| Intr:0 [0m
[0;32mI (516) I2C SLAVE: Slave initialization complete and ready to receive data[0m
[0;32mI (522) I2C SLAVE: Setting up PWM and PID module[0m

assert failed: xQueueSemaphoreTake queue.c:1709 (( pxQueue ))


Backtrace: 0x40081d55:0x3ffccfa0 0x40091151:0x3ffccfc0 0x40097a49:0x3ffccfe0 0x400919ee:0x3ffcd100 0x400daf82:0x3ffcd140 0x400db1be:0x3ffcd160 0x40091c09:0x3ffcd760




ELF file SHA256: 67e636eca

Rebooting...
ets Jun  8 2016 00:22:57

rst:0xc (SW_CPU_RESET),boot:0x13 (SPI_FAST_FLASH_BOOT)
configsip: 0, SPIWP:0xee
clk_drv:0x00,q_drv:0x00,d_drv:0x00,cs0_drv:0x00,hd_drv:0x00,wp_drv:0x00
mode:DIO, clock div:2
load:0x3fff0030,len:6276
load:0x40078000,len:15716
load:0x40080400,len:4
ho 8 tail 4 room 4
load:0x40080404,len:3860
entry 0x4008063c
[0;32mI (30) boot: ESP-IDF v5.4 2nd stage bootloader[0m
[0;32mI (31) boot: compile time Oct 27 2025 14:34:10[0m
[0;32mI (31) boot: Multicore bootloader[0m
[0;32mI (32) boot: chip revision: v1.1[0m
[0;32mI (35) boot.esp32: SPI Speed      : 40MHz[0m
[0;32mI (39) boot.esp32: SPI Mode       : DIO[0m
[0;32mI (42) boot.esp32: SPI Flash Size : 2MB[0m
[0;32mI (46) boot: Enabling RNG early entropy source...[0m
[0;32mI (50) boot: Partition Table:[0m
[0;32mI (53) boot: ## Label            Usage          Type ST Offset   Length[0m
[0;32mI (59) boot:  0 nvs              WiFi data        01 02 00009000 00006000[0m
[0;32mI (66) boot:  1 phy_init         RF data          01 01 0000f000 00001000[0m
[0;32mI (72) boot:  2 factory          factory app      00 00 00010000 00100000[0m
[0;32mI (79) boot: End of partition table[0m
[0;32mI (82) esp_image: segment 0: paddr=00010020 vaddr=3f400020 size=21b5ch (138076) map[0m
[0;32mI (137) esp_image: segment 1: paddr=00031b84 vaddr=3ff80000 size=0001ch (    28) load[0m
[0;32mI (137) esp_image: segment 2: paddr=00031ba8 vaddr=3ffbdb60 size=04db8h ( 19896) load[0m
[0;32mI (148) esp_image: segment 3: paddr=00036968 vaddr=40080000 size=096b0h ( 38576) load[0m
[0;32mI (163) esp_image: segment 4: paddr=00040020 vaddr=400d0020 size=81134h (528692) map[0m
[0;32mI (344) esp_image: segment 5: paddr=000c115c vaddr=400896b0 size=10260h ( 66144) load[0m
[0;32mI (382) boot: Loaded app from partition at offset 0x10000[0m
[0;32mI (382) boot: Disabling RNG early entropy source...[0m
[0;32mI (393) cpu_start: Multicore app[0m
[0;32mI (401) cpu_start: Pro cpu start user code[0m
[0;32mI (401) cpu_start: cpu freq: 160000000 Hz[0m
[0;32mI (401) app_init: Application information:[0m
[0;32mI (401) app_init: Project name:     control_1.2[0m
[0;32mI (406) app_init: App version:      v5.4[0m
[0;32mI (409) app_init: Compile time:     Oct 27 2025 14:34:03[0m
[0;32mI (414) app_init: ELF file SHA256:  67e636eca...[0m
[0;32mI (419) app_init: ESP-IDF:          v5.4[0m
[0;32mI (422) efuse_init: Min chip rev:     v0.0[0m
[0;32mI (426) efuse_init: Max chip rev:     v3.99 [0m
[0;32mI (430) efuse_init: Chip rev:         v1.1[0m
[0;32mI (434) heap_init: Initializing. RAM available for dynamic allocation:[0m
[0;32mI (440) heap_init: At 3FFAFF10 len 000000F0 (0 KiB): DRAM[0m
[0;32mI (445) heap_init: At 3FFB6388 len 00001C78 (7 KiB): DRAM[0m
[0;32mI (450) heap_init: At 3FFB9A20 len 00004108 (16 KiB): DRAM[0m
[0;32mI (456) heap_init: At 3FFC81E0 len 00017E20 (95 KiB): DRAM[0m
[0;32mI (461) heap_init: At 3FFE0440 len 00003AE0 (14 KiB): D/IRAM[0m
[0;32mI (466) heap_init: At 3FFE4350 len 0001BCB0 (111 KiB): D/IRAM[0m
[0;32mI (472) heap_init: At 40099910 len 000066F0 (25 KiB): IRAM[0m
[0;32mI (479) spi_flash: detected chip: generic[0m
[0;32mI (481) spi_flash: flash io: dio[0m
[0;33mW (484) spi_flash: Detected size(16384k) larger than the size in the binary image header(2048k). Using the size in the binary image header.[0m
[0;32mI (497) coexist: coex firmware version: 49a8cdc[0m
[0;32mI (501) main_task: Started on CPU0[0m
[0;32mI (504) main_task: Calling app_main()[0m
[0;32mI (507) gpio: GPIO[12]| InputEn: 0| OutputEn: 0| OpenDrain: 0| Pullup: 1| Pulldown: 0| Intr:0 [0m
[0;32mI (516) I2C SLAVE: Slave initialization complete and ready to receive data[0m
[0;32mI (522) I2C SLAVE: Setting up PWM and PID module[0m

assert failed: xQueueSemaphoreTake queue.c:1709 (( pxQueue ))


Backtrace: 0x40081d55:0x3ffccfa0 0x40091151:0x3ffccfc0 0x40097a49:0x3ffccfe0 0x400919ee:0x3ffcd100 0x400daf82:0x3ffcd140 0x400db1be:0x3ffcd160 0x40091c09:0x3ffcd760




ELF file SHA256: 67e636eca

Rebooting...
ets Jun  8 2016 00:22:57

rst:0xc (SW_CPU_RESET),boot:0x13 (SPI_FAST_FLASH_BOOT)
configsip: 0, SPIWP:0xee
clk_drv:0x00,q_drv:0x00,d_drv:0x00,cs0_drv:0x00,hd_drv:0x00,wp_drv:0x00
mode:DIO, clock div:2
load:0x3fff0030,len:6276
load:0x40078000,len:15716
load:0x40080400,len:4
ho 8 tail 4 room 4
load:0x40080404,len:3860
entry 0x4008063c
[0;32mI (30) boot: ESP-IDF v5.4 2nd stage bootloader[0m
[0;32mI (31) boot: compile time Oct 27 2025 14:34:10[0m
[0;32mI (31) boot: Multicore bootloader[0m
[0;32mI (32) boot: chip revision: v1.1[0m
[0;32mI (35) boot.esp32: SPI Speed      : 40MHz[0m
[0;32mI (39) boot.esp32: SPI Mode       : DIO[0m
[0;32mI (42) boot.esp32: SPI Flash Size : 2MB[0m
[0;32mI (46) boot: Enabling RNG early entropy source...[0m
[0;32mI (50) boot: Partition Table:[0m
[0;32mI (53) boot: ## Label            Usage          Type ST Offset   Length[0m
[0;32mI (59) boot:  0 nvs              WiFi data        01 02 00009000 00006000[0m
[0;32mI (66) boot:  1 phy_init         RF data          01 01 0000f000 00001000[0m
[0;32mI (72) boot:  2 factory          factory app      00 00 00010000 00100000[0m
[0;32mI (79) boot: End of partition table[0m
[0;32mI (82) esp_image: segment 0: paddr=00010020 vaddr=3f400020 size=21b5ch (138076) map[0m
[0;32mI (137) esp_image: segment 1: paddr=00031b84 vaddr=3ff80000 size=0001ch (    28) load[0m
[0;32mI (137) esp_image: segment 2: paddr=00031ba8 vaddr=3ffbdb60 size=04db8h ( 19896) load[0m
[0;32mI (148) esp_image: segment 3: paddr=00036968 vaddr=40080000 size=096b0h ( 38576) load[0m
[0;32mI (163) esp_image: segment 4: paddr=00040020 vaddr=400d0020 size=81134h (528692) map[0m
[0;32mI (344) esp_image: segment 5: paddr=000c115c vaddr=400896b0 size=10260h ( 66144) load[0m
[0;32mI (382) boot: Loaded app from partition at offset 0x10000[0m
[0;32mI (382) boot: Disabling RNG early entropy source...[0m
[0;32mI (393) cpu_start: Multicore app[0m
[0;32mI (401) cpu_start: Pro cpu start user code[0m
[0;32mI (401) cpu_start: cpu freq: 160000000 Hz[0m
[0;32mI (401) app_init: Application information:[0m
[0;32mI (401) app_init: Project name:     control_1.2[0m
[0;32mI (406) app_init: App version:      v5.4[0m
[0;32mI (409) app_init: Compile time:     Oct 27 2025 14:34:03[0m
[0;32mI (414) app_init: ELF file SHA256:  67e636eca...[0m
[0;32mI (419) app_init: ESP-IDF:          v5.4[0m
[0;32mI (422) efuse_init: Min chip rev:     v0.0[0m
[0;32mI (426) efuse_init: Max chip rev:     v3.99 [0m
[0;32mI (430) efuse_init: Chip rev:         v1.1[0m
[0;32mI (434) heap_init: Initializing. RAM available for dynamic allocation:[0m
[0;32mI (440) heap_init: At 3FFAFF10 len 000000F0 (0 KiB): DRAM[0m
I (445) heap_init: At 3FFB6388 len 00001C78 (7 KiB): DRAM
[0;32mI (450) heap_init: At 3FFB9A20 len 00004108 (16 KiB): DRAM[0m
[0;32mI (456) heap_init: At 3FFC81E0 len 00017E20 (95 KiB): DRAM[0m
[0;32mI (461) heap_init: At 3FFE0440 len 00003AE0 (14 KiB): D/IRAM[0m
[0;32mI (466) heap_init: At 3FFE4350 len 0001BCB0 (111 KiB): D/IRAM[0m
[0;32mI (472) heap_init: At 40099910 len 000066F0 (25 KiB): IRAM[0m
[0;32mI (479) spi_flash: detected chip: generic[0m
[0;32mI (481) spi_flash: flash io: dio[0m
[0;33mW (484) spi_flash: Detected size(16384k) larger than the size in the binary image header(2048k). Using the size in the binary image header.[0m
[0;32mI (497) coexist: coex firmware version: 49a8cdc[0m
[0;32mI (501) main_task: Started on CPU0[0m
[0;32mI (504) main_task: Calling app_main()[0m
[0;32mI (507) gpio: GPIO[12]| InputEn: 0| OutputEn: 0| OpenDrain: 0| Pullup: 1| Pulldown: 0| Intr:0 [0m
[0;32mI (516) I2C SLAVE: Slave initialization complete and ready to receive data[0m
[0;32mI (522) I2C SLAVE: Setting up PWM and PID module[0m

assert failed: xQueueSemaphoreTake queue.c:1709 (( pxQueue ))


Backtrace: 0x40081d55:0x3ffccfa0 0x40091151:0x3ffccfc0 0x40097a49:0x3ffccfe0 0x400919ee:0x3ffcd100 0x400daf82:0x3ffcd140 0x400db1be:0x3ffcd160 0x40091c09:0x3ffcd760




ELF file SHA256: 67e636eca

Rebooting...
ets Jun  8 2016 00:22:57

rst:0xc (SW_CPU_RESET),boot:0x13 (SPI_FAST_FLASH_BOOT)
configsip: 0, SPIWP:0xee
clk_drv:0x00,q_drv:0x00,d_drv:0x00,cs0_drv:0x00,hd_drv:0x00,wp_drv:0x00
mode:DIO, clock div:2
load:0x3fff0030,len:6276
load:0x40078000,len:15716
load:0x40080400,len:4
ho 8 tail 4 room 4
load:0x40080404,len:3860
entry 0x4008063c
[0;32mI (30) boot: ESP-IDF v5.4 2nd stage bootloader[0m
[0;32mI (31) boot: compile time Oct 27 2025 14:34:10[0m
[0;32mI (31) boot: Multicore bootloader[0m
[0;32mI (32) boot: chip revision: v1.1[0m
[0;32mI (35) boot.esp32: SPI Speed      : 40MHz[0m
[0;32mI (39) boot.esp32: SPI Mode       : DIO[0m
[0;32mI (42) boot.esp32: SPI Flash Size : 2MB[0m
[0;32mI (46) boot: Enabling RNG early entropy source...[0m
[0;32mI (50) boot: Partition Table:[0m
[0;32mI (53) boot: ## Label            Usage          Type ST Offset   Length[0m
[0;32mI (59) boot:  0 nvs              WiFi data        01 02 00009000 00006000[0m
[0;32mI (66) boot:  1 phy_init         RF data          01 01 0000f000 00001000[0m
[0;32mI (72) boot:  2 factory          factory app      00 00 00010000 00100000[0m
[0;32mI (79) boot: End of partition table[0m
[0;32mI (82) esp_image: segment 0: paddr=00010020 vaddr=3f400020 size=21b5ch (138076) map[0m
[0;32mI (137) esp_image: segment 1: paddr=00031b84 vaddr=3ff80000 size=0001ch (    28) load[0m
[0;32mI (137) esp_image: segment 2: paddr=00031ba8 vaddr=3ffbdb60 size=04db8h ( 19896) load[0m
[0;32mI (148) esp_image: segment 3: paddr=00036968 vaddr=40080000 size=096b0h ( 38576) load[0m
[0;32mI (163) esp_image: segment 4: paddr=00040020 vaddr=400d0020 size=81134h (528692) map[0m
[0;32mI (344) esp_image: segment 5: paddr=000c115c vaddr=400896b0 size=10260h ( 66144) load[0m
[0;32mI (382) boot: Loaded app from partition at offset 0x10000[0m
[0;32mI (382) boot: Disabling RNG early entropy source...[0m
[0;32mI (393) cpu_start: Multicore app[0m
[0;32mI (401) cpu_start: Pro cpu start user code[0m
[0;32mI (401) cpu_start: cpu freq: 160000000 Hz[0m
[0;32mI (401) app_init: Application information:[0m
[0;32mI (401) app_init: Project name:     control_1.2[0m
[0;32mI (406) app_init: App version:      v5.4[0m
[0;32mI (409) app_init: Compile time:     Oct 27 2025 14:34:03[0m
[0;32mI (414) app_init: ELF file SHA256:  67e636eca...[0m
[0;32mI (419) app_init: ESP-IDF:          v5.4[0m
[0;32mI (422) efuse_init: Min chip rev:     v0.0[0m
[0;32mI (426) efuse_init: Max chip rev:     v3.99 [0m
[0;32mI (430) efuse_init: Chip rev:         v1.1[0m
[0;32mI (434) heap_init: Initializing. RAM available for dynamic allocation:[0m
[0;32mI (440) heap_init: At 3FFAFF10 len 000000F0 (0 KiB): DRAM[0m
[0;32mI (445) heap_init: At 3FFB6388 len 00001C78 (7 KiB): DRAM[0m
[0;32mI (450) heap_init: At 3FFB9A20 len 00004108 (16 KiB): DRAM[0m
[0;32mI (456) heap_init: At 3FFC81E0 len 00017E20 (95 KiB): DRAM[0m
[0;32mI (461) heap_init: At 3FFE0440 len 00003AE0 (14 KiB): D/IRAM[0m
[0;32mI (466) heap_init: At 3FFE4350 len 0001BCB0 (111 KiB): D/IRAM[0m
[0;32mI (472) heap_init: At 40099910 len 000066F0 (25 KiB): IRAM[0m
[0;32mI (479) spi_flash: detected chip: generic[0m
[0;32mI (481) spi_flash: flash io: dio[0m
[0;33mW (484) spi_flash: Detected size(16384k) larger than the size in the binary image header(2048k). Using the size in the binary image header.[0m
[0;32mI (497) coexist: coex firmware version: 49a8cdc[0m
[0;32mI (501) main_task: Started on CPU0[0m
[0;32mI (504) main_task: Calling app_main()[0m
[0;32mI (507) gpio: GPIO[12]| InputEn: 0| OutputEn: 0| OpenDrain: 0| Pullup: 1| Pulldown: 0| Intr:0 [0m
[0;32mI (516) I2C SLAVE: Slave initialization complete and ready to receive data[0m
[0;32mI (522) I2C SLAVE: Setting up PWM and PID module[0m

assert failed: xQueueSemaphoreTake queue.c:1709 (( pxQueue ))


Backtrace: 0x40081d55:0x3ffccfa0 0x40091151:0x3ffccfc0 0x40097a49:0x3ffccfe0 0x400919ee:0x3ffcd100 0x400daf82:0x3ffcd140 0x400db1be:0x3ffcd160 0x40091c09:0x3ffcd760




ELF file SHA256: 67e636eca

Rebooting...
ets Jun  8 2016 00:22:57

rst:0xc (SW_CPU_RESET),boot:0x13 (SPI_FAST_FLASH_BOOT)
configsip: 0, SPIWP:0xee
clk_drv:0x00,q_drv:0x00,d_drv:0x00,cs0_drv:0x00,hd_drv:0x00,wp_drv:0x00
mode:DIO, clock div:2
load:0x3fff0030,len:6276
load:0x40078000,len:15716
load:0x40080400,len:4
ho 8 tail 4 room 4
load:0x40080404,len:3860
entry 0x4008063c
[0;32mI (30) boot: ESP-IDF v5.4 2nd stage bootloader[0m
[0;32mI (31) boot: compile time Oct 27 2025 14:34:10[0m
[0;32mI (31) boot: Multicore bootloader[0m
[0;32mI (32) boot: chip revision: v1.1[0m
[0;32mI (35) boot.esp32: SPI Speed      : 40MHz[0m
[0;32mI (39) boot.esp32: SPI Mode       : DIO[0m
[0;32mI (42) boot.esp32: SPI Flash Size : 2MB[0m
[0;32mI (46) boot: Enabling RNG early entropy source...[0m
[0;32mI (50) boot: Partition Table:[0m
[0;32mI (53) boot: ## Label            Usage          Type ST Offset   Length[0m
[0;32mI (59) boot:  0 nvs              WiFi data        01 02 00009000 00006000[0m
[0;32mI (66) boot:  1 phy_init         RF data          01 01 0000f000 00001000[0m
[0;32mI (72) boot:  2 factory          factory app      00 00 00010000 00100000[0m
[0;32mI (79) boot: End of partition table[0m
[0;32mI (82) esp_image: segment 0: paddr=00010020 vaddr=3f400020 size=21b5ch (138076) map[0m
[0;32mI (137) esp_image: segment 1: paddr=00031b84 vaddr=3ff80000 size=0001ch (    28) load[0m
[0;32mI (137) esp_image: segment 2: paddr=00031ba8 vaddr=3ffbdb60 size=04db8h ( 19896) load[0m
[0;32mI (148) esp_image: segment 3: paddr=00036968 vaddr=40080000 size=096b0h ( 38576) load[0m
[0;32mI (163) esp_image: segment 4: paddr=00040020 vaddr=400d0020 size=81134h (528692) map[0m
[0;32mI (344) esp_image: segment 5: paddr=000c115c vaddr=400896b0 size=10260h ( 66144) load[0m
[0;32mI (382) boot: Loaded app from partition at offset 0x10000[0m
[0;32mI (382) boot: Disabling RNG early entropy source...[0m
[0;32mI (393) cpu_start: Multicore app[0m
[0;32mI (401) cpu_start: Pro cpu start user code[0m
[0;32mI (401) cpu_start: cpu freq: 160000000 Hz[0m
[0;32mI (401) app_init: Application information:[0m
[0;32mI (401) app_init: Project name:     control_1.2[0m
[0;32mI (406) app_init: App version:      v5.4[0m
[0;32mI (409) app_init: Compile time:     Oct 27 2025 14:34:03[0m
[0;32mI (414) app_init: ELF file SHA256:  67e636eca...[0m
[0;32mI (419) app_init: ESP-IDF:          v5.4[0m
[0;32mI (422) efuse_init: Min chip rev:     v0.0[0m
[0;32mI (426) efuse_init: Max chip rev:     v3.99 [0m
[0;32mI (430) efuse_init: Chip rev:         v1.1[0m
[0;32mI (434) heap_init: Initializing. RAM available for dynamic allocation:[0m
[0;32mI (440) heap_init: At 3FFAFF10 len 000000F0 (0 KiB): DRAM[0m
[0;32mI (445) heap_init: At 3FFB6388 len 00001C78 (7 KiB): DRAM[0m
[0;32mI (450) heap_init: At 3FFB9A20 len 00004108 (16 KiB): DRAM[0m
[0;32mI (456) heap_init: At 3FFC81E0 len 00017E20 (95 KiB): DRAM[0m
[0;32mI (461) heap_init: At 3FFE0440 len 00003AE0 (14 KiB): D/IRAM[0m
[0;32mI (466) heap_init: At 3FFE4350 len 0001BCB0 (111 KiB): D/IRAM[0m
[0;32mI (472) heap_init: At 40099910 len 000066F0 (25 KiB): IRAM[0m
[0;32mI (479) spi_flash: detected chip: generic[0m
[0;32mI (481) spi_flash: flash io: dio[0m
[0;33mW (484) spi_flash: Detected size(16384k) larger than the size in the binary image header(2048k). Using the size in the binary image header.[0m
[0;32mI (497) coexist: coex firmware version: 49a8cdc[0m
[0;32mI (501) main_task: Started on CPU0[0m
[0;32mI (504) main_task: Calling app_main()[0m
[0;32mI (507) gpio: GPIO[12]| InputEn: 0| OutputEn: 0| OpenDrain: 0| Pullup: 1| Pulldown: 0| Intr:0 [0m
[0;32mI (516) I2C SLAVE: Slave initialization complete and ready to receive data[0m
[0;32mI (522) I2C SLAVE: Setting up PWM and PID module[0m

assert failed: xQueueSemaphoreTake queue.c:1709 (( pxQueue ))


Backtrace: 0x40081d55:0x3ffccfa0 0x40091151:0x3ffccfc0 0x40097a49:0x3ffccfe0 0x400919ee:0x3ffcd100 0x400daf82:0x3ffcd140 0x400db1be:0x3ffcd160 0x40091c09:0x3ffcd760




ELF file SHA256: 67e636eca

Rebooting...
ets Jun  8 2016 00:22:57

rst:0xc (SW_CPU_RESET),boot:0x13 (SPI_FAST_FLASH_BOOT)
configsip: 0, SPIWP:0xee
clk_drv:0x00,q_drv:0x00,d_drv:0x00,cs0_drv:0x00,hd_drv:0x00,wp_drv:0x00
mode:DIO, clock div:2
load:0x3fff0030,len:6276
load:0x40078000,len:15716
load:0x40080400,len:4
ho 8 tail 4 room 4
load:0x40080404,len:3860
entry 0x4008063c
[0;32mI (30) boot: ESP-IDF v5.4 2nd stage bootloader[0m
[0;32mI (31) boot: compile time Oct 27 2025 14:34:10[0m
[0;32mI (31) boot: Multicore bootloader[0m
[0;32mI (32) boot: chip revision: v1.1[0m
[0;32mI (35) boot.esp32: SPI Speed      : 40MHz[0m
[0;32mI (39) boot.esp32: SPI Mode       : DIO[0m
[0;32mI (42) boot.esp32: SPI Flash Size : 2MB[0m
[0;32mI (46) boot: Enabling RNG early entropy source...[0m
[0;32mI (50) boot: Partition Table:[0m
[0;32mI (53) boot: ## Label            Usage          Type ST Offset   Length[0m
[0;32mI (59) boot:  0 nvs              WiFi data        01 02 00009000 00006000[0m
[0;32mI (66) boot:  1 phy_init         RF data          01 01 0000f000 00001000[0m
[0;32mI (72) boot:  2 factory          factory app      00 00 00010000 00100000[0m
[0;32mI (79) boot: End of partition table[0m
[0;32mI (82) esp_image: segment 0: paddr=00010020 vaddr=3f400020 size=21b5ch (138076) map[0m
[0;32mI (137) esp_image: segment 1: paddr=00031b84 vaddr=3ff80000 size=0001ch (    28) load[0m
[0;32mI (137) esp_image: segment 2: paddr=00031ba8 vaddr=3ffbdb60 size=04db8h ( 19896) load[0m
[0;32mI (148) esp_image: segment 3: paddr=00036968 vaddr=40080000 size=096b0h ( 38576) load[0m
[0;32mI (163) esp_image: segment 4: paddr=00040020 vaddr=400d0020 size=81134h (528692) map[0m
[0;32mI (344) esp_image: segment 5: paddr=000c115c vaddr=400896b0 size=10260h ( 66144) load[0m
[0;32mI (382) boot: Loaded app from partition at offset 0x10000[0m
[0;32mI (382) boot: Disabling RNG early entropy source...[0m
[0;32mI (393) cpu_start: Multicore app[0m
[0;32mI (401) cpu_start: Pro cpu start user code[0m
[0;32mI (401) cpu_start: cpu freq: 160000000 Hz[0m
[0;32mI (401) app_init: Application information:[0m
[0;32mI (401) app_init: Project name:     control_1.2[0m
[0;32mI (406) app_init: App version:      v5.4[0m
[0;32mI (409) app_init: Compile time:     Oct 27 2025 14:34:03[0m
[0;32mI (414) app_init: ELF file SHA256:  67e636eca...[0m
[0;32mI (419) app_init: ESP-IDF:          v5.4[0m
[0;32mI (422) efuse_init: Min chip rev:     v0.0[0m
[0;32mI (426) efuse_init: Max chip rev:     v3.99 [0m
[0;32mI (430) efuse_init: Chip rev:         v1.1[0m
[0;32mI (434) heap_init: Initializing. RAM available for dynamic allocation:[0m
[0;32mI (440) heap_init: At 3FFAFF10 len 000000F0 (0 KiB): DRAM[0m
[0;32mI (445) heap_init: At 3FFB6388 len 00001C78 (7 KiB): DRAM[0m
[0;32mI (450) heap_init: At 3FFB9A20 len 00004108 (16 KiB): DRAM[0m
[0;32mI (456) heap_init: At 3FFC81E0 len 00017E20 (95 KiB): DRAM[0m
[0;32mI (461) heap_init: At 3FFE0440 len 00003AE0 (14 KiB): D/IRAM[0m
[0;32mI (466) heap_init: At 3FFE4350 len 0001BCB0 (111 KiB): D/IRAM[0m
[0;32mI (472) heap_init: At 40099910 len 000066F0 (25 KiB): IRAM[0m
[0;32mI (479) spi_flash: detected chip: generic[0m
[0;32mI (481) spi_flash: flash io: dio[0m
[0;33mW (484) spi_flash: Detected size(16384k) larger than the size in the binary image header(2048k). Using the size in the binary image header.[0m
[0;32mI (497) coexist: coex firmware version: 49a8cdc[0m
[0;32mI (501) main_task: Started on CPU0[0m
[0;32mI (504) main_task: Calling app_main()[0m
[0;32mI (507) gpio: GPIO[12]| InputEn: 0| OutputEn: 0| OpenDrain: 0| Pullup: 1| Pulldown: 0| Intr:0 [0m
[0;32mI (516) I2C SLAVE: Slave initialization complete and ready to receive data[0m
[0;32mI (522) I2C SLAVE: Setting up PWM and PID module[0m

assert failed: xQueueSemaphoreTake queue.c:1709 (( pxQueue ))


Backtrace: 0x40081d55:0x3ffccfa0 0x40091151:0x3ffccfc0 0x40097a49:0x3ffccfe0 0x400919ee:0x3ffcd100 0x400daf82:0x3ffcd140 0x400db1be:0x3ffcd160 0x40091c09:0x3ffcd760




ELF file SHA256: 67e636eca

Rebooting...
ets Jun  8 2016 00:22:57

rst:0xc (SW_CPU_RESET),boot:0x13 (SPI_FAST_FLASH_BOOT)
configsip: 0, SPIWP:0xee
clk_drv:0x00,q_drv:0x00,d_drv:0x00,cs0_drv:0x00,hd_drv:0x00,wp_drv:0x00
mode:DIO, clock div:2
load:0x3fff0030,len:6276
load:0x40078000,len:15716
load:0x40080400,len:4
ho 8 tail 4 room 4
load:0x40080404,len:3860
entry 0x4008063c
[0;32mI (30) boot: ESP-IDF v5.4 2nd stage bootloader[0m
[0;32mI (31) boot: compile time Oct 27 2025 14:34:10[0m
[0;32mI (31) boot: Multicore bootloader[0m
[0;32mI (32) boot: chip revision: v1.1[0m
[0;32mI (35) boot.esp32: SPI Speed      : 40MHz[0m
[0;32mI (39) boot.esp32: SPI Mode       : DIO[0m
[0;32mI (42) boot.esp32: SPI Flash Size : 2MB[0m
[0;32mI (46) boot: Enabling RNG early entropy source...[0m
[0;32mI (50) boot: Partition Table:[0m
[0;32mI (53) boot: ## Label            Usage          Type ST Offset   Length[0m
[0;32mI (59) boot:  0 nvs              WiFi data        01 02 00009000 00006000[0m
[0;32mI (66) boot:  1 phy_init         RF data          01 01 0000f000 00001000[0m
[0;32mI (72) boot:  2 factory          factory app      00 00 00010000 00100000[0m
[0;32mI (79) boot: End of partition table[0m
[0;32mI (82) esp_image: segment 0: paddr=00010020 vaddr=3f400020 size=21b5ch (138076) map[0m
[0;32mI (137) esp_image: segment 1: paddr=00031b84 vaddr=3ff80000 size=0001ch (    28) load[0m
[0;32mI (137) esp_image: segment 2: paddr=00031ba8 vaddr=3ffbdb60 size=04db8h ( 19896) load[0m
[0;32mI (148) esp_image: segment 3: paddr=00036968 vaddr=40080000 size=096b0h ( 38576) load[0m
[0;32mI (163) esp_image: segment 4: paddr=00040020 vaddr=400d0020 size=81134h (528692) map[0m
[0;32mI (344) esp_image: segment 5: paddr=000c115c vaddr=400896b0 size=10260h ( 66144) load[0m
[0;32mI (382) boot: Loaded app from partition at offset 0x10000[0m
[0;32mI (382) boot: Disabling RNG early entropy source...[0m
[0;32mI (393) cpu_start: Multicore app[0m
[0;32mI (401) cpu_start: Pro cpu start user code[0m
[0;32mI (401) cpu_start: cpu freq: 160000000 Hz[0m
[0;32mI (401) app_init: Application information:[0m
[0;32mI (401) app_init: Project name:     control_1.2[0m
[0;32mI (406) app_init: App version:      v5.4[0m
[0;32mI (409) app_init: Compile time:     Oct 27 2025 14:34:03[0m
[0;32mI (414) app_init: ELF file SHA256:  67e636eca...[0m
[0;32mI (419) app_init: ESP-IDF:          v5.4[0m
[0;32mI (422) efuse_init: Min chip rev:     v0.0[0m
[0;32mI (426) efuse_init: Max chip rev:     v3.99 [0m
[0;32mI (430) efuse_init: Chip rev:         v1.1[0m
[0;32mI (434) heap_init: Initializing. RAM available for dynamic allocation:[0m
[0;32mI (440) heap_init: At 3FFAFF10 len 000000F0 (0 KiB): DRAM[0m
[0;32mI (445) heap_init: At 3FFB6388 len 00001C78 (7 KiB): DRAM[0m
[0;32mI (450) heap_init: At 3FFB9A20 len 00004108 (16 KiB): DRAM[0m
[0;32mI (456) heap_init: At 3FFC81E0 len 00017E20 (95 KiB): DRAM[0m
[0;32mI (461) heap_init: At 3FFE0440 len 00003AE0 (14 KiB): D/IRAM[0m
[0;32mI (466) heap_init: At 3FFE4350 len 0001BCB0 (111 KiB): D/IRAM[0m
[0;32mI (472) heap_init: At 40099910 len 000066F0 (25 KiB): IRAM[0m
[0;32mI (479) spi_flash: detected chip: generic[0m
[0;32mI (481) spi_flash: flash io: dio[0m
[0;33mW (484) spi_flash: Detected size(16384k) larger than the size in the binary image header(2048k). Using the size in the binary image header.[0m
[0;32mI (497) coexist: coex firmware version: 49a8cdc[0m
[0;32mI (501) main_task: Started on CPU0[0m
[0;32mI (504) main_task: Calling app_main()[0m
[0;32mI (507) gpio: GPIO[12]| InputEn: 0| OutputEn: 0| OpenDrain: 0| Pullup: 1| Pulldown: 0| Intr:0 [0m
[0;32mI (516) I2C SLAVE: Slave initialization complete and ready to receive data[0m
[0;32mI (522) I2C SLAVE: Setting up PWM and PID module[0m

assert failed: xQueueSemaphoreTake queue.c:1709 (( pxQueue ))


Backtrace: 0x40081d55:0x3ffccfa0 0x40091151:0x3ffccfc0 0x40097a49:0x3ffccfe0 0x400919ee:0x3ffcd100 0x400daf82:0x3ffcd140 0x400db1be:0x3ffcd160 0x40091c09:0x3ffcd760




ELF file SHA256: 67e636eca

Rebooting...
ets Jun  8 2016 00:22:57

rst:0xc (SW_CPU_RESET),boot:0x13 (SPI_FAST_FLASH_BOOT)
configsip: 0, SPIWP:0xee
clk_drv:0x00,q_drv:0x00,d_drv:0x00,cs0_drv:0x00,hd_drv:0x00,wp_drv:0x00
mode:DIO, clock div:2
load:0x3fff0030,len:6276
load:0x40078000,len:15716
load:0x40080400,len:4
ho 8 tail 4 room 4
load:0x40080404,len:3860
entry 0x4008063c
[0;32mI (30) boot: ESP-IDF v5.4 2nd stage bootloader[0m
[0;32mI (31) boot: compile time Oct 27 2025 14:34:10[0m
[0;32mI (31) boot: Multicore bootloader[0m
[0;32mI (32) boot: chip revision: v1.1[0m
[0;32mI (35) boot.esp32: SPI Speed      : 40MHz[0m
[0;32mI (39) boot.esp32: SPI Mode       : DIO[0m
[0;32mI (42) boot.esp32: SPI Flash Size : 2MB[0m
[0;32mI (46) boot: Enabling RNG early entropy source...[0m
[0;32mI (50) boot: Partition Table:[0m
[0;32mI (53) boot: ## Label            Usage          Type ST Offset   Length[0m
[0;32mI (59) boot:  0 nvs              WiFi data        01 02 00009000 00006000[0m
[0;32mI (66) boot:  1 phy_init         RF data          01 01 0000f000 00001000[0m
[0;32mI (72) boot:  2 factory          factory app      00 00 00010000 00100000[0m
[0;32mI (79) boot: End of partition table[0m
[0;32mI (82) esp_image: segment 0: paddr=00010020 vaddr=3f400020 size=21b5ch (138076) map[0m
[0;32mI (137) esp_image: segment 1: paddr=00031b84 vaddr=3ff80000 size=0001ch (    28) load[0m
[0;32mI (137) esp_image: segment 2: paddr=00031ba8 vaddr=3ffbdb60 size=04db8h ( 19896) load[0m
[0;32mI (148) esp_image: segment 3: paddr=00036968 vaddr=40080000 size=096b0h ( 38576) load[0m
[0;32mI (163) esp_image: segment 4: paddr=00040020 vaddr=400d0020 size=81134h (528692) map[0m
[0;32mI (344) esp_image: segment 5: paddr=000c115c vaddr=400896b0 size=10260h ( 66144) load[0m
[0;32mI (382) boot: Loaded app from partition at offset 0x10000[0m
[0;32mI (382) boot: Disabling RNG early entropy source...[0m
[0;32mI (393) cpu_start: Multicore app[0m
[0;32mI (401) cpu_start: Pro cpu start user code[0m
[0;32mI (401) cpu_start: cpu freq: 160000000 Hz[0m
[0;32mI (401) app_init: Application information:[0m
[0;32mI (401) app_init: Project name:     control_1.2[0m
[0;32mI (406) app_init: App version:      v5.4[0m
[0;32mI (409) app_init: Compile time:     Oct 27 2025 14:34:03[0m
[0;32mI (414) app_init: ELF file SHA256:  67e636eca...[0m
[0;32mI (419) app_init: ESP-IDF:          v5.4[0m
[0;32mI (422) efuse_init: Min chip rev:     v0.0[0m
[0;32mI (426) efuse_init: Max chip rev:     v3.99 [0m
[0;32mI (430) efuse_init: Chip rev:         v1.1[0m
[0;32mI (434) heap_init: Initializing. RAM available for dynamic allocation:[0m
[0;32mI (440) heap_init: At 3FFAFF10 len 000000F0 (0 KiB): DRAM[0m
[0;32mI (445) heap_init: At 3FFB6388 len 00001C78 (7 KiB): DRAM[0m
[0;32mI (450) heap_init: At 3FFB9A20 len 00004108 (16 KiB): DRAM[0m
[0;32mI (456) heap_init: At 3FFC81E0 len 00017E20 (95 KiB): DRAM[0m
[0;32mI (461) heap_init: At 3FFE0440 len 00003AE0 (14 KiB): D/IRAM[0m
[0;32mI (466) heap_init: At 3FFE4350 len 0001BCB0 (111 KiB): D/IRAM[0m
[0;32mI (472) heap_init: At 40099910 len 000066F0 (25 KiB): IRAM[0m
[0;32mI (479) spi_flash: detected chip: generic[0m
[0;32mI (481) spi_flash: flash io: dio[0m
[0;33mW (484) spi_flash: Detected size(16384k) larger than the size in the binary image header(2048k). Using the size in the binary image header.[0m
[0;32mI (497) coexist: coex firmware version: 49a8cdc[0m
[0;32mI (501) main_task: Started on CPU0[0m
[0;32mI (504) main_task: Calling app_main()[0m
[0;32mI (507) gpio: GPIO[12]| InputEn: 0| OutputEn: 0| OpenDrain: 0| Pullup: 1| Pulldown: 0| Intr:0 [0m
[0;32mI (516) I2C SLAVE: Slave initialization complete and ready to receive data[0m
[0;32mI (522) I2C SLAVE: Setting up PWM and PID module[0m

assert failed: xQueueSemaphoreTake queue.c:1709 (( pxQueue ))


Backtrace: 0x40081d55:0x3ffccfa0 0x40091151:0x3ffccfc0 0x40097a49:0x3ffccfe0 0x400919ee:0x3ffcd100 0x400daf82:0x3ffcd140 0x400db1be:0x3ffcd160 0x40091c09:0x3ffcd760




ELF file SHA256: 67e636eca

Rebooting...
ets Jun  8 2016 00:22:57

rst:0xc (SW_CPU_RESET),boot:0x13 (SPI_FAST_FLASH_BOOT)
configsip: 0, SPIWP:0xee
clk_drv:0x00,q_drv:0x00,d_drv:0x00,cs0_drv:0x00,hd_drv:0x00,wp_drv:0x00
mode:DIO, clock div:2
load:0x3fff0030,len:6276
load:0x40078000,len:15716
load:0x40080400,len:4
ho 8 tail 4 room 4
load:0x40080404,len:3860
entry 0x4008063c
[0;32mI (30) boot: ESP-IDF v5.4 2nd stage bootloader[0m
[0;32mI (31) boot: compile time Oct 27 2025 14:34:10[0m
[0;32mI (31) boot: Multicore bootloader[0m
[0;32mI (32) boot: chip revision: v1.1[0m
[0;32mI (35) boot.esp32: SPI Speed      : 40MHz[0m
[0;32mI (39) boot.esp32: SPI Mode       : DIO[0m
[0;32mI (42) boot.esp32: SPI Flash Size : 2MB[0m
[0;32mI (46) boot: Enabling RNG early entropy source...[0m
[0;32mI (50) boot: Partition Table:[0m
[0;32mI (53) boot: ## Label            Usage          Type ST Offset   Length[0m
[0;32mI (59) boot:  0 nvs              WiFi data        01 02 00009000 00006000[0m
[0;32mI (66) boot:  1 phy_init         RF data          01 01 0000f000 00001000[0m
[0;32mI (72) boot:  2 factory          factory app      00 00 00010000 00100000[0m
[0;32mI (79) boot: End of partition table[0m
[0;32mI (82) esp_image: segment 0: paddr=00010020 vaddr=3f400020 size=21b5ch (138076) map[0m
[0;32mI (137) esp_image: segment 1: paddr=00031b84 vaddr=3ff80000 size=0001ch (    28) load[0m
[0;32mI (137) esp_image: segment 2: paddr=00031ba8 vaddr=3ffbdb60 size=04db8h ( 19896) load[0m
[0;32mI (148) esp_image: segment 3: paddr=00036968 vaddr=40080000 size=096b0h ( 38576) load[0m
[0;32mI (163) esp_image: segment 4: paddr=00040020 vaddr=400d0020 size=81134h (528692) map[0m
