.esp32: WDT rst info: PRO CPU PC=0x4008196a
[0;33mW (86) boot.esp32: WDT rst info: APP CPU PC=0x4008dbcb[0m
[0;32mI (91) boot: Enabling RNG early entropy source...[0m
[0;32mI (96) boot: Partition Table:[0m
[0;32mI (98) boot: ## Label            Usage          Type ST Offset   Length[0m
[0;32mI (105) boot:  0 nvs              WiFi data        01 02 00009000 00006000[0m
[0;32mI (111) boot:  1 phy_init         RF data          01 01 0000f000 00001000[0m
[0;32mI (118) boot:  2 factory          factory app      00 00 00010000 00100000[0m
[0;32mI (124) boot: End of partition table[0m
[0;32mI (128) esp_image: segment 0: paddr=00010020 vaddr=3f400020 size=0be2ch ( 48684) map[0m
[0;32mI (152) esp_image: segment 1: paddr=0001be54 vaddr=3ff80000 size=0001ch (    28) load[0m
[0;32mI (152) esp_image: segment 2: paddr=0001be78 vaddr=3ffb0000 size=023dch (  9180) load[0m
[0;32mI (159) esp_image: segment 3: paddr=0001e25c vaddr=40080000 size=01dbch (  7612) load[0m
[0;32mI (166) esp_image: segment 4: paddr=00020020 vaddr=400d0020 size=17464h ( 95332) map[0m
[0;32mI (203) esp_image: segment 5: paddr=0003748c vaddr=40081dbc size=0bf70h ( 49008) load[0m
[0;32mI (229) boot: Loaded app from partition at offset 0x10000[0m
[0;32mI (229) boot: Disabling RNG early entropy source...[0m
[0;32mI (240) cpu_start: Multicore app[0m
[0;32mI (248) cpu_start: Pro cpu start user code[0m
[0;32mI (248) cpu_start: cpu freq: 160000000 Hz[0m
[0;32mI (248) app_init: Application information:[0m
[0;32mI (248) app_init: Project name:     i2c_master[0m
[0;32mI (252) app_init: App version:      v5.4[0m
[0;32mI (256) app_init: Compile time:     Sep  5 2025 16:23:32[0m
[0;32mI (261) app_init: ELF file SHA256:  4e32ad5f5...[0m
[0;32mI (265) app_init: ESP-IDF:          v5.4[0m
[0;32mI (269) efuse_init: Min chip rev:     v0.0[0m
[0;32mI (273) efuse_init: Max chip rev:     v3.99 [0m
[0;32mI (277) efuse_init: Chip rev:         v1.1[0m
[0;32mI (281) heap_init: Initializing. RAM available for dynamic allocation:[0m
[0;32mI (287) heap_init: At 3FFAE6E0 len 00001920 (6 KiB): DRAM[0m
[0;32mI (292) heap_init: At 3FFB2D08 len 0002D2F8 (180 KiB): DRAM[0m
[0;32mI (297) heap_init: At 3FFE0440 len 00003AE0 (14 KiB): D/IRAM[0m
[0;32mI (303) heap_init: At 3FFE4350 len 0001BCB0 (111 KiB): D/IRAM[0m
[0;32mI (308) heap_init: At 4008DD2C len 000122D4 (72 KiB): IRAM[0m
[0;32mI (315) spi_flash: detected chip: generic[0m
[0;32mI (317) spi_flash: flash io: dio[0m
[0;32mI (321) main_task: Started on CPU0[0m
[0;32mI (324) main_task: Calling app_main()[0m
[0;32mI (326) PCNT: setting up PCNT units and chaneï¿½ets Jun  8 2016 00:22:57[0m

rst:0x8 (TG1WDT_SYS_RESET),boot:0x13 (SPI_FAST_FLASH_BOOT)
configsip: 0, SPIWP:0xee
clk_drv:0x00,q_drv:0x00,d_drv:0x00,cs0_drv:0x00,hd_drv:0x00,wp_drv:0x00
mode:DIO, clock div:2
load:0x3fff0030,len:6276
load:0x40078000,len:15716
load:0x40080400,len:4
ho 8 tail 4 room 4
load:0x40080404,len:3860
entry 0x4008063c
[0;32mI (61) boot: ESP-IDF v5.4 2nd stage bootloader[0m
[0;32mI (61) boot: compile time Sep  5 2025 16:23:40[0m
[0;32mI (61) boot: Multicore bootloader[0m
[0;32mI (63) boot: chip revision: v1.1[0m
[0;32mI (66) boot.esp32: SPI Speed      : 40MHz[0m
[0;32mI (70) boot.esp32: SPI Mode       : DIO[0m
[0;32mI (73) boot.esp32: SPI Flash Size : 16MB[0m
[0;33mW (77) boot.esp32: PRO CPU has been reset by WDT[0m
[0;33mW (81) boot.esp32: WDT rst info: PRO CPU PC=0x4008196a[0m
[0;33mW (86) boot.esp32: WDT rst info: APP CPU PC=0x4008dbbd[0m
[0;32mI (91) boot: Enabling RNG early entropy source...[0m
[0;32mI (96) boot: Partition Table:[0m
[0;32mI (98) boot: ## Label            Usage          Type ST Offset   Length[0m
[0;32mI (105) boot:  0 nvs              WiFi data        01 02 00009000 00006000[0m
[0;32mI (111) boot:  1 phy_init         RF data          01 01 0000f000 00001000[0m
[0;32mI (118) boot:  2 factory          factory app      00 00 00010000 00100000[0m
[0;32mI (124) boot: End of partition table[0m
[0;32mI (128) esp_image: segment 0: paddr=00010020 vaddr=3f400020 size=0be2ch ( 48684) map[0m
[0;32mI (152) esp_image: segment 1: paddr=0001be54 vaddr=3ff80000 size=0001ch (    28) load[0m
[0;32mI (152) esp_image: segment 2: paddr=0001be78 vaddr=3ffb0000 size=023dch (  9180) load[0m
[0;32mI (159) esp_image: segment 3: paddr=0001e25c vaddr=40080000 size=01dbch (  7612) load[0m
[0;32mI (166) esp_image: segment 4: paddr=00020020 vaddr=400d0020 size=17464h ( 95332) map[0m
[0;32mI (203) esp_image: segment 5: paddr=0003748c vaddr=40081dbc size=0bf70h ( 49008) load[0m
[0;32mI (229) boot: Loaded app from partition at offset 0x10000[0m
[0;32mI (229) boot: Disabling RNG early entropy source...[0m
[0;32mI (240) cpu_start: Multicore app[0m
[0;32mI (248) cpu_start: Pro cpu start user code[0m
[0;32mI (248) cpu_start: cpu freq: 160000000 Hz[0m
[0;32mI (248) app_init: Application information:[0m
[0;32mI (248) app_init: Project name:     i2c_master[0m
[0;32mI (252) app_init: App version:      v5.4[0m
[0;32mI (256) app_init: Compile time:     Sep  5 2025 16:23:32[0m
[0;32mI (261) app_init: ELF file SHA256:  4e32ad5f5...[0m
[0;32mI (265) app_init: ESP-IDF:          v5.4[0m
[0;32mI (269) efuse_init: Min chip rev:     v0.0[0m
[0;32mI (273) efuse_init: Max chip rev:     v3.99 [0m
[0;32mI (277) efuse_init: Chip rev:         v1.1[0m
[0;32mI (281) heap_init: Initializing. RAM available for dynamic allocation:[0m
[0;32mI (287) heap_init: At 3FFAE6E0 len 00001920 (6 KiB): DRAM[0m
[0;32mI (292) heap_init: At 3FFB2D08 len 0002D2F8 (180 KiB): DRAM[0m
[0;32mI (297) heap_init: At 3FFE0440 len 00003AE0 (14 KiB): D/IRAM[0m
[0;32mI (303) heap_init: At 3FFE4350 len 0001BCB0 (111 KiB): D/IRAM[0m
[0;32mI (308) heap_init: At 4008DD2C len 000122D4 (72 KiB): IRAM[0m
[0;32mI (315) spi_flash: detected chip: generic[0m
[0;32mI (317) spi_flash: flash io: dio[0m
[0;32mI (321) main_task: Started on CPU0[0m
[0;32mI (324) main_task: Calling app_main()[0m
[0;32mI (326) PCNT: setting up PCNT units and chaneï¿½ets Jun  8 2016 00:22:57[0m

rst:0x8 (TG1WDT_SYS_RESET),boot:0x13 (SPI_FAST_FLASH_BOOT)
configsip: 0, SPIWP:0xee
clk_drv:0x00,q_drv:0x00,d_drv:0x00,cs0_drv:0x00,hd_drv:0x00,wp_drv:0x00
mode:DIO, clock div:2
load:0x3fff0030,len:6276
load:0x40078000,len:15716
load:0x40080400,len:4
ho 8 tail 4 room 4
load:0x40080404,len:3860
entry 0x4008063c
[0;32mI (61) boot: ESP-IDF v5.4 2nd stage bootloader[0m
[0;32mI (61) boot: compile time Sep  5 2025 16:23:40[0m
[0;32mI (61) boot: Multicore bootloader[0m
[0;32mI (63) boot: chip revision: v1.1[0m
[0;32mI (66) boot.esp32: SPI Speed      : 40MHz[0m
[0;32mI (70) boot.esp32: SPI Mode       : DIO[0m
[0;32mI (73) boot.esp32: SPI Flash Size : 16MB[0m
[0;33mW (77) boot.esp32: PRO CPU has been reset by WDT[0m
[0;33mW (81) boot.esp32: WDT rst info: PRO CPU PC=0x4008196a[0m
[0;33mW (86) boot.esp32: WDT rst info: APP CPU PC=0x4008dc07[0m
[0;32mI (91) boot: Enabling RNG early entropy source...[0m
[0;32mI (96) boot: Partition Table:[0m
[0;32mI (98) boot: ## Label            Usage          Type ST Offset   Length[0m
[0;32mI (105) boot:  0 nvs              WiFi data        01 02 00009000 00006000[0m
[0;32mI (111) boot:  1 phy_init         RF data          01 01 0000f000 00001000[0m
[0;32mI (118) boot:  2 factory          factory app      00 00 00010000 00100000[0m
[0;32mI (124) boot: End of partition table[0m
[0;32mI (128) esp_image: segment 0: paddr=00010020 vaddr=3f400020 size=0be2ch ( 48684) map[0m
[0;32mI (152) esp_image: segment 1: paddr=0001be54 vaddr=3ff80000 size=0001ch (    28) load[0m
[0;32mI (152) esp_image: segment 2: paddr=0001be78 vaddr=3ffb0000 size=023dch (  9180) load[0m
[0;32mI (159) esp_image: segment 3: paddr=0001e25c vaddr=40080000 size=01dbch (  7612) load[0m
[0;32mI (166) esp_image: segment 4: paddr=00020020 vaddr=400d0020 size=17464h ( 95332) map[0m
[0;32mI (203) esp_image: segment 5: paddr=0003748c vaddr=40081dbc size=0bf70h ( 49008) load[0m
[0;32mI (229) boot: Loaded app from partition at offset 0x10000[0m
[0;32mI (229) boot: Disabling RNG early entropy source...[0m
[0;32mI (240) cpu_start: Multicore app[0m
[0;32mI (248) cpu_start: Pro cpu start user code[0m
[0;32mI (248) cpu_start: cpu freq: 160000000 Hz[0m
[0;32mI (248) app_init: Application information:[0m
[0;32mI (248) app_init: Project name:     i2c_master[0m
[0;32mI (252) app_init: App version:      v5.4[0m
[0;32mI (256) app_init: Compile time:     Sep  5 2025 16:23:32[0m
[0;32mI (261) app_init: ELF file SHA256:  4e32ad5f5...[0m
[0;32mI (265) app_init: ESP-IDF:          v5.4[0m
[0;32mI (269) efuse_init: Min chip rev:     v0.0[0m
[0;32mI (273) efuse_init: Max chip rev:     v3.99 [0m
[0;32mI (277) efuse_init: Chip rev:         v1.1[0m
[0;32mI (281) heap_init: Initializing. RAM available for dynamic allocation:[0m
[0;32mI (287) heap_init: At 3FFAE6E0 len 00001920 (6 KiB): DRAM[0m
[0;32mI (292) heap_init: At 3FFB2D08 len 0002D2F8 (180 KiB): DRAM[0m
[0;32mI (297) heap_init: At 3FFE0440 len 00003AE0 (14 KiB): D/IRAM[0m
[0;32mI (303) heap_init: At 3FFE4350 len 0001BCB0 (111 KiB): D/IRAM[0m
[0;32mI (308) heap_init: At 4008DD2C len 000122D4 (72 KiB): IRAM[0m
[0;32mI (315) spi_flash: detected chip: generic[0m
[0;32mI (317) spi_flash: flash io: dio[0m
[0;32mI (321) main_task: Started on CPU0[0m
[0;32mI (324) main_task: Calling app_main()[0m
[0;32mI (326) PCNT: setting up PCNT units and chaneets Jun  8 2016 00:22:57[0m

rst:0x8 (TG1WDT_SYS_RESET),boot:0x13 (SPI_FAST_FLASH_BOOT)
configsip: 0, SPIWP:0xee
clk_drv:0x00,q_drv:0x00,d_drv:0x00,cs0_drv:0x00,hd_drv:0x00,wp_drv:0x00
mode:DIO, clock div:2
load:0x3fff0030,len:6276
load:0x40078000,len:15716
load:0x40080400,len:4
ho 8 tail 4 room 4
load:0x40080404,len:3860
entry 0x4008063c
[0;32mI (61) boot: ESP-IDF v5.4 2nd stage bootloader[0m
[0;32mI (61) boot: compile time Sep  5 2025 16:23:40[0m
[0;32mI (61) boot: Multicore bootloader[0m
[0;32mI (63) boot: chip revision: v1.1[0m
[0;32mI (66) boot.esp32: SPI Speed      : 40MHz[0m
[0;32mI (70) boot.esp32: SPI Mode       : DIO[0m
[0;32mI (73) boot.esp32: SPI Flash Size : 16MB[0m
[0;33mW (77) boot.esp32: PRO CPU has been reset by WDT[0m
[0;33mW (81) boot.esp32: WDT rst info: PRO CPU PC=0x4008196a[0m
[0;33mW (86) boot.esp32: WDT rst info: APP CPU PC=0x4008dbc8[0m
[0;32mI (91) boot: Enabling RNG early entropy source...[0m
[0;32mI (96) boot: Partition Table:[0m
[0;32mI (98) boot: ## Label            Usage          Type ST Offset   Length[0m
[0;32mI (105) boot:  0 nvs              WiFi data        01 02 00009000 00006000[0m
[0;32mI (111) boot:  1 phy_init         RF data          01 01 0000f000 00001000[0m
[0;32mI (118) boot:  2 factory          factory app      00 00 00010000 00100000[0m
[0;32mI (124) boot: End of partition table[0m
[0;32mI (128) esp_image: segment 0: paddr=00010020 vaddr=3f400020 size=0be2ch ( 48684) map[0m
[0;32mI (152) esp_image: segment 1: paddr=0001be54 vaddr=3ff80000 size=0001ch (    28) load[0m
[0;32mI (152) esp_image: segment 2: paddr=0001be78 vaddr=3ffb0000 size=023dch (  9180) load[0m
[0;32mI (159) esp_image: segment 3: paddr=0001e25c vaddr=40080000 size=01dbch (  7612) load[0m
[0;32mI (166) esp_image: segment 4: paddr=00020020 vaddr=400d0020 size=17464h ( 95332) map[0m
[0;32mI (203) esp_image: segment 5: paddr=0003748c vaddr=40081dbc size=0bf70h ( 49008) load[0m
[0;32mI (229) boot: Loaded app from partition at offset 0x10000[0m
[0;32mI (229) boot: Disabling RNG early entropy source...[0m
[0;32mI (240) cpu_start: Multicore app[0m
[0;32mI (248) cpu_start: Pro cpu start user code[0m
[0;32mI (248) cpu_start: cpu freq: 160000000 Hz[0m
[0;32mI (248) app_init: Application information:[0m
[0;32mI (248) app_init: Project name:     i2c_master[0m
[0;32mI (252) app_init: App version:      v5.4[0m
[0;32mI (256) app_init: Compile time:     Sep  5 2025 16:23:32[0m
[0;32mI (261) app_init: ELF file SHA256:  4e32ad5f5...[0m
[0;32mI (265) app_init: ESP-IDF:          v5.4[0m
[0;32mI (269) efuse_init: Min chip rev:     v0.0[0m
[0;32mI (273) efuse_init: Max chip rev:     v3.99 [0m
[0;32mI (277) efuse_init: Chip rev:         v1.1[0m
[0;32mI (281) heap_init: Initializing. RAM available for dynamic allocation:[0m
[0;32mI (287) heap_init: At 3FFAE6E0 len 00001920 (6 KiB): DRAM[0m
[0;32mI (292) heap_init: At 3FFB2D08 len 0002D2F8 (180 KiB): DRAM[0m
[0;32mI (297) heap_init: At 3FFE0440 len 00003AE0 (14 KiB): D/IRAM[0m
[0;32mI (303) heap_init: At 3FFE4350 len 0001BCB0 (111 KiB): D/IRAM[0m
[0;32mI (308) heap_init: At 4008DD2C len 000122D4 (72 KiB): IRAM[0m
[0;32mI (315) spi_flash: detected chip: generic[0m
[0;32mI (317) spi_flash: flash io: dio[0m
[0;32mI (321) main_task: Started on CPU0[0m
[0;32mI (324) main_task: Calling app_main()[0m
[0;32mI (326) PCNT: setting up PCNT units and chaneï¿½ets Jun  8 2016 00:22:57[0m

rst:0x8 (TG1WDT_SYS_RESET),boot:0x13 (SPI_FAST_FLASH_BOOT)
configsip: 0, SPIWP:0xee
clk_drv:0x00,q_drv:0x00,d_drv:0x00,cs0_drv:0x00,hd_drv:0x00,wp_drv:0x00
mode:DIO, clock div:2
load:0x3fff0030,len:6276
load:0x40078000,len:15716
load:0x40080400,len:4
ho 8 tail 4 room 4
load:0x40080404,len:3860
entry 0x4008063c
[0;32mI (61) boot: ESP-IDF v5.4 2nd stage bootloader[0m
[0;32mI (61) boot: compile time Sep  5 2025 16:23:40[0m
[0;32mI (61) boot: Multicore bootloader[0m
[0;32mI (63) boot: chip revision: v1.1[0m
[0;32mI (66) boot.esp32: SPI Speed      : 40MHz[0m
[0;32mI (70) boot.esp32: SPI Mode       : DIO[0m
[0;32mI (73) boot.esp32: SPI Flash Size : 16MB[0m
[0;33mW (77) boot.esp32: PRO CPU has been reset by WDT[0m
[0;33mW (81) boot.esp32: WDT rst info: PRO CPU PC=0x4008196a[0m
[0;33mW (86) boot.esp32: WDT rst info: APP CPU PC=0x4008dbbf[0m
[0;32mI (91) boot: Enabling RNG early entropy source...[0m
[0;32mI (96) boot: Partition Table:[0m
[0;32mI (98) boot: ## Label            Usage          Type ST Offset   Length[0m
[0;32mI (105) boot:  0 nvs              WiFi data        01 02 00009000 00006000[0m
[0;32mI (111) boot:  1 phy_init         RF data          01 01 0000f000 00001000[0m
[0;32mI (118) boot:  2 factory          factory app      00 00 00010000 00100000[0m
[0;32mI (124) boot: End of partition table[0m
[0;32mI (128) esp_image: segment 0: paddr=00010020 vaddr=3f400020 size=0be2ch ( 48684) map[0m
[0;32mI (152) esp_image: segment 1: paddr=0001be54 vaddr=3ff80000 size=0001ch (    28) load[0m
[0;32mI (152) esp_image: segment 2: paddr=0001be78 vaddr=3ffb0000 size=023dch (  9180) load[0m
[0;32mI (159) esp_image: segment 3: paddr=0001e25c vaddr=40080000 size=01dbch (  7612) load[0m
[0;32mI (166) esp_image: segment 4: paddr=00020020 vaddr=400d0020 size=17464h ( 95332) map[0m
[0;32mI (203) esp_image: segment 5: paddr=0003748c vaddr=40081dbc size=0bf70h ( 49008) load[0m
[0;32mI (229) boot: Loaded app from partition at offset 0x10000[0m
[0;32mI (229) boot: Disabling RNG early entropy source...[0m
[0;32mI (240) cpu_start: Multicore app[0m
[0;32mI (248) cpu_start: Pro cpu start user code[0m
[0;32mI (248) cpu_start: cpu freq: 160000000 Hz[0m
[0;32mI (248) app_init: Application information:[0m
[0;32mI (248) app_init: Project name:     i2c_master[0m
[0;32mI (252) app_init: App version:      v5.4[0m
[0;32mI (256) app_init: Compile time:     Sep  5 2025 16:23:32[0m
[0;32mI (261) app_init: ELF file SHA256:  4e32ad5f5...[0m
[0;32mI (265) app_init: ESP-IDF:          v5.4[0m
[0;32mI (269) efuse_init: Min chip rev:     v0.0[0m
[0;32mI (273) efuse_init: Max chip rev:     v3.99 [0m
[0;32mI (277) efuse_init: Chip rev:         v1.1[0m
[0;32mI (281) heap_init: Initializing. RAM available for dynamic allocation:[0m
[0;32mI (287) heap_init: At 3FFAE6E0 len 00001920 (6 KiB): DRAM[0m
[0;32mI (292) heap_init: At 3FFB2D08 len 0002D2F8 (180 KiB): DRAM[0m
[0;32mI (297) heap_init: At 3FFE0440 len 00003AE0 (14 KiB): D/IRAM[0m
[0;32mI (303) heap_init: At 3FFE4350 len 0001BCB0 (111 KiB): D/IRAM[0m
[0;32mI (308) heap_init: At 4008DD2C len 000122D4 (72 KiB): IRAM[0m
[0;32mI (315) spi_flash: detected chip: generic[0m
[0;32mI (317) spi_flash: flash io: dio[0m
[0;32mI (321) main_task: Started on CPU0[0m
[0;32mI (324) main_task: Calling app_main()[0m
[0;32mI (326) PCNT: setting up PCNT units and chane