sip: 0, SPIWP:0xee
clk_drv:0x00,q_drv:0x00,d_drv:0x00,cs0_drv:0x00,hd_drv:0x00,wp_drv:0x00
mode:DIO, clock div:2
load:0x3fff0030,len:6276
load:0x40078000,lenï¿½ets Jul 29 2019 12:21:46

rst:0x1 (POWERON_RESET),boot:0x17 (SPI_FAST_FLASH_BOOT)
configsip: 0, SPIWP:0xee
clk_drv:0x00,q_drv:0x00,d_drv:0x00,cs0_drv:0x00,hd_drv:0x00,wp_drv:0x00
mode:DIO, clock div:2
load:0x3fff0030,len:6276
load:0x40078000,len:15716
load:0x40080400,len:4
ho 8 tail 4 room 4
load:0x40080404,len:3860
entry 0x4008063c
[0;32mI (31) boot: ESP-IDF v5.4 2nd stage bootloader[0m
[0;32mI (31) boot: compile time May  5 2025 14:21:16[0m
[0;32mI (31) boot: Multicore bootloader[0m
[0;32mI (32) boot: chip revision: v3.1[0m
[0;32mI (35) boot.esp32: SPI Speed      : 40MHz[0m
[0;32mI (39) boot.esp32: SPI Mode       : DIO[0m
[0;32mI (42) boot.esp32: SPI Flash Size : 2MB[0m
[0;32mI (46) boot: Enabling RNG early entropy source...[0m
[0;32mI (50) boot: Partition Table:[0m
[0;32mI (53) boot: ## Label            Usage          Type ST Offset   Length[0m
[0;32mI (59) boot:  0 nvs              WiFi data        01 02 00009000 00006000[0m
[0;32mI (66) boot:  1 phy_init         RF data          01 01 0000f000 00001000[0m
[0;32mI (72) boot:  2 factory          factory app      00 00 00010000 00100000[0m
[0;32mI (79) boot: End of partition table[0m
[0;32mI (82) esp_image: segment 0: paddr=00010020 vaddr=3f400020 size=206c4h (132804) map[0m
[0;32mI (135) esp_image: segment 1: paddr=000306ec vaddr=3ff80000 size=0001ch (    28) load[0m
[0;32mI (135) esp_image: segment 2: paddr=00030710 vaddr=3ffbdb60 size=04d20h ( 19744) load[0m
[0;32mI (146) esp_image: segment 3: paddr=00035438 vaddr=40080000 size=0abe0h ( 44000) load[0m
[0;32mI (164) esp_image: segment 4: paddr=00040020 vaddr=400d0020 size=7dccch (515276) map[0m
[0;32mI (340) esp_image: segment 5: paddr=000bdcf4 vaddr=4008abe0 size=0d474h ( 54388) load[0m
[0;32mI (373) boot: Loaded app from partition at offset 0x10000[0m
[0;32mI (373) boot: Disabling RNG early entropy source...[0m
[0;32mI (384) cpu_start: Multicore app[0m
[0;32mI (392) cpu_start: Pro cpu start user code[0m
[0;32mI (392) cpu_start: cpu freq: 160000000 Hz[0m
[0;32mI (392) app_init: Application information:[0m
[0;32mI (392) app_init: Project name:     robot_controller_1.2[0m
[0;32mI (397) app_init: App version:      v5.4[0m
[0;32mI (401) app_init: Compile time:     May  5 2025 14:21:18[0m
[0;32mI (406) app_init: ELF file SHA256:  25aaaa4b0...[0m
[0;32mI (410) app_init: ESP-IDF:          v5.4[0m
[0;32mI (414) efuse_init: Min chip rev:     v0.0[0m
[0;32mI (418) efuse_init: Max chip rev:     v3.99 [0m
[0;32mI (422) efuse_init: Chip rev:         v3.1[0m
[0;32mI (426) heap_init: Initializing. RAM available for dynamic allocation:[0m
[0;32mI (432) heap_init: At 3FFAFF10 len 000000F0 (0 KiB): DRAM[0m
[0;32mI (437) heap_init: At 3FFB6388 len 00001C78 (7 KiB): DRAM[0m
[0;32mI (442) heap_init: At 3FFB9A20 len 00004108 (16 KiB): DRAM[0m
[0;32mI (447) heap_init: At 3FFC7480 len 00018B80 (98 KiB): DRAM[0m
[0;32mI (452) heap_init: At 3FFE0440 len 00003AE0 (14 KiB): D/IRAM[0m
[0;32mI (458) heap_init: At 3FFE4350 len 0001BCB0 (111 KiB): D/IRAM[0m
[0;32mI (463) heap_init: At 40098054 len 00007FAC (31 KiB): IRAM[0m
[0;32mI (470) spi_flash: detected chip: generic[0m
[0;32mI (472) spi_flash: flash io: dio[0m
[0;33mW (475) spi_flash: Detected size(4096k) larger than the size in the binary image header(2048k). Using the size in the binary image header.[0m
[0;32mI (488) coexist: coex firmware version: 49a8cdc[0m
[0;32mI (492) main_task: Started on CPU0[0m
[0;32mI (495) main_task: Calling app_main()[0m
[0;32mI (497) BLE UNIT: setting up BLE unit[0m

[0;32mI (510) BTDM_INIT: BT controller compile version [20b459d][0m
[0;32mI (512) BTDM_INIT: Bluetooth MAC: 78:42:1c:2e:4c:ea[0m
[0;32mI (515) phy_init: phy_version 4840,02e0d70,Sep  2 2024,19:39:07[0m
[0;33mW (588) phy_init: saving new calibration data because of checksum failure, mode(0)[0m
[0;32mI (926) BLE UNIT: REGISTER_APP_EVT, status 0, app_id 0[0m
[0;33mW (929) BT_BTM: BTM_BleWriteAdvData, Partial data write into ADV[0m
[0;32mI (930) BLE UNIT: CREATE_SERVICE_EVT_TX, status 0, service_handle 40[0m
[0;32mI (934) BLE UNIT: CREATE_SERVICE_EVT_RX, status 0, service_handle 40[0m
[0;32mI (941) BLE UNIT: Unhandled GATTS event: 12[0m
[0;32mI (946) BLE UNIT: the gatts char length = 4[0m
[0;32mI (949) BLE UNIT: prf_char[0] = 0[0m
[0;32mI (950) BLE UNIT: prf_char[1] = 0[0m
[0;32mI (953) BLE UNIT: prf_char[2] = 0[0m
[0;32mI (956) BLE UNIT: prf_char[3] = 0[0m
[0;32mI (959) BLE UNIT: ADD_RX_CHAR, status 0,  attr_handle 42, service_handle 40[0m
[0;32mI (966) BLE UNIT: the gatts char length = 4[0m
[0;32mI (969) BLE UNIT: prf_char[0] = 0[0m
[0;32mI (972) BLE UNIT: prf_char[1] = 1[0m
[0;32mI (975) BLE UNIT: prf_char[2] = 2[0m
[0;32mI (978) BLE UNIT: prf_char[3] = 3[0m
[0;32mI (981) BLE UNIT: ADD_TX_CHAR, status 0,  attr_handle 44, service_handle 40[0m
[0;32mI (988) BLE UNIT: Unhandled event: 6[0m
[0;32mI (992) BLE UNIT: TX CCCD Handle: 45[0m
[0;32mI (995) BLE UNIT: BLE unit setiing up completed[0m

[0;32mI (1099) PCNT UNIT: setting up PCNT units and chaneels[0m

[0;32mI (1099) PCNT UNIT: install pcnt unit1[0m
[0;32mI (1100) PCNT UNIT: set glitch filter for unit1[0m
[0;32mI (1100) PCNT UNIT: install pcnt channels of unit1[0m
[0;32mI (1105) PCNT UNIT: set edge and level actions for pcnt channels of unit1[0m
[0;32mI (1112) PCNT UNIT: enable pcnt unit1[0m
[0;32mI (1115) PCNT UNIT: clear pcnt unit1[0m
[0;32mI (1118) PCNT UNIT: start pcnt unit1[0m
[0;32mI (1121) PCNT UNIT: install pcnt unit2[0m
[0;32mI (1125) PCNT UNIT: set glitch filter for unit2[0m
[0;32mI (1129) PCNT UNIT: install pcnt channels of unit2[0m
[0;32mI (1134) PCNT UNIT: set edge and level actions for pcnt channels of unit2[0m
[0;32mI (1140) PCNT UNIT: enable pcnt unit2[0m
[0;32mI (1144) PCNT UNIT: clear pcnt unit2[0m
[0;32mI (1147) PCNT UNIT: start pcnt unit2[0m
[0;32mI (1150) PCNT UNIT: install pcnt unit3[0m
[0;32mI (1154) PCNT UNIT: set glitch filter for unit3[0m
[0;32mI (1158) PCNT UNIT: install pcnt channels of unit3[0m
[0;32mI (1163) PCNT UNIT: set edge and level actions for pcnt channels of unit3[0m
[0;32mI (1169) PCNT UNIT: enable pcnt unit3[0m
[0;32mI (1172) PCNT UNIT: clear pcnt unit3[0m
[0;32mI (1176) PCNT UNIT: start pcnt unit3[0m
[0;32mI (1179) PCNT UNIT: install pcnt unit4[0m
[0;32mI (1183) PCNT UNIT: set glitch filter for unit4[0m
[0;32mI (1187) PCNT UNIT: install pcnt channels of unit4[0m
[0;32mI (1191) PCNT UNIT: set edge and level actions for pcnt channels of unit4[0m
[0;32mI (1198) PCNT UNIT: enable pcnt unit4[0m
[0;32mI (1201) PCNT UNIT: clear pcnt unit4[0m
[0;32mI (1204) PCNT UNIT: start pcnt unit4[0m
[0;32mI (1208) PCNT UNIT: setting up Ques[0m
[0;32mI (1211) PCNT UNIT: setting up Tasks[0m
[0;32mI (1214) PCNT UNIT: Task Initialization Complete. Tasks running.[0m
[0;32mI (1214) PCNT UNIT: Read Task Stack: 3796[0m
[0;32mI (1220) PCNT UNIT: PCNT unit setiing up completed[0m

[0;32mI (1228) LEDC_PWM_UNIT: setting up LEDC units and chaneels[0m
[1;31mE (1234) ledc: requested frequency 100 and duty resolution 8 can not be achieved, try reducing freq_hz or duty_resolution. div_param=0[0m
ESP_ERROR_CHECK failed: esp_err_t 0xffffffff (ESP_FAIL) at 0x400d9d0a
file: "/IDF/Project_Code/ROBOT_controler/robot_controller_1.2/main/PWM_unit.c" line 41
func: ledc_PWM_setup
expression: ledc_timer_config(&ledc_timerA)

abort() was called at PC 0x4008fe47 on core 0


Backtrace: 0x40081b81:0x3ffbbab0 0x4008fe51:0x3ffbbad0 0x40096055:0x3ffbbaf0 0x4008fe47:0x3ffbbb60 0x400d9d0a:0x3ffbbb90 0x400d9e25:0x3ffbbc10 0x400d8ebf:0x3ffbbc30 0x4014c04f:0x3ffbbc50 0x4009084d:0x3ffbbc80




ELF file SHA256: 25aaaa4b0

Rebooting...
ets Jul 29 2019 12:21:46

rst:0xc (SW_CPU_RESET),boot:0x17 (SPI_FAST_FLASH_BOOT)
configsip: 0, SPIWP:0xee
clk_drv:0x00,q_drv:0x00,d_drv:0x00,cs0_drv:0x00,hd_drv:0x00,wp_drv:0x00
mode:DIO, clock div:2
load:0x3fff0030,len:6276
load:0x40078000,len:15716
load:0x40080400,len:4
ho 8 tail 4 room 4
load:0x40080404,len:3860
entry 0x4008063c
[0;32mI (31) boot: ESP-IDF v5.4 2nd stage bootloader[0m
[0;32mI (31) boot: compile time May  5 2025 14:21:16[0m
[0;32mI (31) boot: Multicore bootloader[0m
[0;32mI (32) boot: chip revision: v3.1[0m
[0;32mI (35) boot.esp32: SPI Speed      : 40MHz[0m
[0;32mI (39) boot.esp32: SPI Mode       : DIO[0m
[0;32mI (42) boot.esp32: SPI Flash Size : 2MB[0m
[0;32mI (46) boot: Enabling RNG early entropy source...[0m
[0;32mI (50) boot: Partition Table:[0m
[0;32mI (53) boot: ## Label            Usage          Type ST Offset   Length[0m
[0;32mI (59) boot:  0 nvs              WiFi data        01 02 00009000 00006000[0m
[0;32mI (66) boot:  1 phy_init         RF data          01 01 0000f000 00001000[0m
[0;32mI (72) boot:  2 factory          factory app      00 00 00010000 00100000[0m
[0;32mI (79) boot: End of partition table[0m
[0;32mI (82) esp_image: segment 0: paddr=00010020 vaddr=3f400020 size=206c4h (132804) map[0m
[0;32mI (135) esp_image: segment 1: paddr=000306ec vaddr=3ff80000 size=0001ch (    28) load[0m
[0;32mI (135) esp_image: segment 2: paddr=00030710 vaddr=3ffbdb60 size=04d20h ( 19744) load[0m
[0;32mI (146) esp_image: segment 3: paddr=00035438 vaddr=40080000 size=0abe0h ( 44000) load[0m
[0;32mI (164) esp_image: segment 4: paddr=00040020 vaddr=400d0020 size=7dccch (515276) map[0m
[0;32mI (340) esp_image: segment 5: paddr=000bdcf4 vaddr=4008abe0 size=0d474h ( 54388) load[0m
[0;32mI (373) boot: Loaded app from partition at offset 0x10000[0m
[0;32mI (373) boot: Disabling RNG early entropy source...[0m
[0;32mI (383) cpu_start: Multicore app[0m
[0;32mI (392) cpu_start: Pro cpu start user code[0m
[0;32mI (392) cpu_start: cpu freq: 160000000 Hz[0m
[0;32mI (392) app_init: Application information:[0m
[0;32mI (392) app_init: Project name:     robot_controller_1.2[0m
[0;32mI (397) app_init: App version:      v5.4[0m
[0;32mI (401) app_init: Compile time:     May  5 2025 14:21:18[0m
[0;32mI (406) app_init: ELF file SHA256:  25aaaa4b0...[0m
[0;32mI (410) app_init: ESP-IDF:          v5.4[0m
[0;32mI (414) efuse_init: Min chip rev:     v0.0[0m
[0;32mI (417) efuse_init: Max chip rev:     v3.99 [0m
[0;32mI (421) efuse_init: Chip rev:         v3.1[0m
[0;32mI (426) heap_init: Initializing. RAM available for dynamic allocation:[0m
[0;32mI (432) heap_init: At 3FFAFF10 len 000000F0 (0 KiB): DRAM[0m
[0;32mI (437) heap_init: At 3FFB6388 len 00001C78 (7 KiB): DRAM[0m
[0;32mI (442) heap_init: At 3FFB9A20 len 00004108 (16 KiB): DRAM[0m
[0;32mI (447) heap_init: At 3FFC7480 len 00018B80 (98 KiB): DRAM[0m
[0;32mI (452) heap_init: At 3FFE0440 len 00003AE0 (14 KiB): D/IRAM[0m
[0;32mI (458) heap_init: At 3FFE4350 len 0001BCB0 (111 KiB): D/IRAM[0m
[0;32mI (463) heap_init: At 40098054 len 00007FAC (31 KiB): IRAM[0m
[0;32mI (470) spi_flash: detected chip: generic[0m
[0;32mI (472) spi_flash: flash io: dio[0m
[0;33mW (475) spi_flash: Detected size(4096k) larger than the size in the binary image header(2048k). Using the size in the binary image header.[0m
[0;32mI (488) coexist: coex firmware version: 49a8cdc[0m
[0;32mI (492) main_task: Started on CPU0[0m
[0;32mI (495) main_task: Calling app_main()[0m
[0;32mI (497) BLE UNIT: setting up BLE unit[0m

[0;32mI (510) BTDM_INIT: BT controller compile version [20b459d][0m
[0;32mI (512) BTDM_INIT: Bluetooth MAC: 78:42:1c:2e:4c:ea[0m
[0;32mI (515) phy_init: phy_version 4840,02e0d70,Sep  2 2024,19:39:07[0m
[0;32mI (907) BLE UNIT: REGISTER_APP_EVT, status 0, app_id 0[0m
[0;33mW (909) BT_BTM: BTM_BleWriteAdvData, Partial data write into ADV[0m
[0;32mI (910) BLE UNIT: CREATE_SERVICE_EVT_TX, status 0, service_handle 40[0m
[0;32mI (914) BLE UNIT: CREATE_SERVICE_EVT_RX, status 0, service_handle 40[0m
[0;32mI (922) BLE UNIT: Unhandled GATTS event: 12[0m
[0;32mI (926) BLE UNIT: the gatts char length = 4[0m
[0;32mI (930) BLE UNIT: prf_char[0] = 0[0m
[0;32mI (930) BLE UNIT: prf_char[1] = 0[0m
[0;32mI (933) BLE UNIT: prf_char[2] = 0[0m
[0;32mI (936) BLE UNIT: prf_char[3] = 0[0m
[0;32mI (939) BLE UNIT: ADD_RX_CHAR, status 0,  attr_handle 42, service_handle 40[0m
[0;32mI (946) BLE UNIT: the gatts char length = 4[0m
[0;32mI (950) BLE UNIT: prf_char[0] = 0[0m
[0;32mI (953) BLE UNIT: prf_char[1] = 1[0m
[0;32mI (956) BLE UNIT: prf_char[2] = 2[0m
[0;32mI (959) BLE UNIT: prf_char[3] = 3[0m
[0;32mI (962) BLE UNIT: ADD_TX_CHAR, status 0,  attr_handle 44, service_handle 40[0m
[0;32mI (969) BLE UNIT: Unhandled event: 6[0m
[0;32mI (972) BLE UNIT: TX CCCD Handle: 45[0m
[0;32mI (975) BLE UNIT: BLE unit setiing up completed[0m

[0;32mI (1079) PCNT UNIT: setting up PCNT units and chaneels[0m

[0;32mI (1079) PCNT UNIT: install pcnt unit1[0m
[0;32mI (1080) PCNT UNIT: set glitch filter for unit1[0m
[0;32mI (1081) PCNT UNIT: install pcnt channels of unit1[0m
[0;32mI (1085) PCNT UNIT: set edge and level actions for pcnt channels of unit1[0m
[0;32mI (1092) PCNT UNIT: enable pcnt unit1[0m
[0;32mI (1095) PCNT UNIT: clear pcnt unit1[0m
[0;32mI (1098) PCNT UNIT: start pcnt unit1[0m
[0;32mI (1102) PCNT UNIT: install pcnt unit2[0m
[0;32mI (1105) PCNT UNIT: set glitch filter for unit2[0m
[0;32mI (1109) PCNT UNIT: install pcnt channels of unit2[0m
[0;32mI (1114) PCNT UNIT: set edge and level actions for pcnt channels of unit2[0m
[0;32mI (1120) PCNT UNIT: enable pcnt unit2[0m
[0;32mI (1124) PCNT UNIT: clear pcnt unit2[0m
[0;32mI (1127) PCNT UNIT: start pcnt unit2[0m
[0;32mI (1130) PCNT UNIT: install pcnt unit3[0m
[0;32mI (1134) PCNT UNIT: set glitch filter for unit3[0m
[0;32mI (1138) PCNT UNIT: install pcnt channels of unit3[0m
[0;32mI (1143) PCNT UNIT: set edge and level actions for pcnt channels of unit3[0m
[0;32mI (1149) PCNT UNIT: enable pcnt unit3[0m
[0;32mI (1152) PCNT UNIT: clear pcnt unit3[0m
[0;32mI (1156) PCNT UNIT: start pcnt unit3[0m
[0;32mI (1159) PCNT UNIT: install pcnt unit4[0m
[0;32mI (1163) PCNT UNIT: set glitch filter for unit4[0m
[0;32mI (1167) PCNT UNIT: install pcnt channels of unit4[0m
[0;32mI (1171) PCNT UNIT: set edge and level actions for pcnt channels of unit4[0m
[0;32mI (1178) PCNT UNIT: enable pcnt unit4[0m
[0;32mI (1181) PCNT UNIT: clear pcnt unit4[0m
[0;32mI (1184) PCNT UNIT: start pcnt unit4[0m
[0;32mI (1188) PCNT UNIT: setting up Ques[0m
[0;32mI (1191) PCNT UNIT: setting up Tasks[0m
[0;32mI (1194) PCNT UNIT: Task Initialization Complete. Tasks running.[0m
[0;32mI (1194) PCNT UNIT: Read Task Stack: 3796[0m
[0;32mI (1200) PCNT UNIT: PCNT unit setiing up completed[0m

[0;32mI (1208) LEDC_PWM_UNIT: setting up LEDC units and chaneels[0m
[1;31mE (1214) ledc: requested frequency 100 and duty resolution 8 can not be achieved, try reducing freq_hz or duty_resolution. div_param=0[0m
ESP_ERROR_CHECK failed: esp_err_t 0xffffffff (ESP_FAIL) at 0x400d9d0a
file: "/IDF/Project_Code/ROBOT_controler/robot_controller_1.2/main/PWM_unit.c" line 41
func: ledc_PWM_setup
expression: ledc_timer_config(&ledc_timerA)

abort() was called at PC 0x4008fe47 on core 0


Backtrace: 0x40081b81:0x3ffbbab0 0x4008fe51:0x3ffbbad0 0x40096055:0x3ffbbaf0 0x4008fe47:0x3ffbbb60 0x400d9d0a:0x3ffbbb90 0x400d9e25:0x3ffbbc10 0x400d8ebf:0x3ffbbc30 0x4014c04f:0x3ffbbc50 0x4009084d:0x3ffbbc80




ELF file SHA256: 25aaaa4b0

Rebooting...
ets Jul 29 2019 12:21:46

rst:0xc (SW_CPU_RESET),boot:0x17 (SPI_FAST_FLASH_BOOT)
configsip: 0, SPIWP:0xee
clk_drv:0x00,q_drv:0x00,d_drv:0x00,cs0_drv:0x00,hd_drv:0x00,wp_drv:0x00
mode:DIO, clock div:2
load:0x3fff0030,len:6276
load:0x40078000,len:15716
load:0x40080400,len:4
ho 8 tail 4 room 4
load:0x40080404,len:3860
entry 0x4008063c
[0;32mI (31) boot: ESP-IDF v5.4 2nd stage bootloader[0m
[0;32mI (31) boot: compile time May  5 2025 14:21:16[0m
[0;32mI (31) boot: Multicore bootloader[0m
[0;32mI (32) boot: chip revision: v3.1[0m
[0;32mI (35) boot.esp32: SPI Speed      : 40MHz[0m
[0;32mI (39) boot.esp32: SPI Mode       : DIO[0m
[0;32mI (42) boot.esp32: SPI Flash Size : 2MB[0m
[0;32mI (46) boot: Enabling RNG early entropy source...[0m
[0;32mI (50) boot: Partition Table:[0m
