ets Jun  8 2016 00:22:57

rst:0x1 (POWERON_RESET),boot:0x13 (SPI_FAST_FLASH_BOOT)
configsip: 0, SPIWP:0xee
clk_drv:0x00,q_drv:0x00,d_drv:0x00,cs0_drv:0x00,hd_drv:0x00,wp_drv:0x00
mode:DIO, clock div:2
load:0x3fff0030,len:6276
load:0x40078000,len:15716
load:0x40080400,len:4
ho 8 tail 4 room 4
load:0x40080404,len:3860
entry 0x4008063c
[0;32mI (30) boot: ESP-IDF v5.4-dirty 2ndï¿½ets Jun  8 2016 00:22:57[0m

rst:0x1 (POWERON_RESET),boot:0x13 (SPI_FAST_FLASH_BOOT)
configsip: 0, SPIWP:0xee
clk_drv:0x00,q_drv:0x00,d_drv:0x00,cs0_drv:0x00,hd_drv:0x00,wp_drv:0x00
mode:DIO, clock div:2
load:0x3fff0030,len:6276
load:0x40078000,len:15716
load:0x40080400,len:4
ho 8 tail 4 room 4
load:0x40080404,len:3860
entry 0x4008063c
[0;32mI (30) boot: ESP-IDF v5.4-dirty 2nd stage bootloader[0m
[0;32mI (30) boot: compile time Nov  3 2025 12:14:25[0m
[0;32mI (30) boot: Multicore bootloader[0m
[0;32mI (32) boot: chip revision: v1.1[0m
[0;32mI (35) boot.esp32: SPI Speed      : 40MHz[0m
[0;32mI (39) boot.esp32: SPI Mode       : DIO[0m
I (42) boot.esp32: SPI Flash Size : 16MB
[0;32mI (46) boot: Enabling RNG early entropy source...[0m
[0;32mI (50) boot: Partition Table:[0m
[0;32mI (53) boot: ## Label            Usage          Type ST Offset   Length[0m
[0;32mI (59) boot:  0 nvs              WiFi data        01 02 00009000 00006000[0m
[0;32mI (66) boot:  1 phy_init         RF data          01 01 0000f000 00001000[0m
[0;32mI (72) boot:  2 factory          factory app      00 00 00010000 00100000[0m
[0;32mI (79) boot: End of partition table[0m
[0;32mI (82) esp_image: segment 0: paddr=00010020 vaddr=3f400020 size=21fach (139180) map[0m
[0;32mI (137) esp_image: segment 1: paddr=00031fd4 vaddr=3ff80000 size=0001ch (    28) load[0m
[0;32mI (137) esp_image: segment 2: paddr=00031ff8 vaddr=3ffbdb60 size=04db8h ( 19896) load[0m
[0;32mI (148) esp_image: segment 3: paddr=00036db8 vaddr=40080000 size=09260h ( 37472) load[0m
[0;32mI (163) esp_image: segment 4: paddr=00040020 vaddr=400d0020 size=81714h (530196) map[0m
[0;32mI (345) esp_image: segment 5: paddr=000c173c vaddr=40089260 size=0ff38h ( 65336) load[0m
[0;32mI (382) boot: Loaded app from partition at offset 0x10000[0m
[0;32mI (382) boot: Disabling RNG early entropy source...[0m
[0;32mI (393) cpu_start: Multicore app[0m
[0;32mI (401) cpu_start: Pro cpu start user code[0m
[0;32mI (401) cpu_start: cpu freq: 160000000 Hz[0m
[0;32mI (401) app_init: Application information:[0m
[0;32mI (401) app_init: Project name:     control_1.4[0m
[0;32mI (406) app_init: App version:      v5.4-dirty[0m
[0;32mI (410) app_init: Compile time:     Nov  6 2025 19:30:17[0m
[0;32mI (415) app_init: ELF file SHA256:  bacd7a80f...[0m
[0;32mI (419) app_init: ESP-IDF:          v5.4-dirty[0m
[0;32mI (423) efuse_init: Min chip rev:     v0.0[0m
[0;32mI (427) efuse_init: Max chip rev:     v3.99 [0m
[0;32mI (431) efuse_init: Chip rev:         v1.1[0m
[0;32mI (435) heap_init: Initializing. RAM available for dynamic allocation:[0m
[0;32mI (441) heap_init: At 3FFAFF10 len 000000F0 (0 KiB): DRAM[0m
[0;32mI (446) heap_init: At 3FFB6388 len 00001C78 (7 KiB): DRAM[0m
[0;32mI (451) heap_init: At 3FFB9A20 len 00004108 (16 KiB): DRAM[0m
[0;32mI (457) heap_init: At 3FFC7EF8 len 00018108 (96 KiB): DRAM[0m
[0;32mI (462) heap_init: At 3FFE0440 len 00003AE0 (14 KiB): D/IRAM[0m
[0;32mI (467) heap_init: At 3FFE4350 len 0001BCB0 (111 KiB): D/IRAM[0m
[0;32mI (473) heap_init: At 40099198 len 00006E68 (27 KiB): IRAM[0m
[0;32mI (480) spi_flash: detected chip: generic[0m
[0;32mI (482) spi_flash: flash io: dio[0m
[0;32mI (486) coexist: coex firmware version: 49a8cdc[0m
[0;32mI (490) main_task: Started on CPU0[0m
[0;32mI (493) main_task: Calling app_main()[0m
[0;32mI (496) gpio: GPIO[12]| InputEn: 0| OutputEn: 0| OpenDrain: 0| Pullup: 1| Pulldown: 0| Intr:0 [0m
D (504) i2c.common: new bus(0) at 0x3ffb7f90
[0;32mI (508) I2C SLAVE: Slave initialization complete and ready to receive data[0m
[0;32mI (514) I2C SLAVE: Setting up PWM and PID module[0m
[1;31mE (519) RESET: CPU Reset reason: 1[0m
[0;32mI (522) LEDC_PWM_UNIT: setting up LEDC units and chaneels[0m
[0;32mI (527) gpio: GPIO[32]| InputEn: 0| OutputEn: 0| OpenDrain: 0| Pullup: 1| Pulldown: 0| Intr:0 [0m
[0;32mI (535) gpio: GPIO[33]| InputEn: 0| OutputEn: 0| OpenDrain: 0| Pullup: 1| Pulldown: 0| Intr:0 [0m
[0;32mI (544) gpio: GPIO[25]| InputEn: 0| OutputEn: 0| OpenDrain: 0| Pullup: 1| Pulldown: 0| Intr:0 [0m
[0;32mI (552) gpio: GPIO[26]| InputEn: 0| OutputEn: 0| OpenDrain: 0| Pullup: 1| Pulldown: 0| Intr:0 [0m
[0;32mI (560) gpio: GPIO[27]| InputEn: 0| OutputEn: 0| OpenDrain: 0| Pullup: 1| Pulldown: 0| Intr:0 [0m
[0;32mI (568) gpio: GPIO[14]| InputEn: 0| OutputEn: 0| OpenDrain: 0| Pullup: 1| Pulldown: 0| Intr:0 [0m
[0;32mI (577) gpio: GPIO[23]| InputEn: 0| OutputEn: 0| OpenDrain: 0| Pullup: 1| Pulldown: 0| Intr:0 [0m
[0;32mI (585) gpio: GPIO[22]| InputEn: 0| OutputEn: 0| OpenDrain: 0| Pullup: 1| Pulldown: 0| Intr:0 [0m
[0;32mI (593) gpio: GPIO[21]| InputEn: 0| OutputEn: 0| OpenDrain: 0| Pullup: 1| Pulldown: 0| Intr:0 [0m
[0;32mI (602) gpio: GPIO[19]| InputEn: 0| OutputEn: 0| OpenDrain: 0| Pullup: 1| Pulldown: 0| Intr:0 [0m
[0;32mI (610) gpio: GPIO[18]| InputEn: 0| OutputEn: 0| OpenDrain: 0| Pullup: 1| Pulldown: 0| Intr:0 [0m
[0;32mI (618) gpio: GPIO[5]| InputEn: 0| OutputEn: 0| OpenDrain: 0| Pullup: 1| Pulldown: 0| Intr:0 [0m
[0;32mI (627) gpio: GPIO[17]| InputEn: 0| OutputEn: 0| OpenDrain: 0| Pullup: 1| Pulldown: 0| Intr:0 [0m
[0;32mI (635) gpio: GPIO[16]| InputEn: 0| OutputEn: 0| OpenDrain: 0| Pullup: 1| Pulldown: 0| Intr:0 [0m
[0;32mI (643) gpio: GPIO[4]| InputEn: 0| OutputEn: 0| OpenDrain: 0| Pullup: 1| Pulldown: 0| Intr:0 [0m
[0;32mI (652) gpio: GPIO[2]| InputEn: 0| OutputEn: 0| OpenDrain: 0| Pullup: 1| Pulldown: 0| Intr:0 [0m
[0;32mI (661) LEDC_PWM_UNIT: LEDC unit setiing up cI (676) UART_PID: UART initialized on port 0 at 115200 baud[0m
[0;32mI (686) PID: Starting PID application...[0m
[0;32mI (686) PID: PID application started successfully[0m
[0;32mI (686) CPG: settingup the motor comnads[0m
[0;32mI (687) CPG: Initializing CPG network...[0m
[0;32mI (690) CPG: settingup the motor comnads complete[0m
[0;32mI (690) CPG: Mode change detected: 0[0m
[0;32mI (694) BLE: Setting up BLE unit[0m
[0;32mI (698) CPG: Setting IDLE gait[0m
[0;32mI (711) BTDM_INIT: BT controller compile version [20b459d][0m
[0;32mI (713) BTDM_INIT: Bluetooth MAC: 6c:c8:40:66:40:b2[0m
[0;32mI (716) phy_init: phy_version 4840,02e0d70,Sep  2 2024,19:39:07[0m
[0;32mI (1115) BLE: REGISTER_APP_EVT, status 0, app_id 0[0m
[0;33mW (1118) BT_BTM: BTM_BleWriteAdvData, Partial data write into ADV[0m
[0;32mI (1119) BLE: CREATE_SERVICE_EVT, status 0, service_handle 40[0m
[1;31mE (1124) BT_BTC: btc_gatts_arg_deep_copy 8, invalid length[0m
[0;32mI (1129) BLE: Unhandled GATTS event: 12[0m
[0;32mI (1133) BLE: ADD_RX_CHAR, status 0, attr_handle 42, service_handle 40[0m
[0;32mI (1137) BLE: ADD_TX_CHAR, status 0, attr_handle 44, service_handle 40[0m
[0;32mI (1146) BLE: Unhandled GAP event: 6[0m
[0;32mI (1146) BLE: TX CCCD Handle: 45[0m
[0;32mI (1150) BLE: BLE unit setup completed[0m
[1;31mE (110971) BLE: Buffer overflow: recv_len=0 + len=20 > 68[0m
