ets Jun  8 2016 00:22:57

rst:0x1 (POWERON_RESET),boot:0x13 (SPI_FAST_FLASH_BOOT)
configsip: 0, SPIWP:0xee
clk_drv:0x00,q_drv:0x00,d_drv:0x00,cs0_drv:0x00,hd_drv:0x00,wp_drv:0x00
mode:DIO, clock div:2
load:0x3fff0030,len:6276
load:0x40078000,len:15716
load:0x40080400,len:4
ho 8 tail 4 room 4
load:0x40080404,len:3860
entry 0x4008063c
[0;32mI (30) boot: ESP-IDF v5.4-dirty 2nd stage bootloader[0m
[0;32mI (30) boot: compile time Nov  3 2025 12:14:25[0m
[0;32mI (30) boot: Multicore bootloader[0m
[0;32mI (32) boot: chip revision: v1.1[0m
[0;32mI (35) boot.esp32: SPI Speed      : 40MHz[0m
[0;32mI (39) boot.esp32: SPI Mode       : DIO[0m
[0;32mI (42) boot.esp32: SPI Flash Size : 16MB[0m
[0;32mI (46) boot: Enabling RNG early entropy source...[0m
[0;32mI (50) boot: Partition Table:[0m
[0;32mI (53) boot: ## Label            Usage          Type ST Offset   Length[0m
[0;32mI (59) boot:  0 nvs              WiFi data        01 02 00009000 00006000[0m
[0;32mI (66) boot:  1 phy_init         RF data          01 01 0000f000 00001000[0m
[0;32mI (72) boot:  2 factory          factory app      00 00 00010000 00100000[0m
[0;32mI (79) boot: End of partition table[0m
[0;32mI (82) esp_image: segment 0: paddr=00010020 vaddr=3f400020 size=21f7ch (139132) map[0m
[0;32mI (137) esp_image: segment 1: paddr=00031fa4 vaddr=3ff80000 size=0001ch (    28) load[0m
[0;32mI (137) esp_image: segment 2: paddr=00031fc8 vaddr=3ffbdb60 size=04da8h ( 19880) load[0m
[0;32mI (148) esp_image: segment 3: paddr=00036d78 vaddr=40080000 size=092a0h ( 37536) load[0m
[0;32mI (163) esp_image: segment 4: paddr=00040020 vaddr=400d0020 size=81a64h (531044) map[0m
[0;32mI (345) esp_image: segment 5: paddr=000c1a8c vaddr=400892a0 size=0ff50h ( 65360) load[0m
[0;32mI (383) boot: Loaded app from partition at offset 0x10000[0m
[0;32mI (383) boot: Disabling RNG early entropy source...[0m
[0;32mI (393) cpu_start: Multicore app[0m
[0;32mI (402) cpu_start: Pro cpu start user code[0m
[0;32mI (402) cpu_start: cpu freq: 160000000 Hz[0m
[0;32mI (402) app_init: Application information:[0m
[0;32mI (402) app_init: Project name:     control_1.4[0m
[0;32mI (406) app_init: App version:      v5.4-dirty[0m
[0;32mI (410) app_init: Compile time:     Nov  6 2025 19:30:17[0m
[0;32mI (415) app_init: ELF file SHA256:  11dbf56a9...[0m
[0;32mI (419) app_init: ESP-IDF:          v5.4-dirty[0m
[0;32mI (424) efuse_init: Min chip rev:     v0.0[0m
[0;32mI (427) efuse_init: Max chip rev:     v3.99 [0m
[0;32mI (431) efuse_init: Chip rev:         v1.1[0m
[0;32mI (436) heap_init: Initializing. RAM available for dynamic allocation:[0m
[0;32mI (442) heap_init: At 3FFAFF10 len 000000F0 (0 KiB): DRAM[0m
[0;32mI (447) heap_init: At 3FFB6388 len 00001C78 (7 KiB): DRAM[0m
[0;32mI (452) heap_init: At 3FFB9A20 len 00004108 (16 KiB): DRAM[0m
[0;32mI (457) heap_init: At 3FFC7F00 len 00018100 (96 KiB): DRAM[0m
[0;32mI (462) heap_init: At 3FFE0440 len 00003AE0 (14 KiB): D/IRAM[0m
[0;32mI (468) heap_init: At 3FFE4350 len 0001BCB0 (111 KiB): D/IRAM[0m
[0;32mI (473) heap_init: At 400991F0 len 00006E10 (27 KiB): IRAM[0m
[0;32mI (480) spi_flash: detected chip: generic[0m
[0;32mI (482) spi_flash: flash io: dio[0m
[0;32mI (486) coexist: coex firmware version: 49a8cdc[0m
[0;32mI (490) main_task: Started on CPU0[0m
[0;32mI (493) main_task: Calling app_main()[0m
[0;32mI (496) gpio: GPIO[12]| InputEn: 0| OutputEn: 0| OpenDrain: 0| Pullup: 1| Pulldown: 0| Intr:0 [0m
[1;31mE (504) I2C SLAVE: Creating encoder data queue failed[0m
[0;32mI (508) main_task: Returned from app_main()[0m
ets Jun  8 2016 00:22:57

rst:0x1 (POWERON_RESET),boot:0x13 (SPI_FAST_FLASH_BOOT)
configsip: 0, SPIWP:0xee
clk_drv:0x00,q_drv:0x00,d_drv:0x00,cs0_drv:0x00,hd_drv:0x00,wp_drv:0x00
mode:DIO, clock div:2
load:0x3fff0030,len:6276
load:0x40078000,len:15716
load:0x40080400,len:4
ho 8 tail 4 room 4
load:0x40080404,len:3860
entry 0x4008063c
[0;32mI (30) boot: ESP-IDF v5.4-dirty 2nd stage bootloader[0m
[0;32mI (30) boot: compile time Nov  3 2025 12:14:25[0m
[0;32mI (30) boot: Multicore bootloader[0m
[0;32mI (32) boot: chip revision: v1.1[0m
[0;32mI (35) boot.esp32: SPI Speed      : 40MHz[0m
[0;32mI (39) boot.esp32: SPI Mode       : DIO[0m
[0;32mI (42) boot.esp32: SPI Flash Size : 16MB[0m
[0;32mI (46) boot: Enabling RNG early entropy source...[0m
[0;32mI (50) boot: Partition Table:[0m
[0;32mI (53) boot: ## Label            Usage          Type ST Offset   Length[0m
[0;32mI (59) boot:  0 nvs              WiFi data        01 02 00009000 00006000[0m
[0;32mI (66) boot:  1 phy_init         RF data          01 01 0000f000 00001000[0m
[0;32mI (72) boot:  2 factory          factory app      00 00 00010000 00100000[0m
[0;32mI (79) boot: End of partition table[0m
[0;32mI (82) esp_image: segment 0: paddr=00010020 vaddr=3f400020 size=21f7ch (139132) map[0m
[0;32mI (137) esp_image: segment 1: paddr=00031fa4 vaddr=3ff80000 size=0001ch (    28) load[0m
[0;32mI (137) esp_image: segment 2: paddr=00031fc8 vaddr=3ffbdb60 size=04da8h ( 19880) load[0m
[0;32mI (148) esp_image: segment 3: paddr=00036d78 vaddr=40080000 size=092a0h ( 37536) load[0m
[0;32mI (163) esp_image: segment 4: paddr=00040020 vaddr=400d0020 size=81a64h (531044) map[0m
[0;32mI (345) esp_image: segment 5: paddr=000c1a8c vaddr=400892a0 size=0ff50h ( 65360) load[0m
[0;32mI (383) boot: Loaded app from partition at offset 0x10000[0m
[0;32mI (383) boot: Disabling RNG early entropy source...[0m
[0;32mI (393) cpu_start: Multicore app[0m
[0;32mI (402) cpu_start: Pro cpu start user code[0m
[0;32mI (402) cpu_start: cpu freq: 160000000 Hz[0m
[0;32mI (402) app_init: Application information:[0m
[0;32mI (402) app_init: Project name:     control_1.4[0m
[0;32mI (406) app_init: App version:      v5.4-dirty[0m
[0;32mI (410) app_init: Compile time:     Nov  6 2025 19:30:17[0m
[0;32mI (415) app_init: ELF file SHA256:  11dbf56a9...[0m
[0;32mI (419) app_init: ESP-IDF:          v5.4-dirty[0m
[0;32mI (424) efuse_init: Min chip rev:     v0.0[0m
[0;32mI (427) efuse_init: Max chip rev:     v3.99 [0m
[0;32mI (431) efuse_init: Chip rev:         v1.1[0m
[0;32mI (436) heap_init: Initializing. RAM available for dynamic allocation:[0m
[0;32mI (442) heap_init: At 3FFAFF10 len 000000F0 (0 KiB): DRAM[0m
[0;32mI (447) heap_init: At 3FFB6388 len 00001C78 (7 KiB): DRAM[0m
[0;32mI (452) heap_init: At 3FFB9A20 len 00004108 (16 KiB): DRAM[0m
[0;32mI (457) heap_init: At 3FFC7F00 len 00018100 (96 KiB): DRAM[0m
[0;32mI (462) heap_init: At 3FFE0440 len 00003AE0 (14 KiB): D/IRAM[0m
[0;32mI (468) heap_init: At 3FFE4350 len 0001BCB0 (111 KiB): D/IRAM[0m
[0;32mI (473) heap_init: At 400991F0 len 00006E10 (27 KiB): IRAM[0m
[0;32mI (480) spi_flash: detected chip: generic[0m
[0;32mI (482) spi_flash: flash io: dio[0m
[0;32mI (486) coexist: coex firmware version: 49a8cdc[0m
[0;32mI (490) main_task: Started on CPU0[0m
[0;32mI (493) main_task: Calling app_main()[0m
[0;32mI (496) gpio: GPIO[12]| InputEn: 0| OutputEn: 0| OpenDrain: 0| Pullup: 1| Pulldown: 0| Intr:0 [0m
[1;31mE (504) I2C SLAVE: Creating encoder data queue failed[0m
[0;32mI (508) main_task: Returned from app_main()[0m
