ets Jun  8 2016 00:22:57

rst:0x1 (POWERON_RESET),boot:0x13 (SPI_FAST_FLASH_BOOT)
configsip: 0, SPIWP:0xee
clk_drv:0x00,q_drv:0x00,d_drv:0x00,cs0_drv:0x00,hd_drv:0x00,wp_drv:0x00
mode:DIO, clock div:2
load:0x3fff0030,len:6276
load:0x40078000,len:15716
load:0x40080400,len:4
ho 8 tail 4 room 4
load:0x40080404,len:3860
entry 0x4008063c
[0;32mI (31) boot: ESP-IDF v5.4-dirty 2nd stage bootloader[0m
[0;32mI (31) boot: compile time Nov 12 2025 13:47:17[0m
[0;32mI (31) boot: Multicore bootloader[0m
[0;32mI (32) boot: chip revision: v1.1[0m
[0;32mI (35) boot.esp32: SPI Speed      : 40MHz[0m
[0;32mI (39) boot.esp32: SPI Mode       : DIO[0m
[0;32mI (42) boot.esp32: SPI Flash Size : 16MB[0m
[0;32mI (46) boot: Enabling RNG early entropy source...[0m
[0;32mI (51) boot: Partition Table:[0m
[0;32mI (53) boot: ## Label            Usage          Type ST Offset   Length[0m
[0;32mI (60) boot:  0 nvs              WiFi data        01 02 00009000 00006000[0m
[0;32mI (66) boot:  1 phy_init         RF data          01 01 0000f000 00001000[0m
[0;32mI (73) boot:  2 factory          factory app      00 00 00010000 00100000[0m
[0;32mI (79) boot: End of partition table[0m
[0;32mI (82) esp_image: segment 0: paddr=00010020 vaddr=3f400020 size=0c09ch ( 49308) map[0m
[0;32mI (107) esp_image: segment 1: paddr=0001c0c4 vaddr=3ff80000 size=0001ch (    28) load[0m
[0;32mI (107) esp_image: segment 2: paddr=0001c0e8 vaddr=3ffb0000 size=0261ch (  9756) load[0m
[0;32mI (114) esp_image: segment 3: paddr=0001e70c vaddr=40080000 size=0190ch (  6412) load[0m
[0;32mI (121) esp_image: segment 4: paddr=00020020 vaddr=400d0020 size=17a24h ( 96804) map[0m
[0;32mI (159) esp_image: segment 5: paddr=00037a4c vaddr=4008190c size=0d904h ( 55556) load[0m
[0;32mI (188) boot: Loaded app from partition at offset 0x10000[0m
[0;32mI (188) boot: Disabling RNG early entropy source...[0m
[0;32mI (198) cpu_start: Multicore app[0m
[0;32mI (207) cpu_start: Pro cpu start user code[0m
[0;32mI (207) cpu_start: cpu freq: 160000000 Hz[0m
[0;32mI (207) app_init: Application information:[0m
[0;32mI (207) app_init: Project name:     control_1.7[0m
[0;32mI (211) app_init: App version:      v5.4-dirty[0m
[0;32mI (215) app_init: Compile time:     Nov 12 2025 13:47:06[0m
[0;32mI (220) app_init: ELF file SHA256:  17251bef2...[0m
[0;32mI (225) app_init: ESP-IDF:          v5.4-dirty[0m
[0;32mI (229) efuse_init: Min chip rev:     v0.0[0m
[0;32mI (233) efuse_init: Max chip rev:     v3.99 [0m
[0;32mI (237) efuse_init: Chip rev:         v1.1[0m
[0;32mI (241) heap_init: Initializing. RAM available for dynamic allocation:[0m
[0;32mI (247) heap_init: At 3FFAE6E0 len 00001920 (6 KiB): DRAM[0m
[0;32mI (252) heap_init: At 3FFB4440 len 0002BBC0 (174 KiB): DRAM[0m
[0;32mI (257) heap_init: At 3FFE0440 len 00003AE0 (14 KiB): D/IRAM[0m
[0;32mI (262) heap_init: At 3FFE4350 len 0001BCB0 (111 KiB): D/IRAM[0m
[0;32mI (268) heap_init: At 4008F210 len 00010DF0 (67 KiB): IRAM[0m
[0;32mI (275) spi_flash: detected chip: generic[0m
[0;32mI (277) spi_flash: flash io: dio[0m
[0;32mI (281) main_task: Started on CPU0[0m
[0;32mI (284) main_task: Calling app_main()[0m
[0;32mI (287) gpio: GPIO[12]| InputEn: 0| OutputEn: 0| OpenDrain: 0| Pullup: 1| Pulldown: 0| Intr:0 [0m
[0;32mI (295) uart: ESP_INTR_FLAG_IRAM flag not set while CONFIG_UART_ISR_IN_IRAM is enabled, flag updated[0m
[0;32mI (304) uart: queue free spaces: 20[0m
[1;31mE (308) uart: uart_set_rx_full_threshold(1873): rx fifo full threshold value error[0m
ESP_ERROR_CHECK failed: esp_err_t 0x102 (ESP_ERR_INVALID_ARG) at 0x400d5db8
file: "/IDF/Project_Code/main_controler_1.1/control_1.7/main/control_1.7.c" line 54
func: uart_init
expression: uart_set_rx_full_threshold(UART_PORT_NUM, UART_FIFO_LENGTH / 2)

abort() was called at PC 0x400876b7 on core 0


Backtrace: 0x40081ab5:0x3ffb65f0 0x400876c1:0x3ffb6610 0x4008da8d:0x3ffb6630 0x400876b7:0x3ffb66a0 0x400d5db8:0x3ffb66d0 0x400d6004:0x3ffb6710 0x400e66d8:0x3ffb6740 0x40088139:0x3ffb6770




ELF file SHA256: 17251bef2

Rebooting...
ets Jun  8 2016 00:22:57

rst:0xc (SW_CPU_RESET),boot:0x13 (SPI_FAST_FLASH_BOOT)
configsip: 0, SPIWP:0xee
clk_drv:0x00,q_drv:0x00,d_drv:0x00,cs0_drv:0x00,hd_drv:0x00,wp_drv:0x00
mode:DIO, clock div:2
load:0x3fff0030,len:6276
load:0x40078000,len:15716
load:0x40080400,len:4
ho 8 tail 4 room 4
load:0x40080404,len:3860
entry 0x4008063c
[0;32mI (30) boot: ESP-IDF v5.4-dirty 2nd stage bootloader[0m
[0;32mI (31) boot: compile time Nov 12 2025 13:47:17[0m
[0;32mI (31) boot: Multicore bootloader[0m
[0;32mI (33) boot: chip revision: v1.1[0m
[0;32mI (35) boot.esp32: SPI Speed      : 40MHz[0m
[0;32mI (39) boot.esp32: SPI Mode       : DIO[0m
[0;32mI (43) boot.esp32: SPI Flash Size : 16MB[0m
[0;32mI (46) boot: Enabling RNG early entropy source...[0m
[0;32mI (51) boot: Partition Table:[0m
[0;32mI (53) boot: ## Label            Usage          Type ST Offset   Length[0m
[0;32mI (60) boot:  0 nvs              WiFi data        01 02 00009000 00006000[0m
[0;32mI (66) boot:  1 phy_init         RF data          01 01 0000f000 00001000[0m
[0;32mI (73) boot:  2 factory          factory app      00 00 00010000 00100000[0m
[0;32mI (79) boot: End of partition table[0m
[0;32mI (83) esp_image: segment 0: paddr=00010020 vaddr=3f400020 size=0c09ch ( 49308) map[0m
[0;32mI (107) esp_image: segment 1: paddr=0001c0c4 vaddr=3ff80000 size=0001ch (    28) load[0m
[0;32mI (107) esp_image: segment 2: paddr=0001c0e8 vaddr=3ffb0000 size=0261ch (  9756) load[0m
[0;32mI (115) esp_image: segment 3: paddr=0001e70c vaddr=40080000 size=0190ch (  6412) load[0m
[0;32mI (121) esp_image: segment 4: paddr=00020020 vaddr=400d0020 size=17a24h ( 96804) map[0m
[0;32mI (159) esp_image: segment 5: paddr=00037a4c vaddr=4008190c size=0d904h ( 55556) load[0m
[0;32mI (188) boot: Loaded app from partition at offset 0x10000[0m
[0;32mI (188) boot: Disabling RNG early entropy source...[0m
[0;32mI (199) cpu_start: Multicore app[0m
[0;32mI (207) cpu_start: Pro cpu start user code[0m
[0;32mI (207) cpu_start: cpu freq: 160000000 Hz[0m
[0;32mI (207) app_init: Application information:[0m
[0;32mI (207) app_init: Project name:     control_1.7[0m
[0;32mI (211) app_init: App version:      v5.4-dirty[0m
[0;32mI (215) app_init: Compile time:     Nov 12 2025 13:47:06[0m
[0;32mI (220) app_init: ELF file SHA256:  17251bef2...[0m
[0;32mI (225) app_init: ESP-IDF:          v5.4-dirty[0m
[0;32mI (229) efuse_init: Min chip rev:     v0.0[0m
[0;32mI (233) efuse_init: Max chip rev:     v3.99 [0m
[0;32mI (237) efuse_init: Chip rev:         v1.1[0m
[0;32mI (241) heap_init: Initializing. RAM available for dynamic allocation:[0m
[0;32mI (247) heap_init: At 3FFAE6E0 len 00001920 (6 KiB): DRAM[0m
[0;32mI (252) heap_init: At 3FFB4440 len 0002BBC0 (174 KiB): DRAM[0m
[0;32mI (257) heap_init: At 3FFE0440 len 00003AE0 (14 KiB): D/IRAM[0m
[0;32mI (263) heap_init: At 3FFE4350 len 0001BCB0 (111 KiB): D/IRAM[0m
[0;32mI (268) heap_init: At 4008F210 len 00010DF0 (67 KiB): IRAM[0m
[0;32mI (275) spi_flash: detected chip: generic[0m
[0;32mI (277) spi_flash: flash io: dio[0m
[0;32mI (281) main_task: Started on CPU0[0m
[0;32mI (284) main_task: Calling app_main()[0m
[0;32mI (287) gpio: GPIO[12]| InputEn: 0| OutputEn: 0| OpenDrain: 0| Pullup: 1| Pulldown: 0| Intr:0 [0m
[0;32mI (295) uart: ESP_INTR_FLAG_IRAM flag not set while CONFIG_UART_ISR_IN_IRAM is enabled, flag updated[0m
[0;32mI (304) uart: queue free spaces: 20[0m
[1;31mE (308) uart: uart_set_rx_full_threshold(1873): rx fifo full threshold value error[0m
ESP_ERROR_CHECK failed: esp_err_t 0x102 (ESP_ERR_INVALID_ARG) at 0x400d5db8
file: "/IDF/Project_Code/main_controler_1.1/control_1.7/main/control_1.7.c" line 54
func: uart_init
expression: uart_set_rx_full_threshold(UART_PORT_NUM, UART_FIFO_LENGTH / 2)

abort() was called at PC 0x400876b7 on core 0


Backtrace: 0x40081ab5:0x3ffb65f0 0x400876c1:0x3ffb6610 0x4008da8d:0x3ffb6630 0x400876b7:0x3ffb66a0 0x400d5db8:0x3ffb66d0 0x400d6004:0x3ffb6710 0x400e66d8:0x3ffb6740 0x40088139:0x3ffb6770




ELF file SHA256: 17251bef2

Rebooting...
ets Jun  8 2016 00:22:57

rst:0xc (SW_CPU_RESET),boot:0x13 (SPI_FAST_FLASH_BOOT)
configsip: 0, SPIWP:0xee
clk_drv:0x00,q_drv:0x00,d_drv:0x00,cs0_drv:0x00,hd_drv:0x00,wp_drv:0x00
mode:DIO, clock div:2
load:0x3fff0030,len:6276
load:0x40078000,len:15716
load:0x40080400,len:4
ho 8 tail 4 room 4
load:0x40080404,len:3860
entry 0x4008063c
[0;32mI (30) boot: ESP-IDF v5.4-dirty 2nd stage bootloader[0m
[0;32mI (31) boot: compile time Nov 12 2025 13:47:17[0m
[0;32mI (31) boot: Multicore bootloader[0m
[0;32mI (33) boot: chip revision: v1.1[0m
[0;32mI (35) boot.esp32: SPI Speed      : 40MHz[0m
[0;32mI (39) boot.esp32: SPI Mode       : DIO[0m
[0;32mI (43) boot.esp32: SPI Flash Size : 16MB[0m
[0;32mI (46) boot: Enabling RNG early entropy source...[0m
[0;32mI (51) boot: Partition Table:[0m
[0;32mI (53) boot: ## Label            Usage          Type ST Offset   Length[0m
[0;32mI (60) boot:  0 nvs              WiFi data        01 02 00009000 00006000[0m
[0;32mI (66) boot:  1 phy_init         RF data          01 01 0000f000 00001000[0m
[0;32mI (73) boot:  2 factory          factory app      00 00 00010000 00100000[0m
[0;32mI (79) boot: End of partition table[0m
[0;32mI (83) esp_image: segment 0: paddr=00010020 vaddr=3f400020 size=0c09ch ( 49308) map[0m
[0;32mI (107) esp_image: segment 1: paddr=0001c0c4 vaddr=3ff80000 size=0001ch (    28) load[0m
[0;32mI (107) esp_image: segment 2: paddr=0001c0e8 vaddr=3ffb0000 size=0261ch (  9756) load[0m
[0;32mI (115) esp_image: segment 3: paddr=0001e70c vaddr=40080000 size=0190ch (  6412) load[0m
[0;32mI (121) esp_image: segment 4: paddr=00020020 vaddr=400d0020 size=17a24h ( 96804) map[0m
[0;32mI (159) esp_image: segment 5: paddr=00037a4c vaddr=4008190c size=0d904h ( 55556) load[0m
[0;32mI (188) boot: Loaded app from partition at offset 0x10000[0m
[0;32mI (188) boot: Disabling RNG early entropy source...[0m
[0;32mI (199) cpu_start: Multicore app[0m
[0;32mI (207) cpu_start: Pro cpu start user code[0m
[0;32mI (207) cpu_start: cpu freq: 160000000 Hz[0m
[0;32mI (207) app_init: Application information:[0m
[0;32mI (207) app_init: Project name:     control_1.7[0m
[0;32mI (211) app_init: App version:      v5.4-dirty[0m
[0;32mI (215) app_init: Compile time:     Nov 12 2025 13:47:06[0m
[0;32mI (221) app_init: ELF file SHA256:  17251bef2...[0m
[0;32mI (225) app_init: ESP-IDF:          v5.4-dirty[0m
[0;32mI (229) efuse_init: Min chip rev:     v0.0[0m
[0;32mI (233) efuse_init: Max chip rev:     v3.99 [0m
[0;32mI (237) efuse_init: Chip rev:         v1.1[0m
[0;32mI (241) heap_init: Initializing. RAM available for dynamic allocation:[0m
[0;32mI (247) heap_init: At 3FFAE6E0 len 00001920 (6 KiB): DRAM[0m
[0;32mI (252) heap_init: At 3FFB4440 len 0002BBC0 (174 KiB): DRAM[0m
[0;32mI (257) heap_init: At 3FFE0440 len 00003AE0 (14 KiB): D/IRAM[0m
[0;32mI (263) heap_init: At 3FFE4350 len 0001BCB0 (111 KiB): D/IRAM[0m
[0;32mI (268) heap_init: At 4008F210 len 00010DF0 (67 KiB): IRAM[0m
[0;32mI (275) spi_flash: detected chip: generic[0m
[0;32mI (277) spi_flash: flash io: dio[0m
[0;32mI (281) main_task: Started on CPU0[0m
[0;32mI (284) main_task: Calling app_main()[0m
[0;32mI (287) gpio: GPIO[12]| InputEn: 0| OutputEn: 0| OpenDrain: 0| Pullup: 1| Pulldown: 0| Intr:0 [0m
[0;32mI (295) uart: ESP_INTR_FLAG_IRAM flag not set while CONFIG_UART_ISR_IN_IRAM is enabled, flag updated[0m
[0;32mI (304) uart: queue free spaces: 20[0m
[1;31mE (308) uart: uart_set_rx_full_threshold(1873): rx fifo full threshold value error[0m
ESP_ERROR_CHECK failed: esp_err_t 0x102 (ESP_ERR_INVALID_ARG) at 0x400d5db8
file: "/IDF/Project_Code/main_controler_1.1/control_1.7/main/control_1.7.c" line 54
func: uart_init
expression: uart_set_rx_full_threshold(UART_PORT_NUM, UART_FIFO_LENGTH / 2)

abort() was called at PC 0x400876b7 on core 0


Backtrace: 0x40081ab5:0x3ffb65f0 0x400876c1:0x3ffb6610 0x4008da8d:0x3ffb6630 0x400876b7:0x3ffb66a0 0x400d5db8:0x3ffb66d0 0x400d6004:0x3ffb6710 0x400e66d8:0x3ffb6740 0x40088139:0x3ffb6770




ELF file SHA256: 17251bef2

Rebooting...
ets Jun  8 2016 00:22:57

rst:0xc (SW_CPU_RESET),boot:0x13 (SPI_FAST_FLASH_BOOT)
configsip: 0, SPIWP:0xee
clk_drv:0x00,q_drv:0x00,d_drv:0x00,cs0_drv:0x00,hd_drv:0x00,wp_drv:0x00
mode:DIO, clock div:2
load:0x3fff0030,len:6276
load:0x40078000,len:15716
load:0x40080400,len:4
ho 8 tail 4 room 4
load:0x40080404,len:3860
entry 0x4008063c
[0;32mI (30) boot: ESP-IDF v5.4-dirty 2nd stage bootloader[0m
[0;32mI (31) boot: compile time Nov 12 2025 13:47:17[0m
[0;32mI (31) boot: Multicore bootloader[0m
[0;32mI (33) boot: chip revision: v1.1[0m
[0;32mI (35) boot.esp32: SPI Speed      : 40MHz[0m
[0;32mI (39) boot.esp32: SPI Mode       : DIO[0m
[0;32mI (43) boot.esp32: SPI Flash Size : 16MB[0m
[0;32mI (46) boot: Enabling RNG early entropy source...[0m
[0;32mI (51) boot: Partition Table:[0m
[0;32mI (53) boot: ## Label            Usage          Type ST Offset   Length[0m
[0;32mI (60) boot:  0 nvs              WiFi data        01 02 00009000 00006000[0m
[0;32mI (66) boot:  1 phy_init         RF data          01 01 0000f000 00001000[0m
[0;32mI (73) boot:  2 factory          factory app      00 00 00010000 00100000[0m
[0;32mI (79) boot: End of partition table[0m
[0;32mI (83) esp_image: segment 0: paddr=00010020 vaddr=3f400020 size=0c09ch ( 49308) map[0m
[0;32mI (107) esp_image: segment 1: paddr=0001c0c4 vaddr=3ff80000 size=0001ch (    28) load[0m
[0;32mI (107) esp_image: segment 2: paddr=0001c0e8 vaddr=3ffb0000 size=0261ch (  9756) load[0m
[0;32mI (115) esp_image: segment 3: paddr=0001e70c vaddr=40080000 size=0190ch (  6412) load[0m
[0;32mI (121) esp_image: segment 4: paddr=00020020 vaddr=400d0020 size=17a24h ( 96804) map[0m
[0;32mI (159) esp_image: segment 5: paddr=00037a4c vaddr=4008190c size=0d904h ( 55556) load[0m
[0;32mI (188) boot: Loaded app from partition at offset 0x10000[0m
[0;32mI (188) boot: Disabling RNG early entropy source...[0m
[0;32mI (199) cpu_start: Multicore app[0m
[0;32mI (207) cpu_start: Pro cpu start user code[0m
[0;32mI (207) cpu_start: cpu freq: 160000000 Hz[0m
[0;32mI (207) app_init: Application information:[0m
[0;32mI (207) app_init: Project name:     control_1.7[0m
[0;32mI (211) app_init: App version:      v5.4-dirty[0m
[0;32mI (215) app_init: Compile time:     Nov 12 2025 13:47:06[0m
[0;32mI (221) app_init: ELF file SHA256:  17251bef2...[0m
[0;32mI (225) app_init: ESP-IDF:          v5.4-dirty[0m
[0;32mI (229) efuse_init: Min chip rev:     v0.0[0m
[0;32mI (233) efuse_init: Max chip rev:     v3.99 [0m
[0;32mI (237) efuse_init: Chip rev:         v1.1[0m
[0;32mI (241) heap_init: Initializing. RAM available for dynamic allocation:[0m
[0;32mI (247) heap_init: At 3FFAE6E0 len 00001920 (6 KiB): DRAM[0m
[0;32mI (252) heap_init: At 3FFB4440 len 0002BBC0 (174 KiB): DRAM[0m
[0;32mI (257) heap_init: At 3FFE0440 len 00003AE0 (14 KiB): D/IRAM[0m
[0;32mI (263) heap_init: At 3FFE4350 len 0001BCB0 (111 KiB): D/IRAM[0m
[0;32mI (268) heap_init: At 4008F210 len 00010DF0 (67 KiB): IRAM[0m
[0;32mI (275) spi_flash: detected chip: generic[0m
[0;32mI (277) spi_flash: flash io: dio[0m
[0;32mI (281) main_task: Started on CPU0[0m
[0;32mI (284) main_task: Calling app_main()[0m
[0;32mI (287) gpio: GPIO[12]| InputEn: 0| OutputEn: 0| OpenDrain: 0| Pullup: 1| Pulldown: 0| Intr:0 [0m
[0;32mI (295) uart: ESP_INTR_FLAG_IRAM flag not set while CONFIG_UART_ISR_IN_IRAM is enabled, flag updated[0m
[0;32mI (304) uart: queue free spaces: 20[0m
[1;31mE (308) uart: uart_set_rx_full_threshold(1873): rx fifo full threshold value error[0m
ESP_ERROR_CHECK failed: esp_err_t 0x102 (ESP_ERR_INVALID_ARG) at 0x400d5db8
file: "/IDF/Project_Code/main_controler_1.1/control_1.7/main/control_1.7.c" line 54
func: uart_init
expression: uart_set_rx_full_threshold(UART_PORT_NUM, UART_FIFO_LENGTH / 2)

abort() was called at PC 0x400876b7 on core 0


Backtrace: 0x40081ab5:0x3ffb65f0 0x400876c1:0x3ffb6610 0x4008da8d:0x3ffb6630 0x400876b7:0x3ffb66a0 0x400d5db8:0x3ffb66d0 0x400d6004:0x3ffb6710 0x400e66d8:0x3ffb6740 0x40088139:0x3ffb6770




ELF file SHA256: 17251bef2

Rebooting...
ets Jun  8 2016 00:22:57

rst:0xc (SW_CPU_RESET),boot:0x13 (SPI_FAST_FLASH_BOOT)
configsip: 0, SPIWP:0xee
clk_drv:0x00,q_drv:0x00,d_drv:0x00,cs0_drv:0x00,hd_drv:0x00,wp_drv:0x00
mode:DIO, clock div:2
load:0x3fff0030,len:6276
load:0x40078000,len:15716
load:0x40080400,len:4
ho 8 tail 4 room 4
load:0x40080404,len:3860
entry 0x4008063c
[0;32mI (30) boot: ESP-IDF v5.4-dirty 2nd stage bootloader[0m
[0;32mI (31) boot: compile time Nov 12 2025 13:47:17[0m
[0;32mI (31) boot: Multicore bootloader[0m
[0;32mI (33) boot: chip revision: v1.1[0m
[0;32mI (35) boot.esp32: SPI Speed      : 40MHz[0m
[0;32mI (39) boot.esp32: SPI Mode       : DIO[0m
[0;32mI (43) boot.esp32: SPI Flash Size : 16MB[0m
[0;32mI (46) boot: Enabling RNG early entropy source...[0m
[0;32mI (51) boot: Partition Table:[0m
[0;32mI (53) boot: ## Label            Usage          Type ST Offset   Length[0m
[0;32mI (60) boot:  0 nvs              WiFi data        01 02 00009000 00006000[0m
[0;32mI (66) boot:  1 phy_init         RF data          01 01 0000f000 00001000[0m
[0;32mI (73) boot:  2 factory          factory app      00 00 00010000 00100000[0m
[0;32mI (79) boot: End of partition table[0m
[0;32mI (83) esp_image: segment 0: paddr=00010020 vaddr=3f400020 size=0c09ch ( 49308) map[0m
[0;32mI (107) esp_image: segment 1: paddr=0001c0c4 vaddr=3ff80000 size=0001ch (    28) load[0m
[0;32mI (107) esp_image: segment 2: paddr=0001c0e8 vaddr=3ffb0000 size=0261ch (  9756) load[0m
[0;32mI (115) esp_image: segment 3: paddr=0001e70c vaddr=40080000 size=0190ch (  6412) load[0m
[0;32mI (121) esp_image: segment 4: paddr=00020020 vaddr=400d0020 size=17a24h ( 96804) map[0m
[0;32mI (159) esp_image: segment 5: paddr=00037a4c vaddr=4008190c size=0d904h ( 55556) load[0m
[0;32mI (188) boot: Loaded app from partition at offset 0x10000[0m
[0;32mI (188) boot: Disabling RNG early entropy source...[0m
[0;32mI (199) cpu_start: Multicore app[0m
[0;32mI (207) cpu_start: Pro cpu start user code[0m
[0;32mI (207) cpu_start: cpu freq: 160000000 Hz[0m
[0;32mI (207) app_init: Application information:[0m
[0;32mI (207) app_init: Project name:     control_1.7[0m
[0;32mI (211) app_init: App version:      v5.4-dirty[0m
[0;32mI (215) app_init: Compile time:     Nov 12 2025 13:47:06[0m
[0;32mI (220) app_init: ELF file SHA256:  17251bef2...[0m
[0;32mI (225) app_init: ESP-IDF:          v5.4-dirty[0m
[0;32mI (229) efuse_init: Min chip rev:     v0.0[0m
[0;32mI (233) efuse_init: Max chip rev:     v3.99 [0m
[0;32mI (237) efuse_init: Chip rev:         v1.1[0m
[0;32mI (241) heap_init: Initializing. RAM available for dynamic allocation:[0m
[0;32mI (247) heap_init: At 3FFAE6E0 len 00001920 (6 KiB): DRAM[0m
[0;32mI (252) heap_init: At 3FFB4440 len 0002BBC0 (174 KiB): DRAM[0m
[0;32mI (257) heap_init: At 3FFE0440 len 00003AE0 (14 KiB): D/IRAM[0m
[0;32mI (263) heap_init: At 3FFE4350 len 0001BCB0 (111 KiB): D/IRAM[0m
[0;32mI (268) heap_init: At 4008F210 len 00010DF0 (67 KiB): IRAM[0m
[0;32mI (275) spi_flash: detected chip: generic[0m
[0;32mI (277) spi_flash: flash io: dio[0m
[0;32mI (281) main_task: Started on CPU0[0m
[0;32mI (284) main_task: Calling app_main()[0m
[0;32mI (287) gpio: GPIO[12]| InputEn: 0| OutputEn: 0| OpenDrain: 0| Pullup: 1| Pulldown: 0| Intr:0 [0m
[0;32mI (295) uart: ESP_INTR_FLAG_IRAM flag not set while CONFIG_UART_ISR_IN_IRAM is enabled, flag updated[0m
[0;32mI (304) uart: queue free spaces: 20[0m
[1;31mE (308) uart: uart_set_rx_full_threshold(1873): rx fifo full threshold value error[0m
ESP_ERROR_CHECK failed: esp_err_t 0x102 (ESP_ERR_INVALID_ARG) at 0x400d5db8
file: "/IDF/Project_Code/main_controler_1.1/control_1.7/main/control_1.7.c" line 54
func: uart_init
expression: uart_set_rx_full_threshold(UART_PORT_NUM, UART_FIFO_LENGTH / 2)

abort() was called at PC 0x400876b7 on core 0


Backtrace: 0x40081ab5:0x3ffb65f0 0x400876c1:0x3ffb6610 0x4008da8d:0x3ffb6630 0x400876b7:0x3ffb66a0 0x400d5db8:0x3ffb66d0 0x400d6004:0x3ffb6710 0x400e66d8:0x3ffb6740 0x40088139:0x3ffb6770




ELF file SHA256: 17251bef2

Rebooting...
ets Jun  8 2016 00:22:57

rst:0xc (SW_CPU_RESET),boot:0x13 (SPI_FAST_FLASH_BOOT)
configsip: 0, SPIWP:0xee
clk_drv:0x00,q_drv:0x00,d_drv:0x00,cs0_drv:0x00,hd_drv:0x00,wp_drv:0x00
mode:DIO, clock div:2
load:0x3fff0030,len:6276
load:0x40078000,len:15716
load:0x40080400,len:4
ho 8 tail 4 room 4
load:0x40080404,len:3860
entry 0x4008063c
[0;32mI (30) boot: ESP-IDF v5.4-dirty 2nd stage bootloader[0m
[0;32mI (31) boot: compile time Nov 12 2025 13:47:17[0m
[0;32mI (31) boot: Multicore bootloader[0m
[0;32mI (33) boot: chip revision: v1.1[0m
[0;32mI (35) boot.esp32: SPI Speed      : 40MHz[0m
[0;32mI (39) boot.esp32: SPI Mode       : DIO[0m
[0;32mI (43) boot.esp32: SPI Flash Size : 16MB[0m
[0;32mI (46) boot: Enabling RNG early entropy source...[0m
[0;32mI (51) boot: Partition Table:[0m
[0;32mI (53) boot: ## Label            Usage          Type ST Offset   Length[0m
[0;32mI (60) boot:  0 nvs              WiFi data        01 02 00009000 00006000[0m
[0;32mI (66) boot:  1 phy_init         RF data          01 01 0000f000 00001000[0m
[0;32mI (73) boot:  2 factory          factory app      00 00 00010000 00100000[0m
[0;32mI (79) boot: End of partition table[0m
[0;32mI (83) esp_image: segment 0: paddr=00010020 vaddr=3f400020 size=0c09ch ( 49308) map[0m
[0;32mI (107) esp_image: segment 1: paddr=0001c0c4 vaddr=3ff80000 size=0001ch (    28) load[0m
[0;32mI (107) esp_image: segment 2: paddr=0001c0e8 vaddr=3ffb0000 size=0261ch (  9756) load[0m
[0;32mI (115) esp_image: segment 3: paddr=0001e70c vaddr=40080000 size=0190ch (  6412) load[0m
[0;32mI (121) esp_image: segment 4: paddr=00020020 vaddr=400d0020 size=17a24h ( 96804) map[0m
[0;32mI (159) esp_image: segment 5: paddr=00037a4c vaddr=4008190c size=0d904h ( 55556) load[0m
[0;32mI (188) boot: Loaded app from partition at offset 0x10000[0m
[0;32mI (188) boot: Disabling RNG early entropy source...[0m
[0;32mI (199) cpu_start: Multicore app[0m
[0;32mI (207) cpu_start: Pro cpu start user code[0m
[0;32mI (207) cpu_start: cpu freq: 160000000 Hz[0m
[0;32mI (207) app_init: Application information:[0m
[0;32mI (207) app_init: Project name:     control_1.7[0m
[0;32mI (211) app_init: App version:      v5.4-dirty[0m
[0;32mI (215) app_init: Compile time:     Nov 12 2025 13:47:06[0m
[0;32mI (220) app_init: ELF file SHA256:  17251bef2...[0m
[0;32mI (225) app_init: ESP-IDF:          v5.4-dirty[0m
[0;32mI (229) efuse_init: Min chip rev:     v0.0[0m
[0;32mI (233) efuse_init: Max chip rev:     v3.99 [0m
[0;32mI (237) efuse_init: Chip rev:         v1.1[0m
[0;32mI (241) heap_init: Initializing. RAM available for dynamic allocation:[0m
[0;32mI (247) heap_init: At 3FFAE6E0 len 00001920 (6 KiB): DRAM[0m
[0;32mI (252) heap_init: At 3FFB4440 len 0002BBC0 (174 KiB): DRAM[0m
[0;32mI (257) heap_init: At 3FFE0440 len 00003AE0 (14 KiB): D/IRAM[0m
[0;32mI (263) heap_init: At 3FFE4350 len 0001BCB0 (111 KiB): D/IRAM[0m
[0;32mI (268) heap_init: At 4008F210 len 00010DF0 (67 KiB): IRAM[0m
[0;32mI (275) spi_flash: detected chip: generic[0m
[0;32mI (277) spi_flash: flash io: dio[0m
[0;32mI (281) main_task: Started on CPU0[0m
[0;32mI (284) main_task: Calling app_main()[0m
[0;32mI (287) gpio: GPIO[12]| InputEn: 0| OutputEn: 0| OpenDrain: 0| Pullup: 1| Pulldown: 0| Intr:0 [0m
[0;32mI (295) uart: ESP_INTR_FLAG_IRAM flag not set while CONFIG_UART_ISR_IN_IRAM is enabled, flag updated[0m
[0;32mI (304) uart: queue free spaces: 20[0m
[1;31mE (308) uart: uart_set_rx_full_threshold(1873): rx fifo full threshold value error[0m
ESP_ERROR_CHECK failed: esp_err_t 0x102 (ESP_ERR_INVALID_ARG) at 0x400d5db8
file: "/IDF/Project_Code/main_controler_1.1/control_1.7/main/control_1.7.c" line 54
func: uart_init
expression: uart_set_rx_full_threshold(UART_PORT_NUM, UART_FIFO_LENGTH / 2)

abort() was called at PC 0x400876b7 on core 0


Backtrace: 0x40081ab5:0x3ffb65f0 0x400876c1:0x3ffb6610 0x4008da8d:0x3ffb6630 0x400876b7:0x3ffb66a0 0x400d5db8:0x3ffb66d0 0x400d6004:0x3ffb6710 0x400e66d8:0x3ffb6740 0x40088139:0x3ffb6770




ELF file SHA256: 17251bef2

Rebooting...
ets Jun  8 2016 00:22:57

rst:0xc (SW_CPU_RESET),boot:0x13 (SPI_FAST_FLASH_BOOT)
configsip: 0, SPIWP:0xee
clk_drv:0x00,q_drv:0x00,d_drv:0x00,cs0_drv:0x00,hd_drv:0x00,wp_drv:0x00
mode:DIO, clock div:2
load:0x3fff0030,len:6276
load:0x40078000,len:15716
load:0x40080400,len:4
ho 8 tail 4 room 4
load:0x40080404,len:3860
entry 0x4008063c
[0;32mI (30) boot: ESP-IDF v5.4-dirty 2nd stage bootloader[0m
[0;32mI (31) boot: compile time Nov 12 2025 13:47:17[0m
[0;32mI (31) boot: Multicore bootloader[0m
[0;32mI (33) boot: chip revision: v1.1[0m
[0;32mI (35) boot.esp32: SPI Speed      : 40MHz[0m
[0;32mI (39) boot.esp32: SPI Mode       : DIO[0m
[0;32mI (43) boot.esp32: SPI Flash Size : 16MB[0m
[0;32mI (46) boot: Enabling RNG early entropy source...[0m
[0;32mI (51) boot: Partition Table:[0m
[0;32mI (53) boot: ## Label            Usage          Type ST Offset   Length[0m
[0;32mI (60) boot:  0 nvs              WiFi data        01 02 00009000 00006000[0m
[0;32mI (66) boot:  1 phy_init         RF data          01 01 0000f000 00001000[0m
[0;32mI (73) boot:  2 factory          factory app      00 00 00010000 00100000[0m
[0;32mI (79) boot: End of partition table[0m
[0;32mI (83) esp_image: segment 0: paddr=00010020 vaddr=3f400020 size=0c09ch ( 49308) map[0m
[0;32mI (107) esp_image: segment 1: paddr=0001c0c4 vaddr=3ff80000 size=0001ch (    28) load[0m
[0;32mI (107) esp_image: segment 2: paddr=0001c0e8 vaddr=3ffb0000 size=0261ch (  9756) load[0m
[0;32mI (115) esp_image: segment 3: paddr=0001e70c vaddr=40080000 size=0190ch (  6412) load[0m
[0;32mI (121) esp_image: segment 4: paddr=00020020 vaddr=400d0020 size=17a24h ( 96804) map[0m
[0;32mI (159) esp_image: segment 5: paddr=00037a4c vaddr=4008190c size=0d904h ( 55556) load[0m
[0;32mI (188) boot: Loaded app from partition at offset 0x10000[0m
[0;32mI (188) boot: Disabling RNG early entropy source...[0m
[0;32mI (199) cpu_start: Multicore app[0m
[0;32mI (207) cpu_start: Pro cpu start user code[0m
[0;32mI (207) cpu_start: cpu freq: 160000000 Hz[0m
[0;32mI (207) app_init: Application information:[0m
[0;32mI (207) app_init: Project name:     control_1.7[0m
[0;32mI (211) app_init: App version:      v5.4-dirty[0m
[0;32mI (215) app_init: Compile time:     Nov 12 2025 13:47:06[0m
[0;32mI (220) app_init: ELF file SHA256:  17251bef2...[0m
[0;32mI (225) app_init: ESP-IDF:          v5.4-dirty[0m
[0;32mI (229) efuse_init: Min chip rev:     v0.0[0m
[0;32mI (233) efuse_init: Max chip rev:     v3.99 [0m
[0;32mI (237) efuse_init: Chip rev:         v1.1[0m
[0;32mI (241) heap_init: Initializing. RAM available for dynamic allocation:[0m
[0;32mI (247) heap_init: At 3FFAE6E0 len 00001920 (6 KiB): DRAM[0m
[0;32mI (252) heap_init: At 3FFB4440 len 0002BBC0 (174 KiB): DRAM[0m
[0;32mI (257) heap_init: At 3FFE0440 len 00003AE0 (14 KiB): D/IRAM[0m
[0;32mI (263) heap_init: At 3FFE4350 len 0001BCB0 (111 KiB): D/IRAM[0m
[0;32mI (268) heap_init: At 4008F210 len 00010DF0 (67 KiB): IRAM[0m
[0;32mI (275) spi_flash: detected chip: generic[0m
[0;32mI (277) spi_flash: flash io: dio[0m
[0;32mI (281) main_task: Started on CPU0[0m
[0;32mI (284) main_task: Calling app_main()[0m
[0;32mI (287) gpio: GPIO[12]| InputEn: 0| OutputEn: 0| OpenDrain: 0| Pullup: 1| Pulldown: 0| Intr:0 [0m
[0;32mI (295) uart: ESP_INTR_FLAG_IRAM flag not set while CONFIG_UART_ISR_IN_IRAM is enabled, flag updated[0m
[0;32mI (304) uart: queue free spaces: 20[0m
[1;31mE (308) uart: uart_set_rx_full_threshold(1873): rx fifo full threshold value error[0m
ESP_ERROR_CHECK failed: esp_err_t 0x102 (ESP_ERR_INVALID_ARG) at 0x400d5db8
file: "/IDF/Project_Code/main_controler_1.1/control_1.7/main/control_1.7.c" line 54
func: uart_init
expression: uart_set_rx_full_threshold(UART_PORT_NUM, UART_FIFO_LENGTH / 2)

abort() was called at PC 0x400876b7 on core 0


Backtrace: 0x40081ab5:0x3ffb65f0 0x400876c1:0x3ffb6610 0x4008da8d:0x3ffb6630 0x400876b7:0x3ffb66a0 0x400d5db8:0x3ffb66d0 0x400d6004:0x3ffb6710 0x400e66d8:0x3ffb6740 0x40088139:0x3ffb6770




ELF file SHA256: 17251bef2

Rebooting...
ets Jun  8 2016 00:22:57

rst:0xc (SW_CPU_RESET),boot:0x13 (SPI_FAST_FLASH_BOOT)
configsip: 0, SPIWP:0xee
clk_drv:0x00,q_drv:0x00,d_drv:0x00,cs0_drv:0x00,hd_drv:0x00,wp_drv:0x00
mode:DIO, clock div:2
load:0x3fff0030,len:6276
load:0x40078000,len:15716
load:0x40080400,len:4
ho 8 tail 4 room 4
load:0x40080404,len:3860
entry 0x4008063c
[0;32mI (30) boot: ESP-IDF v5.4-dirty 2nd stage bootloader[0m
[0;32mI (31) boot: compile time Nov 12 2025 13:47:17[0m
[0;32mI (31) boot: Multicore bootloader[0m
[0;32mI (33) boot: chip revision: v1.1[0m
[0;32mI (35) boot.esp32: SPI Speed      : 40MHz[0m
[0;32mI (39) boot.esp32: SPI Mode       : DIO[0m
[0;32mI (43) boot.esp32: SPI Flash Size : 16MB[0m
[0;32mI (46) boot: Enabling RNG early entropy source...[0m
[0;32mI (51) boot: Partition Table:[0m
[0;32mI (53) boot: ## Label            Usage          Type ST Offset   Length[0m
[0;32mI (60) boot:  0 nvs              WiFi data        01 02 00009000 00006000[0m
[0;32mI (66) boot:  1 phy_init         RF data          01 01 0000f000 00001000[0m
[0;32mI (73) boot:  2 factory          factory app      00 00 00010000 00100000[0m
[0;32mI (79) boot: End of partition table[0m
[0;32mI (83) esp_image: segment 0: paddr=00010020 vaddr=3f400020 size=0c09ch ( 49308) map[0m
[0;32mI (107) esp_image: segment 1: paddr=0001c0c4 vaddr=3ff80000 size=0001ch (    28) load[0m
[0;32mI (107) esp_image: segment 2: paddr=0001c0e8 vaddr=3ffb0000 size=0261ch (  9756) load[0m
[0;32mI (115) esp_image: segment 3: paddr=0001e70c vaddr=40080000 size=0190ch (  6412) load[0m
[0;32mI (121) esp_image: segment 4: paddr=00020020 vaddr=400d0020 size=17a24h ( 96804) map[0m
[0;32mI (159) esp_image: segment 5: paddr=00037a4c vaddr=4008190c size=0d904h ( 55556) load[0m
[0;32mI (188) boot: Loaded app from partition at offset 0x10000[0m
[0;32mI (188) boot: Disabling RNG early entropy source...[0m
[0;32mI (199) cpu_start: Multicore app[0m
[0;32mI (207) cpu_start: Pro cpu start user code[0m
[0;32mI (207) cpu_start: cpu freq: 160000000 Hz[0m
[0;32mI (207) app_init: Application information:[0m
[0;32mI (207) app_init: Project name:     control_1.7[0m
[0;32mI (211) app_init: App version:      v5.4-dirty[0m
[0;32mI (215) app_init: Compile time:     Nov 12 2025 13:47:06[0m
[0;32mI (220) app_init: ELF file SHA256:  17251bef2...[0m
[0;32mI (225) app_init: ESP-IDF:          v5.4-dirty[0m
[0;32mI (229) efuse_init: Min chip rev:     v0.0[0m
[0;32mI (233) efuse_init: Max chip rev:     v3.99 [0m
[0;32mI (237) efuse_init: Chip rev:         v1.1[0m
[0;32mI (241) heap_init: Initializing. RAM available for dynamic allocation:[0m
[0;32mI (247) heap_init: At 3FFAE6E0 len 00001920 (6 KiB): DRAM[0m
[0;32mI (252) heap_init: At 3FFB4440 len 0002BBC0 (174 KiB): DRAM[0m
[0;32mI (257) heap_init: At 3FFE0440 len 00003AE0 (14 KiB): D/IRAM[0m
[0;32mI (263) heap_init: At 3FFE4350 len 0001BCB0 (111 KiB): D/IRAM[0m
[0;32mI (268) heap_init: At 4008F210 len 00010DF0 (67 KiB): IRAM[0m
[0;32mI (275) spi_flash: detected chip: generic[0m
[0;32mI (277) spi_flash: flash io: dio[0m
[0;32mI (281) main_task: Started on CPU0[0m
[0;32mI (284) main_task: Calling app_main()[0m
[0;32mI (287) gpio: GPIO[12]| InputEn: 0| OutputEn: 0| OpenDrain: 0| Pullup: 1| Pulldown: 0| Intr:0 [0m
[0;32mI (295) uart: ESP_INTR_FLAG_IRAM flag not set while CONFIG_UART_ISR_IN_IRAM is enabled, flag updated[0m
[0;32mI (304) uart: queue free spaces: 20[0m
[1;31mE (308) uart: uart_set_rx_full_threshold(1873): rx fifo full threshold value error[0m
ESP_ERROR_CHECK failed: esp_err_t 0x102 (ESP_ERR_INVALID_ARG) at 0x400d5db8
file: "/IDF/Project_Code/main_controler_1.1/control_1.7/main/control_1.7.c" line 54
func: uart_init
expression: uart_set_rx_full_threshold(UART_PORT_NUM, UART_FIFO_LENGTH / 2)

abort() was called at PC 0x400876b7 on core 0


Backtrace: 0x40081ab5:0x3ffb65f0 0x400876c1:0x3ffb6610 0x4008da8d:0x3ffb6630 0x400876b7:0x3ffb66a0 0x400d5db8:0x3ffb66d0 0x400d6004:0x3ffb6710 0x400e66d8:0x3ffb6740 0x40088139:0x3ffb6770




ELF file SHA256: 17251bef2

Rebooting...
ets Jun  8 2016 00:22:57

rst:0xc (SW_CPU_RESET),boot:0x13 (SPI_FAST_FLASH_BOOT)
configsip: 0, SPIWP:0xee
clk_drv:0x00,q_drv:0x00,d_drv:0x00,cs0_drv:0x00,hd_drv:0x00,wp_drv:0x00
mode:DIO, clock div:2
load:0x3fff0030,len:6276
load:0x40078000,len:15716
load:0x40080400,len:4
ho 8 tail 4 room 4
load:0x40080404,len:3860
entry 0x4008063c
[0;32mI (30) boot: ESP-IDF v5.4-dirty 2nd stage bootloader[0m
[0;32mI (31) boot: compile time Nov 12 2025 13:47:17[0m
[0;32mI (31) boot: Multicore bootloader[0m
[0;32mI (33) boot: chip revision: v1.1[0m
[0;32mI (35) boot.esp32: SPI Speed      : 40MHz[0m
[0;32mI (39) boot.esp32: SPI Mode       : DIO[0m
[0;32mI (43) boot.esp32: SPI Flash Size : 16MB[0m
[0;32mI (46) boot: Enabling RNG early entropy source...[0m
[0;32mI (51) boot: Partition Table:[0m
[0;32mI (53) boot: ## Label            Usage          Type ST Offset   Length[0m
[0;32mI (60) boot:  0 nvs              WiFi data        01 02 00009000 00006000[0m
[0;32mI (66) boot:  1 phy_init         RF data          01 01 0000f000 00001000[0m
[0;32mI (73) boot:  2 factory          factory app      00 00 00010000 00100000[0m
[0;32mI (79) boot: End of partition table[0m
[0;32mI (83) esp_image: segment 0: paddr=00010020 vaddr=3f400020 size=0c09ch ( 49308) map[0m
[0;32mI (107) esp_image: segment 1: paddr=0001c0c4 vaddr=3ff80000 size=0001ch (    28) load[0m
[0;32mI (107) esp_image: segment 2: paddr=0001c0e8 vaddr=3ffb0000 size=0261ch (  9756) load[0m
[0;32mI (115) esp_image: segment 3: paddr=0001e70c vaddr=40080000 size=0190ch (  6412) load[0m
[0;32mI (121) esp_image: segment 4: paddr=00020020 vaddr=400d0020 size=17a24h ( 96804) map[0m
[0;32mI (159) esp_image: segment 5: paddr=00037a4c vaddr=4008190c size=0d904h ( 55556) load[0m
[0;32mI (188) boot: Loaded app from partition at offset 0x10000[0m
[0;32mI (188) boot: Disabling RNG early entropy source...[0m
[0;32mI (199) cpu_start: Multicore app[0m
[0;32mI (207) cpu_start: Pro cpu start user code[0m
[0;32mI (207) cpu_start: cpu freq: 160000000 Hz[0m
[0;32mI (207) app_init: Application information:[0m
[0;32mI (207) app_init: Project name:     control_1.7[0m
[0;32mI (211) app_init: App version:      v5.4-dirty[0m
[0;32mI (215) app_init: Compile time:     Nov 12 2025 13:47:06[0m
[0;32mI (220) app_init: ELF file SHA256:  17251bef2...[0m
[0;32mI (225) app_init: ESP-IDF:          v5.4-dirty[0m
[0;32mI (229) efuse_init: Min chip rev:     v0.0[0m
[0;32mI (233) efuse_init: Max chip rev:     v3.99 [0m
[0;32mI (237) efuse_init: Chip rev:         v1.1[0m
[0;32mI (241) heap_init: Initializing. RAM available for dynamic allocation:[0m
[0;32mI (247) heap_init: At 3FFAE6E0 len 00001920 (6 KiB): DRAM[0m
[0;32mI (252) heap_init: At 3FFB4440 len 0002BBC0 (174 KiB): DRAM[0m
[0;32mI (257) heap_init: At 3FFE0440 len 00003AE0 (14 KiB): D/IRAM[0m
[0;32mI (263) heap_init: At 3FFE4350 len 0001BCB0 (111 KiB): D/IRAM[0m
[0;32mI (268) heap_init: At 4008F210 len 00010DF0 (67 KiB): IRAM[0m
[0;32mI (275) spi_flash: detected chip: generic[0m
[0;32mI (277) spi_flash: flash io: dio[0m
[0;32mI (281) main_task: Started on CPU0[0m
[0;32mI (284) main_task: Calling app_main()[0m
[0;32mI (287) gpio: GPIO[12]| InputEn: 0| OutputEn: 0| OpenDrain: 0| Pullup: 1| Pulldown: 0| Intr:0 [0m
[0;32mI (295) uart: ESP_INTR_FLAG_IRAM flag not set while CONFIG_UART_ISR_IN_IRAM is enabled, flag updated[0m
[0;32mI (304) uart: queue free spaces: 20[0m
[1;31mE (308) uart: uart_set_rx_full_threshold(1873): rx fifo full threshold value error[0m
ESP_ERROR_CHECK failed: esp_err_t 0x102 (ESP_ERR_INVALID_ARG) at 0x400d5db8
file: "/IDF/Project_Code/main_controler_1.1/control_1.7/main/control_1.7.c" line 54
func: uart_init
expression: uart_set_rx_full_threshold(UART_PORT_NUM, UART_FIFO_LENGTH / 2)

abort() was called at PC 0x400876b7 on core 0


Backtrace: 0x40081ab5:0x3ffb65f0 0x400876c1:0x3ffb6610 0x4008da8d:0x3ffb6630 0x400876b7:0x3ffb66a0 0x400d5db8:0x3ffb66d0 0x400d6004:0x3ffb6710 0x400e66d8:0x3ffb6740 0x40088139:0x3ffb6770




ELF file SHA256: 17251bef2

Rebooting...
ets Jun  8 2016 00:22:57

rst:0xc (SW_CPU_RESET),boot:0x13 (SPI_FAST_FLASH_BOOT)
configsip: 0, SPIWP:0xee
clk_drv:0x00,q_drv:0x00,d_drv:0x00,cs0_drv:0x00,hd_drv:0x00,wp_drv:0x00
mode:DIO, clock div:2
load:0x3fff0030,len:6276
load:0x40078000,len:15716
load:0x40080400,len:4
ho 8 tail 4 room 4
load:0x40080404,len:3860
entry 0x4008063c
[0;32mI (30) boot: ESP-IDF v5.4-dirty 2nd stage bootloader[0m
[0;32mI (31) boot: compile time Nov 12 2025 13:47:17[0m
[0;32mI (31) boot: Multicore bootloader[0m
[0;32mI (33) boot: chip revision: v1.1[0m
[0;32mI (35) boot.esp32: SPI Speed      : 40MHz[0m
[0;32mI (39) boot.esp32: SPI Mode       : DIO[0m
[0;32mI (43) boot.esp32: SPI Flash Size : 16MB[0m
[0;32mI (46) boot: Enabling RNG early entropy source...[0m
[0;32mI (51) boot: Partition Table:[0m
[0;32mI (53) boot: ## Label            Usage          Type ST Offset   Length[0m
[0;32mI (60) boot:  0 nvs              WiFi data        01 02 00009000 00006000[0m
[0;32mI (66) boot:  1 phy_init         RF data          01 01 0000f000 00001000[0m
[0;32mI (73) boot:  2 factory          factory app      00 00 00010000 00100000[0m
[0;32mI (79) boot: End of partition table[0m
[0;32mI (83) esp_image: segment 0: paddr=00010020 vaddr=3f400020 size=0c09ch ( 49308) map[0m
[0;32mI (107) esp_image: segment 1: paddr=0001c0c4 vaddr=3ff80000 size=0001ch (    28) load[0m
[0;32mI (107) esp_image: segment 2: paddr=0001c0e8 vaddr=3ffb0000 size=0261ch (  9756) load[0m
[0;32mI (115) esp_image: segment 3: paddr=0001e70c vaddr=40080000 size=0190ch (  6412) load[0m
[0;32mI (121) esp_image: segment 4: paddr=00020020 vaddr=400d0020 size=17a24h ( 96804) map[0m
[0;32mI (159) esp_image: segment 5: paddr=00037a4c vaddr=4008190c size=0d904h ( 55556) load[0m
[0;32mI (188) boot: Loaded app from partition at offset 0x10000[0m
[0;32mI (188) boot: Disabling RNG early entropy source...[0m
[0;32mI (199) cpu_start: Multicore app[0m
[0;32mI (207) cpu_start: Pro cpu start user code[0m
[0;32mI (207) cpu_start: cpu freq: 160000000 Hz[0m
[0;32mI (207) app_init: Application information:[0m
[0;32mI (207) app_init: Project name:     control_1.7[0m
[0;32mI (211) app_init: App version:      v5.4-dirty[0m
[0;32mI (215) app_init: Compile time:     Nov 12 2025 13:47:06[0m
[0;32mI (221) app_init: ELF file SHA256:  17251bef2...[0m
[0;32mI (225) app_init: ESP-IDF:          v5.4-dirty[0m
[0;32mI (229) efuse_init: Min chip rev:     v0.0[0m
[0;32mI (233) efuse_init: Max chip rev:     v3.99 [0m
[0;32mI (237) efuse_init: Chip rev:         v1.1[0m
[0;32mI (241) heap_init: Initializing. RAM available for dynamic allocation:[0m
[0;32mI (247) heap_init: At 3FFAE6E0 len 00001920 (6 KiB): DRAM[0m
[0;32mI (252) heap_init: At 3FFB4440 len 0002BBC0 (174 KiB): DRAM[0m
[0;32mI (257) heap_init: At 3FFE0440 len 00003AE0 (14 KiB): D/IRAM[0m
[0;32mI (263) heap_init: At 3FFE4350 len 0001BCB0 (111 KiB): D/IRAM[0m
[0;32mI (268) heap_init: At 4008F210 len 00010DF0 (67 KiB): IRAM[0m
[0;32mI (275) spi_flash: detected chip: generic[0m
[0;32mI (277) spi_flash: flash io: dio[0m
[0;32mI (281) main_task: Started on CPU0[0m
[0;32mI (284) main_task: Calling app_main()[0m
[0;32mI (287) gpio: GPIO[12]| InputEn: 0| OutputEn: 0| OpenDrain: 0| Pullup: 1| Pulldown: 0| Intr:0 [0m
[0;32mI (295) uart: ESP_INTR_FLAG_IRAM flag not set while CONFIG_UART_ISR_IN_IRAM is enabled, flag updated[0m
[0;32mI (304) uart: queue free spaces: 20[0m
[1;31mE (308) uart: uart_set_rx_full_threshold(1873): rx fifo full threshold value error[0m
ESP_ERROR_CHECK failed: esp_err_t 0x102 (ESP_ERR_INVALID_ARG) at 0x400d5db8
file: "/IDF/Project_Code/main_controler_1.1/control_1.7/main/control_1.7.c" line 54
func: uart_init
expression: uart_set_rx_full_threshold(UART_PORT_NUM, UART_FIFO_LENGTH / 2)

abort() was called at PC 0x400876b7 on core 0


Backtrace: 0x40081ab5:0x3ffb65f0 0x400876c1:0x3ffb6610 0x4008da8d:0x3ffb6630 0x400876b7:0x3ffb66a0 0x400d5db8:0x3ffb66d0 0x400d6004:0x3ffb6710 0x400e66d8:0x3ffb6740 0x40088139:0x3ffb6770




ELF file SHA256: 17251bef2

Rebooting...
ets Jun  8 2016 00:22:57

rst:0xc (SW_CPU_RESET),boot:0x13 (SPI_FAST_FLASH_BOOT)
configsip: 0, SPIWP:0xee
clk_drv:0x00,q_drv:0x00,d_drv:0x00,cs0_drv:0x00,hd_drv:0x00,wp_drv:0x00
mode:DIO, clock div:2
load:0x3fff0030,len:6276
load:0x40078000,len:15716
load:0x40080400,len:4
ho 8 tail 4 room 4
load:0x40080404,len:3860
entry 0x4008063c
[0;32mI (30) boot: ESP-IDF v5.4-dirty 2nd stage bootloader[0m
[0;32mI (31) boot: compile time Nov 12 2025 13:47:17[0m
[0;32mI (31) boot: Multicore bootloader[0m
[0;32mI (33) boot: chip revision: v1.1[0m
[0;32mI (35) boot.esp32: SPI Speed      : 40MHz[0m
[0;32mI (39) boot.esp32: SPI Mode       : DIO[0m
[0;32mI (43) boot.esp32: SPI Flash Size : 16MB[0m
[0;32mI (46) boot: Enabling RNG early entropy source...[0m
[0;32mI (51) boot: Partition Table:[0m
[0;32mI (53) boot: ## Label            Usage          Type ST Offset   Length[0m
[0;32mI (60) boot:  0 nvs              WiFi data        01 02 00009000 00006000[0m
[0;32mI (66) boot:  1 phy_init         RF data          01 01 0000f000 00001000[0m
[0;32mI (73) boot:  2 factory          factory app      00 00 00010000 00100000[0m
[0;32mI (79) boot: End of partition table[0m
[0;32mI (83) esp_image: segment 0: paddr=00010020 vaddr=3f400020 size=0c09ch ( 49308) map[0m
[0;32mI (107) esp_image: segment 1: paddr=0001c0c4 vaddr=3ff80000 size=0001ch (    28) load[0m
[0;32mI (107) esp_image: segment 2: paddr=0001c0e8 vaddr=3ffb0000 size=0261ch (  9756) load[0m
[0;32mI (115) esp_image: segment 3: paddr=0001e70c vaddr=40080000 size=0190ch (  6412) load[0m
[0;32mI (121) esp_image: segment 4: paddr=00020020 vaddr=400d0020 size=17a24h ( 96804) map[0m
[0;32mI (159) esp_image: segment 5: paddr=00037a4c vaddr=4008190c size=0d904h ( 55556) load[0m
[0;32mI (188) boot: Loaded app from partition at offset 0x10000[0m
[0;32mI (188) boot: Disabling RNG early entropy source...[0m
[0;32mI (199) cpu_start: Multicore app[0m
[0;32mI (207) cpu_start: Pro cpu start user code[0m
[0;32mI (207) cpu_start: cpu freq: 160000000 Hz[0m
[0;32mI (207) app_init: Application information:[0m
[0;32mI (207) app_init: Project name:     control_1.7[0m
[0;32mI (211) app_init: App version:      v5.4-dirty[0m
[0;32mI (215) app_init: Compile time:     Nov 12 2025 13:47:06[0m
[0;32mI (220) app_init: ELF file SHA256:  17251bef2...[0m
[0;32mI (225) app_init: ESP-IDF:          v5.4-dirty[0m
[0;32mI (229) efuse_init: Min chip rev:     v0.0[0m
[0;32mI (233) efuse_init: Max chip rev:     v3.99 [0m
[0;32mI (237) efuse_init: Chip rev:         v1.1[0m
[0;32mI (241) heap_init: Initializing. RAM available for dynamic allocation:[0m
[0;32mI (247) heap_init: At 3FFAE6E0 len 00001920 (6 KiB): DRAM[0m
[0;32mI (252) heap_init: At 3FFB4440 len 0002BBC0 (174 KiB): DRAM[0m
[0;32mI (257) heap_init: At 3FFE0440 len 00003AE0 (14 KiB): D/IRAM[0m
[0;32mI (263) heap_init: At 3FFE4350 len 0001BCB0 (111 KiB): D/IRAM[0m
[0;32mI (268) heap_init: At 4008F210 len 00010DF0 (67 KiB): IRAM[0m
[0;32mI (275) spi_flash: detected chip: generic[0m
[0;32mI (277) spi_flash: flash io: dio[0m
[0;32mI (281) main_task: Started on CPU0[0m
[0;32mI (284) main_task: Calling app_main()[0m
[0;32mI (287) gpio: GPIO[12]| InputEn: 0| OutputEn: 0| OpenDrain: 0| Pullup: 1| Pulldown: 0| Intr:0 [0m
[0;32mI (295) uart: ESP_INTR_FLAG_IRAM flag not set while CONFIG_UART_ISR_IN_IRAM is enabled, flag updated[0m
[0;32mI (304) uart: queue free spaces: 20[0m
[1;31mE (308) uart: uart_set_rx_full_threshold(1873): rx fifo full threshold value error[0m
ESP_ERROR_CHECK failed: esp_err_t 0x102 (ESP_ERR_INVALID_ARG) at 0x400d5db8
file: "/IDF/Project_Code/main_controler_1.1/control_1.7/main/control_1.7.c" line 54
func: uart_init
expression: uart_set_rx_full_threshold(UART_PORT_NUM, UART_FIFO_LENGTH / 2)

abort() was called at PC 0x400876b7 on core 0


Backtrace: 0x40081ab5:0x3ffb65f0 0x400876c1:0x3ffb6610 0x4008da8d:0x3ffb6630 0x400876b7:0x3ffb66a0 0x400d5db8:0x3ffb66d0 0x400d6004:0x3ffb6710 0x400e66d8:0x3ffb6740 0x40088139:0x3ffb6770




ELF file SHA256: 17251bef2

Rebooting...
ets Jun  8 2016 00:22:57

rst:0xc (SW_CPU_RESET),boot:0x13 (SPI_FAST_FLASH_BOOT)
configsip: 0, SPIWP:0xee
clk_drv:0x00,q_drv:0x00,d_drv:0x00,cs0_drv:0x00,hd_drv:0x00,wp_drv:0x00
mode:DIO, clock div:2
load:0x3fff0030,len:6276
load:0x40078000,len:15716
load:0x40080400,len:4
ho 8 tail 4 room 4
load:0x40080404,len:3860
entry 0x4008063c
[0;32mI (30) boot: ESP-IDF v5.4-dirty 2nd stage bootloader[0m
[0;32mI (31) boot: compile time Nov 12 2025 13:47:17[0m
[0;32mI (31) boot: Multicore bootloader[0m
[0;32mI (33) boot: chip revision: v1.1[0m
[0;32mI (35) boot.esp32: SPI Speed      : 40MHz[0m
[0;32mI (39) boot.esp32: SPI Mode       : DIO[0m
[0;32mI (43) boot.esp32: SPI Flash Size : 16MB[0m
[0;32mI (46) boot: Enabling RNG early entropy source...[0m
[0;32mI (51) boot: Partition Table:[0m
[0;32mI (53) boot: ## Label            Usage          Type ST Offset   Length[0m
[0;32mI (60) boot:  0 nvs              WiFi data        01 02 00009000 00006000[0m
[0;32mI (66) boot:  1 phy_init         RF data          01 01 0000f000 00001000[0m
[0;32mI (73) boot:  2 factory          factory app      00 00 00010000 00100000[0m
[0;32mI (79) boot: End of partition table[0m
[0;32mI (83) esp_image: segment 0: paddr=00010020 vaddr=3f400020 size=0c09ch ( 49308) map[0m
[0;32mI (107) esp_image: segment 1: paddr=0001c0c4 vaddr=3ff80000 size=0001ch (    28) load[0m
[0;32mI (107) esp_image: segment 2: paddr=0001c0e8 vaddr=3ffb0000 size=0261ch (  9756) load[0m
[0;32mI (115) esp_image: segment 3: paddr=0001e70c vaddr=40080000 size=0190ch (  6412) load[0m
[0;32mI (121) esp_image: segment 4: paddr=00020020 vaddr=400d0020 size=17a24h ( 96804) map[0m
[0;32mI (159) esp_image: segment 5: paddr=00037a4c vaddr=4008190c size=0d904h ( 55556) load[0m
[0;32mI (188) boot: Loaded app from partition at offset 0x10000[0m
[0;32mI (188) boot: Disabling RNG early entropy source...[0m
[0;32mI (199) cpu_start: Multicore app[0m
[0;32mI (207) cpu_start: Pro cpu start user code[0m
[0;32mI (207) cpu_start: cpu freq: 160000000 Hz[0m
[0;32mI (207) app_init: Application information:[0m
[0;32mI (207) app_init: Project name:     control_1.7[0m
[0;32mI (211) app_init: App version:      v5.4-dirty[0m
[0;32mI (215) app_init: Compile time:     Nov 12 2025 13:47:06[0m
[0;32mI (220) app_init: ELF file SHA256:  17251bef2...[0m
[0;32mI (225) app_init: ESP-IDF:          v5.4-dirty[0m
[0;32mI (229) efuse_init: Min chip rev:     v0.0[0m
[0;32mI (233) efuse_init: Max chip rev:     v3.99 [0m
[0;32mI (237) efuse_init: Chip rev:         v1.1[0m
[0;32mI (241) heap_init: Initializing. RAM available for dynamic allocation:[0m
[0;32mI (247) heap_init: At 3FFAE6E0 len 00001920 (6 KiB): DRAM[0m
[0;32mI (252) heap_init: At 3FFB4440 len 0002BBC0 (174 KiB): DRAM[0m
[0;32mI (257) heap_init: At 3FFE0440 len 00003AE0 (14 KiB): D/IRAM[0m
[0;32mI (263) heap_init: At 3FFE4350 len 0001BCB0 (111 KiB): D/IRAM[0m
[0;32mI (268) heap_init: At 4008F210 len 00010DF0 (67 KiB): IRAM[0m
[0;32mI (275) spi_flash: detected chip: generic[0m
[0;32mI (277) spi_flash: flash io: dio[0m
[0;32mI (281) main_task: Started on CPU0[0m
[0;32mI (284) main_task: Calling app_main()[0m
[0;32mI (287) gpio: GPIO[12]| InputEn: 0| OutputEn: 0| OpenDrain: 0| Pullup: 1| Pulldown: 0| Intr:0 [0m
[0;32mI (295) uart: ESP_INTR_FLAG_IRAM flag not set while CONFIG_UART_ISR_IN_IRAM is enabled, flag updated[0m
[0;32mI (304) uart: queue free spaces: 20[0m
[1;31mE (308) uart: uart_set_rx_full_threshold(1873): rx fifo full threshold value error[0m
ESP_ERROR_CHECK failed: esp_err_t 0x102 (ESP_ERR_INVALID_ARG) at 0x400d5db8
file: "/IDF/Project_Code/main_controler_1.1/control_1.7/main/control_1.7.c" line 54
func: uart_init
expression: uart_set_rx_full_threshold(UART_PORT_NUM, UART_FIFO_LENGTH / 2)

abort() was called at PC 0x400876b7 on core 0


Backtrace: 0x40081ab5:0x3ffb65f0 0x400876c1:0x3ffb6610 0x4008da8d:0x3ffb6630 0x400876b7:0x3ffb66a0 0x400d5db8:0x3ffb66d0 0x400d6004:0x3ffb6710 0x400e66d8:0x3ffb6740 0x40088139:0x3ffb6770




ELF file SHA256: 17251bef2

Rebooting...
ets Jun  8 2016 00:22:57

rst:0xc (SW_CPU_RESET),boot:0x13 (SPI_FAST_FLASH_BOOT)
configsip: 0, SPIWP:0xee
clk_drv:0x00,q_drv:0x00,d_drv:0x00,cs0_drv:0x00,hd_drv:0x00,wp_drv:0x00
mode:DIO, clock div:2
load:0x3fff0030,len:6276
load:0x40078000,len:15716
load:0x40080400,len:4
ho 8 tail 4 room 4
load:0x40080404,len:3860
entry 0x4008063c
[0;32mI (30) boot: ESP-IDF v5.4-dirty 2nd stage bootloader[0m
[0;32mI (31) boot: compile time Nov 12 2025 13:47:17[0m
[0;32mI (31) boot: Multicore bootloader[0m
[0;32mI (33) boot: chip revision: v1.1[0m
[0;32mI (35) boot.esp32: SPI Speed      : 40MHz[0m
[0;32mI (39) boot.esp32: SPI Mode       : DIO[0m
[0;32mI (43) boot.esp32: SPI Flash Size : 16MB[0m
[0;32mI (46) boot: Enabling RNG early entropy source...[0m
[0;32mI (51) boot: Partition Table:[0m
[0;32mI (53) boot: ## Label            Usage          Type ST Offset   Length[0m
[0;32mI (60) boot:  0 nvs              WiFi data        01 02 00009000 00006000[0m
[0;32mI (66) boot:  1 phy_init         RF data          01 01 0000f000 00001000[0m
[0;32mI (73) boot:  2 factory          factory app      00 00 00010000 00100000[0m
[0;32mI (79) boot: End of partition table[0m
[0;32mI (83) esp_image: segment 0: paddr=00010020 vaddr=3f400020 size=0c09ch ( 49308) map[0m
[0;32mI (107) esp_image: segment 1: paddr=0001c0c4 vaddr=3ff80000 size=0001ch (    28) load[0m
[0;32mI (107) esp_image: segment 2: paddr=0001c0e8 vaddr=3ffb0000 size=0261ch (  9756) load[0m
[0;32mI (115) esp_image: segment 3: paddr=0001e70c vaddr=40080000 size=0190ch (  6412) load[0m
[0;32mI (121) esp_image: segment 4: paddr=00020020 vaddr=400d0020 size=17a24h ( 96804) map[0m
[0;32mI (159) esp_image: segment 5: paddr=00037a4c vaddr=4008190c size=0d904h ( 55556) load[0m
[0;32mI (188) boot: Loaded app from partition at offset 0x10000[0m
[0;32mI (188) boot: Disabling RNG early entropy source...[0m
[0;32mI (199) cpu_start: Multicore app[0m
[0;32mI (207) cpu_start: Pro cpu start user code[0m
[0;32mI (207) cpu_start: cpu freq: 160000000 Hz[0m
[0;32mI (207) app_init: Application information:[0m
[0;32mI (207) app_init: Project name:     control_1.7[0m
[0;32mI (211) app_init: App version:      v5.4-dirty[0m
[0;32mI (215) app_init: Compile time:     Nov 12 2025 13:47:06[0m
[0;32mI (221) app_init: ELF file SHA256:  17251bef2...[0m
[0;32mI (225) app_init: ESP-IDF:          v5.4-dirty[0m
[0;32mI (229) efuse_init: Min chip rev:     v0.0[0m
[0;32mI (233) efuse_init: Max chip rev:     v3.99 [0m
[0;32mI (237) efuse_init: Chip rev:         v1.1[0m
[0;32mI (241) heap_init: Initializing. RAM available for dynamic allocation:[0m
[0;32mI (247) heap_init: At 3FFAE6E0 len 00001920 (6 KiB): DRAM[0m
[0;32mI (252) heap_init: At 3FFB4440 len 0002BBC0 (174 KiB): DRAM[0m
[0;32mI (257) heap_init: At 3FFE0440 len 00003AE0 (14 KiB): D/IRAM[0m
[0;32mI (263) heap_init: At 3FFE4350 len 0001BCB0 (111 KiB): D/IRAM[0m
[0;32mI (268) heap_init: At 4008F210 len 00010DF0 (67 KiB): IRAM[0m
[0;32mI (275) spi_flash: detected chip: generic[0m
[0;32mI (277) spi_flash: flash io: dio[0m
[0;32mI (281) main_task: Started on CPU0[0m
[0;32mI (284) main_task: Calling app_main()[0m
[0;32mI (287) gpio: GPIO[12]| InputEn: 0| OutputEn: 0| OpenDrain: 0| Pullup: 1| Pulldown: 0| Intr:0 [0m
[0;32mI (295) uart: ESP_INTR_FLAG_IRAM flag not set while CONFIG_UART_ISR_IN_IRAM is enabled, flag updated[0m
[0;32mI (304) uart: queue free spaces: 20[0m
[1;31mE (308) uart: uart_set_rx_full_threshold(1873): rx fifo full threshold value error[0m
ESP_ERROR_CHECK failed: esp_err_t 0x102 (ESP_ERR_INVALID_ARG) at 0x400d5db8
file: "/IDF/Project_Code/main_controler_1.1/control_1.7/main/control_1.7.c" line 54
func: uart_init
expression: uart_set_rx_full_threshold(UART_PORT_NUM, UART_FIFO_LENGTH / 2)

abort() was called at PC 0x400876b7 on core 0


Backtrace: 0x40081ab5:0x3ffb65f0 0x400876c1:0x3ffb6610 0x4008da8d:0x3ffb6630 0x400876b7:0x3ffb66a0 0x400d5db8:0x3ffb66d0 0x400d6004:0x3ffb6710 0x400e66d8:0x3ffb6740 0x40088139:0x3ffb6770




ELF file SHA256: 17251bef2

Rebooting...
ets Jun  8 2016 00:22:57

rst:0xc (SW_CPU_RESET),boot:0x13 (SPI_FAST_FLASH_BOOT)
configsip: 0, SPIWP:0xee
clk_drv:0x00,q_drv:0x00,d_drv:0x00,cs0_drv:0x00,hd_drv:0x00,wp_drv:0x00
mode:DIO, clock div:2
load:0x3fff0030,len:6276
load:0x40078000,len:15716
load:0x40080400,len:4
ho 8 tail 4 room 4
load:0x40080404,len:3860
entry 0x4008063c
[0;32mI (30) boot: ESP-IDF v5.4-dirty 2nd stage bootloader[0m
[0;32mI (31) boot: compile time Nov 12 2025 13:47:17[0m
[0;32mI (31) boot: Multicore bootloader[0m
[0;32mI (33) boot: chip revision: v1.1[0m
[0;32mI (35) boot.esp32: SPI Speed      : 40MHz[0m
[0;32mI (39) boot.esp32: SPI Mode       : DIO[0m
[0;32mI (43) boot.esp32: SPI Flash Size : 16MB[0m
[0;32mI (46) boot: Enabling RNG early entropy source...[0m
[0;32mI (51) boot: Partition Table:[0m
[0;32mI (53) boot: ## Label            Usage          Type ST Offset   Length[0m
[0;32mI (60) boot:  0 nvs              WiFi data        01 02 00009000 00006000[0m
[0;32mI (66) boot:  1 phy_init         RF data          01 01 0000f000 00001000[0m
[0;32mI (73) boot:  2 factory          factory app      00 00 00010000 00100000[0m
[0;32mI (79) boot: End of partition table[0m
[0;32mI (83) esp_image: segment 0: paddr=00010020 vaddr=3f400020 size=0c09ch ( 49308) map[0m
[0;32mI (107) esp_image: segment 1: paddr=0001c0c4 vaddr=3ff80000 size=0001ch (    28) load[0m
[0;32mI (107) esp_image: segment 2: paddr=0001c0e8 vaddr=3ffb0000 size=0261ch (  9756) load[0m
[0;32mI (115) esp_image: segment 3: paddr=0001e70c vaddr=40080000 size=0190ch (  6412) load[0m
[0;32mI (121) esp_image: segment 4: paddr=00020020 vaddr=400d0020 size=17a24h ( 96804) map[0m
[0;32mI (159) esp_image: segment 5: paddr=00037a4c vaddr=4008190c size=0d904h ( 55556) load[0m
[0;32mI (188) boot: Loaded app from partition at offset 0x10000[0m
[0;32mI (188) boot: Disabling RNG early entropy source...[0m
[0;32mI (199) cpu_start: Multicore app[0m
[0;32mI (207) cpu_start: Pro cpu start user code[0m
[0;32mI (207) cpu_start: cpu freq: 160000000 Hz[0m
[0;32mI (207) app_init: Application information:[0m
[0;32mI (207) app_init: Project name:     control_1.7[0m
[0;32mI (211) app_init: App version:      v5.4-dirty[0m
[0;32mI (215) app_init: Compile time:     Nov 12 2025 13:47:06[0m
[0;32mI (220) app_init: ELF file SHA256:  17251bef2...[0m
[0;32mI (225) app_init: ESP-IDF:          v5.4-dirty[0m
[0;32mI (229) efuse_init: Min chip rev:     v0.0[0m
[0;32mI (233) efuse_init: Max chip rev:     v3.99 [0m
[0;32mI (237) efuse_init: Chip rev:         v1.1[0m
[0;32mI (241) heap_init: Initializing. RAM available for dynamic allocation:[0m
[0;32mI (247) heap_init: At 3FFAE6E0 len 00001920 (6 KiB): DRAM[0m
[0;32mI (252) heap_init: At 3FFB4440 len 0002BBC0 (174 KiB): DRAM[0m
[0;32mI (257) heap_init: At 3FFE0440 len 00003AE0 (14 KiB): D/IRAM[0m
[0;32mI (263) heap_init: At 3FFE4350 len 0001BCB0 (111 KiB): D/IRAM[0m
[0;32mI (268) heap_init: At 4008F210 len 00010DF0 (67 KiB): IRAM[0m
[0;32mI (275) spi_flash: detected chip: generic[0m
[0;32mI (277) spi_flash: flash io: dio[0m
[0;32mI (281) main_task: Started on CPU0[0m
[0;32mI (284) main_task: Calling app_main()[0m
[0;32mI (287) gpio: GPIO[12]| InputEn: 0| OutputEn: 0| OpenDrain: 0| Pullup: 1| Pulldown: 0| Intr:0 [0m
[0;32mI (295) uart: ESP_INTR_FLAG_IRAM flag not set while CONFIG_UART_ISR_IN_IRAM is enabled, flag updated[0m
[0;32mI (304) uart: queue free spaces: 20[0m
[1;31mE (308) uart: uart_set_rx_full_threshold(1873): rx fifo full threshold value error[0m
ESP_ERROR_CHECK failed: esp_err_t 0x102 (ESP_ERR_INVALID_ARG) at 0x400d5db8
file: "/IDF/Project_Code/main_controler_1.1/control_1.7/main/control_1.7.c" line 54
func: uart_init
expression: uart_set_rx_full_threshold(UART_PORT_NUM, UART_FIFO_LENGTH / 2)

abort() was called at PC 0x400876b7 on core 0


Backtrace: 0x40081ab5:0x3ffb65f0 0x400876c1:0x3ffb6610 0x4008da8d:0x3ffb6630 0x400876b7:0x3ffb66a0 0x400d5db8:0x3ffb66d0 0x400d6004:0x3ffb6710 0x400e66d8:0x3ffb6740 0x40088139:0x3ffb6770




ELF file SHA256: 17251bef2

Rebooting...
ets Jun  8 2016 00:22:57

rst:0xc (SW_CPU_RESET),boot:0x13 (SPI_FAST_FLASH_BOOT)
configsip: 0, SPIWP:0xee
clk_drv:0x00,q_drv:0x00,d_drv:0x00,cs0_drv:0x00,hd_drv:0x00,wp_drv:0x00
mode:DIO, clock div:2
load:0x3fff0030,len:6276
load:0x40078000,len:15716
load:0x40080400,len:4
ho 8 tail 4 room 4
load:0x40080404,len:3860
entry 0x4008063c
[0;32mI (30) boot: ESP-IDF v5.4-dirty 2nd stage bootloader[0m
[0;32mI (31) boot: compile time Nov 12 2025 13:47:17[0m
[0;32mI (31) boot: Multicore bootloader[0m
[0;32mI (33) boot: chip revision: v1.1[0m
[0;32mI (35) boot.esp32: SPI Speed      : 40MHz[0m
[0;32mI (39) boot.esp32: SPI Mode       : DIO[0m
[0;32mI (43) boot.esp32: SPI Flash Size : 16MB[0m
[0;32mI (46) boot: Enabling RNG early entropy source...[0m
[0;32mI (51) boot: Partition Table:[0m
[0;32mI (53) boot: ## Label            Usage          Type ST Offset   Length[0m
[0;32mI (60) boot:  0 nvs              WiFi data        01 02 00009000 00006000[0m
[0;32mI (66) boot:  1 phy_init         RF data          01 01 0000f000 00001000[0m
[0;32mI (73) boot:  2 factory          factory app      00 00 00010000 00100000[0m
[0;32mI (79) boot: End of partition table[0m
[0;32mI (83) esp_image: segment 0: paddr=00010020 vaddr=3f400020 size=0c09ch ( 49308) map[0m
[0;32mI (107) esp_image: segment 1: paddr=0001c0c4 vaddr=3ff80000 size=0001ch (    28) load[0m
[0;32mI (107) esp_image: segment 2: paddr=0001c0e8 vaddr=3ffb0000 size=0261ch (  9756) load[0m
[0;32mI (115) esp_image: segment 3: paddr=0001e70c vaddr=40080000 size=0190ch (  6412) load[0m
[0;32mI (121) esp_image: segment 4: paddr=00020020 vaddr=400d0020 size=17a24h ( 96804) map[0m
[0;32mI (159) esp_image: segment 5: paddr=00037a4c vaddr=4008190c size=0d904h ( 55556) load[0m
[0;32mI (188) boot: Loaded app from partition at offset 0x10000[0m
[0;32mI (188) boot: Disabling RNG early entropy source...[0m
[0;32mI (199) cpu_start: Multicore app[0m
[0;32mI (207) cpu_start: Pro cpu start user code[0m
[0;32mI (207) cpu_start: cpu freq: 160000000 Hz[0m
[0;32mI (207) app_init: Application information:[0m
[0;32mI (207) app_init: Project name:     control_1.7[0m
[0;32mI (211) app_init: App version:      v5.4-dirty[0m
[0;32mI (215) app_init: Compile time:     Nov 12 2025 13:47:06[0m
[0;32mI (221) app_init: ELF file SHA256:  17251bef2...[0m
[0;32mI (225) app_init: ESP-IDF:          v5.4-dirty[0m
[0;32mI (229) efuse_init: Min chip rev:     v0.0[0m
[0;32mI (233) efuse_init: Max chip rev:     v3.99 [0m
[0;32mI (237) efuse_init: Chip rev:         v1.1[0m
[0;32mI (241) heap_init: Initializing. RAM available for dynamic allocation:[0m
[0;32mI (247) heap_init: At 3FFAE6E0 len 00001920 (6 KiB): DRAM[0m
[0;32mI (252) heap_init: At 3FFB4440 len 0002BBC0 (174 KiB): DRAM[0m
[0;32mI (257) heap_init: At 3FFE0440 len 00003AE0 (14 KiB): D/IRAM[0m
[0;32mI (263) heap_init: At 3FFE4350 len 0001BCB0 (111 KiB): D/IRAM[0m
[0;32mI (268) heap_init: At 4008F210 len 00010DF0 (67 KiB): IRAM[0m
[0;32mI (275) spi_flash: detected chip: generic[0m
[0;32mI (277) spi_flash: flash io: dio[0m
[0;32mI (281) main_task: Started on CPU0[0m
[0;32mI (284) main_task: Calling app_main()[0m
[0;32mI (287) gpio: GPIO[12]| InputEn: 0| OutputEn: 0| OpenDrain: 0| Pullup: 1| Pulldown: 0| Intr:0 [0m
[0;32mI (295) uart: ESP_INTR_FLAG_IRAM flag not set while CONFIG_UART_ISR_IN_IRAM is enabled, flag updated[0m
[0;32mI (304) uart: queue free spaces: 20[0m
[1;31mE (308) uart: uart_set_rx_full_threshold(1873): rx fifo full threshold value error[0m
ESP_ERROR_CHECK failed: esp_err_t 0x102 (ESP_ERR_INVALID_ARG) at 0x400d5db8
file: "/IDF/Project_Code/main_controler_1.1/control_1.7/main/control_1.7.c" line 54
func: uart_init
expression: uart_set_rx_full_threshold(UART_PORT_NUM, UART_FIFO_LENGTH / 2)

abort() was called at PC 0x400876b7 on core 0


Backtrace: 0x40081ab5:0x3ffb65f0 0x400876c1:0x3ffb6610 0x4008da8d:0x3ffb6630 0x400876b7:0x3ffb66a0 0x400d5db8:0x3ffb66d0 0x400d6004:0x3ffb6710 0x400e66d8:0x3ffb6740 0x40088139:0x3ffb6770




ELF file SHA256: 17251bef2

Rebooting...
ets Jun  8 2016 00:22:57

rst:0xc (SW_CPU_RESET),boot:0x13 (SPI_FAST_FLASH_BOOT)
configsip: 0, SPIWP:0xee
clk_drv:0x00,q_drv:0x00,d_drv:0x00,cs0_drv:0x00,hd_drv:0x00,wp_drv:0x00
mode:DIO, clock div:2
load:0x3fff0030,len:6276
load:0x40078000,len:15716
load:0x40080400,len:4
ho 8 tail 4 room 4
load:0x40080404,len:3860
entry 0x4008063c
[0;32mI (30) boot: ESP-IDF v5.4-dirty 2nd stage bootloader[0m
[0;32mI (31) boot: compile time Nov 12 2025 13:47:17[0m
[0;32mI (31) boot: Multicore bootloader[0m
[0;32mI (33) boot: chip revision: v1.1[0m
[0;32mI (35) boot.esp32: SPI Speed      : 40MHz[0m
[0;32mI (39) boot.esp32: SPI Mode       : DIO[0m
[0;32mI (43) boot.esp32: SPI Flash Size : 16MB[0m
[0;32mI (46) boot: Enabling RNG early entropy source...[0m
[0;32mI (51) boot: Partition Table:[0m
[0;32mI (53) boot: ## Label            Usage          Type ST Offset   Length[0m
[0;32mI (60) boot:  0 nvs              WiFi data        01 02 00009000 00006000[0m
[0;32mI (66) boot:  1 phy_init         RF data          01 01 0000f000 00001000[0m
[0;32mI (73) boot:  2 factory          factory app      00 00 00010000 00100000[0m
[0;32mI (79) boot: End of partition table[0m
[0;32mI (83) esp_image: segment 0: paddr=00010020 vaddr=3f400020 size=0c09ch ( 49308) map[0m
[0;32mI (107) esp_image: segment 1: paddr=0001c0c4 vaddr=3ff80000 size=0001ch (    28) load[0m
[0;32mI (107) esp_image: segment 2: paddr=0001c0e8 vaddr=3ffb0000 size=0261ch (  9756) load[0m
[0;32mI (115) esp_image: segment 3: paddr=0001e70c vaddr=40080000 size=0190ch (  6412) load[0m
[0;32mI (121) esp_image: segment 4: paddr=00020020 vaddr=400d0020 size=17a24h ( 96804) map[0m
[0;32mI (159) esp_image: segment 5: paddr=00037a4c vaddr=4008190c size=0d904h ( 55556) load[0m
[0;32mI (188) boot: Loaded app from partition at offset 0x10000[0m
[0;32mI (188) boot: Disabling RNG early entropy source...[0m
[0;32mI (199) cpu_start: Multicore app[0m
[0;32mI (207) cpu_start: Pro cpu start user code[0m
[0;32mI (207) cpu_start: cpu freq: 160000000 Hz[0m
[0;32mI (207) app_init: Application information:[0m
[0;32mI (207) app_init: Project name:     control_1.7[0m
[0;32mI (211) app_init: App version:      v5.4-dirty[0m
[0;32mI (215) app_init: Compile time:     Nov 12 2025 13:47:06[0m
[0;32mI (220) app_init: ELF file SHA256:  17251bef2...[0m
[0;32mI (225) app_init: ESP-IDF:          v5.4-dirty[0m
[0;32mI (229) efuse_init: Min chip rev:     v0.0[0m
[0;32mI (233) efuse_init: Max chip rev:     v3.99 [0m
[0;32mI (237) efuse_init: Chip rev:         v1.1[0m
[0;32mI (241) heap_init: Initializing. RAM available for dynamic allocation:[0m
[0;32mI (247) heap_init: At 3FFAE6E0 len 00001920 (6 KiB): DRAM[0m
[0;32mI (252) heap_init: At 3FFB4440 len 0002BBC0 (174 KiB): DRAM[0m
[0;32mI (257) heap_init: At 3FFE0440 len 00003AE0 (14 KiB): D/IRAM[0m
[0;32mI (263) heap_init: At 3FFE4350 len 0001BCB0 (111 KiB): D/IRAM[0m
[0;32mI (268) heap_init: At 4008F210 len 00010DF0 (67 KiB): IRAM[0m
[0;32mI (275) spi_flash: detected chip: generic[0m
[0;32mI (277) spi_flash: flash io: dio[0m
[0;32mI (281) main_task: Started on CPU0[0m
[0;32mI (284) main_task: Calling app_main()[0m
[0;32mI (287) gpio: GPIO[12]| InputEn: 0| OutputEn: 0| OpenDrain: 0| Pullup: 1| Pulldown: 0| Intr:0 [0m
[0;32mI (295) uart: ESP_INTR_FLAG_IRAM flag not set while CONFIG_UART_ISR_IN_IRAM is enabled, flag updated[0m
[0;32mI (304) uart: queue free spaces: 20[0m
[1;31mE (308) uart: uart_set_rx_full_threshold(1873): rx fifo full threshold value error[0m
ESP_ERROR_CHECK failed: esp_err_t 0x102 (ESP_ERR_INVALID_ARG) at 0x400d5db8
file: "/IDF/Project_Code/main_controler_1.1/control_1.7/main/control_1.7.c" line 54
func: uart_init
expression: uart_set_rx_full_threshold(UART_PORT_NUM, UART_FIFO_LENGTH / 2)

abort() was called at PC 0x400876b7 on core 0


Backtrace: 0x40081ab5:0x3ffb65f0 0x400876c1:0x3ffb6610 0x4008da8d:0x3ffb6630 0x400876b7:0x3ffb66a0 0x400d5db8:0x3ffb66d0 0x400d6004:0x3ffb6710 0x400e66d8:0x3ffb6740 0x40088139:0x3ffb6770




ELF file SHA256: 17251bef2

Rebooting...
ets Jun  8 2016 00:22:57

rst:0xc (SW_CPU_RESET),boot:0x13 (SPI_FAST_FLASH_BOOT)
configsip: 0, SPIWP:0xee
clk_drv:0x00,q_drv:0x00,d_drv:0x00,cs0_drv:0x00,hd_drv:0x00,wp_drv:0x00
mode:DIO, clock div:2
load:0x3fff0030,len:6276
load:0x40078000,len:15716
load:0x40080400,len:4
ho 8 tail 4 room 4
load:0x40080404,len:3860
entry 0x4008063c
[0;32mI (30) boot: ESP-IDF v5.4-dirty 2nd stage bootloader[0m
[0;32mI (31) boot: compile time Nov 12 2025 13:47:17[0m
[0;32mI (31) boot: Multicore bootloader[0m
[0;32mI (33) boot: chip revision: v1.1[0m
[0;32mI (35) boot.esp32: SPI Speed      : 40MHz[0m
[0;32mI (39) boot.esp32: SPI Mode       : DIO[0m
[0;32mI (43) boot.esp32: SPI Flash Size : 16MB[0m
[0;32mI (46) boot: Enabling RNG early entropy source...[0m
[0;32mI (51) boot: Partition Table:[0m
[0;32mI (53) boot: ## Label            Usage          Type ST Offset   Length[0m
[0;32mI (60) boot:  0 nvs              WiFi data        01 02 00009000 00006000[0m
[0;32mI (66) boot:  1 phy_init         RF data          01 01 0000f000 00001000[0m
[0;32mI (73) boot:  2 factory          factory app      00 00 00010000 00100000[0m
[0;32mI (79) boot: End of partition table[0m
[0;32mI (83) esp_image: segment 0: paddr=00010020 vaddr=3f400020 size=0c09ch ( 49308) map[0m
[0;32mI (107) esp_image: segment 1: paddr=0001c0c4 vaddr=3ff80000 size=0001ch (    28) load[0m
[0;32mI (107) esp_image: segment 2: paddr=0001c0e8 vaddr=3ffb0000 size=0261ch (  9756) load[0m
[0;32mI (115) esp_image: segment 3: paddr=0001e70c vaddr=40080000 size=0190ch (  6412) load[0m
[0;32mI (121) esp_image: segment 4: paddr=00020020 vaddr=400d0020 size=17a24h ( 96804) map[0m
[0;32mI (159) esp_image: segment 5: paddr=00037a4c vaddr=4008190c size=0d904h ( 55556) load[0m
[0;32mI (188) boot: Loaded app from partition at offset 0x10000[0m
[0;32mI (188) boot: Disabling RNG early entropy source...[0m
[0;32mI (199) cpu_start: Multicore app[0m
[0;32mI (207) cpu_start: Pro cpu start user code[0m
[0;32mI (207) cpu_start: cpu freq: 160000000 Hz[0m
[0;32mI (207) app_init: Application information:[0m
[0;32mI (207) app_init: Project name:     control_1.7[0m
[0;32mI (211) app_init: App version:      v5.4-dirty[0m
[0;32mI (215) app_init: Compile time:     Nov 12 2025 13:47:06[0m
[0;32mI (220) app_init: ELF file SHA256:  17251bef2...[0m
[0;32mI (225) app_init: ESP-IDF:          v5.4-dirty[0m
[0;32mI (229) efuse_init: Min chip rev:     v0.0[0m
[0;32mI (233) efuse_init: Max chip rev:     v3.99 [0m
[0;32mI (237) efuse_init: Chip rev:         v1.1[0m
[0;32mI (241) heap_init: Initializing. RAM available for dynamic allocation:[0m
[0;32mI (247) heap_init: At 3FFAE6E0 len 00001920 (6 KiB): DRAM[0m
[0;32mI (252) heap_init: At 3FFB4440 len 0002BBC0 (174 KiB): DRAM[0m
[0;32mI (257) heap_init: At 3FFE0440 len 00003AE0 (14 KiB): D/IRAM[0m
[0;32mI (263) heap_init: At 3FFE4350 len 0001BCB0 (111 KiB): D/IRAM[0m
[0;32mI (268) heap_init: At 4008F210 len 00010DF0 (67 KiB): IRAM[0m
[0;32mI (275) spi_flash: detected chip: generic[0m
[0;32mI (277) spi_flash: flash io: dio[0m
[0;32mI (281) main_task: Started on CPU0[0m
[0;32mI (284) main_task: Calling app_main()[0m
[0;32mI (287) gpio: GPIO[12]| InputEn: 0| OutputEn: 0| OpenDrain: 0| Pullup: 1| Pulldown: 0| Intr:0 [0m
[0;32mI (295) uart: ESP_INTR_FLAG_IRAM flag not set while CONFIG_UART_ISR_IN_IRAM is enabled, flag updated[0m
[0;32mI (304) uart: queue free spaces: 20[0m
[1;31mE (308) uart: uart_set_rx_full_threshold(1873): rx fifo full threshold value error[0m
ESP_ERROR_CHECK failed: esp_err_t 0x102 (ESP_ERR_INVALID_ARG) at 0x400d5db8
file: "/IDF/Project_Code/main_controler_1.1/control_1.7/main/control_1.7.c" line 54
func: uart_init
expression: uart_set_rx_full_threshold(UART_PORT_NUM, UART_FIFO_LENGTH / 2)

abort() was called at PC 0x400876b7 on core 0


Backtrace: 0x40081ab5:0x3ffb65f0 0x400876c1:0x3ffb6610 0x4008da8d:0x3ffb6630 0x400876b7:0x3ffb66a0 0x400d5db8:0x3ffb66d0 0x400d6004:0x3ffb6710 0x400e66d8:0x3ffb6740 0x40088139:0x3ffb6770




ELF file SHA256: 17251bef2

Rebooting...
ets Jun  8 2016 00:22:57

rst:0xc (SW_CPU_RESET),boot:0x13 (SPI_FAST_FLASH_BOOT)
configsip: 0, SPIWP:0xee
clk_drv:0x00,q_drv:0x00,d_drv:0x00,cs0_drv:0x00,hd_drv:0x00,wp_drv:0x00
mode:DIO, clock div:2
load:0x3fff0030,len:6276
load:0x40078000,len:15716
load:0x40080400,len:4
ho 8 tail 4 room 4
load:0x40080404,len:3860
entry 0x4008063c
[0;32mI (30) boot: ESP-IDF v5.4-dirty 2nd stage bootloader[0m
[0;32mI (31) boot: compile time Nov 12 2025 13:47:17[0m
[0;32mI (31) boot: Multicore bootloader[0m
[0;32mI (33) boot: chip revision: v1.1[0m
[0;32mI (35) boot.esp32: SPI Speed      : 40MHz[0m
[0;32mI (39) boot.esp32: SPI Mode       : DIO[0m
[0;32mI (43) boot.esp32: SPI Flash Size : 16MB[0m
[0;32mI (46) boot: Enabling RNG early entropy source...[0m
[0;32mI (51) boot: Partition Table:[0m
[0;32mI (53) boot: ## Label            Usage          Type ST Offset   Length[0m
[0;32mI (60) boot:  0 nvs              WiFi data        01 02 00009000 00006000[0m
[0;32mI (66) boot:  1 phy_init         RF data          01 01 0000f000 00001000[0m
[0;32mI (73) boot:  2 factory          factory app      00 00 00010000 00100000[0m
[0;32mI (79) boot: End of partition table[0m
[0;32mI (83) esp_image: segment 0: paddr=00010020 vaddr=3f400020 size=0c09ch ( 49308) map[0m
[0;32mI (107) esp_image: segment 1: paddr=0001c0c4 vaddr=3ff80000 size=0001ch (    28) load[0m
[0;32mI (107) esp_image: segment 2: paddr=0001c0e8 vaddr=3ffb0000 size=0261ch (  9756) load[0m
[0;32mI (115) esp_image: segment 3: paddr=0001e70c vaddr=40080000 size=0190ch (  6412) load[0m
[0;32mI (121) esp_image: segment 4: paddr=00020020 vaddr=400d0020 size=17a24h ( 96804) map[0m
[0;32mI (159) esp_image: segment 5: paddr=00037a4c vaddr=4008190c size=0d904h ( 55556) load[0m
[0;32mI (188) boot: Loaded app from partition at offset 0x10000[0m
[0;32mI (188) boot: Disabling RNG early entropy source...[0m
[0;32mI (199) cpu_start: Multicore app[0m
[0;32mI (207) cpu_start: Pro cpu start user code[0m
[0;32mI (207) cpu_start: cpu freq: 160000000 Hz[0m
[0;32mI (207) app_init: Application information:[0m
[0;32mI (207) app_init: Project name:     control_1.7[0m
[0;32mI (211) app_init: App version:      v5.4-dirty[0m
[0;32mI (215) app_init: Compile time:     Nov 12 2025 13:47:06[0m
[0;32mI (221) app_init: ELF file SHA256:  17251bef2...[0m
[0;32mI (225) app_init: ESP-IDF:          v5.4-dirty[0m
[0;32mI (229) efuse_init: Min chip rev:     v0.0[0m
[0;32mI (233) efuse_init: Max chip rev:     v3.99 [0m
[0;32mI (237) efuse_init: Chip rev:         v1.1[0m
[0;32mI (241) heap_init: Initializing. RAM available for dynamic allocation:[0m
[0;32mI (247) heap_init: At 3FFAE6E0 len 00001920 (6 KiB): DRAM[0m
[0;32mI (252) heap_init: At 3FFB4440 len 0002BBC0 (174 KiB): DRAM[0m
[0;32mI (257) heap_init: At 3FFE0440 len 00003AE0 (14 KiB): D/IRAM[0m
[0;32mI (263) heap_init: At 3FFE4350 len 0001BCB0 (111 KiB): D/IRAM[0m
[0;32mI (268) heap_init: At 4008F210 len 00010DF0 (67 KiB): IRAM[0m
[0;32mI (275) spi_flash: detected chip: generic[0m
[0;32mI (277) spi_flash: flash io: dio[0m
[0;32mI (281) main_task: Started on CPU0[0m
[0;32mI (284) main_task: Calling app_main()[0m
[0;32mI (287) gpio: GPIO[12]| InputEn: 0| OutputEn: 0| OpenDrain: 0| Pullup: 1| Pulldown: 0| Intr:0 [0m
[0;32mI (295) uart: ESP_INTR_FLAG_IRAM flag not set while CONFIG_UART_ISR_IN_IRAM is enabled, flag updated[0m
[0;32mI (304) uart: queue free spaces: 20[0m
[1;31mE (308) uart: uart_set_rx_full_threshold(1873): rx fifo full threshold value error[0m
ESP_ERROR_CHECK failed: esp_err_t 0x102 (ESP_ERR_INVALID_ARG) at 0x400d5db8
file: "/IDF/Project_Code/main_controler_1.1/control_1.7/main/control_1.7.c" line 54
func: uart_init
expression: uart_set_rx_full_threshold(UART_PORT_NUM, UART_FIFO_LENGTH / 2)

abort() was called at PC 0x400876b7 on core 0


Backtrace: 0x40081ab5:0x3ffb65f0 0x400876c1:0x3ffb6610 0x4008da8d:0x3ffb6630 0x400876b7:0x3ffb66a0 0x400d5db8:0x3ffb66d0 0x400d6004:0x3ffb6710 0x400e66d8:0x3ffb6740 0x40088139:0x3ffb6770




ELF file SHA256: 17251bef2

Rebooting...
ets Jun  8 2016 00:22:57

rst:0xc (SW_CPU_RESET),boot:0x13 (SPI_FAST_FLASH_BOOT)
configsip: 0, SPIWP:0xee
clk_drv:0x00,q_drv:0x00,d_drv:0x00,cs0_drv:0x00,hd_drv:0x00,wp_drv:0x00
mode:DIO, clock div:2
load:0x3fff0030,len:6276
load:0x40078000,len:15716
load:0x40080400,len:4
ho 8 tail 4 room 4
load:0x40080404,len:3860
entry 0x4008063c
[0;32mI (30) boot: ESP-IDF v5.4-dirty 2nd stage bootloader[0m
[0;32mI (31) boot: compile time Nov 12 2025 13:47:17[0m
[0;32mI (31) boot: Multicore bootloader[0m
[0;32mI (33) boot: chip revision: v1.1[0m
[0;32mI (35) boot.esp32: SPI Speed      : 40MHz[0m
[0;32mI (39) boot.esp32: SPI Mode       : DIO[0m
[0;32mI (43) boot.esp32: SPI Flash Size : 16MB[0m
[0;32mI (46) boot: Enabling RNG early entropy source...[0m
[0;32mI (51) boot: Partition Table:[0m
[0;32mI (53) boot: ## Label            Usage          Type ST Offset   Length[0m
[0;32mI (60) boot:  0 nvs              WiFi data        01 02 00009000 00006000[0m
[0;32mI (66) boot:  1 phy_init         RF data          01 01 0000f000 00001000[0m
[0;32mI (73) boot:  2 factory          factory app      00 00 00010000 00100000[0m
[0;32mI (79) boot: End of partition table[0m
[0;32mI (83) esp_image: segment 0: paddr=00010020 vaddr=3f400020 size=0c09ch ( 49308) map[0m
[0;32mI (107) esp_image: segment 1: paddr=0001c0c4 vaddr=3ff80000 size=0001ch (    28) load[0m
[0;32mI (107) esp_image: segment 2: paddr=0001c0e8 vaddr=3ffb0000 size=0261ch (  9756) load[0m
[0;32mI (115) esp_image: segment 3: paddr=0001e70c vaddr=40080000 size=0190ch (  6412) load[0m
[0;32mI (121) esp_image: segment 4: paddr=00020020 vaddr=400d0020 size=17a24h ( 96804) map[0m
[0;32mI (159) esp_image: segment 5: paddr=00037a4c vaddr=4008190c size=0d904h ( 55556) load[0m
[0;32mI (188) boot: Loaded app from partition at offset 0x10000[0m
[0;32mI (188) boot: Disabling RNG early entropy source...[0m
[0;32mI (199) cpu_start: Multicore app[0m
[0;32mI (207) cpu_start: Pro cpu start user code[0m
[0;32mI (207) cpu_start: cpu freq: 160000000 Hz[0m
[0;32mI (207) app_init: Application information:[0m
[0;32mI (207) app_init: Project name:     control_1.7[0m
[0;32mI (211) app_init: App version:      v5.4-dirty[0m
[0;32mI (215) app_init: Compile time:     Nov 12 2025 13:47:06[0m
[0;32mI (220) app_init: ELF file SHA256:  17251bef2...[0m
[0;32mI (225) app_init: ESP-IDF:          v5.4-dirty[0m
[0;32mI (229) efuse_init: Min chip rev:     v0.0[0m
[0;32mI (233) efuse_init: Max chip rev:     v3.99 [0m
[0;32mI (237) efuse_init: Chip rev:         v1.1[0m
[0;32mI (241) heap_init: Initializing. RAM available for dynamic allocation:[0m
[0;32mI (247) heap_init: At 3FFAE6E0 len 00001920 (6 KiB): DRAM[0m
[0;32mI (252) heap_init: At 3FFB4440 len 0002BBC0 (174 KiB): DRAM[0m
[0;32mI (257) heap_init: At 3FFE0440 len 00003AE0 (14 KiB): D/IRAM[0m
[0;32mI (263) heap_init: At 3FFE4350 len 0001BCB0 (111 KiB): D/IRAM[0m
[0;32mI (268) heap_init: At 4008F210 len 00010DF0 (67 KiB): IRAM[0m
[0;32mI (275) spi_flash: detected chip: generic[0m
[0;32mI (277) spi_flash: flash io: dio[0m
[0;32mI (281) main_task: Started on CPU0[0m
[0;32mI (284) main_task: Calling app_main()[0m
[0;32mI (287) gpio: GPIO[12]| InputEn: 0| OutputEn: 0| OpenDrain: 0| Pullup: 1| Pulldown: 0| Intr:0 [0m
[0;32mI (295) uart: ESP_INTR_FLAG_IRAM flag not set while CONFIG_UART_ISR_IN_IRAM is enabled, flag updated[0m
[0;32mI (304) uart: queue free spaces: 20[0m
[1;31mE (308) uart: uart_set_rx_full_threshold(1873): rx fifo full threshold value error[0m
ESP_ERROR_CHECK failed: esp_err_t 0x102 (ESP_ERR_INVALID_ARG) at 0x400d5db8
file: "/IDF/Project_Code/main_controler_1.1/control_1.7/main/control_1.7.c" line 54
func: uart_init
expression: uart_set_rx_full_threshold(UART_PORT_NUM, UART_FIFO_LENGTH / 2)

abort() was called at PC 0x400876b7 on core 0


Backtrace: 0x40081ab5:0x3ffb65f0 0x400876c1:0x3ffb6610 0x4008da8d:0x3ffb6630 0x400876b7:0x3ffb66a0 0x400d5db8:0x3ffb66d0 0x400d6004:0x3ffb6710 0x400e66d8:0x3ffb6740 0x40088139:0x3ffb6770




ELF file SHA256: 17251bef2

Rebooting...
ets Jun  8 2016 00:22:57

rst:0xc (SW_CPU_RESET),boot:0x13 (SPI_FAST_FLASH_BOOT)
configsip: 0, SPIWP:0xee
clk_drv:0x00,q_drv:0x00,d_drv:0x00,cs0_drv:0x00,hd_drv:0x00,wp_drv:0x00
mode:DIO, clock div:2
load:0x3fff0030,len:6276
load:0x40078000,len:15716
load:0x40080400,len:4
ho 8 tail 4 room 4
load:0x40080404,len:3860
entry 0x4008063c
[0;32mI (30) boot: ESP-IDF v5.4-dirty 2nd stage bootloader[0m
[0;32mI (31) boot: compile time Nov 12 2025 13:47:17[0m
[0;32mI (31) boot: Multicore bootloader[0m
[0;32mI (33) boot: chip revision: v1.1[0m
[0;32mI (35) boot.esp32: SPI Speed      : 40MHz[0m
[0;32mI (39) boot.esp32: SPI Mode       : DIO[0m
[0;32mI (43) boot.esp32: SPI Flash Size : 16MB[0m
[0;32mI (46) boot: Enabling RNG early entropy source...[0m
[0;32mI (51) boot: Partition Table:[0m
[0;32mI (53) boot: ## Label            Usage          Type ST Offset   Length[0m
[0;32mI (60) boot:  0 nvs              WiFi data        01 02 00009000 00006000[0m
[0;32mI (66) boot:  1 phy_init         RF data          01 01 0000f000 00001000[0m
[0;32mI (73) boot:  2 factory          factory app      00 00 00010000 00100000[0m
[0;32mI (79) boot: End of partition table[0m
[0;32mI (83) esp_image: segment 0: paddr=00010020 vaddr=3f400020 size=0c09ch ( 49308) map[0m
[0;32mI (107) esp_image: segment 1: paddr=0001c0c4 vaddr=3ff80000 size=0001ch (    28) load[0m
[0;32mI (107) esp_image: segment 2: paddr=0001c0e8 vaddr=3ffb0000 size=0261ch (  9756) load[0m
[0;32mI (115) esp_image: segment 3: paddr=0001e70c vaddr=40080000 size=0190ch (  6412) load[0m
[0;32mI (121) esp_image: segment 4: paddr=00020020 vaddr=400d0020 size=17a24h ( 96804) map[0m
[0;32mI (159) esp_image: segment 5: paddr=00037a4c vaddr=4008190c size=0d904h ( 55556) load[0m
[0;32mI (188) boot: Loaded app from partition at offset 0x10000[0m
[0;32mI (188) boot: Disabling RNG early entropy source...[0m
[0;32mI (199) cpu_start: Multicore app[0m
[0;32mI (207) cpu_start: Pro cpu start user code[0m
[0;32mI (207) cpu_start: cpu freq: 160000000 Hz[0m
[0;32mI (207) app_init: Application information:[0m
[0;32mI (207) app_init: Project name:     control_1.7[0m
[0;32mI (211) app_init: App version:      v5.4-dirty[0m
[0;32mI (215) app_init: Compile time:     Nov 12 2025 13:47:06[0m
[0;32mI (220) app_init: ELF file SHA256:  17251bef2...[0m
[0;32mI (225) app_init: ESP-IDF:          v5.4-dirty[0m
[0;32mI (229) efuse_init: Min chip rev:     v0.0[0m
[0;32mI (233) efuse_init: Max chip rev:     v3.99 [0m
[0;32mI (237) efuse_init: Chip rev:         v1.1[0m
[0;32mI (241) heap_init: Initializing. RAM available for dynamic allocation:[0m
[0;32mI (247) heap_init: At 3FFAE6E0 len 00001920 (6 KiB): DRAM[0m
[0;32mI (252) heap_init: At 3FFB4440 len 0002BBC0 (174 KiB): DRAM[0m
[0;32mI (257) heap_init: At 3FFE0440 len 00003AE0 (14 KiB): D/IRAM[0m
[0;32mI (263) heap_init: At 3FFE4350 len 0001BCB0 (111 KiB): D/IRAM[0m
[0;32mI (268) heap_init: At 4008F210 len 00010DF0 (67 KiB): IRAM[0m
[0;32mI (275) spi_flash: detected chip: generic[0m
[0;32mI (277) spi_flash: flash io: dio[0m
[0;32mI (281) main_task: Started on CPU0[0m
[0;32mI (284) main_task: Calling app_main()[0m
[0;32mI (287) gpio: GPIO[12]| InputEn: 0| OutputEn: 0| OpenDrain: 0| Pullup: 1| Pulldown: 0| Intr:0 [0m
[0;32mI (295) uart: ESP_INTR_FLAG_IRAM flag not set while CONFIG_UART_ISR_IN_IRAM is enabled, flag updated[0m
[0;32mI (304) uart: queue free spaces: 20[0m
[1;31mE (308) uart: uart_set_rx_full_threshold(1873): rx fifo full threshold value error[0m
ESP_ERROR_CHECK failed: esp_err_t 0x102 (ESP_ERR_INVALID_ARG) at 0x400d5db8
file: "/IDF/Project_Code/main_controler_1.1/control_1.7/main/control_1.7.c" line 54
func: uart_init
expression: uart_set_rx_full_threshold(UART_PORT_NUM, UART_FIFO_LENGTH / 2)

abort() was called at PC 0x400876b7 on core 0


Backtrace: 0x40081ab5:0x3ffb65f0 0x400876c1:0x3ffb6610 0x4008da8d:0x3ffb6630 0x400876b7:0x3ffb66a0 0x400d5db8:0x3ffb66d0 0x400d6004:0x3ffb6710 0x400e66d8:0x3ffb6740 0x40088139:0x3ffb6770




ELF file SHA256: 17251bef2

Rebooting...
ets Jun  8 2016 00:22:57

rst:0xc (SW_CPU_RESET),boot:0x13 (SPI_FAST_FLASH_BOOT)
configsip: 0, SPIWP:0xee
clk_drv:0x00,q_drv:0x00,d_drv:0x00,cs0_drv:0x00,hd_drv:0x00,wp_drv:0x00
mode:DIO, clock div:2
load:0x3fff0030,len:6276
load:0x40078000,len:15716
load:0x40080400,len:4
ho 8 tail 4 room 4
load:0x40080404,len:3860
entry 0x4008063c
[0;32mI (30) boot: ESP-IDF v5.4-dirty 2nd stage bootloader[0m
[0;32mI (31) boot: compile time Nov 12 2025 13:47:17[0m
[0;32mI (31) boot: Multicore bootloader[0m
[0;32mI (33) boot: chip revision: v1.1[0m
[0;32mI (35) boot.esp32: SPI Speed      : 40MHz[0m
[0;32mI (39) boot.esp32: SPI Mode       : DIO[0m
[0;32mI (43) boot.esp32: SPI Flash Size : 16MB[0m
[0;32mI (46) boot: Enabling RNG early entropy source...[0m
[0;32mI (51) boot: Partition Table:[0m
[0;32mI (53) boot: ## Label            Usage          Type ST Offset   Length[0m
[0;32mI (60) boot:  0 nvs              WiFi data        01 02 00009000 00006000[0m
[0;32mI (66) boot:  1 phy_init         RF data          01 01 0000f000 00001000[0m
[0;32mI (73) boot:  2 factory          factory app      00 00 00010000 00100000[0m
[0;32mI (79) boot: End of partition table[0m
[0;32mI (83) esp_image: segment 0: paddr=00010020 vaddr=3f400020 size=0c09ch ( 49308) map[0m
[0;32mI (107) esp_image: segment 1: paddr=0001c0c4 vaddr=3ff80000 size=0001ch (    28) load[0m
[0;32mI (107) esp_image: segment 2: paddr=0001c0e8 vaddr=3ffb0000 size=0261ch (  9756) load[0m
[0;32mI (115) esp_image: segment 3: paddr=0001e70c vaddr=40080000 size=0190ch (  6412) load[0m
[0;32mI (121) esp_image: segment 4: paddr=00020020 vaddr=400d0020 size=17a24h ( 96804) map[0m
[0;32mI (159) esp_image: segment 5: paddr=00037a4c vaddr=4008190c size=0d904h ( 55556) load[0m
[0;32mI (188) boot: Loaded app from partition at offset 0x10000[0m
[0;32mI (188) boot: Disabling RNG early entropy source...[0m
[0;32mI (199) cpu_start: Multicore app[0m
[0;32mI (207) cpu_start: Pro cpu start user code[0m
[0;32mI (207) cpu_start: cpu freq: 160000000 Hz[0m
[0;32mI (207) app_init: Application information:[0m
[0;32mI (207) app_init: Project name:     control_1.7[0m
[0;32mI (211) app_init: App version:      v5.4-dirty[0m
[0;32mI (215) app_init: Compile time:     Nov 12 2025 13:47:06[0m
[0;32mI (220) app_init: ELF file SHA256:  17251bef2...[0m
[0;32mI (225) app_init: ESP-IDF:          v5.4-dirty[0m
[0;32mI (229) efuse_init: Min chip rev:     v0.0[0m
[0;32mI (233) efuse_init: Max chip rev:     v3.99 [0m
[0;32mI (237) efuse_init: Chip rev:         v1.1[0m
[0;32mI (241) heap_init: Initializing. RAM available for dynamic allocation:[0m
[0;32mI (247) heap_init: At 3FFAE6E0 len 00001920 (6 KiB): DRAM[0m
[0;32mI (252) heap_init: At 3FFB4440 len 0002BBC0 (174 KiB): DRAM[0m
[0;32mI (257) heap_init: At 3FFE0440 len 00003AE0 (14 KiB): D/IRAM[0m
[0;32mI (263) heap_init: At 3FFE4350 len 0001BCB0 (111 KiB): D/IRAM[0m
[0;32mI (268) heap_init: At 4008F210 len 00010DF0 (67 KiB): IRAM[0m
[0;32mI (275) spi_flash: detected chip: generic[0m
[0;32mI (277) spi_flash: flash io: dio[0m
[0;32mI (281) main_task: Started on CPU0[0m
[0;32mI (284) main_task: Calling app_main()[0m
[0;32mI (287) gpio: GPIO[12]| InputEn: 0| OutputEn: 0| OpenDrain: 0| Pullup: 1| Pulldown: 0| Intr:0 [0m
[0;32mI (295) uart: ESP_INTR_FLAG_IRAM flag not set while CONFIG_UART_ISR_IN_IRAM is enabled, flag updated[0m
[0;32mI (304) uart: queue free spaces: 20[0m
[1;31mE (308) uart: uart_set_rx_full_threshold(1873): rx fifo full threshold value error[0m
ESP_ERROR_CHECK failed: esp_err_t 0x102 (ESP_ERR_INVALID_ARG) at 0x400d5db8
file: "/IDF/Project_Code/main_controler_1.1/control_1.7/main/control_1.7.c" line 54
func: uart_init
expression: uart_set_rx_full_threshold(UART_PORT_NUM, UART_FIFO_LENGTH / 2)

abort() was called at PC 0x400876b7 on core 0


Backtrace: 0x40081ab5:0x3ffb65f0 0x400876c1:0x3ffb6610 0x4008da8d:0x3ffb6630 0x400876b7:0x3ffb66a0 0x400d5db8:0x3ffb66d0 0x400d6004:0x3ffb6710 0x400e66d8:0x3ffb6740 0x40088139:0x3ffb6770




ELF file SHA256: 17251bef2

Rebooting...
ets Jun  8 2016 00:22:57

rst:0xc (SW_CPU_RESET),boot:0x13 (SPI_FAST_FLASH_BOOT)
configsip: 0, SPIWP:0xee
clk_drv:0x00,q_drv:0x00,d_drv:0x00,cs0_drv:0x00,hd_drv:0x00,wp_drv:0x00
mode:DIO, clock div:2
load:0x3fff0030,len:6276
load:0x40078000,len:15716
load:0x40080400,len:4
ho 8 tail 4 room 4
load:0x40080404,len:3860
entry 0x4008063c
[0;32mI (30) boot: ESP-IDF v5.4-dirty 2nd stage bootloader[0m
[0;32mI (31) boot: compile time Nov 12 2025 13:47:17[0m
[0;32mI (31) boot: Multicore bootloader[0m
[0;32mI (33) boot: chip revision: v1.1[0m
[0;32mI (35) boot.esp32: SPI Speed      : 40MHz[0m
[0;32mI (39) boot.esp32: SPI Mode       : DIO[0m
[0;32mI (43) boot.esp32: SPI Flash Size : 16MB[0m
[0;32mI (46) boot: Enabling RNG early entropy source...[0m
[0;32mI (51) boot: Partition Table:[0m
[0;32mI (53) boot: ## Label            Usage          Type ST Offset   Length[0m
[0;32mI (60) boot:  0 nvs              WiFi data        01 02 00009000 00006000[0m
[0;32mI (66) boot:  1 phy_init         RF data          01 01 0000f000 00001000[0m
[0;32mI (73) boot:  2 factory          factory app      00 00 00010000 00100000[0m
[0;32mI (79) boot: End of partition table[0m
[0;32mI (83) esp_image: segment 0: paddr=00010020 vaddr=3f400020 size=0c09ch ( 49308) map[0m
[0;32mI (107) esp_image: segment 1: paddr=0001c0c4 vaddr=3ff80000 size=0001ch (    28) load[0m
[0;32mI (107) esp_image: segment 2: paddr=0001c0e8 vaddr=3ffb0000 size=0261ch (  9756) load[0m
[0;32mI (115) esp_image: segment 3: paddr=0001e70c vaddr=40080000 size=0190ch (  6412) load[0m
[0;32mI (121) esp_image: segment 4: paddr=00020020 vaddr=400d0020 size=17a24h ( 96804) map[0m
[0;32mI (159) esp_image: segment 5: paddr=00037a4c vaddr=4008190c size=0d904h ( 55556) load[0m
[0;32mI (188) boot: Loaded app from partition at offset 0x10000[0m
[0;32mI (188) boot: Disabling RNG early entropy source...[0m
[0;32mI (199) cpu_start: Multicore app[0m
[0;32mI (207) cpu_start: Pro cpu start user code[0m
[0;32mI (207) cpu_start: cpu freq: 160000000 Hz[0m
[0;32mI (207) app_init: Application information:[0m
[0;32mI (207) app_init: Project name:     control_1.7[0m
[0;32mI (211) app_init: App version:      v5.4-dirty[0m
[0;32mI (215) app_init: Compile time:     Nov 12 2025 13:47:06[0m
[0;32mI (221) app_init: ELF file SHA256:  17251bef2...[0m
[0;32mI (225) app_init: ESP-IDF:          v5.4-dirty[0m
[0;32mI (229) efuse_init: Min chip rev:     v0.0[0m
[0;32mI (233) efuse_init: Max chip rev:     v3.99 [0m
[0;32mI (237) efuse_init: Chip rev:         v1.1[0m
[0;32mI (241) heap_init: Initializing. RAM available for dynamic allocation:[0m
[0;32mI (247) heap_init: At 3FFAE6E0 len 00001920 (6 KiB): DRAM[0m
[0;32mI (252) heap_init: At 3FFB4440 len 0002BBC0 (174 KiB): DRAM[0m
[0;32mI (257) heap_init: At 3FFE0440 len 00003AE0 (14 KiB): D/IRAM[0m
[0;32mI (263) heap_init: At 3FFE4350 len 0001BCB0 (111 KiB): D/IRAM[0m
[0;32mI (268) heap_init: At 4008F210 len 00010DF0 (67 KiB): IRAM[0m
[0;32mI (275) spi_flash: detected chip: generic[0m
[0;32mI (277) spi_flash: flash io: dio[0m
[0;32mI (281) main_task: Started on CPU0[0m
[0;32mI (284) main_task: Calling app_main()[0m
[0;32mI (287) gpio: GPIO[12]| InputEn: 0| OutputEn: 0| OpenDrain: 0| Pullup: 1| Pulldown: 0| Intr:0 [0m
[0;32mI (295) uart: ESP_INTR_FLAG_IRAM flag not set while CONFIG_UART_ISR_IN_IRAM is enabled, flag updated[0m
[0;32mI (304) uart: queue free spaces: 20[0m
[1;31mE (308) uart: uart_set_rx_full_threshold(1873): rx fifo full threshold value error[0m
ESP_ERROR_CHECK failed: esp_err_t 0x102 (ESP_ERR_INVALID_ARG) at 0x400d5db8
file: "/IDF/Project_Code/main_controler_1.1/control_1.7/main/control_1.7.c" line 54
func: uart_init
expression: uart_set_rx_full_threshold(UART_PORT_NUM, UART_FIFO_LENGTH / 2)

abort() was called at PC 0x400876b7 on core 0


Backtrace: 0x40081ab5:0x3ffb65f0 0x400876c1:0x3ffb6610 0x4008da8d:0x3ffb6630 0x400876b7:0x3ffb66a0 0x400d5db8:0x3ffb66d0 0x400d6004:0x3ffb6710 0x400e66d8:0x3ffb6740 0x40088139:0x3ffb6770




ELF file SHA256: 17251bef2

Rebooting...
ets Jun  8 2016 00:22:57

rst:0xc (SW_CPU_RESET),boot:0x13 (SPI_FAST_FLASH_BOOT)
configsip: 0, SPIWP:0xee
clk_drv:0x00,q_drv:0x00,d_drv:0x00,cs0_drv:0x00,hd_drv:0x00,wp_drv:0x00
mode:DIO, clock div:2
load:0x3fff0030,len:6276
load:0x40078000,len:15716
load:0x40080400,len:4
ho 8 tail 4 room 4
load:0x40080404,len:3860
entry 0x4008063c
[0;32mI (30) boot: ESP-IDF v5.4-dirty 2nd stage bootloader[0m
[0;32mI (31) boot: compile time Nov 12 2025 13:47:17[0m
[0;32mI (31) boot: Multicore bootloader[0m
[0;32mI (33) boot: chip revision: v1.1[0m
[0;32mI (35) boot.esp32: SPI Speed      : 40MHz[0m
[0;32mI (39) boot.esp32: SPI Mode       : DIO[0m
[0;32mI (43) boot.esp32: SPI Flash Size : 16MB[0m
[0;32mI (46) boot: Enabling RNG early entropy source...[0m
[0;32mI (51) boot: Partition Table:[0m
[0;32mI (53) boot: ## Label            Usage          Type ST Offset   Length[0m
[0;32mI (60) boot:  0 nvs              WiFi data        01 02 00009000 00006000[0m
[0;32mI (66) boot:  1 phy_init         RF data          01 01 0000f000 00001000[0m
[0;32mI (73) boot:  2 factory          factory app      00 00 00010000 00100000[0m
[0;32mI (79) boot: End of partition table[0m
[0;32mI (83) esp_image: segment 0: paddr=00010020 vaddr=3f400020 size=0c09ch ( 49308) map[0m
[0;32mI (107) esp_image: segment 1: paddr=0001c0c4 vaddr=3ff80000 size=0001ch (    28) load[0m
[0;32mI (107) esp_image: segment 2: paddr=0001c0e8 vaddr=3ffb0000 size=0261ch (  9756) load[0m
[0;32mI (115) esp_image: segment 3: paddr=0001e70c vaddr=40080000 size=0190ch (  6412) load[0m
[0;32mI (121) esp_image: segment 4: paddr=00020020 vaddr=400d0020 size=17a24h ( 96804) map[0m
[0;32mI (159) esp_image: segment 5: paddr=00037a4c vaddr=4008190c size=0d904h ( 55556) load[0m
[0;32mI (188) boot: Loaded app from partition at offset 0x10000[0m
[0;32mI (188) boot: Disabling RNG early entropy source...[0m
[0;32mI (199) cpu_start: Multicore app[0m
[0;32mI (207) cpu_start: Pro cpu start user code[0m
[0;32mI (207) cpu_start: cpu freq: 160000000 Hz[0m
[0;32mI (207) app_init: Application information:[0m
[0;32mI (207) app_init: Project name:     control_1.7[0m
[0;32mI (211) app_init: App version:      v5.4-dirty[0m
[0;32mI (215) app_init: Compile time:     Nov 12 2025 13:47:06[0m
[0;32mI (220) app_init: ELF file SHA256:  17251bef2...[0m
[0;32mI (225) app_init: ESP-IDF:          v5.4-dirty[0m
[0;32mI (229) efuse_init: Min chip rev:     v0.0[0m
[0;32mI (233) efuse_init: Max chip rev:     v3.99 [0m
[0;32mI (237) efuse_init: Chip rev:         v1.1[0m
[0;32mI (241) heap_init: Initializing. RAM available for dynamic allocation:[0m
[0;32mI (247) heap_init: At 3FFAE6E0 len 00001920 (6 KiB): DRAM[0m
[0;32mI (252) heap_init: At 3FFB4440 len 0002BBC0 (174 KiB): DRAM[0m
[0;32mI (257) heap_init: At 3FFE0440 len 00003AE0 (14 KiB): D/IRAM[0m
[0;32mI (263) heap_init: At 3FFE4350 len 0001BCB0 (111 KiB): D/IRAM[0m
[0;32mI (268) heap_init: At 4008F210 len 00010DF0 (67 KiB): IRAM[0m
[0;32mI (275) spi_flash: detected chip: generic[0m
[0;32mI (277) spi_flash: flash io: dio[0m
[0;32mI (281) main_task: Started on CPU0[0m
[0;32mI (284) main_task: Calling app_main()[0m
[0;32mI (287) gpio: GPIO[12]| InputEn: 0| OutputEn: 0| OpenDrain: 0| Pullup: 1| Pulldown: 0| Intr:0 [0m
[0;32mI (295) uart: ESP_INTR_FLAG_IRAM flag not set while CONFIG_UART_ISR_IN_IRAM is enabled, flag updated[0m
[0;32mI (304) uart: queue free spaces: 20[0m
[1;31mE (308) uart: uart_set_rx_full_threshold(1873): rx fifo full threshold value error[0m
ESP_ERROR_CHECK failed: esp_err_t 0x102 (ESP_ERR_INVALID_ARG) at 0x400d5db8
file: "/IDF/Project_Code/main_controler_1.1/control_1.7/main/control_1.7.c" line 54
func: uart_init
expression: uart_set_rx_full_threshold(UART_PORT_NUM, UART_FIFO_LENGTH / 2)

abort() was called at PC 0x400876b7 on core 0


Backtrace: 0x40081ab5:0x3ffb65f0 0x400876c1:0x3ffb6610 0x4008da8d:0x3ffb6630 0x400876b7:0x3ffb66a0 0x400d5db8:0x3ffb66d0 0x400d6004:0x3ffb6710 0x400e66d8:0x3ffb6740 0x40088139:0x3ffb6770




ELF file SHA256: 17251bef2

Rebooting...
ets Jun  8 2016 00:22:57

rst:0xc (SW_CPU_RESET),boot:0x13 (SPI_FAST_FLASH_BOOT)
configsip: 0, SPIWP:0xee
clk_drv:0x00,q_drv:0x00,d_drv:0x00,cs0_drv:0x00,hd_drv:0x00,wp_drv:0x00
mode:DIO, clock div:2
load:0x3fff0030,len:6276
load:0x40078000,len:15716
load:0x40080400,len:4
ho 8 tail 4 room 4
load:0x40080404,len:3860
entry 0x4008063c
[0;32mI (30) boot: ESP-IDF v5.4-dirty 2nd stage bootloader[0m
[0;32mI (31) boot: compile time Nov 12 2025 13:47:17[0m
[0;32mI (31) boot: Multicore bootloader[0m
[0;32mI (33) boot: chip revision: v1.1[0m
[0;32mI (35) boot.esp32: SPI Speed      : 40MHz[0m
[0;32mI (39) boot.esp32: SPI Mode       : DIO[0m
[0;32mI (43) boot.esp32: SPI Flash Size : 16MB[0m
[0;32mI (46) boot: Enabling RNG early entropy source...[0m
[0;32mI (51) boot: Partition Table:[0m
[0;32mI (53) boot: ## Label            Usage          Type ST Offset   Length[0m
[0;32mI (60) boot:  0 nvs              WiFi data        01 02 00009000 00006000[0m
[0;32mI (66) boot:  1 phy_init         RF data          01 01 0000f000 00001000[0m
[0;32mI (73) boot:  2 factory          factory app      00 00 00010000 00100000[0m
[0;32mI (79) boot: End of partition table[0m
[0;32mI (83) esp_image: segment 0: paddr=00010020 vaddr=3f400020 size=0c09ch ( 49308) map[0m
[0;32mI (107) esp_image: segment 1: paddr=0001c0c4 vaddr=3ff80000 size=0001ch (    28) load[0m
[0;32mI (107) esp_image: segment 2: paddr=0001c0e8 vaddr=3ffb0000 size=0261ch (  9756) load[0m
[0;32mI (115) esp_image: segment 3: paddr=0001e70c vaddr=40080000 size=0190ch (  6412) load[0m
[0;32mI (121) esp_image: segment 4: paddr=00020020 vaddr=400d0020 size=17a24h ( 96804) map[0m
[0;32mI (159) esp_image: segment 5: paddr=00037a4c vaddr=4008190c size=0d904h ( 55556) load[0m
[0;32mI (188) boot: Loaded app from partition at offset 0x10000[0m
[0;32mI (188) boot: Disabling RNG early entropy source...[0m
[0;32mI (199) cpu_start: Multicore app[0m
[0;32mI (207) cpu_start: Pro cpu start user code[0m
[0;32mI (207) cpu_start: cpu freq: 160000000 Hz[0m
[0;32mI (207) app_init: Application information:[0m
[0;32mI (207) app_init: Project name:     control_1.7[0m
[0;32mI (211) app_init: App version:      v5.4-dirty[0m
[0;32mI (215) app_init: Compile time:     Nov 12 2025 13:47:06[0m
[0;32mI (220) app_init: ELF file SHA256:  17251bef2...[0m
[0;32mI (225) app_init: ESP-IDF:          v5.4-dirty[0m
[0;32mI (229) efuse_init: Min chip rev:     v0.0[0m
[0;32mI (233) efuse_init: Max chip rev:     v3.99 [0m
[0;32mI (237) efuse_init: Chip rev:         v1.1[0m
[0;32mI (241) heap_init: Initializing. RAM available for dynamic allocation:[0m
[0;32mI (247) heap_init: At 3FFAE6E0 len 00001920 (6 KiB): DRAM[0m
[0;32mI (252) heap_init: At 3FFB4440 len 0002BBC0 (174 KiB): DRAM[0m
[0;32mI (257) heap_init: At 3FFE0440 len 00003AE0 (14 KiB): D/IRAM[0m
[0;32mI (263) heap_init: At 3FFE4350 len 0001BCB0 (111 KiB): D/IRAM[0m
[0;32mI (268) heap_init: At 4008F210 len 00010DF0 (67 KiB): IRAM[0m
[0;32mI (275) spi_flash: detected chip: generic[0m
[0;32mI (277) spi_flash: flash io: dio[0m
[0;32mI (281) main_task: Started on CPU0[0m
[0;32mI (284) main_task: Calling app_main()[0m
[0;32mI (287) gpio: GPIO[12]| InputEn: 0| OutputEn: 0| OpenDrain: 0| Pullup: 1| Pulldown: 0| Intr:0 [0m
[0;32mI (295) uart: ESP_INTR_FLAG_IRAM flag not set while CONFIG_UART_ISR_IN_IRAM is enabled, flag updated[0m
[0;32mI (304) uart: queue free spaces: 20[0m
[1;31mE (308) uart: uart_set_rx_full_threshold(1873): rx fifo full threshold value error[0m
ESP_ERROR_CHECK failed: esp_err_t 0x102 (ESP_ERR_INVALID_ARG) at 0x400d5db8
file: "/IDF/Project_Code/main_controler_1.1/control_1.7/main/control_1.7.c" line 54
func: uart_init
expression: uart_set_rx_full_threshold(UART_PORT_NUM, UART_FIFO_LENGTH / 2)

abort() was called at PC 0x400876b7 on core 0


Backtrace: 0x40081ab5:0x3ffb65f0 0x400876c1:0x3ffb6610 0x4008da8d:0x3ffb6630 0x400876b7:0x3ffb66a0 0x400d5db8:0x3ffb66d0 0x400d6004:0x3ffb6710 0x400e66d8:0x3ffb6740 0x40088139:0x3ffb6770




ELF file SHA256: 17251bef2

Rebooting...
ets Jun  8 2016 00:22:57

rst:0xc (SW_CPU_RESET),boot:0x13 (SPI_FAST_FLASH_BOOT)
configsip: 0, SPIWP:0xee
clk_drv:0x00,q_drv:0x00,d_drv:0x00,cs0_drv:0x00,hd_drv:0x00,wp_drv:0x00
mode:DIO, clock div:2
load:0x3fff0030,len:6276
load:0x40078000,len:15716
load:0x40080400,len:4
ho 8 tail 4 room 4
load:0x40080404,len:3860
entry 0x4008063c
[0;32mI (30) boot: ESP-IDF v5.4-dirty 2nd stage bootloader[0m
[0;32mI (31) boot: compile time Nov 12 2025 13:47:17[0m
[0;32mI (31) boot: Multicore bootloader[0m
[0;32mI (33) boot: chip revision: v1.1[0m
[0;32mI (35) boot.esp32: SPI Speed      : 40MHz[0m
[0;32mI (39) boot.esp32: SPI Mode       : DIO[0m
[0;32mI (43) boot.esp32: SPI Flash Size : 16MB[0m
[0;32mI (46) boot: Enabling RNG early entropy source...[0m
[0;32mI (51) boot: Partition Table:[0m
[0;32mI (53) boot: ## Label            Usage          Type ST Offset   Length[0m
[0;32mI (60) boot:  0 nvs              WiFi data        01 02 00009000 00006000[0m
[0;32mI (66) boot:  1 phy_init         RF data          01 01 0000f000 00001000[0m
[0;32mI (73) boot:  2 factory          factory app      00 00 00010000 00100000[0m
[0;32mI (79) boot: End of partition table[0m
[0;32mI (83) esp_image: segment 0: paddr=00010020 vaddr=3f400020 size=0c09ch ( 49308) map[0m
[0;32mI (107) esp_image: segment 1: paddr=0001c0c4 vaddr=3ff80000 size=0001ch (    28) load[0m
[0;32mI (107) esp_image: segment 2: paddr=0001c0e8 vaddr=3ffb0000 size=0261ch (  9756) load[0m
[0;32mI (115) esp_image: segment 3: paddr=0001e70c vaddr=40080000 size=0190ch (  6412) load[0m
[0;32mI (121) esp_image: segment 4: paddr=00020020 vaddr=400d0020 size=17a24h ( 96804) map[0m
[0;32mI (159) esp_image: segment 5: paddr=00037a4c vaddr=4008190c size=0d904h ( 55556) load[0m
