ets Jun  8 2016 00:22:57

rst:0x1 (POWERON_RESET),boot:0x13 (SPI_FAST_FLASH_BOOT)
configsip: 0, SPIWP:0xee
clk_drv:0x00,q_drv:0x00,d_drv:0x00,cs0_drv:0x00,hd_drv:0x00,wp_drv:0x00
mode:DIO, clock div:2
load:0x3fff0030,len:6276
load:0x40078000,len:15716
load:0x40080400,len:4
ho 8 tail 4 room 4
load:0x40080404,len:3860
entry 0x4008063c
[0;32mI (31) boot: ESP-IDF v5.4-dirty 2nd stage bootloader[0m
[0;32mI (31) boot: compile time Nov 12 2025 13:47:17[0m
[0;32mI (31) boot: Multicore bootloader[0m
[0;32mI (32) boot: chip revision: v1.1[0m
[0;32mI (35) boot.esp32: SPI Speed      : 40MHz[0m
[0;32mI (39) boot.esp32: SPI Mode       : DIO[0m
[0;32mI (42) boot.esp32: SPI Flash Size : 16MB[0m
[0;32mI (46) boot: Enabling RNG early entropy source...[0m
[0;32mI (51) boot: Partition Table:[0m
[0;32mI (53) boot: ## Label            Usage          Type ST Offset   Length[0m
[0;32mI (60) boot:  0 nvs              WiFi data        01 02 00009000 00006000[0m
[0;32mI (66) boot:  1 phy_init         RF data          01 01 0000f000 00001000[0m
[0;32mI (73) boot:  2 factory          factory app      00 00 00010000 00100000[0m
[0;32mI (79) boot: End of partition table[0m
[0;32mI (82) esp_image: segment 0: paddr=00010020 vaddr=3f400020 size=0bd44h ( 48452) map[0m
[0;32mI (106) esp_image: segment 1: paddr=0001bd6c vaddr=3ff80000 size=0001ch (    28) load[0m
[0;32mI (107) esp_image: segment 2: paddr=0001bd90 vaddr=3ffb0000 size=025ech (  9708) load[0m
[0;32mI (114) esp_image: segment 3: paddr=0001e384 vaddr=40080000 size=01c94h (  7316) load[0m
[0;32mI (121) esp_image: segment 4: paddr=00020020 vaddr=400d0020 size=174d8h ( 95448) map[0m
[0;32mI (158) esp_image: segment 5: paddr=00037500 vaddr=40081c94 size=0d204h ( 53764) load[0m
[0;32mI (186) boot: Loaded app from partition at offset 0x10000[0m
[0;32mI (186) boot: Disabling RNG early entropy source...[0m
[0;32mI (197) cpu_start: Multicore app[0m
[0;32mI (205) cpu_start: Pro cpu start user code[0m
[0;32mI (205) cpu_start: cpu freq: 160000000 Hz[0m
[0;32mI (205) app_init: Application information:[0m
[0;32mI (205) app_init: Project name:     control_1.7[0m
[0;32mI (209) app_init: App version:      v5.4-dirty[0m
[0;32mI (214) app_init: Compile time:     Nov 12 2025 13:47:06[0m
[0;32mI (219) app_init: ELF file SHA256:  8526c816b...[0m
[0;32mI (223) app_init: ESP-IDF:          v5.4-dirty[0m
[0;32mI (227) efuse_init: Min chip rev:     v0.0[0m
[0;32mI (231) efuse_init: Max chip rev:     v3.99 [0m
[0;32mI (235) efuse_init: Chip rev:         v1.1[0m
[0;32mI (239) heap_init: Initializing. RAM available for dynamic allocation:[0m
[0;32mI (245) heap_init: At 3FFAE6E0 len 00001920 (6 KiB): DRAM[0m
[0;32mI (250) heap_init: At 3FFB3800 len 0002C800 (178 KiB): DRAM[0m
[0;32mI (255) heap_init: At 3FFE0440 len 00003AE0 (14 KiB): D/IRAM[0m
[0;32mI (261) heap_init: At 3FFE4350 len 0001BCB0 (111 KiB): D/IRAM[0m
[0;32mI (266) heap_init: At 4008EE98 len 00011168 (68 KiB): IRAM[0m
[0;32mI (273) spi_flash: detected chip: generic[0m
[0;32mI (275) spi_flash: flash io: dio[0m
[0;32mI (279) main_task: Started on CPU0[0m
[0;32mI (282) main_task: Calling app_main()[0m
[0;32mI (285) gpio: GPIO[12]| InputEn: 0| OutputEn: 0| OpenDrain: 0| Pullup: 1| Pulldown: 0| Intr:0 [0m
[0;32mI (293) uart: ESP_INTR_FLAG_IRAM flag not set while CONFIG_UART_ISR_IN_IRAM is enabled, flag updated[0m
[0;32mI (302) uart: queue free spaces: 20[0m
[0;32mI (306) UART_SLAVE_DMA: UART initialized with DMA, 2000000 bps[0m
[0;32mI (320) UART_SLAVE_DMA: Setting up PWM and PID module[0m
[0;32mI (320) LEDC_PWM_UNIT: setting up LEDC units and chaneels[0m
[0;32mI (320) gpio: GPIO[32]| InputEn: 0| OutputEn: 0| OpenDrain: 0| Pullup: 1| Pulldown: 0| Intr:0 [0m
[0;32mI (329) gpio: GPIO[33]| InputEn: 0| OutputEn: 0| OpenDrain: 0| Pullup: 1| Pulldown: 0| Intr:0 [0m
[0;32mI (337) gpio: GPIO[25]| InputEn: 0| OutputEn: 0| OpenDrain: 0| Pullup: 1| Pulldown: 0| Intr:0 [0m
[0;32mI (345) gpio: GPIO[26]| InputEn: 0| OutputEn: 0| OpenDrain: 0| Pullup: 1| Pulldown: 0| Intr:0 [0m
[0;32mI (354) gpio: GPIO[27]| InputEn: 0| OutputEn: 0| OpenDrain: 0| Pullup: 1| Pulldown: 0| Intr:0 [0m
[0;32mI (362) gpio: GPIO[14]| InputEn: 0| OutputEn: 0| OpenDrain: 0| Pullup: 1| Pulldown: 0| Intr:0 [0m
[0;32mI (370) gpio: GPIO[23]| InputEn: 0| OutputEn: 0| OpenDrain: 0| Pullup: 1| Pulldown: 0| Intr:0 [0m
[0;32mI (379) gpio: GPIO[22]| InputEn: 0| OutputEn: 0| OpenDrain: 0| Pullup: 1| Pulldown: 0| Intr:0 [0m
[0;32mI (387) gpio: GPIO[21]| InputEn: 0| OutputEn: 0| OpenDrain: 0| Pullup: 1| Pulldown: 0| Intr:0 [0m
[0;32mI (395) gpio: GPIO[19]| InputEn: 0| OutputEn: 0| OpenDrain: 0| Pullup: 1| Pulldown: 0| Intr:0 [0m
[0;32mI (404) gpio: GPIO[18]| InputEn: 0| OutputEn: 0| OpenDrain: 0| Pullup: 1| Pulldown: 0| Intr:0 [0m
[0;32mI (412) gpio: GPIO[5]| InputEn: 0| OutputEn: 0| OpenDrain: 0| Pullup: 1| Pulldown: 0| Intr:0 [0m
[0;32mI (420) gpio: GPIO[17]| InputEn: 0| OutputEn: 0| OpenDrain: 0| Pullup: 1| Pulldown: 0| Intr:0 [0m
[0;32mI (428) gpio: GPIO[16]| InputEn: 0| OutputEn: 0| OpenDrain: 0| Pullup: 1| Pulldown: 0| Intr:0 [0m
[0;32mI (437) gpio: GPIO[4]| InputEn: 0| OutputEn: 0| OpenDrain: 0| Pullup: 1| Pulldown: 0| Intr:0 [0m
[0;32mI (445) gpio: GPIO[2]| InputEn: 0| OutputEn: 0| OpenDrain: 0| Pullup: 1| Pulldown: 0| Intr:0 [0m
[0;32mI (564) LEDC_PWM_UNIT: LEDC unit setiing up completed[0m

[0;32mI (574) MOTOR_SET: Starting PID application...[0m
[0;32mI (574) MOTOR_SET: PID application started successfully[0m
[0;32mI (574) UART_SLAVE_DMA: Slave initialization complete and ready to receive data[0m
[1;31mE (579) RESET: CPU Reset reason: 1[0m
[0;32mI (582) main_task: Returned from app_main()[0m
KRRï¿½Rï¿½Zï¿½ï¿½Pï¿½Rï¿½Zï¿½ï¿½Ò˜ï¿½:ï¿½ï¿½ï¿½ï¿½-"ï¿½ii7ï¿½ï¿½%ï¿½ï¿½ii7ï¿½ï¿½}ï¿½ï¿½KRRï¿½S7Iï¿½/"ï¿½$ï¿½{ï¿½ï¿½ii7ï¿½ï¿½%ï¿½;ï¿½-"ï¿½$ï¿½{ï¿½ï¿½ii7ï¿½ï¿½%ï¿½;ï¿½ï¿½ï¿½ï¿½-"ï¿½$ï¿½ï¿½%ï¿½;RRï¿½Rï¿½ï¿½-Rï¿½Zï¿½ï¿½Ò˜Yï¿½SSï¿½Rï¿½Z7ets Jun  8 2016 00:22:57

rst:0x1 (POWERON_RESET),boot:0x13 (SPI_FAST_FLASH_BOOT)
configsip: 0, SPIWP:0xee
clk_drv:0x00,q_drv:0x00,d_drv:0x00,cs0_drv:0x00,hd_drv:0x00,wp_drv:0x00
mode:DIO, clock div:2
load:0x3fff0030,len:6276
load:0x40078000,len:15716
load:0x40080400,len:4
ho 8 tail 4 room 4
load:0x40080404,len:3860
entry 0x4008063c
[0;32mI (31) boot: ESP-IDF v5.4-dirty 2nd stage bootloader[0m
[0;32mI (31) boot: compile time Nov 11 2025 23:19:52[0m
[0;32mI (31) boot: Multicore bootloader[0m
[0;32mI (32) boot: chip revision: v1.1[0m
[0;32mI (35) boot.esp32: SPI Speed      : 40MHz[0m
[0;32mI (39) boot.esp32: SPI Mode       : DIO[0m
[0;32mI (42) boot.esp32: SPI Flash Size : 2MB[0m
[0;32mI (46) boot: Enabling RNG early entropy source...[0m
[0;32mI (50) boot: Partition Table:[0m
[0;32mI (53) boot: ## Label            Usage          Type ST Offset   Length[0m
[0;32mI (59) boot:  0 nvs              WiFi data        01 02 00009000 00006000[0m
[0;32mI (66) boot:  1 phy_init         RF data          01 01 0000f000 00001000[0m
[0;32mI (72) boot:  2 factory          factory app      00 00 00010000 00100000[0m
[0;32mI (79) boot: End of partition table[0m
[0;32mI (82) esp_image: segment 0: paddr=00010020 vaddr=3f400020 size=2180ch (137228) map[0m
[0;32mI (137) esp_image: segment 1: paddr=00031834 vaddr=3ff80000 size=0001ch (    28) load[0m
[0;32mI (137) esp_image: segment 2: paddr=00031858 vaddr=3ffbdb60 size=051dch ( 20956) load[0m
[0;32mI (148) esp_image: segment 3: paddr=00036a3c vaddr=40080000 size=095dch ( 38364) load[0m
[0;32mI (163) esp_image: segment 4: paddr=00040020 vaddr=400d0020 size=7f8a4h (522404) map[0m
[0;32mI (342) esp_image: segment 5: paddr=000bf8cc vaddr=400895dc size=104b4h ( 66740) load[0m
[0;32mI (381) boot: Loaded app from partition at offset 0x10000[0m
[0;32mI (381) boot: Disabling RNG early entropy source...[0m
[0;32mI (391) cpu_start: Multicore app[0m
[0;32mI (400) cpu_start: Pro cpu start user code[0m
[0;32mI (400) cpu_start: cpu freq: 160000000 Hz[0m
[0;32mI (400) app_init: Application information:[0m
[0;32mI (400) app_init: Project name:     control_1.7[0m
[0;32mI (404) app_init: App version:      v5.4-dirty[0m
[0;32mI (408) app_init: Compile time:     Nov 11 2025 23:19:54[0m
[0;32mI (413) app_init: ELF file SHA256:  16374af82...[0m
[0;32mI (418) app_init: ESP-IDF:          v5.4-dirty[0m
[0;32mI (422) efuse_init: Min chip rev:     v0.0[0m
[0;32mI (426) efuse_init: Max chip rev:     v3.99 [0m
[0;32mI (430) efuse_init: Chip rev:         v1.1[0m
[0;32mI (434) heap_init: Initializing. RAM available for dynamic allocation:[0m
[0;32mI (440) heap_init: At 3FFAFF10 len 000000F0 (0 KiB): DRAM[0m
[0;32mI (445) heap_init: At 3FFB6388 len 00001C78 (7 KiB): DRAM[0m
[0;32mI (450) heap_init: At 3FFB9A20 len 00004108 (16 KiB): DRAM[0m
[0;32mI (455) heap_init: At 3FFC7EB8 len 00018148 (96 KiB): DRAM[0m
[0;32mI (460) heap_init: At 3FFE0440 len 00003AE0 (14 KiB): D/IRAM[0m
[0;32mI (466) heap_init: At 3FFE4350 len 0001BCB0 (111 KiB): D/IRAM[0m
[0;32mI (471) heap_init: At 40099A90 len 00006570 (25 KiB): IRAM[0m
[0;32mI (478) spi_flash: detected chip: generic[0m
[0;32mI (480) spi_flash: flash io: dio[0m
[0;33mW (483) spi_flash: Detected size(16384k) larger than the size in the binary image header(2048k). Using the size in the binary image header.[0m
[0;32mI (496) coexist: coex firmware version: 49a8cdc[0m
[0;32mI (501) main_task: Started on CPU0[0m
[0;32mI (504) main_task: Calling app_main()[0m
[0;32mI (506) UART MASTER: decorder initialization begins[0m
[0;32mI (511) gpio: GPIO[12]| InputEn: 0| OutputEn: 0| OpenDrain: 0| Pullup: 1| Pulldown: 0| Intr:0 [0m
[0;32mI (1019) PCNT: setting up PCNT units and chanels[0m
[0;32mI (1019) gpio: GPIO[32]| InputEn: 0| OutputEn: 0| OpenDrain: 0| Pullup: 1| Pulldown: 0| Intr:0 [0m
[0;32mI (1020) gpio: GPIO[33]| InputEn: 0| OutputEn: 0| OpenDrain: 0| Pullup: 1| Pulldown: 0| Intr:0 [0m
[0;32mI (1029) PCNT: install pcnt unit1[0m
[0;32mI (1032) PCNT: set glitch filter for unit1[0m
[0;32mI (1036) PCNT: install pcnt channels of unit1[0m
[0;32mI (1040) PCNT: set edge and level actions for pcnt channels of unit1[0m
[0;32mI (1046) PCNT: enable pcnt unit1[0m
[0;32mI (1049) PCNT: clear pcnt unit1[0m
[0;32mI (1052) PCNT: start pcnt unit1[0m
[0;32mI (1055) gpio: GPIO[25]| InputEn: 0| OutputEn: 0| OpenDrain: 0| Pullup: 1| Pulldown: 0| Intr:0 [0m
[0;32mI (1063) gpio: GPIO[26]| InputEn: 0| OutputEn: 0| OpenDrain: 0| Pullup: 1| Pulldown: 0| Intr:0 [0m
[0;32mI (1071) PCNT: install pcnt unit2[0m
[0;32mI (1074) PCNT: set glitch filter for unit2[0m
[0;32mI (1078) PCNT: install pcnt channels of unit2[0m
[0;32mI (1082) PCNT: set edge and level actions for pcnt channels of unit2[0m
[0;32mI (1088) PCNT: enable pcnt unit2[0m
[0;32mI (1091) PCNT: clear pcnt unit2[0m
[0;32mI (1094) PCNT: start pcnt unit2[0m
[0;32mI (1097) gpio: GPIO[27]| InputEn: 0| OutputEn: 0| OpenDrain: 0| Pullup: 1| Pulldown: 0| Intr:0 [0m
[0;32mI (1105) gpio: GPIO[14]| InputEn: 0| OutputEn: 0| OpenDrain: 0| Pullup: 1| Pulldown: 0| Intr:0 [0m
[0;32mI (1114) PCNT: install pcnt unit3[0m
[0;32mI (1117) PCNT: set glitch filter for unit3[0m
[0;32mI (1121) PCNT: install pcnt channels of unit3[0m
[0;32mI (1125) PCNT: set edge and level actions for pcnt channels of unit3[0m
[0;32mI (1131) PCNT: enable pcnt unit3[0m
[0;32mI (1134) PCNT: clear pcnt unit3[0m
[0;32mI (1137) PCNT: start pcnt unit3[0m
[0;32mI (1140) gpio: GPIO[23]| InputEn: 0| OutputEn: 0| OpenDrain: 0| Pullup: 1| Pulldown: 0| Intr:0 [0m
[0;32mI (1148) gpio: GPIO[22]| InputEn: 0| OutputEn: 0| OpenDrain: 0| Pullup: 1| Pulldown: 0| Intr:0 [0m
[0;32mI (1156) PCNT: install pcnt unit4[0m
[0;32mI (1160) PCNT: set glitch filter for unit4[0m
[0;32mI (1163) PCNT: install pcnt channels of unit4[0m
[0;32mI (1167) PCNT: set edge and level actions for pcnt channels of unit4[0m
[0;32mI (1173) PCNT: enable pcnt unit4[0m
[0;32mI (1176) PCNT: clear pcnt unit4[0m
[0;32mI (1179) PCNT: start pcnt unit4[0m
[0;32mI (1182) gpio: GPIO[21]| InputEn: 0| OutputEn: 0| OpenDrain: 0| Pullup: 1| Pulldown: 0| Intr:0 [0m
[0;32mI (1190) gpio: GPIO[19]| InputEn: 0| OutputEn: 0| OpenDrain: 0| Pullup: 1| Pulldown: 0| Intr:0 [0m
[0;32mI (1199) PCNT: install pcnt unit5[0m
[0;32mI (1202) PCNT: set glitch filter for unit5[0m
[0;32mI (1206) PCNT: install pcnt channels of unit5[0m
[0;32mI (1210) PCNT: set edge and level actions for pcnt channels of unit5[0m
[0;32mI (1216) PCNT: enable pcnt unit5[0m
[0;32mI (1219) PCNT: clear pcnt unit5[0m
[0;32mI (1222) PCNT: start pcnt unit5[0m
[0;32mI (1225) gpio: GPIO[18]| InputEn: 0| OutputEn: 0| OpenDrain: 0| Pullup: 1| Pulldown: 0| Intr:0 [0m
[0;32mI (1233) gpio: GPIO[5]| InputEn: 0| OutputEn: 0| OpenDrain: 0| Pullup: 1| Pulldown: 0| Intr:0 [0m
[0;32mI (1241) PCNT: install pcnt unit6[0m
[0;32mI (1244) PCNT: set glitch filter for unit6[0m
[0;32mI (1248) PCNT: install pcnt channels of unit6[0m
[0;32mI (1252) PCNT: set edge and level actions for pcnt channels of unit6[0m
[0;32mI (1258) PCNT: enable pcnt unit6[0m
[0;32mI (1261) PCNT: clear pcnt unit6[0m
[0;32mI (1264) PCNT: start pcnt unit6[0m
[0;32mI (1267) gpio: GPIO[17]| InputEn: 0| OutputEn: 0| OpenDrain: 0| Pullup: 1| Pulldown: 0| Intr:0 [0m
[0;32mI (1275) gpio: GPIO[16]| InputEn: 0| OutputEn: 0| OpenDrain: 0| Pullup: 1| Pulldown: 0| Intr:0 [0m
[0;32mI (1284) PCNT: install pcnt unit7[0m
[0;32mI (1287) PCNT: set glitch filter for unit7[0m
[0;32mI (1291) PCNT: install pcnt channels of unit7[0m
[0;32mI (1295) PCNT: set edge and level actions for pcnt channels of unit7[0m
[0;32mI (1301) PCNT: enable pcnt unit7[0m
[0;32mI (1304) PCNT: clear pcnt unit7[0m
[0;32mI (1307) PCNT: start pcnt unit7[0m
[0;32mI (1310) gpio: GPIO[4]| InputEn: 0| OutputEn: 0| OpenDrain: 0| Pullup: 1| Pulldown: 0| Intr:0 [0m
[0;32mI (1318) gpio: GPIO[2]| InputEn: 0| OutputEn: 0| OpenDrain: 0| Pullup: 1| Pulldown: 0| Intr:0 [0m
[0;32mI (1326) PCNT: install pcnt unit8[0m
[0;32mI (1329) PCNT: set glitch filter for unit8[0m
[0;32mI (1333) PCNT: install pcnt channels of unit8[0m
[0;32mI (1337) PCNT: set edge and level actions for pcnt channels of unit8[0m
[0;32mI (1343) PCNT: enable pcnt unit8[0m
[0;32mI (1346) PCNT: clear pcnt unit8[0m
[0;32mI (1349) PCNT: start pcnt unit8[0m
[0;32mI (1352) PCNT: PCNT unit setiing up completed[0m

[0;32mI (1356) PCNT: setting up   pcnt Que[0m
[0;32mI (1359) PCNT: setting up PCNT Read_Tasks[0m
[0;32mI (1363) PCNT: PCNT Task Initialization Complete. Tï¿½ï¿½ï¿½ï¿½s;!2ï¿½sOï¿½ï¿½ï¿½6ï¿½ï¿½ï¿½1Zï¿½ï¿½ï¿½2ï¿½0ï¿½ï¿½+ï¿½ï¿½ï¿½ï¿½ï¿½'ï¿½Ò²ï¿½ï¿½-"ï¿½$ï¿½{ï¿½ï¿½ï¿½ï¿½ï¿½ï¿½ï¿½ï¿½'ï¿½mï¿½ï¿½ï¿½ï¿½ï¿½ï¿½ï¿½'~ï¿½ï¿½ï¿½}ï¿½ï¿½+[0m.ï¿½Fï¿½ï¿½ï¿½ï¿½ï¿½ï¿½ï¿½sï¿½[{Ï»ï¿½ï¿½rYï¿½ï¿½ï¿½hï¿½ï¿½ï¿½ï¿½Zï¿½#Yï¿½ï¿½'~ï¿½ï¿½vï¿½1ï¿½2Mï¿½ï¿½ï¿½ï¿½ï¿½eï¿½ï¿½<ï¿½sï¿½ï¿½ï¿½ï¿½ï¿½ï¿½$7yï¿½ï¿½ï¿½ï¿½%ï¿½;RRï¿½Sï¿½ï¿½ï¿½Aï¿½ï¿½ï¿½ï¿½%ï¿½pï¿½SSï¿½S7Ä‚ï¿½RSï¿½Rï¿½ï¿½WSï¿½Rï¿½ï¿½ï¿½P7ï¿½ï¿½ï¿½ï¿½-"ï¿½rRRï¿½S7ï¿½Rï¿½Zï¿½ï¿½Ò˜(ï¿½Saï¿½ï¿½ï¿½%ï¿½(ï¿½Sï¿½ï¿½ï¿½ï¿½%ï¿½ï¿½ï¿½ï¿½-"ï¿½$ï¿½ï¿½ï¿½$ï¿½Aï¿½ï¿½ï¿½Iï¿½ï¿½-"ï¿½$ï¿½{ï¿½(ï¿½SKï¿½ï¿½%