ets Jun  8 2016 00:22:57

rst:0x1 (POWERON_RESET),boot:0x13 (SPI_FAST_FLASH_BOOT)
configsip: 0, SPIWP:0xee
clk_drv:0x00,q_drv:0x00,d_drv:0x00,cs0_drv:0x00,hd_drv:0x00,wp_drv:0x00
mode:DIO, clock div:2
load:0x3fff0030,len:6276
load:0x40078000,len:15716
load:0x40080400,len:4
ho 8 tail 4 room 4
load:0x40080404,len:3860
entry 0x4008063c
[0;32mI (30) boot: ESP-IDF v5.4-dirty 2nd stage bootloader[0m
[0;32mI (31) boot: compile time Nov 12 2025 13:47:17[0m
[0;32mI (31) boot: Multicore bootloader[0m
[0;32mI (32) boot: chip revision: v1.1[0m
[0;32mI (35) boot.esp32: SPI Speed      : 40MHz[0m
[0;32mI (39) boot.esp32: SPI Mode       : DIO[0m
[0;32mI (42) boot.esp32: SPI Flash Size : 16MB[0m
[0;32mI (46) boot: Enabling RNG early entropy source...[0m
[0;32mI (51) boot: Partition Table:[0m
[0;32mI (53) boot: ## Label            Usage          Type ST Offset   Length[0m
[0;32mI (59) boot:  0 nvs              WiFi data        01 02 00009000 00006000[0m
[0;32mI (66) boot:  1 phy_init         RF data          01 01 0000f000 00001000[0m
[0;32mI (72) boot:  2 factory          factory app      00 00 00010000 00100000[0m
[0;32mI (79) boot: End of partition table[0m
[0;32mI (82) esp_image: segment 0: paddr=00010020 vaddr=3f400020 size=0c18ch ( 49548) map[0m
[0;32mI (107) esp_image: segment 1: paddr=0001c1b4 vaddr=3ff80000 size=0001ch (    28) load[0m
[0;32mI (107) esp_image: segment 2: paddr=0001c1d8 vaddr=3ffb0000 size=0261ch (  9756) load[0m
[0;32mI (114) esp_image: segment 3: paddr=0001e7fc vaddr=40080000 size=0181ch (  6172) load[0m
[0;32mI (121) esp_image: segment 4: paddr=00020020 vaddr=400d0020 size=17ad8h ( 96984) map[0m
[0;32mI (159) esp_image: segment 5: paddr=00037b00 vaddr=4008181c size=0db24h ( 56100) load[0m
[0;32mI (188) boot: Loaded app from partition at offset 0x10000[0m
[0;32mI (188) boot: Disabling RNG early entropy source...[0m
[0;32mI (199) cpu_start: Multicore app[0m
[0;32mI (207) cpu_start: Pro cpu start user code[0m
[0;32mI (207) cpu_start: cpu freq: 160000000 Hz[0m
[0;32mI (207) app_init: Application information:[0m
[0;32mI (207) app_init: Project name:     control_1.7[0m
[0;32mI (211) app_init: App version:      v5.4-dirty[0m
[0;32mI (215) app_init: Compile time:     Nov 12 2025 13:47:06[0m
[0;32mI (220) app_init: ELF file SHA256:  5d2380114...[0m
[0;32mI (225) app_init: ESP-IDF:          v5.4-dirty[0m
[0;32mI (229) efuse_init: Min chip rev:     v0.0[0m
[0;32mI (233) efuse_init: Max chip rev:     v3.99 [0m
[0;32mI (237) efuse_init: Chip rev:         v1.1[0m
[0;32mI (241) heap_init: Initializing. RAM available for dynamic allocation:[0m
[0;32mI (247) heap_init: At 3FFAE6E0 len 00001920 (6 KiB): DRAM[0m
[0;32mI (252) heap_init: At 3FFB3A68 len 0002C598 (177 KiB): DRAM[0m
[0;32mI (257) heap_init: At 3FFE0440 len 00003AE0 (14 KiB): D/IRAM[0m
[0;32mI (263) heap_init: At 3FFE4350 len 0001BCB0 (111 KiB): D/IRAM[0m
[0;32mI (268) heap_init: At 4008F340 len 00010CC0 (67 KiB): IRAM[0m
[0;32mI (275) spi_flash: detected chip: generic[0m
[0;32mI (277) spi_flash: flash io: dio[0m
[0;32mI (281) main_task: Started on CPU0[0m
[0;32mI (284) main_task: Calling app_main()[0m
[0;32mI (287) gpio: GPIO[12]| InputEn: 0| OutputEn: 0| OpenDrain: 0| Pullup: 1| Pulldown: 0| Intr:0 [0m
[0;32mI (295) uart: ESP_INTR_FLAG_IRAM flag not set while CONFIG_UART_ISR_IN_IRAM is enabled, flag updated[0m
[0;32mI (304) uart: queue free spaces: 20[0m
[0;32mI (308) UART_SLAVE_DMA: UART initialized with DMA, 2000000 bps[0m
[0;32mI (322) UART_SLAVE_DMA: Setting up PWM and PID module[0m
[0;32mI (322) LEDC_PWM_UNIT: setting up LEDC units and chaneels[0m
[0;32mI (322) gpio: GPIO[32]| InputEn: 0| OutputEn: 0| OpenDrain: 0| Pullup: 1| Pulldown: 0| Intr:0 [0m
[0;32mI (331) gpio: GPIO[33]| InputEn: 0| OutputEn: 0| OpenDrain: 0| Pullup: 1| Pulldown: 0| Intr:0 [0m
[0;32mI (339) gpio: GPIO[25]| InputEn: 0| OutputEn: 0| OpenDrain: 0| Pullup: 1| Pulldown: 0| Intr:0 [0m
[0;32mI (347) gpio: GPIO[26]| InputEn: 0| OutputEn: 0| OpenDrain: 0| Pullup: 1| Pulldown: 0| Intr:0 [0m
[0;32mI (356) gpio: GPIO[27]| InputEn: 0| OutputEn: 0| OpenDrain: 0| Pullup: 1| Pulldown: 0| Intr:0 [0m
[0;32mI (364) gpio: GPIO[14]| InputEn: 0| OutputEn: 0| OpenDrain: 0| Pullup: 1| Pulldown: 0| Intr:0 [0m
[0;32mI (372) gpio: GPIO[23]| InputEn: 0| OutputEn: 0| OpenDrain: 0| Pullup: 1| Pulldown: 0| Intr:0 [0m
[0;32mI (381) gpio: GPIO[22]| InputEn: 0| OutputEn: 0| OpenDrain: 0| Pullup: 1| Pulldown: 0| Intr:0 [0m
[0;32mI (389) gpio: GPIO[21]| InputEn: 0| OutputEn: 0| OpenDrain: 0| Pullup: 1| Pulldown: 0| Intr:0 [0m
[0;32mI (397) gpio: GPIO[19]| InputEn: 0| OutputEn: 0| OpenDrain: 0| Pullup: 1| Pulldown: 0| Intr:0 [0m
[0;32mI (406) gpio: GPIO[18]| InputEn: 0| OutputEn: 0| OpenDrain: 0| Pullup: 1| Pulldown: 0| Intr:0 [0m
[0;32mI (414) gpio: GPIO[5]| InputEn: 0| OutputEn: 0| OpenDrain: 0| Pullup: 1| Pulldown: 0| Intr:0 [0m
[0;32mI (422) gpio: GPIO[17]| InputEn: 0| OutputEn: 0| OpenDrain: 0| Pullup: 1| Pulldown: 0| Intr:0 [0m
[0;32mI (430) gpio: GPIO[16]| InputEn: 0| OutputEn: 0| OpenDrain: 0| Pullup: 1| Pulldown: 0| Intr:0 [0m
[0;32mI (439) gpio: GPIO[4]| InputEn: 0| OutputEn: 0| OpenDrain: 0| Pullup: 1| Pulldown: 0| Intr:0 [0m
[0;32mI (447) gpio: GPIO[2]| InputEn: 0| OutputEn: 0| OpenDrain: 0| Pullup: 1| Pulldown: 0| Intr:0 [0m
[0;32mI (566) LEDC_PWM_UNIT: LEDC unit setiing up completed[0m

[0;32mI (576) MOTOR_SET: Starting PID application...[0m
[0;32mI (576) MOTOR_SET: Motor timer started at 5000.00 Hz[0m
[1;31mE (578) MOTOR_SET: Applied to motor[4]: pwm=-240 dir=-1[0m
[0;32mI (580) MOTOR_SET: PID application started successfully[0m
[1;31mE (581) MOTOR_SET: Applied to motor[4]: pwm=-240 dir=-1[0m

assert failed: xTaskGenericNotify tasks.c:5906 (xTaskToNotify)


Backtrace: 0x40081ab9:0x3ffbab90 0x400877f1:0x3ffbabb0 0x4008dcf5:0x3ffbabd0 0x4008a364:0x3ffbacf0 0x400d5f19:0x3ffbad10 0x40088269:0x3ffbad60




ELF file SHA256: 5d2380114

Rebooting...
ets Jun  8 2016 00:22:57

rst:0xc (SW_CPU_RESET),boot:0x13 (SPI_FAST_FLASH_BOOT)
configsip: 0, SPIWP:0xee
clk_drv:0x00,q_drv:0x00,d_drv:0x00,cs0_drv:0x00,hd_drv:0x00,wp_drv:0x00
mode:DIO, clock div:2
load:0x3fff0030,len:6276
load:0x40078000,len:15716
load:0x40080400,len:4
ho 8 tail 4 room 4
load:0x40080404,len:3860
entry 0x4008063c
[0;32mI (30) boot: ESP-IDF v5.4-dirty 2nd stage bootloader[0m
[0;32mI (31) boot: compile time Nov 12 2025 13:47:17[0m
[0;32mI (31) boot: Multicore bootloader[0m
[0;32mI (33) boot: chip revision: v1.1[0m
[0;32mI (35) boot.esp32: SPI Speed      : 40MHz[0m
[0;32mI (39) boot.esp32: SPI Mode       : DIO[0m
[0;32mI (43) boot.esp32: SPI Flash Size : 16MB[0m
[0;32mI (46) boot: Enabling RNG early entropy source...[0m
[0;32mI (51) boot: Partition Table:[0m
[0;32mI (53) boot: ## Label            Usage          Type ST Offset   Length[0m
[0;32mI (60) boot:  0 nvs              WiFi data        01 02 00009000 00006000[0m
[0;32mI (66) boot:  1 phy_init         RF data          01 01 0000f000 00001000[0m
[0;32mI (73) boot:  2 factory          factory app      00 00 00010000 00100000[0m
[0;32mI (79) boot: End of partition table[0m
[0;32mI (83) esp_image: segment 0: paddr=00010020 vaddr=3f400020 size=0c18ch ( 49548) map[0m
[0;32mI (107) esp_image: segment 1: paddr=0001c1b4 vaddr=3ff80000 size=0001ch (    28) load[0m
[0;32mI (107) esp_image: segment 2: paddr=0001c1d8 vaddr=3ffb0000 size=0261ch (  9756) load[0m
[0;32mI (115) esp_image: segment 3: paddr=0001e7fc vaddr=40080000 size=0181ch (  6172) load[0m
[0;32mI (121) esp_image: segment 4: paddr=00020020 vaddr=400d0020 size=17ad8h ( 96984) map[0m
[0;32mI (159) esp_image: segment 5: paddr=00037b00 vaddr=4008181c size=0db24h ( 56100) load[0m
[0;32mI (188) boot: Loaded app from partition at offset 0x10000[0m
[0;32mI (188) boot: Disabling RNG early entropy source...[0m
[0;32mI (199) cpu_start: Multicore app[0m
[0;32mI (207) cpu_start: Pro cpu start user code[0m
[0;32mI (207) cpu_start: cpu freq: 160000000 Hz[0m
[0;32mI (207) app_init: Application information:[0m
[0;32mI (207) app_init: Project name:     control_1.7[0m
[0;32mI (211) app_init: App version:      v5.4-dirty[0m
[0;32mI (216) app_init: Compile time:     Nov 12 2025 13:47:06[0m
[0;32mI (221) app_init: ELF file SHA256:  5d2380114...[0m
[0;32mI (225) app_init: ESP-IDF:          v5.4-dirty[0m
[0;32mI (229) efuse_init: Min chip rev:     v0.0[0m
[0;32mI (233) efuse_init: Max chip rev:     v3.99 [0m
[0;32mI (237) efuse_init: Chip rev:         v1.1[0m
[0;32mI (241) heap_init: Initializing. RAM available for dynamic allocation:[0m
[0;32mI (247) heap_init: At 3FFAE6E0 len 00001920 (6 KiB): DRAM[0m
[0;32mI (252) heap_init: At 3FFB3A68 len 0002C598 (177 KiB): DRAM[0m
[0;32mI (257) heap_init: At 3FFE0440 len 00003AE0 (14 KiB): D/IRAM[0m
[0;32mI (263) heap_init: At 3FFE4350 len 0001BCB0 (111 KiB): D/IRAM[0m
[0;32mI (268) heap_init: At 4008F340 len 00010CC0 (67 KiB): IRAM[0m
[0;32mI (275) spi_flash: detected chip: generic[0m
[0;32mI (277) spi_flash: flash io: dio[0m
[0;32mI (281) main_task: Started on CPU0[0m
[0;32mI (284) main_task: Calling app_main()[0m
[0;32mI (287) gpio: GPIO[12]| InputEn: 0| OutputEn: 0| OpenDrain: 0| Pullup: 1| Pulldown: 0| Intr:0 [0m
[0;32mI (295) uart: ESP_INTR_FLAG_IRAM flag not set while CONFIG_UART_ISR_IN_IRAM is enabled, flag updated[0m
[0;32mI (304) uart: queue free spaces: 20[0m
[0;32mI (308) UART_SLAVE_DMA: UART initialized with DMA, 2000000 bps[0m
[0;32mI (322) UART_SLAVE_DMA: Setting up PWM and PID module[0m
[0;32mI (322) LEDC_PWM_UNIT: setting up LEDC units and chaneels[0m
[0;32mI (322) gpio: GPIO[32]| InputEn: 0| OutputEn: 0| OpenDrain: 0| Pullup: 1| Pulldown: 0| Intr:0 [0m
[0;32mI (331) gpio: GPIO[33]| InputEn: 0| OutputEn: 0| OpenDrain: 0| Pullup: 1| Pulldown: 0| Intr:0 [0m
[0;32mI (339) gpio: GPIO[25]| InputEn: 0| OutputEn: 0| OpenDrain: 0| Pullup: 1| Pulldown: 0| Intr:0 [0m
[0;32mI (347) gpio: GPIO[26]| InputEn: 0| OutputEn: 0| OpenDrain: 0| Pullup: 1| Pulldown: 0| Intr:0 [0m
[0;32mI (356) gpio: GPIO[27]| InputEn: 0| OutputEn: 0| OpenDrain: 0| Pullup: 1| Pulldown: 0| Intr:0 [0m
[0;32mI (364) gpio: GPIO[14]| InputEn: 0| OutputEn: 0| OpenDrain: 0| Pullup: 1| Pulldown: 0| Intr:0 [0m
[0;32mI (372) gpio: GPIO[23]| InputEn: 0| OutputEn: 0| OpenDrain: 0| Pullup: 1| Pulldown: 0| Intr:0 [0m
[0;32mI (381) gpio: GPIO[22]| InputEn: 0| OutputEn: 0| OpenDrain: 0| Pullup: 1| Pulldown: 0| Intr:0 [0m
[0;32mI (389) gpio: GPIO[21]| InputEn: 0| OutputEn: 0| OpenDrain: 0| Pullup: 1| Pulldown: 0| Intr:0 [0m
[0;32mI (397) gpio: GPIO[19]| InputEn: 0| OutputEn: 0| OpenDrain: 0| Pullup: 1| Pulldown: 0| Intr:0 [0m
[0;32mI (406) gpio: GPIO[18]| InputEn: 0| OutputEn: 0| OpenDrain: 0| Pullup: 1| Pulldown: 0| Intr:0 [0m
[0;32mI (414) gpio: GPIO[5]| InputEn: 0| OutputEn: 0| OpenDrain: 0| Pullup: 1| Pulldown: 0| Intr:0 [0m
[0;32mI (422) gpio: GPIO[17]| InputEn: 0| OutputEn: 0| OpenDrain: 0| Pullup: 1| Pulldown: 0| Intr:0 [0m
[0;32mI (430) gpio: GPIO[16]| InputEn: 0| OutputEn: 0| OpenDrain: 0| Pullup: 1| Pulldown: 0| Intr:0 [0m
[0;32mI (439) gpio: GPIO[4]| InputEn: 0| OutputEn: 0| OpenDrain: 0| Pullup: 1| Pulldown: 0| Intr:0 [0m
[0;32mI (447) gpio: GPIO[2]| InputEn: 0| OutputEn: 0| OpenDrain: 0| Pullup: 1| Pulldown: 0| Intr:0 [0m
[0;32mI (566) LEDC_PWM_UNIT: LEDC unit setiing up completed[0m

[0;32mI (576) MOTOR_SET: Starting PID application...[0m
[0;32mI (576) MOTOR_SET: Motor timer started at 5000.00 Hz[0m
[1;31mE (578) MOTOR_SET: Applied to motor[4]: pwm=-240 dir=-1[0m
[0;32mI (580) MOTOR_SET: PID application started successfully[0m
[1;31mE (581) MOTOR_SET: Applied to motor[4]: pwm=-240 dir=-1[0m

assert failed: xTaskGenericNotify tasks.c:5906 (xTaskToNotify)


Backtrace: 0x40081ab9:0x3ffbab90 0x400877f1:0x3ffbabb0 0x4008dcf5:0x3ffbabd0 0x4008a364:0x3ffbacf0 0x400d5f19:0x3ffbad10 0x40088269:0x3ffbad60




ELF file SHA256: 5d2380114

Rebooting...
ets Jun  8 2016 00:22:57

rst:0xc (SW_CPU_RESET),boot:0x13 (SPI_FAST_FLASH_BOOT)
configsip: 0, SPIWP:0xee
clk_drv:0x00,q_drv:0x00,d_drv:0x00,cs0_drv:0x00,hd_drv:0x00,wp_drv:0x00
mode:DIO, clock div:2
load:0x3fff0030,len:6276
load:0x40078000,len:15716
load:0x40080400,len:4
ho 8 tail 4 room 4
load:0x40080404,len:3860
entry 0x4008063c
[0;32mI (30) boot: ESP-IDF v5.4-dirty 2nd stage bootloader[0m
[0;32mI (31) boot: compile time Nov 12 2025 13:47:17[0m
[0;32mI (31) boot: Multicore bootloader[0m
[0;32mI (33) boot: chip revision: v1.1[0m
[0;32mI (35) boot.esp32: SPI Speed      : 40MHz[0m
[0;32mI (39) boot.esp32: SPI Mode       : DIO[0m
[0;32mI (43) boot.esp32: SPI Flash Size : 16MB[0m
[0;32mI (46) boot: Enabling RNG early entropy source...[0m
[0;32mI (51) boot: Partition Table:[0m
[0;32mI (53) boot: ## Label            Usage          Type ST Offset   Length[0m
[0;32mI (60) boot:  0 nvs              WiFi data        01 02 00009000 00006000[0m
[0;32mI (66) boot:  1 phy_init         RF data          01 01 0000f000 00001000[0m
[0;32mI (73) boot:  2 factory          factory app      00 00 00010000 00100000[0m
[0;32mI (79) boot: End of partition table[0m
[0;32mI (83) esp_image: segment 0: paddr=00010020 vaddr=3f400020 size=0c18ch ( 49548) map[0m
[0;32mI (107) esp_image: segment 1: paddr=0001c1b4 vaddr=3ff80000 size=0001ch (    28) load[0m
[0;32mI (107) esp_image: segment 2: paddr=0001c1d8 vaddr=3ffb0000 size=0261ch (  9756) load[0m
[0;32mI (115) esp_image: segment 3: paddr=0001e7fc vaddr=40080000 size=0181ch (  6172) load[0m
[0;32mI (121) esp_image: segment 4: paddr=00020020 vaddr=400d0020 size=17ad8h ( 96984) map[0m
[0;32mI (159) esp_image: segment 5: paddr=00037b00 vaddr=4008181c size=0db24h ( 56100) load[0m
[0;32mI (188) boot: Loaded app from partition at offset 0x10000[0m
[0;32mI (188) boot: Disabling RNG early entropy source...[0m
[0;32mI (199) cpu_start: Multicore app[0m
[0;32mI (207) cpu_start: Pro cpu start user code[0m
[0;32mI (207) cpu_start: cpu freq: 160000000 Hz[0m
[0;32mI (207) app_init: Application information:[0m
[0;32mI (207) app_init: Project name:     control_1.7[0m
[0;32mI (211) app_init: App version:      v5.4-dirty[0m
[0;32mI (216) app_init: Compile time:     Nov 12 2025 13:47:06[0m
[0;32mI (221) app_init: ELF file SHA256:  5d2380114...[0m
[0;32mI (225) app_init: ESP-IDF:          v5.4-dirty[0m
[0;32mI (229) efuse_init: Min chip rev:     v0.0[0m
[0;32mI (233) efuse_init: Max chip rev:     v3.99 [0m
[0;32mI (237) efuse_init: Chip rev:         v1.1[0m
[0;32mI (241) heap_init: Initializing. RAM available for dynamic allocation:[0m
[0;32mI (247) heap_init: At 3FFAE6E0 len 00001920 (6 KiB): DRAM[0m
[0;32mI (252) heap_init: At 3FFB3A68 len 0002C598 (177 KiB): DRAM[0m
[0;32mI (257) heap_init: At 3FFE0440 len 00003AE0 (14 KiB): D/IRAM[0m
[0;32mI (263) heap_init: At 3FFE4350 len 0001BCB0 (111 KiB): D/IRAM[0m
[0;32mI (268) heap_init: At 4008F340 len 00010CC0 (67 KiB): IRAM[0m
[0;32mI (275) spi_flash: detected chip: generic[0m
[0;32mI (277) spi_flash: flash io: dio[0m
[0;32mI (281) main_task: Started on CPU0[0m
[0;32mI (284) main_task: Calling app_main()[0m
[0;32mI (287) gpio: GPIO[12]| InputEn: 0| OutputEn: 0| OpenDrain: 0| Pullup: 1| Pulldown: 0| Intr:0 [0m
[0;32mI (295) uart: ESP_INTR_FLAG_IRAM flag not set while CONFIG_UART_ISR_IN_IRAM is enabled, flag updated[0m
[0;32mI (304) uart: queue free spaces: 20[0m
[0;32mI (308) UART_SLAVE_DMA: UART initialized with DMA, 2000000 bps[0m
[0;32mI (322) UART_SLAVE_DMA: Setting up PWM and PID module[0m
[0;32mI (322) LEDC_PWM_UNIT: setting up LEDC units and chaneels[0m
[0;32mI (322) gpio: GPIO[32]| InputEn: 0| OutputEn: 0| OpenDrain: 0| Pullup: 1| Pulldown: 0| Intr:0 [0m
[0;32mI (331) gpio: GPIO[33]| InputEn: 0| OutputEn: 0| OpenDrain: 0| Pullup: 1| Pulldown: 0| Intr:0 [0m
[0;32mI (339) gpio: GPIO[25]| InputEn: 0| OutputEn: 0| OpenDrain: 0| Pullup: 1| Pulldown: 0| Intr:0 [0m
[0;32mI (347) gpio: GPIO[26]| InputEn: 0| OutputEn: 0| OpenDrain: 0| Pullup: 1| Pulldown: 0| Intr:0 [0m
[0;32mI (356) gpio: GPIO[27]| InputEn: 0| OutputEn: 0| OpenDrain: 0| Pullup: 1| Pulldown: 0| Intr:0 [0m
[0;32mI (364) gpio: GPIO[14]| InputEn: 0| OutputEn: 0| OpenDrain: 0| Pullup: 1| Pulldown: 0| Intr:0 [0m
[0;32mI (372) gpio: GPIO[23]| InputEn: 0| OutputEn: 0| OpenDrain: 0| Pullup: 1| Pulldown: 0| Intr:0 [0m
[0;32mI (381) gpio: GPIO[22]| InputEn: 0| OutputEn: 0| OpenDrain: 0| Pullup: 1| Pulldown: 0| Intr:0 [0m
[0;32mI (389) gpio: GPIO[21]| InputEn: 0| OutputEn: 0| OpenDrain: 0| Pullup: 1| Pulldown: 0| Intr:0 [0m
[0;32mI (397) gpio: GPIO[19]| InputEn: 0| OutputEn: 0| OpenDrain: 0| Pullup: 1| Pulldown: 0| Intr:0 [0m
[0;32mI (406) gpio: GPIO[18]| InputEn: 0| OutputEn: 0| OpenDrain: 0| Pullup: 1| Pulldown: 0| Intr:0 [0m
[0;32mI (414) gpio: GPIO[5]| InputEn: 0| OutputEn: 0| OpenDrain: 0| Pullup: 1| Pulldown: 0| Intr:0 [0m
[0;32mI (422) gpio: GPIO[17]| InputEn: 0| OutputEn: 0| OpenDrain: 0| Pullup: 1| Pulldown: 0| Intr:0 [0m
[0;32mI (430) gpio: GPIO[16]| InputEn: 0| OutputEn: 0| OpenDrain: 0| Pullup: 1| Pulldown: 0| Intr:0 [0m
[0;32mI (439) gpio: GPIO[4]| InputEn: 0| OutputEn: 0| OpenDrain: 0| Pullup: 1| Pulldown: 0| Intr:0 [0m
[0;32mI (447) gpio: GPIO[2]| InputEn: 0| OutputEn: 0| OpenDrain: 0| Pullup: 1| Pulldown: 0| Intr:0 [0m
[0;32mI (566) LEDC_PWM_UNIT: LEDC unit setiing up completed[0m

[0;32mI (576) MOTOR_SET: Starting PID application...[0m
[0;32mI (576) MOTOR_SET: Motor timer started at 5000.00 Hz[0m
[1;31mE (578) MOTOR_SET: Applied to motor[4]: pwm=-240 dir=-1[0m
[0;32mI (580) MOTOR_SET: PID application started successfully[0m
[1;31mE (581) MOTOR_SET: Applied to motor[4]: pwm=-240 dir=-1[0m

assert failed: xTaskGenericNotify tasks.c:5906 (xTaskToNotify)


Backtrace: 0x40081ab9:0x3ffbab90 0x400877f1:0x3ffbabb0 0x4008dcf5:0x3ffbabd0 0x4008a364:0x3ffbacf0 0x400d5f19:0x3ffbad10 0x40088269:0x3ffbad60




ELF file SHA256: 5d2380114

Rebooting...
ets Jun  8 2016 00:22:57

rst:0xc (SW_CPU_RESET),boot:0x13 (SPI_FAST_FLASH_BOOT)
configsip: 0, SPIWP:0xee
clk_drv:0x00,q_drv:0x00,d_drv:0x00,cs0_drv:0x00,hd_drv:0x00,wp_drv:0x00
mode:DIO, clock div:2
load:0x3fff0030,len:6276
load:0x40078000,len:15716
load:0x40080400,len:4
ho 8 tail 4 room 4
load:0x40080404,len:3860
entry 0x4008063c
[0;32mI (30) boot: ESP-IDF v5.4-dirty 2nd stage bootloader[0m
[0;32mI (31) boot: compile time Nov 12 2025 13:47:17[0m
[0;32mI (31) boot: Multicore bootloader[0m
[0;32mI (33) boot: chip revision: v1.1[0m
[0;32mI (35) boot.esp32: SPI Speed      : 40MHz[0m
[0;32mI (39) boot.esp32: SPI Mode       : DIO[0m
[0;32mI (43) boot.esp32: SPI Flash Size : 16MB[0m
[0;32mI (46) boot: Enabling RNG early entropy source...[0m
[0;32mI (51) boot: Partition Table:[0m
[0;32mI (53) boot: ## Label            Usage          Type ST Offset   Length[0m
[0;32mI (60) boot:  0 nvs              WiFi data        01 02 00009000 00006000[0m
[0;32mI (66) boot:  1 phy_init         RF data          01 01 0000f000 00001000[0m
[0;32mI (73) boot:  2 factory          factory app      00 00 00010000 00100000[0m
[0;32mI (79) boot: End of partition table[0m
[0;32mI (83) esp_image: segment 0: paddr=00010020 vaddr=3f400020 size=0c18ch ( 49548) map[0m
[0;32mI (107) esp_image: segment 1: paddr=0001c1b4 vaddr=3ff80000 size=0001ch (    28) load[0m
[0;32mI (107) esp_image: segment 2: paddr=0001c1d8 vaddr=3ffb0000 size=0261ch (  9756) load[0m
[0;32mI (115) esp_image: segment 3: paddr=0001e7fc vaddr=40080000 size=0181ch (  6172) load[0m
[0;32mI (121) esp_image: segment 4: paddr=00020020 vaddr=400d0020 size=17ad8h ( 96984) map[0m
[0;32mI (159) esp_image: segment 5: paddr=00037b00 vaddr=4008181c size=0db24h ( 56100) load[0m
[0;32mI (188) boot: Loaded app from partition at offset 0x10000[0m
[0;32mI (188) boot: Disabling RNG early entropy source...[0m
[0;32mI (199) cpu_start: Multicore app[0m
[0;32mI (207) cpu_start: Pro cpu start user code[0m
[0;32mI (207) cpu_start: cpu freq: 160000000 Hz[0m
[0;32mI (207) app_init: Application information:[0m
[0;32mI (207) app_init: Project name:     control_1.7[0m
[0;32mI (211) app_init: App version:      v5.4-dirty[0m
[0;32mI (216) app_init: Compile time:     Nov 12 2025 13:47:06[0m
[0;32mI (221) app_init: ELF file SHA256:  5d2380114...[0m
[0;32mI (225) app_init: ESP-IDF:          v5.4-dirty[0m
[0;32mI (229) efuse_init: Min chip rev:     v0.0[0m
[0;32mI (233) efuse_init: Max chip rev:     v3.99 [0m
[0;32mI (237) efuse_init: Chip rev:         v1.1[0m
[0;32mI (241) heap_init: Initializing. RAM available for dynamic allocation:[0m
[0;32mI (247) heap_init: At 3FFAE6E0 len 00001920 (6 KiB): DRAM[0m
[0;32mI (252) heap_init: At 3FFB3A68 len 0002C598 (177 KiB): DRAM[0m
[0;32mI (257) heap_init: At 3FFE0440 len 00003AE0 (14 KiB): D/IRAM[0m
[0;32mI (263) heap_init: At 3FFE4350 len 0001BCB0 (111 KiB): D/IRAM[0m
[0;32mI (268) heap_init: At 4008F340 len 00010CC0 (67 KiB): IRAM[0m
[0;32mI (275) spi_flash: detected chip: generic[0m
[0;32mI (277) spi_flash: flash io: dio[0m
[0;32mI (281) main_task: Started on CPU0[0m
[0;32mI (284) main_task: Calling app_main()[0m
[0;32mI (287) gpio: GPIO[12]| InputEn: 0| OutputEn: 0| OpenDrain: 0| Pullup: 1| Pulldown: 0| Intr:0 [0m
[0;32mI (295) uart: ESP_INTR_FLAG_IRAM flag not set while CONFIG_UART_ISR_IN_IRAM is enabled, flag updated[0m
[0;32mI (304) uart: queue free spaces: 20[0m
[0;32mI (308) UART_SLAVE_DMA: UART initialized with DMA, 2000000 bps[0m
[0;32mI (322) UART_SLAVE_DMA: Setting up PWM and PID module[0m
[0;32mI (322) LEDC_PWM_UNIT: setting up LEDC units and chaneels[0m
[0;32mI (322) gpio: GPIO[32]| InputEn: 0| OutputEn: 0| OpenDrain: 0| Pullup: 1| Pulldown: 0| Intr:0 [0m
[0;32mI (331) gpio: GPIO[33]| InputEn: 0| OutputEn: 0| OpenDrain: 0| Pullup: 1| Pulldown: 0| Intr:0 [0m
[0;32mI (339) gpio: GPIO[25]| InputEn: 0| OutputEn: 0| OpenDrain: 0| Pullup: 1| Pulldown: 0| Intr:0 [0m
[0;32mI (347) gpio: GPIO[26]| InputEn: 0| OutputEn: 0| OpenDrain: 0| Pullup: 1| Pulldown: 0| Intr:0 [0m
[0;32mI (356) gpio: GPIO[27]| InputEn: 0| OutputEn: 0| OpenDrain: 0| Pullup: 1| Pulldown: 0| Intr:0 [0m
[0;32mI (364) gpio: GPIO[14]| InputEn: 0| OutputEn: 0| OpenDrain: 0| Pullup: 1| Pulldown: 0| Intr:0 [0m
[0;32mI (372) gpio: GPIO[23]| InputEn: 0| OutputEn: 0| OpenDrain: 0| Pullup: 1| Pulldown: 0| Intr:0 [0m
[0;32mI (381) gpio: GPIO[22]| InputEn: 0| OutputEn: 0| OpenDrain: 0| Pullup: 1| Pulldown: 0| Intr:0 [0m
[0;32mI (389) gpio: GPIO[21]| InputEn: 0| OutputEn: 0| OpenDrain: 0| Pullup: 1| Pulldown: 0| Intr:0 [0m
[0;32mI (397) gpio: GPIO[19]| InputEn: 0| OutputEn: 0| OpenDrain: 0| Pullup: 1| Pulldown: 0| Intr:0 [0m
[0;32mI (406) gpio: GPIO[18]| InputEn: 0| OutputEn: 0| OpenDrain: 0| Pullup: 1| Pulldown: 0| Intr:0 [0m
[0;32mI (414) gpio: GPIO[5]| InputEn: 0| OutputEn: 0| OpenDrain: 0| Pullup: 1| Pulldown: 0| Intr:0 [0m
[0;32mI (422) gpio: GPIO[17]| InputEn: 0| OutputEn: 0| OpenDrain: 0| Pullup: 1| Pulldown: 0| Intr:0 [0m
[0;32mI (430) gpio: GPIO[16]| InputEn: 0| OutputEn: 0| OpenDrain: 0| Pullup: 1| Pulldown: 0| Intr:0 [0m
[0;32mI (439) gpio: GPIO[4]| InputEn: 0| OutputEn: 0| OpenDrain: 0| Pullup: 1| Pulldown: 0| Intr:0 [0m
[0;32mI (447) gpio: GPIO[2]| InputEn: 0| OutputEn: 0| OpenDrain: 0| Pullup: 1| Pulldown: 0| Intr:0 [0m
[0;32mI (566) LEDC_PWM_UNIT: LEDC unit setiing up completed[0m

[0;32mI (576) MOTOR_SET: Starting PID application...[0m
[0;32mI (576) MOTOR_SET: Motor timer started at 5000.00 Hz[0m
[1;31mE (578) MOTOR_SET: Applied to motor[4]: pwm=-240 dir=-1[0m
[0;32mI (580) MOTOR_SET: PID application started successfully[0m
[1;31mE (581) MOTOR_SET: Applied to motor[4]: pwm=-240 dir=-1[0m

assert failed: xTaskGenericNotify tasks.c:5906 (xTaskToNotify)


Backtrace: 0x40081ab9:0x3ffbab90 0x400877f1:0x3ffbabb0 0x4008dcf5:0x3ffbabd0 0x4008a364:0x3ffbacf0 0x400d5f19:0x3ffbad10 0x40088269:0x3ffbad60




ELF file SHA256: 5d2380114

Rebooting...
ets Jun  8 2016 00:22:57

rst:0xc (SW_CPU_RESET),boot:0x13 (SPI_FAST_FLASH_BOOT)
configsip: 0, SPIWP:0xee
clk_drv:0x00,q_drv:0x00,d_drv:0x00,cs0_drv:0x00,hd_drv:0x00,wp_drv:0x00
mode:DIO, clock div:2
load:0x3fff0030,len:6276
load:0x40078000,len:15716
load:0x40080400,len:4
ho 8 tail 4 room 4
load:0x40080404,len:3860
entry 0x4008063c
[0;32mI (30) boot: ESP-IDF v5.4-dirty 2nd stage bootloader[0m
[0;32mI (31) boot: compile time Nov 12 2025 13:47:17[0m
[0;32mI (31) boot: Multicore bootloader[0m
[0;32mI (33) boot: chip revision: v1.1[0m
[0;32mI (35) boot.esp32: SPI Speed      : 40MHz[0m
[0;32mI (39) boot.esp32: SPI Mode       : DIO[0m
[0;32mI (43) boot.esp32: SPI Flash Size : 16MB[0m
[0;32mI (46) boot: Enabling RNG early entropy source...[0m
[0;32mI (51) boot: Partition Table:[0m
[0;32mI (53) boot: ## Label            Usage          Type ST Offset   Length[0m
[0;32mI (60) boot:  0 nvs              WiFi data        01 02 00009000 00006000[0m
[0;32mI (66) boot:  1 phy_init         RF data          01 01 0000f000 00001000[0m
[0;32mI (73) boot:  2 factory          factory app      00 00 00010000 00100000[0m
[0;32mI (79) boot: End of partition table[0m
[0;32mI (83) esp_image: segment 0: paddr=00010020 vaddr=3f400020 size=0c18ch ( 49548) map[0m
[0;32mI (107) esp_image: segment 1: paddr=0001c1b4 vaddr=3ff80000 size=0001ch (    28) load[0m
[0;32mI (107) esp_image: segment 2: paddr=0001c1d8 vaddr=3ffb0000 size=0261ch (  9756) load[0m
[0;32mI (115) esp_image: segment 3: paddr=0001e7fc vaddr=40080000 size=0181ch (  6172) load[0m
[0;32mI (121) esp_image: segment 4: paddr=00020020 vaddr=400d0020 size=17ad8h ( 96984) map[0m
[0;32mI (159) esp_image: segment 5: paddr=00037b00 vaddr=4008181c size=0db24h ( 56100) load[0m
[0;32mI (188) boot: Loaded app from partition at offset 0x10000[0m
[0;32mI (188) boot: Disabling RNG early entropy source...[0m
[0;32mI (199) cpu_start: Multicore app[0m
[0;32mI (207) cpu_start: Pro cpu start user code[0m
[0;32mI (207) cpu_start: cpu freq: 160000000 Hz[0m
[0;32mI (207) app_init: Application information:[0m
[0;32mI (207) app_init: Project name:     control_1.7[0m
[0;32mI (211) app_init: App version:      v5.4-dirty[0m
[0;32mI (216) app_init: Compile time:     Nov 12 2025 13:47:06[0m
[0;32mI (221) app_init: ELF file SHA256:  5d2380114...[0m
[0;32mI (225) app_init: ESP-IDF:          v5.4-dirty[0m
[0;32mI (229) efuse_init: Min chip rev:     v0.0[0m
[0;32mI (233) efuse_init: Max chip rev:     v3.99 [0m
[0;32mI (237) efuse_init: Chip rev:         v1.1[0m
[0;32mI (241) heap_init: Initializing. RAM available for dynamic allocation:[0m
[0;32mI (247) heap_init: At 3FFAE6E0 len 00001920 (6 KiB): DRAM[0m
[0;32mI (252) heap_init: At 3FFB3A68 len 0002C598 (177 KiB): DRAM[0m
[0;32mI (257) heap_init: At 3FFE0440 len 00003AE0 (14 KiB): D/IRAM[0m
[0;32mI (263) heap_init: At 3FFE4350 len 0001BCB0 (111 KiB): D/IRAM[0m
[0;32mI (268) heap_init: At 4008F340 len 00010CC0 (67 KiB): IRAM[0m
[0;32mI (275) spi_flash: detected chip: generic[0m
[0;32mI (277) spi_flash: flash io: dio[0m
[0;32mI (281) main_task: Started on CPU0[0m
[0;32mI (284) main_task: Calling app_main()[0m
[0;32mI (287) gpio: GPIO[12]| InputEn: 0| OutputEn: 0| OpenDrain: 0| Pullup: 1| Pulldown: 0| Intr:0 [0m
[0;32mI (295) uart: ESP_INTR_FLAG_IRAM flag not set while CONFIG_UART_ISR_IN_IRAM is enabled, flag updated[0m
[0;32mI (304) uart: queue free spaces: 20[0m
[0;32mI (308) UART_SLAVE_DMA: UART initialized with DMA, 2000000 bps[0m
[0;32mI (322) UART_SLAVE_DMA: Setting up PWM and PID module[0m
[0;32mI (322) LEDC_PWM_UNIT: setting up LEDC units and chaneels[0m
[0;32mI (322) gpio: GPIO[32]| InputEn: 0| OutputEn: 0| OpenDrain: 0| Pullup: 1| Pulldown: 0| Intr:0 [0m
[0;32mI (331) gpio: GPIO[33]| InputEn: 0| OutputEn: 0| OpenDrain: 0| Pullup: 1| Pulldown: 0| Intr:0 [0m
[0;32mI (339) gpio: GPIO[25]| InputEn: 0| OutputEn: 0| OpenDrain: 0| Pullup: 1| Pulldown: 0| Intr:0 [0m
[0;32mI (347) gpio: GPIO[26]| InputEn: 0| OutputEn: 0| OpenDrain: 0| Pullup: 1| Pulldown: 0| Intr:0 [0m
[0;32mI (356) gpio: GPIO[27]| InputEn: 0| OutputEn: 0| OpenDrain: 0| Pullup: 1| Pulldown: 0| Intr:0 [0m
[0;32mI (364) gpio: GPIO[14]| InputEn: 0| OutputEn: 0| OpenDrain: 0| Pullup: 1| Pulldown: 0| Intr:0 [0m
[0;32mI (372) gpio: GPIO[23]| InputEn: 0| OutputEn: 0| OpenDrain: 0| Pullup: 1| Pulldown: 0| Intr:0 [0m
[0;32mI (381) gpio: GPIO[22]| InputEn: 0| OutputEn: 0| OpenDrain: 0| Pullup: 1| Pulldown: 0| Intr:0 [0m
[0;32mI (389) gpio: GPIO[21]| InputEn: 0| OutputEn: 0| OpenDrain: 0| Pullup: 1| Pulldown: 0| Intr:0 [0m
[0;32mI (397) gpio: GPIO[19]| InputEn: 0| OutputEn: 0| OpenDrain: 0| Pullup: 1| Pulldown: 0| Intr:0 [0m
[0;32mI (406) gpio: GPIO[18]| InputEn: 0| OutputEn: 0| OpenDrain: 0| Pullup: 1| Pulldown: 0| Intr:0 [0m
[0;32mI (414) gpio: GPIO[5]| InputEn: 0| OutputEn: 0| OpenDrain: 0| Pullup: 1| Pulldown: 0| Intr:0 [0m
[0;32mI (422) gpio: GPIO[17]| InputEn: 0| OutputEn: 0| OpenDrain: 0| Pullup: 1| Pulldown: 0| Intr:0 [0m
[0;32mI (430) gpio: GPIO[16]| InputEn: 0| OutputEn: 0| OpenDrain: 0| Pullup: 1| Pulldown: 0| Intr:0 [0m
[0;32mI (439) gpio: GPIO[4]| InputEn: 0| OutputEn: 0| OpenDrain: 0| Pullup: 1| Pulldown: 0| Intr:0 [0m
[0;32mI (447) gpio: GPIO[2]| InputEn: 0| OutputEn: 0| OpenDrain: 0| Pullup: 1| Pulldown: 0| Intr:0 [0m
[0;32mI (566) LEDC_PWM_UNIT: LEDC unit setiing up completed[0m

[0;32mI (576) MOTOR_SET: Starting PID application...[0m
[0;32mI (576) MOTOR_SET: Motor timer started at 5000.00 Hz[0m
[1;31mE (578) MOTOR_SET: Applied to motor[4]: pwm=-240 dir=-1[0m
[0;32mI (580) MOTOR_SET: PID application started successfully[0m
[1;31mE (581) MOTOR_SET: Applied to motor[4]: pwm=-240 dir=-1[0m

assert failed: xTaskGenericNotify tasks.c:5906 (xTaskToNotify)


Backtrace: 0x40081ab9:0x3ffbab90 0x400877f1:0x3ffbabb0 0x4008dcf5:0x3ffbabd0 0x4008a364:0x3ffbacf0 0x400d5f19:0x3ffbad10 0x40088269:0x3ffbad60




ELF file SHA256: 5d2380114

Rebooting...
ets Jun  8 2016 00:22:57

rst:0xc (SW_CPU_RESET),boot:0x13 (SPI_FAST_FLASH_BOOT)
configsip: 0, SPIWP:0xee
clk_drv:0x00,q_drv:0x00,d_drv:0x00,cs0_drv:0x00,hd_drv:0x00,wp_drv:0x00
mode:DIO, clock div:2
load:0x3fff0030,len:6276
load:0x40078000,len:15716
load:0x40080400,len:4
ho 8 tail 4 room 4
load:0x40080404,len:3860
entry 0x4008063c
[0;32mI (30) boot: ESP-IDF v5.4-dirty 2nd stage bootloader[0m
[0;32mI (31) boot: compile time Nov 12 2025 13:47:17[0m
[0;32mI (31) boot: Multicore bootloader[0m
[0;32mI (33) boot: chip revision: v1.1[0m
[0;32mI (35) boot.esp32: SPI Speed      : 40MHz[0m
[0;32mI (39) boot.esp32: SPI Mode       : DIO[0m
[0;32mI (43) boot.esp32: SPI Flash Size : 16MB[0m
[0;32mI (46) boot: Enabling RNG early entropy source...[0m
[0;32mI (51) boot: Partition Table:[0m
[0;32mI (53) boot: ## Label            Usage          Type ST Offset   Length[0m
[0;32mI (60) boot:  0 nvs              WiFi data        01 02 00009000 00006000[0m
[0;32mI (66) boot:  1 phy_init         RF data          01 01 0000f000 00001000[0m
[0;32mI (73) boot:  2 factory          factory app      00 00 00010000 00100000[0m
[0;32mI (79) boot: End of partition table[0m
[0;32mI (83) esp_image: segment 0: paddr=00010020 vaddr=3f400020 size=0c18ch ( 49548) map[0m
[0;32mI (107) esp_image: segment 1: paddr=0001c1b4 vaddr=3ff80000 size=0001ch (    28) load[0m
[0;32mI (107) esp_image: segment 2: paddr=0001c1d8 vaddr=3ffb0000 size=0261ch (  9756) load[0m
[0;32mI (115) esp_image: segment 3: paddr=0001e7fc vaddr=40080000 size=0181ch (  6172) load[0m
[0;32mI (121) esp_image: segment 4: paddr=00020020 vaddr=400d0020 size=17ad8h ( 96984) map[0m
[0;32mI (159) esp_image: segment 5: paddr=00037b00 vaddr=4008181c size=0db24h ( 56100) load[0m
[0;32mI (188) boot: Loaded app from partition at offset 0x10000[0m
[0;32mI (188) boot: Disabling RNG early entropy source...[0m
[0;32mI (199) cpu_start: Multicore app[0m
[0;32mI (207) cpu_start: Pro cpu start user code[0m
[0;32mI (207) cpu_start: cpu freq: 160000000 Hz[0m
[0;32mI (207) app_init: Application information:[0m
[0;32mI (207) app_init: Project name:     control_1.7[0m
[0;32mI (211) app_init: App version:      v5.4-dirty[0m
[0;32mI (216) app_init: Compile time:     Nov 12 2025 13:47:06[0m
[0;32mI (221) app_init: ELF file SHA256:  5d2380114...[0m
[0;32mI (225) app_init: ESP-IDF:          v5.4-dirty[0m
[0;32mI (229) efuse_init: Min chip rev:     v0.0[0m
[0;32mI (233) efuse_init: Max chip rev:     v3.99 [0m
[0;32mI (237) efuse_init: Chip rev:         v1.1[0m
[0;32mI (241) heap_init: Initializing. RAM available for dynamic allocation:[0m
[0;32mI (247) heap_init: At 3FFAE6E0 len 00001920 (6 KiB): DRAM[0m
[0;32mI (252) heap_init: At 3FFB3A68 len 0002C598 (177 KiB): DRAM[0m
[0;32mI (257) heap_init: At 3FFE0440 len 00003AE0 (14 KiB): D/IRAM[0m
[0;32mI (263) heap_init: At 3FFE4350 len 0001BCB0 (111 KiB): D/IRAM[0m
[0;32mI (268) heap_init: At 4008F340 len 00010CC0 (67 KiB): IRAM[0m
[0;32mI (275) spi_flash: detected chip: generic[0m
[0;32mI (277) spi_flash: flash io: dio[0m
[0;32mI (281) main_task: Started on CPU0[0m
[0;32mI (284) main_task: Calling app_main()[0m
[0;32mI (287) gpio: GPIO[12]| InputEn: 0| OutputEn: 0| OpenDrain: 0| Pullup: 1| Pulldown: 0| Intr:0 [0m
[0;32mI (295) uart: ESP_INTR_FLAG_IRAM flag not set while CONFIG_UART_ISR_IN_IRAM is enabled, flag updated[0m
[0;32mI (304) uart: queue free spaces: 20[0m
[0;32mI (308) UART_SLAVE_DMA: UART initialized with DMA, 2000000 bps[0m
[0;32mI (322) UART_SLAVE_DMA: Setting up PWM and PID module[0m
[0;32mI (322) LEDC_PWM_UNIT: setting up LEDC units and chaneels[0m
[0;32mI (322) gpio: GPIO[32]| InputEn: 0| OutputEn: 0| OpenDrain: 0| Pullup: 1| Pulldown: 0| Intr:0 [0m
[0;32mI (331) gpio: GPIO[33]| InputEn: 0| OutputEn: 0| OpenDrain: 0| Pullup: 1| Pulldown: 0| Intr:0 [0m
[0;32mI (339) gpio: GPIO[25]| InputEn: 0| OutputEn: 0| OpenDrain: 0| Pullup: 1| Pulldown: 0| Intr:0 [0m
[0;32mI (347) gpio: GPIO[26]| InputEn: 0| OutputEn: 0| OpenDrain: 0| Pullup: 1| Pulldown: 0| Intr:0 [0m
[0;32mI (356) gpio: GPIO[27]| InputEn: 0| OutputEn: 0| OpenDrain: 0| Pullup: 1| Pulldown: 0| Intr:0 [0m
[0;32mI (364) gpio: GPIO[14]| InputEn: 0| OutputEn: 0| OpenDrain: 0| Pullup: 1| Pulldown: 0| Intr:0 [0m
[0;32mI (372) gpio: GPIO[23]| InputEn: 0| OutputEn: 0| OpenDrain: 0| Pullup: 1| Pulldown: 0| Intr:0 [0m
[0;32mI (381) gpio: GPIO[22]| InputEn: 0| OutputEn: 0| OpenDrain: 0| Pullup: 1| Pulldown: 0| Intr:0 [0m
[0;32mI (389) gpio: GPIO[21]| InputEn: 0| OutputEn: 0| OpenDrain: 0| Pullup: 1| Pulldown: 0| Intr:0 [0m
[0;32mI (397) gpio: GPIO[19]| InputEn: 0| OutputEn: 0| OpenDrain: 0| Pullup: 1| Pulldown: 0| Intr:0 [0m
[0;32mI (406) gpio: GPIO[18]| InputEn: 0| OutputEn: 0| OpenDrain: 0| Pullup: 1| Pulldown: 0| Intr:0 [0m
[0;32mI (414) gpio: GPIO[5]| InputEn: 0| OutputEn: 0| OpenDrain: 0| Pullup: 1| Pulldown: 0| Intr:0 [0m
[0;32mI (422) gpio: GPIO[17]| InputEn: 0| OutputEn: 0| OpenDrain: 0| Pullup: 1| Pulldown: 0| Intr:0 [0m
[0;32mI (430) gpio: GPIO[16]| InputEn: 0| OutputEn: 0| OpenDrain: 0| Pullup: 1| Pulldown: 0| Intr:0 [0m
[0;32mI (439) gpio: GPIO[4]| InputEn: 0| OutputEn: 0| OpenDrain: 0| Pullup: 1| Pulldown: 0| Intr:0 [0m
[0;32mI (447) gpio: GPIO[2]| InputEn: 0| OutputEn: 0| OpenDrain: 0| Pullup: 1| Pulldown: 0| Intr:0 [0m
[0;32mI (566) LEDC_PWM_UNIT: LEDC unit setiing up completed[0m

[0;32mI (576) MOTOR_SET: Starting PID application...[0m
[0;32mI (576) MOTOR_SET: Motor timer started at 5000.00 Hz[0m
[1;31mE (578) MOTOR_SET: Applied to motor[4]: pwm=-240 dir=-1[0m
[0;32mI (579) MOTOR_SET: PID application started successfully[0m
[1;31mE (581) MOTOR_SET: Applied to motor[4]: pwm=-240 dir=-1[0m

assert failed: xTaskGenericNotify tasks.c:5906 (xTaskToNotify)


Backtrace: 0x40081ab9:0x3ffbab90 0x400877f1:0x3ffbabb0 0x4008dcf5:0x3ffbabd0 0x4008a364:0x3ffbacf0 0x400d5f19:0x3ffbad10 0x40088269:0x3ffbad60




ELF file SHA256: 5d2380114

Rebooting...
ets Jun  8 2016 00:22:57

rst:0xc (SW_CPU_RESET),boot:0x13 (SPI_FAST_FLASH_BOOT)
configsip: 0, SPIWP:0xee
clk_drv:0x00,q_drv:0x00,d_drv:0x00,cs0_drv:0x00,hd_drv:0x00,wp_drv:0x00
mode:DIO, clock div:2
load:0x3fff0030,len:6276
load:0x40078000,len:15716
load:0x40080400,len:4
ho 8 tail 4 room 4
load:0x40080404,len:3860
entry 0x4008063c
[0;32mI (30) boot: ESP-IDF v5.4-dirty 2nd stage bootloader[0m
[0;32mI (31) boot: compile time Nov 12 2025 13:47:17[0m
[0;32mI (31) boot: Multicore bootloader[0m
[0;32mI (33) boot: chip revision: v1.1[0m
[0;32mI (35) boot.esp32: SPI Speed      : 40MHz[0m
[0;32mI (39) boot.esp32: SPI Mode       : DIO[0m
[0;32mI (43) boot.esp32: SPI Flash Size : 16MB[0m
[0;32mI (46) boot: Enabling RNG early entropy source...[0m
[0;32mI (51) boot: Partition Table:[0m
[0;32mI (53) boot: ## Label            Usage          Type ST Offset   Length[0m
[0;32mI (60) boot:  0 nvs              WiFi data        01 02 00009000 00006000[0m
[0;32mI (66) boot:  1 phy_init         RF data          01 01 0000f000 00001000[0m
[0;32mI (73) boot:  2 factory          factory app      00 00 00010000 00100000[0m
[0;32mI (79) boot: End of partition table[0m
[0;32mI (83) esp_image: segment 0: paddr=00010020 vaddr=3f400020 size=0c18ch ( 49548) map[0m
[0;32mI (107) esp_image: segment 1: paddr=0001c1b4 vaddr=3ff80000 size=0001ch (    28) load[0m
[0;32mI (107) esp_image: segment 2: paddr=0001c1d8 vaddr=3ffb0000 size=0261ch (  9756) load[0m
[0;32mI (115) esp_image: segment 3: paddr=0001e7fc vaddr=40080000 size=0181ch (  6172) load[0m
[0;32mI (121) esp_image: segment 4: paddr=00020020 vaddr=400d0020 size=17ad8h ( 96984) map[0m
[0;32mI (159) esp_image: segment 5: paddr=00037b00 vaddr=4008181c size=0db24h ( 56100) load[0m
[0;32mI (188) boot: Loaded app from partition at offset 0x10000[0m
[0;32mI (188) boot: Disabling RNG early entropy source...[0m
[0;32mI (199) cpu_start: Multicore app[0m
[0;32mI (207) cpu_start: Pro cpu start user code[0m
[0;32mI (207) cpu_start: cpu freq: 160000000 Hz[0m
[0;32mI (207) app_init: Application information:[0m
[0;32mI (207) app_init: Project name:     control_1.7[0m
[0;32mI (211) app_init: App version:      v5.4-dirty[0m
[0;32mI (216) app_init: Compile time:     Nov 12 2025 13:47:06[0m
[0;32mI (221) app_init: ELF file SHA256:  5d2380114...[0m
[0;32mI (225) app_init: ESP-IDF:          v5.4-dirty[0m
[0;32mI (229) efuse_init: Min chip rev:     v0.0[0m
[0;32mI (233) efuse_init: Max chip rev:     v3.99 [0m
[0;32mI (237) efuse_init: Chip rev:         v1.1[0m
[0;32mI (241) heap_init: Initializing. RAM available for dynamic allocation:[0m
[0;32mI (247) heap_init: At 3FFAE6E0 len 00001920 (6 KiB): DRAM[0m
[0;32mI (252) heap_init: At 3FFB3A68 len 0002C598 (177 KiB): DRAM[0m
[0;32mI (257) heap_init: At 3FFE0440 len 00003AE0 (14 KiB): D/IRAM[0m
[0;32mI (263) heap_init: At 3FFE4350 len 0001BCB0 (111 KiB): D/IRAM[0m
[0;32mI (268) heap_init: At 4008F340 len 00010CC0 (67 KiB): IRAM[0m
[0;32mI (275) spi_flash: detected chip: generic[0m
[0;32mI (277) spi_flash: flash io: dio[0m
[0;32mI (281) main_task: Started on CPU0[0m
[0;32mI (284) main_task: Calling app_main()[0m
[0;32mI (287) gpio: GPIO[12]| InputEn: 0| OutputEn: 0| OpenDrain: 0| Pullup: 1| Pulldown: 0| Intr:0 [0m
[0;32mI (295) uart: ESP_INTR_FLAG_IRAM flag not set while CONFIG_UART_ISR_IN_IRAM is enabled, flag updated[0m
[0;32mI (304) uart: queue free spaces: 20[0m
[0;32mI (308) UART_SLAVE_DMA: UART initialized with DMA, 2000000 bps[0m
[0;32mI (322) UART_SLAVE_DMA: Setting up PWM and PID module[0m
[0;32mI (322) LEDC_PWM_UNIT: setting up LEDC units and chaneels[0m
[0;32mI (322) gpio: GPIO[32]| InputEn: 0| OutputEn: 0| OpenDrain: 0| Pullup: 1| Pulldown: 0| Intr:0 [0m
[0;32mI (331) gpio: GPIO[33]| InputEn: 0| OutputEn: 0| OpenDrain: 0| Pullup: 1| Pulldown: 0| Intr:0 [0m
[0;32mI (339) gpio: GPIO[25]| InputEn: 0| OutputEn: 0| OpenDrain: 0| Pullup: 1| Pulldown: 0| Intr:0 [0m
[0;32mI (347) gpio: GPIO[26]| InputEn: 0| OutputEn: 0| OpenDrain: 0| Pullup: 1| Pulldown: 0| Intr:0 [0m
[0;32mI (356) gpio: GPIO[27]| InputEn: 0| OutputEn: 0| OpenDrain: 0| Pullup: 1| Pulldown: 0| Intr:0 [0m
[0;32mI (364) gpio: GPIO[14]| InputEn: 0| OutputEn: 0| OpenDrain: 0| Pullup: 1| Pulldown: 0| Intr:0 [0m
[0;32mI (372) gpio: GPIO[23]| InputEn: 0| OutputEn: 0| OpenDrain: 0| Pullup: 1| Pulldown: 0| Intr:0 [0m
[0;32mI (381) gpio: GPIO[22]| InputEn: 0| OutputEn: 0| OpenDrain: 0| Pullup: 1| Pulldown: 0| Intr:0 [0m
[0;32mI (389) gpio: GPIO[21]| InputEn: 0| OutputEn: 0| OpenDrain: 0| Pullup: 1| Pulldown: 0| Intr:0 [0m
[0;32mI (397) gpio: GPIO[19]| InputEn: 0| OutputEn: 0| OpenDrain: 0| Pullup: 1| Pulldown: 0| Intr:0 [0m
[0;32mI (406) gpio: GPIO[18]| InputEn: 0| OutputEn: 0| OpenDrain: 0| Pullup: 1| Pulldown: 0| Intr:0 [0m
[0;32mI (414) gpio: GPIO[5]| InputEn: 0| OutputEn: 0| OpenDrain: 0| Pullup: 1| Pulldown: 0| Intr:0 [0m
[0;32mI (422) gpio: GPIO[17]| InputEn: 0| OutputEn: 0| OpenDrain: 0| Pullup: 1| Pulldown: 0| Intr:0 [0m
[0;32mI (430) gpio: GPIO[16]| InputEn: 0| OutputEn: 0| OpenDrain: 0| Pullup: 1| Pulldown: 0| Intr:0 [0m
[0;32mI (439) gpio: GPIO[4]| InputEn: 0| OutputEn: 0| OpenDrain: 0| Pullup: 1| Pulldown: 0| Intr:0 [0m
[0;32mI (447) gpio: GPIO[2]| InputEn: 0| OutputEn: 0| OpenDrain: 0| Pullup: 1| Pulldown: 0| Intr:0 [0m
[0;32mI (566) LEDC_PWM_UNIT: LEDC unit setiing up completed[0m

[0;32mI (576) MOTOR_SET: Starting PID application...[0m
[0;32mI (576) MOTOR_SET: Motor timer started at 5000.00 Hz[0m
[1;31mE (578) MOTOR_SET: Applied to motor[4]: pwm=-240 dir=-1[0m
[0;32mI (580) MOTOR_SET: PID application started successfully[0m
[1;31mE (581) MOTOR_SET: Applied to motor[4]: pwm=-240 dir=-1[0m

assert failed: xTaskGenericNotify tasks.c:5906 (xTaskToNotify)


Backtrace: 0x40081ab9:0x3ffbab90 0x400877f1:0x3ffbabb0 0x4008dcf5:0x3ffbabd0 0x4008a364:0x3ffbacf0 0x400d5f19:0x3ffbad10 0x40088269:0x3ffbad60




ELF file SHA256: 5d2380114

Rebooting...
ets Jun  8 2016 00:22:57

rst:0xc (SW_CPU_RESET),boot:0x13 (SPI_FAST_FLASH_BOOT)
configsip: 0, SPIWP:0xee
clk_drv:0x00,q_drv:0x00,d_drv:0x00,cs0_drv:0x00,hd_drv:0x00,wp_drv:0x00
mode:DIO, clock div:2
load:0x3fff0030,len:6276
load:0x40078000,len:15716
load:0x40080400,len:4
ho 8 tail 4 room 4
load:0x40080404,len:3860
entry 0x4008063c
[0;32mI (30) boot: ESP-IDF v5.4-dirty 2nd stage bootloader[0m
[0;32mI (31) boot: compile time Nov 12 2025 13:47:17[0m
[0;32mI (31) boot: Multicore bootloader[0m
[0;32mI (33) boot: chip revision: v1.1[0m
[0;32mI (35) boot.esp32: SPI Speed      : 40MHz[0m
[0;32mI (39) boot.esp32: SPI Mode       : DIO[0m
[0;32mI (43) boot.esp32: SPI Flash Size : 16MB[0m
[0;32mI (46) boot: Enabling RNG early entropy source...[0m
[0;32mI (51) boot: Partition Table:[0m
[0;32mI (53) boot: ## Label            Usage          Type ST Offset   Length[0m
[0;32mI (60) boot:  0 nvs              WiFi data        01 02 00009000 00006000[0m
[0;32mI (66) boot:  1 phy_init         RF data          01 01 0000f000 00001000[0m
[0;32mI (73) boot:  2 factory          factory app      00 00 00010000 00100000[0m
[0;32mI (79) boot: End of partition table[0m
[0;32mI (83) esp_image: segment 0: paddr=00010020 vaddr=3f400020 size=0c18ch ( 49548) map[0m
[0;32mI (107) esp_image: segment 1: paddr=0001c1b4 vaddr=3ff80000 size=0001ch (    28) load[0m
[0;32mI (107) esp_image: segment 2: paddr=0001c1d8 vaddr=3ffb0000 size=0261ch (  9756) load[0m
[0;32mI (115) esp_image: segment 3: paddr=0001e7fc vaddr=40080000 size=0181ch (  6172) load[0m
[0;32mI (121) esp_image: segment 4: paddr=00020020 vaddr=400d0020 size=17ad8h ( 96984) map[0m
[0;32mI (159) esp_image: segment 5: paddr=00037b00 vaddr=4008181c size=0db24h ( 56100) load[0m
[0;32mI (188) boot: Loaded app from partition at offset 0x10000[0m
[0;32mI (188) boot: Disabling RNG early entropy source...[0m
[0;32mI (199) cpu_start: Multicore app[0m
[0;32mI (207) cpu_start: Pro cpu start user code[0m
[0;32mI (207) cpu_start: cpu freq: 160000000 Hz[0m
[0;32mI (207) app_init: Application information:[0m
[0;32mI (207) app_init: Project name:     control_1.7[0m
[0;32mI (211) app_init: App version:      v5.4-dirty[0m
[0;32mI (216) app_init: Compile time:     Nov 12 2025 13:47:06[0m
[0;32mI (221) app_init: ELF file SHA256:  5d2380114...[0m
[0;32mI (225) app_init: ESP-IDF:          v5.4-dirty[0m
[0;32mI (229) efuse_init: Min chip rev:     v0.0[0m
[0;32mI (233) efuse_init: Max chip rev:     v3.99 [0m
[0;32mI (237) efuse_init: Chip rev:         v1.1[0m
[0;32mI (241) heap_init: Initializing. RAM available for dynamic allocation:[0m
[0;32mI (247) heap_init: At 3FFAE6E0 len 00001920 (6 KiB): DRAM[0m
[0;32mI (252) heap_init: At 3FFB3A68 len 0002C598 (177 KiB): DRAM[0m
[0;32mI (257) heap_init: At 3FFE0440 len 00003AE0 (14 KiB): D/IRAM[0m
[0;32mI (263) heap_init: At 3FFE4350 len 0001BCB0 (111 KiB): D/IRAM[0m
[0;32mI (268) heap_init: At 4008F340 len 00010CC0 (67 KiB): IRAM[0m
[0;32mI (275) spi_flash: detected chip: generic[0m
[0;32mI (277) spi_flash: flash io: dio[0m
[0;32mI (281) main_task: Started on CPU0[0m
[0;32mI (284) main_task: Calling app_main()[0m
[0;32mI (287) gpio: GPIO[12]| InputEn: 0| OutputEn: 0| OpenDrain: 0| Pullup: 1| Pulldown: 0| Intr:0 [0m
[0;32mI (295) uart: ESP_INTR_FLAG_IRAM flag not set while CONFIG_UART_ISR_IN_IRAM is enabled, flag updated[0m
[0;32mI (304) uart: queue free spaces: 20[0m
[0;32mI (308) UART_SLAVE_DMA: UART initialized with DMA, 2000000 bps[0m
[0;32mI (322) UART_SLAVE_DMA: Setting up PWM and PID module[0m
[0;32mI (322) LEDC_PWM_UNIT: setting up LEDC units and chaneels[0m
[0;32mI (322) gpio: GPIO[32]| InputEn: 0| OutputEn: 0| OpenDrain: 0| Pullup: 1| Pulldown: 0| Intr:0 [0m
[0;32mI (331) gpio: GPIO[33]| InputEn: 0| OutputEn: 0| OpenDrain: 0| Pullup: 1| Pulldown: 0| Intr:0 [0m
[0;32mI (339) gpio: GPIO[25]| InputEn: 0| OutputEn: 0| OpenDrain: 0| Pullup: 1| Pulldown: 0| Intr:0 [0m
[0;32mI (347) gpio: GPIO[26]| InputEn: 0| OutputEn: 0| OpenDrain: 0| Pullup: 1| Pulldown: 0| Intr:0 [0m
[0;32mI (356) gpio: GPIO[27]| InputEn: 0| OutputEn: 0| OpenDrain: 0| Pullup: 1| Pulldown: 0| Intr:0 [0m
[0;32mI (364) gpio: GPIO[14]| InputEn: 0| OutputEn: 0| OpenDrain: 0| Pullup: 1| Pulldown: 0| Intr:0 [0m
[0;32mI (372) gpio: GPIO[23]| InputEn: 0| OutputEn: 0| OpenDrain: 0| Pullup: 1| Pulldown: 0| Intr:0 [0m
[0;32mI (381) gpio: GPIO[22]| InputEn: 0| OutputEn: 0| OpenDrain: 0| Pullup: 1| Pulldown: 0| Intr:0 [0m
[0;32mI (389) gpio: GPIO[21]| InputEn: 0| OutputEn: 0| OpenDrain: 0| Pullup: 1| Pulldown: 0| Intr:0 [0m
[0;32mI (397) gpio: GPIO[19]| InputEn: 0| OutputEn: 0| OpenDrain: 0| Pullup: 1| Pulldown: 0| Intr:0 [0m
[0;32mI (406) gpio: GPIO[18]| InputEn: 0| OutputEn: 0| OpenDrain: 0| Pullup: 1| Pulldown: 0| Intr:0 [0m
[0;32mI (414) gpio: GPIO[5]| InputEn: 0| OutputEn: 0| OpenDrain: 0| Pullup: 1| Pulldown: 0| Intr:0 [0m
[0;32mI (422) gpio: GPIO[17]| InputEn: 0| OutputEn: 0| OpenDrain: 0| Pullup: 1| Pulldown: 0| Intr:0 [0m
[0;32mI (430) gpio: GPIO[16]| InputEn: 0| OutputEn: 0| OpenDrain: 0| Pullup: 1| Pulldown: 0| Intr:0 [0m
[0;32mI (439) gpio: GPIO[4]| InputEn: 0| OutputEn: 0| OpenDrain: 0| Pullup: 1| Pulldown: 0| Intr:0 [0m
[0;32mI (447) gpio: GPIO[2]| InputEn: 0| OutputEn: 0| OpenDrain: 0| Pullup: 1| Pulldown: 0| Intr:0 [0m
[0;32mI (566) LEDC_PWM_UNIT: LEDC unit setiing up completed[0m

[0;32mI (576) MOTOR_SET: Starting PID application...[0m
[0;32mI (576) MOTOR_SET: Motor timer started at 5000.00 Hz[0m
[1;31mE (578) MOTOR_SET: Applied to motor[4]: pwm=-240 dir=-1[0m
[0;32mI (580) MOTOR_SET: PID application started successfully[0m
[1;31mE (581) MOTOR_SET: Applied to motor[4]: pwm=-240 dir=-1[0m

assert failed: xTaskGenericNotify tasks.c:5906 (xTaskToNotify)


Backtrace: 0x40081ab9:0x3ffbab90 0x400877f1:0x3ffbabb0 0x4008dcf5:0x3ffbabd0 0x4008a364:0x3ffbacf0 0x400d5f19:0x3ffbad10 0x40088269:0x3ffbad60




ELF file SHA256: 5d2380114

Rebooting...
ets Jun  8 2016 00:22:57

rst:0xc (SW_CPU_RESET),boot:0x13 (SPI_FAST_FLASH_BOOT)
configsip: 0, SPIWP:0xee
clk_drv:0x00,q_drv:0x00,d_drv:0x00,cs0_drv:0x00,hd_drv:0x00,wp_drv:0x00
mode:DIO, clock div:2
load:0x3fff0030,len:6276
load:0x40078000,len:15716
load:0x40080400,len:4
ho 8 tail 4 room 4
load:0x40080404,len:3860
entry 0x4008063c
[0;32mI (30) boot: ESP-IDF v5.4-dirty 2nd stage bootloader[0m
[0;32mI (31) boot: compile time Nov 12 2025 13:47:17[0m
[0;32mI (31) boot: Multicore bootloader[0m
[0;32mI (33) boot: chip revision: v1.1[0m
[0;32mI (35) boot.esp32: SPI Speed      : 40MHz[0m
[0;32mI (39) boot.esp32: SPI Mode       : DIO[0m
[0;32mI (43) boot.esp32: SPI Flash Size : 16MB[0m
[0;32mI (46) boot: Enabling RNG early entropy source...[0m
[0;32mI (51) boot: Partition Table:[0m
[0;32mI (53) boot: ## Label            Usage          Type ST Offset   Length[0m
[0;32mI (60) boot:  0 nvs              WiFi data        01 02 00009000 00006000[0m
[0;32mI (66) boot:  1 phy_init         RF data          01 01 0000f000 00001000[0m
[0;32mI (73) boot:  2 factory          factory app      00 00 00010000 00100000[0m
[0;32mI (79) boot: End of partition table[0m
[0;32mI (83) esp_image: segment 0: paddr=00010020 vaddr=3f400020 size=0c18ch ( 49548) map[0m
[0;32mI (107) esp_image: segment 1: paddr=0001c1b4 vaddr=3ff80000 size=0001ch (    28) load[0m
[0;32mI (107) esp_image: segment 2: paddr=0001c1d8 vaddr=3ffb0000 size=0261ch (  9756) load[0m
[0;32mI (115) esp_image: segment 3: paddr=0001e7fc vaddr=40080000 size=0181ch (  6172) load[0m
[0;32mI (121) esp_image: segment 4: paddr=00020020 vaddr=400d0020 size=17ad8h ( 96984) map[0m
[0;32mI (159) esp_image: segment 5: paddr=00037b00 vaddr=4008181c size=0db24h ( 56100) load[0m
[0;32mI (188) boot: Loaded app from partition at offset 0x10000[0m
[0;32mI (188) boot: Disabling RNG early entropy source...[0m
[0;32mI (199) cpu_start: Multicore app[0m
[0;32mI (207) cpu_start: Pro cpu start user code[0m
[0;32mI (207) cpu_start: cpu freq: 160000000 Hz[0m
[0;32mI (207) app_init: Application information:[0m
[0;32mI (207) app_init: Project name:     control_1.7[0m
[0;32mI (211) app_init: App version:      v5.4-dirty[0m
[0;32mI (216) app_init: Compile time:     Nov 12 2025 13:47:06[0m
[0;32mI (221) app_init: ELF file SHA256:  5d2380114...[0m
[0;32mI (225) app_init: ESP-IDF:          v5.4-dirty[0m
[0;32mI (229) efuse_init: Min chip rev:     v0.0[0m
[0;32mI (233) efuse_init: Max chip rev:     v3.99 [0m
[0;32mI (237) efuse_init: Chip rev:         v1.1[0m
[0;32mI (241) heap_init: Initializing. RAM available for dynamic allocation:[0m
[0;32mI (247) heap_init: At 3FFAE6E0 len 00001920 (6 KiB): DRAM[0m
[0;32mI (252) heap_init: At 3FFB3A68 len 0002C598 (177 KiB): DRAM[0m
[0;32mI (257) heap_init: At 3FFE0440 len 00003AE0 (14 KiB): D/IRAM[0m
[0;32mI (263) heap_init: At 3FFE4350 len 0001BCB0 (111 KiB): D/IRAM[0m
[0;32mI (268) heap_init: At 4008F340 len 00010CC0 (67 KiB): IRAM[0m
[0;32mI (275) spi_flash: detected chip: generic[0m
[0;32mI (277) spi_flash: flash io: dio[0m
[0;32mI (281) main_task: Started on CPU0[0m
[0;32mI (284) main_task: Calling app_main()[0m
[0;32mI (287) gpio: GPIO[12]| InputEn: 0| OutputEn: 0| OpenDrain: 0| Pullup: 1| Pulldown: 0| Intr:0 [0m
[0;32mI (295) uart: ESP_INTR_FLAG_IRAM flag not set while CONFIG_UART_ISR_IN_IRAM is enabled, flag updated[0m
[0;32mI (304) uart: queue free spaces: 20[0m
[0;32mI (308) UART_SLAVE_DMA: UART initialized with DMA, 2000000 bps[0m
[0;32mI (322) UART_SLAVE_DMA: Setting up PWM and PID module[0m
[0;32mI (322) LEDC_PWM_UNIT: setting up LEDC units and chaneels[0m
[0;32mI (322) gpio: GPIO[32]| InputEn: 0| OutputEn: 0| OpenDrain: 0| Pullup: 1| Pulldown: 0| Intr:0 [0m
[0;32mI (331) gpio: GPIO[33]| InputEn: 0| OutputEn: 0| OpenDrain: 0| Pullup: 1| Pulldown: 0| Intr:0 [0m
[0;32mI (339) gpio: GPIO[25]| InputEn: 0| OutputEn: 0| OpenDrain: 0| Pullup: 1| Pulldown: 0| Intr:0 [0m
[0;32mI (347) gpio: GPIO[26]| InputEn: 0| OutputEn: 0| OpenDrain: 0| Pullup: 1| Pulldown: 0| Intr:0 [0m
[0;32mI (356) gpio: GPIO[27]| InputEn: 0| OutputEn: 0| OpenDrain: 0| Pullup: 1| Pulldown: 0| Intr:0 [0m
[0;32mI (364) gpio: GPIO[14]| InputEn: 0| OutputEn: 0| OpenDrain: 0| Pullup: 1| Pulldown: 0| Intr:0 [0m
[0;32mI (372) gpio: GPIO[23]| InputEn: 0| OutputEn: 0| OpenDrain: 0| Pullup: 1| Pulldown: 0| Intr:0 [0m
[0;32mI (380) gpio: GPIO[22]| InputEn: 0| OutputEn: 0| OpenDrain: 0| Pullup: 1| Pulldown: 0| Intr:0 [0m
[0;32mI (389) gpio: GPIO[21]| InputEn: 0| OutputEn: 0| OpenDrain: 0| Pullup: 1| Pulldown: 0| Intr:0 [0m
[0;32mI (397) gpio: GPIO[19]| InputEn: 0| OutputEn: 0| OpenDrain: 0| Pullup: 1| Pulldown: 0| Intr:0 [0m
[0;32mI (406) gpio: GPIO[18]| InputEn: 0| OutputEn: 0| OpenDrain: 0| Pullup: 1| Pulldown: 0| Intr:0 [0m
[0;32mI (414) gpio: GPIO[5]| InputEn: 0| OutputEn: 0| OpenDrain: 0| Pullup: 1| Pulldown: 0| Intr:0 [0m
[0;32mI (422) gpio: GPIO[17]| InputEn: 0| OutputEn: 0| OpenDrain: 0| Pullup: 1| Pulldown: 0| Intr:0 [0m
[0;32mI (430) gpio: GPIO[16]| InputEn: 0| OutputEn: 0| OpenDrain: 0| Pullup: 1| Pulldown: 0| Intr:0 [0m
[0;32mI (439) gpio: GPIO[4]| InputEn: 0| OutputEn: 0| OpenDrain: 0| Pullup: 1| Pulldown: 0| Intr:0 [0m
[0;32mI (447) gpio: GPIO[2]| InputEn: 0| OutputEn: 0| OpenDrain: 0| Pullup: 1| Pulldown: 0| Intr:0 [0m
[0;32mI (566) LEDC_PWM_UNIT: LEDC unit setiing up completed[0m

[0;32mI (576) MOTOR_SET: Starting PID application...[0m
[0;32mI (576) MOTOR_SET: Motor timer started at 5000.00 Hz[0m
[1;31mE (578) MOTOR_SET: Applied to motor[4]: pwm=-240 dir=-1[0m
[0;32mI (579) MOTOR_SET: PID application started successfully[0m
[1;31mE (581) MOTOR_SET: Applied to motor[4]: pwm=-240 dir=-1[0m

assert failed: xTaskGenericNotify tasks.c:5906 (xTaskToNotify)


Backtrace: 0x40081ab9:0x3ffbab90 0x400877f1:0x3ffbabb0 0x4008dcf5:0x3ffbabd0 0x4008a364:0x3ffbacf0 0x400d5f19:0x3ffbad10 0x40088269:0x3ffbad60




ELF file SHA256: 5d2380114

Rebooting...
ets Jun  8 2016 00:22:57

rst:0xc (SW_CPU_RESET),boot:0x13 (SPI_FAST_FLASH_BOOT)
configsip: 0, SPIWP:0xee
clk_drv:0x00,q_drv:0x00,d_drv:0x00,cs0_drv:0x00,hd_drv:0x00,wp_drv:0x00
mode:DIO, clock div:2
load:0x3fff0030,len:6276
load:0x40078000,len:15716
load:0x40080400,len:4
ho 8 tail 4 room 4
load:0x40080404,len:3860
entry 0x4008063c
[0;32mI (30) boot: ESP-IDF v5.4-dirty 2nd stage bootloader[0m
[0;32mI (31) boot: compile time Nov 12 2025 13:47:17[0m
[0;32mI (31) boot: Multicore bootloader[0m
[0;32mI (33) boot: chip revision: v1.1[0m
[0;32mI (35) boot.esp32: SPI Speed      : 40MHz[0m
[0;32mI (39) boot.esp32: SPI Mode       : DIO[0m
[0;32mI (43) boot.esp32: SPI Flash Size : 16MB[0m
[0;32mI (46) boot: Enabling RNG early entropy source...[0m
[0;32mI (51) boot: Partition Table:[0m
[0;32mI (53) boot: ## Label            Usage          Type ST Offset   Length[0m
[0;32mI (60) boot:  0 nvs              WiFi data        01 02 00009000 00006000[0m
[0;32mI (66) boot:  1 phy_init         RF data          01 01 0000f000 00001000[0m
[0;32mI (73) boot:  2 factory          factory app      00 00 00010000 00100000[0m
[0;32mI (79) boot: End of partition table[0m
[0;32mI (83) esp_image: segment 0: paddr=00010020 vaddr=3f400020 size=0c18ch ( 49548) map[0m
[0;32mI (107) esp_image: segment 1: paddr=0001c1b4 vaddr=3ff80000 size=0001ch (    28) load[0m
[0;32mI (107) esp_image: segment 2: paddr=0001c1d8 vaddr=3ffb0000 size=0261ch (  9756) load[0m
[0;32mI (115) esp_image: segment 3: paddr=0001e7fc vaddr=40080000 size=0181ch (  6172) load[0m
[0;32mI (121) esp_image: segment 4: paddr=00020020 vaddr=400d0020 size=17ad8h ( 96984) map[0m
[0;32mI (159) esp_image: segment 5: paddr=00037b00 vaddr=4008181c size=0db24h ( 56100) load[0m
[0;32mI (188) boot: Loaded app from partition at offset 0x10000[0m
[0;32mI (188) boot: Disabling RNG early entropy source...[0m
[0;32mI (199) cpu_start: Multicore app[0m
[0;32mI (207) cpu_start: Pro cpu start user code[0m
[0;32mI (207) cpu_start: cpu freq: 160000000 Hz[0m
[0;32mI (207) app_init: Application information:[0m
[0;32mI (207) app_init: Project name:     control_1.7[0m
[0;32mI (211) app_init: App version:      v5.4-dirty[0m
[0;32mI (216) app_init: Compile time:     Nov 12 2025 13:47:06[0m
[0;32mI (221) app_init: ELF file SHA256:  5d2380114...[0m
[0;32mI (225) app_init: ESP-IDF:          v5.4-dirty[0m
[0;32mI (229) efuse_init: Min chip rev:     v0.0[0m
[0;32mI (233) efuse_init: Max chip rev:     v3.99 [0m
[0;32mI (237) efuse_init: Chip rev:         v1.1[0m
[0;32mI (241) heap_init: Initializing. RAM available for dynamic allocation:[0m
[0;32mI (247) heap_init: At 3FFAE6E0 len 00001920 (6 KiB): DRAM[0m
[0;32mI (252) heap_init: At 3FFB3A68 len 0002C598 (177 KiB): DRAM[0m
[0;32mI (257) heap_init: At 3FFE0440 len 00003AE0 (14 KiB): D/IRAM[0m
[0;32mI (263) heap_init: At 3FFE4350 len 0001BCB0 (111 KiB): D/IRAM[0m
[0;32mI (268) heap_init: At 4008F340 len 00010CC0 (67 KiB): IRAM[0m
[0;32mI (275) spi_flash: detected chip: generic[0m
[0;32mI (277) spi_flash: flash io: dio[0m
[0;32mI (281) main_task: Started on CPU0[0m
[0;32mI (284) main_task: Calling app_main()[0m
[0;32mI (287) gpio: GPIO[12]| InputEn: 0| OutputEn: 0| OpenDrain: 0| Pullup: 1| Pulldown: 0| Intr:0 [0m
[0;32mI (295) uart: ESP_INTR_FLAG_IRAM flag not set while CONFIG_UART_ISR_IN_IRAM is enabled, flag updated[0m
[0;32mI (304) uart: queue free spaces: 20[0m
[0;32mI (308) UART_SLAVE_DMA: UART initialized with DMA, 2000000 bps[0m
[0;32mI (322) UART_SLAVE_DMA: Setting up PWM and PID module[0m
[0;32mI (322) LEDC_PWM_UNIT: setting up LEDC units and chaneels[0m
[0;32mI (322) gpio: GPIO[32]| InputEn: 0| OutputEn: 0| OpenDrain: 0| Pullup: 1| Pulldown: 0| Intr:0 [0m
[0;32mI (331) gpio: GPIO[33]| InputEn: 0| OutputEn: 0| OpenDrain: 0| Pullup: 1| Pulldown: 0| Intr:0 [0m
[0;32mI (339) gpio: GPIO[25]| InputEn: 0| OutputEn: 0| OpenDrain: 0| Pullup: 1| Pulldown: 0| Intr:0 [0m
[0;32mI (347) gpio: GPIO[26]| InputEn: 0| OutputEn: 0| OpenDrain: 0| Pullup: 1| Pulldown: 0| Intr:0 [0m
[0;32mI (356) gpio: GPIO[27]| InputEn: 0| OutputEn: 0| OpenDrain: 0| Pullup: 1| Pulldown: 0| Intr:0 [0m
[0;32mI (364) gpio: GPIO[14]| InputEn: 0| OutputEn: 0| OpenDrain: 0| Pullup: 1| Pulldown: 0| Intr:0 [0m
[0;32mI (372) gpio: GPIO[23]| InputEn: 0| OutputEn: 0| OpenDrain: 0| Pullup: 1| Pulldown: 0| Intr:0 [0m
[0;32mI (380) gpio: GPIO[22]| InputEn: 0| OutputEn: 0| OpenDrain: 0| Pullup: 1| Pulldown: 0| Intr:0 [0m
[0;32mI (389) gpio: GPIO[21]| InputEn: 0| OutputEn: 0| OpenDrain: 0| Pullup: 1| Pulldown: 0| Intr:0 [0m
[0;32mI (397) gpio: GPIO[19]| InputEn: 0| OutputEn: 0| OpenDrain: 0| Pullup: 1| Pulldown: 0| Intr:0 [0m
[0;32mI (406) gpio: GPIO[18]| InputEn: 0| OutputEn: 0| OpenDrain: 0| Pullup: 1| Pulldown: 0| Intr:0 [0m
[0;32mI (414) gpio: GPIO[5]| InputEn: 0| OutputEn: 0| OpenDrain: 0| Pullup: 1| Pulldown: 0| Intr:0 [0m
[0;32mI (422) gpio: GPIO[17]| InputEn: 0| OutputEn: 0| OpenDrain: 0| Pullup: 1| Pulldown: 0| Intr:0 [0m
[0;32mI (430) gpio: GPIO[16]| InputEn: 0| OutputEn: 0| OpenDrain: 0| Pullup: 1| Pulldown: 0| Intr:0 [0m
[0;32mI (439) gpio: GPIO[4]| InputEn: 0| OutputEn: 0| OpenDrain: 0| Pullup: 1| Pulldown: 0| Intr:0 [0m
[0;32mI (447) gpio: GPIO[2]| InputEn: 0| OutputEn: 0| OpenDrain: 0| Pullup: 1| Pulldown: 0| Intr:0 [0m
[0;32mI (566) LEDC_PWM_UNIT: LEDC unit setiing up completed[0m

[0;32mI (576) MOTOR_SET: Starting PID application...[0m
[0;32mI (576) MOTOR_SET: Motor timer started at 5000.00 Hz[0m
[1;31mE (578) MOTOR_SET: Applied to motor[4]: pwm=-240 dir=-1[0m
[0;32mI (580) MOTOR_SET: PID application started successfully[0m
[1;31mE (581) MOTOR_SET: Applied to motor[4]: pwm=-240 dir=-1[0m

assert failed: xTaskGenericNotify tasks.c:5906 (xTaskToNotify)


Backtrace: 0x40081ab9:0x3ffbab90 0x400877f1:0x3ffbabb0 0x4008dcf5:0x3ffbabd0 0x4008a364:0x3ffbacf0 0x400d5f19:0x3ffbad10 0x40088269:0x3ffbad60




ELF file SHA256: 5d2380114

Rebooting...
ets Jun  8 2016 00:22:57

rst:0xc (SW_CPU_RESET),boot:0x13 (SPI_FAST_FLASH_BOOT)
configsip: 0, SPIWP:0xee
clk_drv:0x00,q_drv:0x00,d_drv:0x00,cs0_drv:0x00,hd_drv:0x00,wp_drv:0x00
mode:DIO, clock div:2
load:0x3fff0030,len:6276
load:0x40078000,len:15716
load:0x40080400,len:4
ho 8 tail 4 room 4
load:0x40080404,len:3860
entry 0x4008063c
[0;32mI (30) boot: ESP-IDF v5.4-dirty 2nd stage bootloader[0m
[0;32mI (31) boot: compile time Nov 12 2025 13:47:17[0m
[0;32mI (31) boot: Multicore bootloader[0m
[0;32mI (33) boot: chip revision: v1.1[0m
[0;32mI (35) boot.esp32: SPI Speed      : 40MHz[0m
[0;32mI (39) boot.esp32: SPI Mode       : DIO[0m
[0;32mI (43) boot.esp32: SPI Flash Size : 16MB[0m
[0;32mI (46) boot: Enabling RNG early entropy source...[0m
[0;32mI (51) boot: Partition Table:[0m
[0;32mI (53) boot: ## Label            Usage          Type ST Offset   Length[0m
[0;32mI (60) boot:  0 nvs              WiFi data        01 02 00009000 00006000[0m
[0;32mI (66) boot:  1 phy_init         RF data          01 01 0000f000 00001000[0m
[0;32mI (73) boot:  2 factory          factory app      00 00 00010000 00100000[0m
[0;32mI (79) boot: End of partition table[0m
[0;32mI (83) esp_image: segment 0: paddr=00010020 vaddr=3f400020 size=0c18ch ( 49548) map[0m
[0;32mI (107) esp_image: segment 1: paddr=0001c1b4 vaddr=3ff80000 size=0001ch (    28) load[0m
[0;32mI (107) esp_image: segment 2: paddr=0001c1d8 vaddr=3ffb0000 size=0261ch (  9756) load[0m
[0;32mI (115) esp_image: segment 3: paddr=0001e7fc vaddr=40080000 size=0181ch (  6172) load[0m
[0;32mI (121) esp_image: segment 4: paddr=00020020 vaddr=400d0020 size=17ad8h ( 96984) map[0m
[0;32mI (159) esp_image: segment 5: paddr=00037b00 vaddr=4008181c size=0db24h ( 56100) load[0m
[0;32mI (188) boot: Loaded app from partition at offset 0x10000[0m
[0;32mI (188) boot: Disabling RNG early entropy source...[0m
[0;32mI (199) cpu_start: Multicore app[0m
[0;32mI (207) cpu_start: Pro cpu start user code[0m
[0;32mI (207) cpu_start: cpu freq: 160000000 Hz[0m
[0;32mI (207) app_init: Application information:[0m
[0;32mI (207) app_init: Project name:     control_1.7[0m
[0;32mI (211) app_init: App version:      v5.4-dirty[0m
[0;32mI (216) app_init: Compile time:     Nov 12 2025 13:47:06[0m
[0;32mI (221) app_init: ELF file SHA256:  5d2380114...[0m
[0;32mI (225) app_init: ESP-IDF:          v5.4-dirty[0m
[0;32mI (229) efuse_init: Min chip rev:     v0.0[0m
[0;32mI (233) efuse_init: Max chip rev:     v3.99 [0m
[0;32mI (237) efuse_init: Chip rev:         v1.1[0m
[0;32mI (241) heap_init: Initializing. RAM available for dynamic allocation:[0m
[0;32mI (247) heap_init: At 3FFAE6E0 len 00001920 (6 KiB): DRAM[0m
[0;32mI (252) heap_init: At 3FFB3A68 len 0002C598 (177 KiB): DRAM[0m
[0;32mI (257) heap_init: At 3FFE0440 len 00003AE0 (14 KiB): D/IRAM[0m
[0;32mI (263) heap_init: At 3FFE4350 len 0001BCB0 (111 KiB): D/IRAM[0m
[0;32mI (268) heap_init: At 4008F340 len 00010CC0 (67 KiB): IRAM[0m
[0;32mI (275) spi_flash: detected chip: generic[0m
[0;32mI (277) spi_flash: flash io: dio[0m
[0;32mI (281) main_task: Started on CPU0[0m
[0;32mI (284) main_task: Calling app_main()[0m
[0;32mI (287) gpio: GPIO[12]| InputEn: 0| OutputEn: 0| OpenDrain: 0| Pullup: 1| Pulldown: 0| Intr:0 [0m
[0;32mI (295) uart: ESP_INTR_FLAG_IRAM flag not set while CONFIG_UART_ISR_IN_IRAM is enabled, flag updated[0m
[0;32mI (304) uart: queue free spaces: 20[0m
[0;32mI (308) UART_SLAVE_DMA: UART initialized with DMA, 2000000 bps[0m
[0;32mI (322) UART_SLAVE_DMA: Setting up PWM and PID module[0m
[0;32mI (322) LEDC_PWM_UNIT: setting up LEDC units and chaneels[0m
[0;32mI (322) gpio: GPIO[32]| InputEn: 0| OutputEn: 0| OpenDrain: 0| Pullup: 1| Pulldown: 0| Intr:0 [0m
[0;32mI (331) gpio: GPIO[33]| InputEn: 0| OutputEn: 0| OpenDrain: 0| Pullup: 1| Pulldown: 0| Intr:0 [0m
[0;32mI (339) gpio: GPIO[25]| InputEn: 0| OutputEn: 0| OpenDrain: 0| Pullup: 1| Pulldown: 0| Intr:0 [0m
[0;32mI (347) gpio: GPIO[26]| InputEn: 0| OutputEn: 0| OpenDrain: 0| Pullup: 1| Pulldown: 0| Intr:0 [0m
[0;32mI (356) gpio: GPIO[27]| InputEn: 0| OutputEn: 0| OpenDrain: 0| Pullup: 1| Pulldown: 0| Intr:0 [0m
[0;32mI (364) gpio: GPIO[14]| InputEn: 0| OutputEn: 0| OpenDrain: 0| Pullup: 1| Pulldown: 0| Intr:0 [0m
[0;32mI (372) gpio: GPIO[23]| InputEn: 0| OutputEn: 0| OpenDrain: 0| Pullup: 1| Pulldown: 0| Intr:0 [0m
[0;32mI (381) gpio: GPIO[22]| InputEn: 0| OutputEn: 0| OpenDrain: 0| Pullup: 1| Pulldown: 0| Intr:0 [0m
[0;32mI (389) gpio: GPIO[21]| InputEn: 0| OutputEn: 0| OpenDrain: 0| Pullup: 1| Pulldown: 0| Intr:0 [0m
[0;32mI (397) gpio: GPIO[19]| InputEn: 0| OutputEn: 0| OpenDrain: 0| Pullup: 1| Pulldown: 0| Intr:0 [0m
[0;32mI (406) gpio: GPIO[18]| InputEn: 0| OutputEn: 0| OpenDrain: 0| Pullup: 1| Pulldown: 0| Intr:0 [0m
[0;32mI (414) gpio: GPIO[5]| InputEn: 0| OutputEn: 0| OpenDrain: 0| Pullup: 1| Pulldown: 0| Intr:0 [0m
[0;32mI (422) gpio: GPIO[17]| InputEn: 0| OutputEn: 0| OpenDrain: 0| Pullup: 1| Pulldown: 0| Intr:0 [0m
[0;32mI (430) gpio: GPIO[16]| InputEn: 0| OutputEn: 0| OpenDrain: 0| Pullup: 1| Pulldown: 0| Intr:0 [0m
[0;32mI (439) gpio: GPIO[4]| InputEn: 0| OutputEn: 0| OpenDrain: 0| Pullup: 1| Pulldown: 0| Intr:0 [0m
[0;32mI (447) gpio: GPIO[2]| InputEn: 0| OutputEn: 0| OpenDrain: 0| Pullup: 1| Pulldown: 0| Intr:0 [0m
[0;32mI (566) LEDC_PWM_UNIT: LEDC unit setiing up completed[0m

[0;32mI (576) MOTOR_SET: Starting PID application...[0m
[0;32mI (576) MOTOR_SET: Motor timer started at 5000.00 Hz[0m
[1;31mE (578) MOTOR_SET: Applied to motor[4]: pwm=-240 dir=-1[0m
[0;32mI (579) MOTOR_SET: PID application started successfully[0m
[1;31mE (581) MOTOR_SET: Applied to motor[4]: pwm=-240 dir=-1[0m

assert failed: xTaskGenericNotify tasks.c:5906 (xTaskToNotify)


Backtrace: 0x40081ab9:0x3ffbab90 0x400877f1:0x3ffbabb0 0x4008dcf5:0x3ffbabd0 0x4008a364:0x3ffbacf0 0x400d5f19:0x3ffbad10 0x40088269:0x3ffbad60




ELF file SHA256: 5d2380114

Rebooting...
ets Jun  8 2016 00:22:57

rst:0xc (SW_CPU_RESET),boot:0x13 (SPI_FAST_FLASH_BOOT)
configsip: 0, SPIWP:0xee
clk_drv:0x00,q_drv:0x00,d_drv:0x00,cs0_drv:0x00,hd_drv:0x00,wp_drv:0x00
mode:DIO, clock div:2
load:0x3fff0030,len:6276
load:0x40078000,len:15716
load:0x40080400,len:4
ho 8 tail 4 room 4
load:0x40080404,len:3860
entry 0x4008063c
[0;32mI (30) boot: ESP-IDF v5.4-dirty 2nd stage bootloader[0m
[0;32mI (31) boot: compile time Nov 12 2025 13:47:17[0m
[0;32mI (31) boot: Multicore bootloader[0m
[0;32mI (33) boot: chip revision: v1.1[0m
[0;32mI (35) boot.esp32: SPI Speed      : 40MHz[0m
[0;32mI (39) boot.esp32: SPI Mode       : DIO[0m
[0;32mI (43) boot.esp32: SPI Flash Size : 16MB[0m
[0;32mI (46) boot: Enabling RNG early entropy source...[0m
[0;32mI (51) boot: Partition Table:[0m
[0;32mI (53) boot: ## Label            Usage          Type ST Offset   Length[0m
[0;32mI (60) boot:  0 nvs              WiFi data        01 02 00009000 00006000[0m
[0;32mI (66) boot:  1 phy_init         RF data          01 01 0000f000 00001000[0m
[0;32mI (73) boot:  2 factory          factory app      00 00 00010000 00100000[0m
[0;32mI (79) boot: End of partition table[0m
[0;32mI (83) esp_image: segment 0: paddr=00010020 vaddr=3f400020 size=0c18ch ( 49548) map[0m
[0;32mI (107) esp_image: segment 1: paddr=0001c1b4 vaddr=3ff80000 size=0001ch (    28) load[0m
[0;32mI (107) esp_image: segment 2: paddr=0001c1d8 vaddr=3ffb0000 size=0261ch (  9756) load[0m
[0;32mI (115) esp_image: segment 3: paddr=0001e7fc vaddr=40080000 size=0181ch (  6172) load[0m
[0;32mI (121) esp_image: segment 4: paddr=00020020 vaddr=400d0020 size=17ad8h ( 96984) map[0m
[0;32mI (159) esp_image: segment 5: paddr=00037b00 vaddr=4008181c size=0db24h ( 56100) load[0m
[0;32mI (188) boot: Loaded app from partition at offset 0x10000[0m
[0;32mI (188) boot: Disabling RNG early entropy source...[0m
[0;32mI (199) cpu_start: Multicore app[0m
[0;32mI (207) cpu_start: Pro cpu start user code[0m
[0;32mI (207) cpu_start: cpu freq: 160000000 Hz[0m
[0;32mI (207) app_init: Application information:[0m
[0;32mI (207) app_init: Project name:     control_1.7[0m
[0;32mI (211) app_init: App version:      v5.4-dirty[0m
[0;32mI (216) app_init: Compile time:     Nov 12 2025 13:47:06[0m
[0;32mI (221) app_init: ELF file SHA256:  5d2380114...[0m
[0;32mI (225) app_init: ESP-IDF:          v5.4-dirty[0m
[0;32mI (229) efuse_init: Min chip rev:     v0.0[0m
[0;32mI (233) efuse_init: Max chip rev:     v3.99 [0m
[0;32mI (237) efuse_init: Chip rev:         v1.1[0m
[0;32mI (241) heap_init: Initializing. RAM available for dynamic allocation:[0m
[0;32mI (247) heap_init: At 3FFAE6E0 len 00001920 (6 KiB): DRAM[0m
[0;32mI (252) heap_init: At 3FFB3A68 len 0002C598 (177 KiB): DRAM[0m
[0;32mI (257) heap_init: At 3FFE0440 len 00003AE0 (14 KiB): D/IRAM[0m
[0;32mI (263) heap_init: At 3FFE4350 len 0001BCB0 (111 KiB): D/IRAM[0m
[0;32mI (268) heap_init: At 4008F340 len 00010CC0 (67 KiB): IRAM[0m
[0;32mI (275) spi_flash: detected chip: generic[0m
[0;32mI (277) spi_flash: flash io: dio[0m
[0;32mI (281) main_task: Started on CPU0[0m
[0;32mI (284) main_task: Calling app_main()[0m
[0;32mI (287) gpio: GPIO[12]| InputEn: 0| OutputEn: 0| OpenDrain: 0| Pullup: 1| Pulldown: 0| Intr:0 [0m
[0;32mI (295) uart: ESP_INTR_FLAG_IRAM flag not set while CONFIG_UART_ISR_IN_IRAM is enabled, flag updated[0m
[0;32mI (304) uart: queue free spaces: 20[0m
[0;32mI (308) UART_SLAVE_DMA: UART initialized with DMA, 2000000 bps[0m
[0;32mI (322) UART_SLAVE_DMA: Setting up PWM and PID module[0m
[0;32mI (322) LEDC_PWM_UNIT: setting up LEDC units and chaneels[0m
[0;32mI (322) gpio: GPIO[32]| InputEn: 0| OutputEn: 0| OpenDrain: 0| Pullup: 1| Pulldown: 0| Intr:0 [0m
[0;32mI (331) gpio: GPIO[33]| InputEn: 0| OutputEn: 0| OpenDrain: 0| Pullup: 1| Pulldown: 0| Intr:0 [0m
[0;32mI (339) gpio: GPIO[25]| InputEn: 0| OutputEn: 0| OpenDrain: 0| Pullup: 1| Pulldown: 0| Intr:0 [0m
[0;32mI (347) gpio: GPIO[26]| InputEn: 0| OutputEn: 0| OpenDrain: 0| Pullup: 1| Pulldown: 0| Intr:0 [0m
[0;32mI (356) gpio: GPIO[27]| InputEn: 0| OutputEn: 0| OpenDrain: 0| Pullup: 1| Pulldown: 0| Intr:0 [0m
[0;32mI (364) gpio: GPIO[14]| InputEn: 0| OutputEn: 0| OpenDrain: 0| Pullup: 1| Pulldown: 0| Intr:0 [0m
[0;32mI (372) gpio: GPIO[23]| InputEn: 0| OutputEn: 0| OpenDrain: 0| Pullup: 1| Pulldown: 0| Intr:0 [0m
[0;32mI (381) gpio: GPIO[22]| InputEn: 0| OutputEn: 0| OpenDrain: 0| Pullup: 1| Pulldown: 0| Intr:0 [0m
[0;32mI (389) gpio: GPIO[21]| InputEn: 0| OutputEn: 0| OpenDrain: 0| Pullup: 1| Pulldown: 0| Intr:0 [0m
[0;32mI (397) gpio: GPIO[19]| InputEn: 0| OutputEn: 0| OpenDrain: 0| Pullup: 1| Pulldown: 0| Intr:0 [0m
[0;32mI (406) gpio: GPIO[18]| InputEn: 0| OutputEn: 0| OpenDrain: 0| Pullup: 1| Pulldown: 0| Intr:0 [0m
[0;32mI (414) gpio: GPIO[5]| InputEn: 0| OutputEn: 0| OpenDrain: 0| Pullup: 1| Pulldown: 0| Intr:0 [0m
[0;32mI (422) gpio: GPIO[17]| InputEn: 0| OutputEn: 0| OpenDrain: 0| Pullup: 1| Pulldown: 0| Intr:0 [0m
[0;32mI (430) gpio: GPIO[16]| InputEn: 0| OutputEn: 0| OpenDrain: 0| Pullup: 1| Pulldown: 0| Intr:0 [0m
[0;32mI (439) gpio: GPIO[4]| InputEn: 0| OutputEn: 0| OpenDrain: 0| Pullup: 1| Pulldown: 0| Intr:0 [0m
[0;32mI (447) gpio: GPIO[2]| InputEn: 0| OutputEn: 0| OpenDrain: 0| Pullup: 1| Pulldown: 0| Intr:0 [0m
[0;32mI (566) LEDC_PWM_UNIT: LEDC unit setiing up completed[0m

[0;32mI (576) MOTOR_SET: Starting PID application...[0m
[0;32mI (576) MOTOR_SET: Motor timer started at 5000.00 Hz[0m
[1;31mE (578) MOTOR_SET: Applied to motor[4]: pwm=-240 dir=-1[0m
[0;32mI (580) MOTOR_SET: PID application started successfully[0m
[1;31mE (581) MOTOR_SET: Applied to motor[4]: pwm=-240 dir=-1[0m

assert failed: xTaskGenericNotify tasks.c:5906 (xTaskToNotify)


Backtrace: 0x40081ab9:0x3ffbab90 0x400877f1:0x3ffbabb0 0x4008dcf5:0x3ffbabd0 0x4008a364:0x3ffbacf0 0x400d5f19:0x3ffbad10 0x40088269:0x3ffbad60




ELF file SHA256: 5d2380114

Rebooting...
ets Jun  8 2016 00:22:57

rst:0xc (SW_CPU_RESET),boot:0x13 (SPI_FAST_FLASH_BOOT)
configsip: 0, SPIWP:0xee
clk_drv:0x00,q_drv:0x00,d_drv:0x00,cs0_drv:0x00,hd_drv:0x00,wp_drv:0x00
mode:DIO, clock div:2
load:0x3fff0030,len:6276
load:0x40078000,len:15716
load:0x40080400,len:4
ho 8 tail 4 room 4
load:0x40080404,len:3860
entry 0x4008063c
[0;32mI (30) boot: ESP-IDF v5.4-dirty 2nd stage bootloader[0m
[0;32mI (31) boot: compile time Nov 12 2025 13:47:17[0m
[0;32mI (31) boot: Multicore bootloader[0m
[0;32mI (33) boot: chip revision: v1.1[0m
[0;32mI (35) boot.esp32: SPI Speed      : 40MHz[0m
[0;32mI (39) boot.esp32: SPI Mode       : DIO[0m
[0;32mI (43) boot.esp32: SPI Flash Size : 16MB[0m
[0;32mI (46) boot: Enabling RNG early entropy source...[0m
[0;32mI (51) boot: Partition Table:[0m
[0;32mI (53) boot: ## Label            Usage          Type ST Offset   Length[0m
[0;32mI (60) boot:  0 nvs              WiFi data        01 02 00009000 00006000[0m
[0;32mI (66) boot:  1 phy_init         RF data          01 01 0000f000 00001000[0m
[0;32mI (73) boot:  2 factory          factory app      00 00 00010000 00100000[0m
[0;32mI (79) boot: End of partition table[0m
[0;32mI (83) esp_image: segment 0: paddr=00010020 vaddr=3f400020 size=0c18ch ( 49548) map[0m
[0;32mI (107) esp_image: segment 1: paddr=0001c1b4 vaddr=3ff80000 size=0001ch (    28) load[0m
[0;32mI (107) esp_image: segment 2: paddr=0001c1d8 vaddr=3ffb0000 size=0261ch (  9756) load[0m
[0;32mI (115) esp_image: segment 3: paddr=0001e7fc vaddr=40080000 size=0181ch (  6172) load[0m
[0;32mI (121) esp_image: segment 4: paddr=00020020 vaddr=400d0020 size=17ad8h ( 96984) map[0m
[0;32mI (159) esp_image: segment 5: paddr=00037b00 vaddr=4008181c size=0db24h ( 56100) load[0m
[0;32mI (188) boot: Loaded app from partition at offset 0x10000[0m
[0;32mI (188) boot: Disabling RNG early entropy source...[0m
[0;32mI (199) cpu_start: Multicore app[0m
[0;32mI (207) cpu_start: Pro cpu start user code[0m
[0;32mI (207) cpu_start: cpu freq: 160000000 Hz[0m
[0;32mI (207) app_init: Application information:[0m
[0;32mI (207) app_init: Project name:     control_1.7[0m
[0;32mI (211) app_init: App version:      v5.4-dirty[0m
[0;32mI (216) app_init: Compile time:     Nov 12 2025 13:47:06[0m
[0;32mI (221) app_init: ELF file SHA256:  5d2380114...[0m
[0;32mI (225) app_init: ESP-IDF:          v5.4-dirty[0m
[0;32mI (229) efuse_init: Min chip rev:     v0.0[0m
[0;32mI (233) efuse_init: Max chip rev:     v3.99 [0m
[0;32mI (237) efuse_init: Chip rev:         v1.1[0m
[0;32mI (241) heap_init: Initializing. RAM available for dynamic allocation:[0m
[0;32mI (247) heap_init: At 3FFAE6E0 len 00001920 (6 KiB): DRAM[0m
[0;32mI (252) heap_init: At 3FFB3A68 len 0002C598 (177 KiB): DRAM[0m
[0;32mI (257) heap_init: At 3FFE0440 len 00003AE0 (14 KiB): D/IRAM[0m
[0;32mI (263) heap_init: At 3FFE4350 len 0001BCB0 (111 KiB): D/IRAM[0m
[0;32mI (268) heap_init: At 4008F340 len 00010CC0 (67 KiB): IRAM[0m
[0;32mI (275) spi_flash: detected chip: generic[0m
[0;32mI (277) spi_flash: flash io: dio[0m
[0;32mI (281) main_task: Started on CPU0[0m
[0;32mI (284) main_task: Calling app_main()[0m
[0;32mI (287) gpio: GPIO[12]| InputEn: 0| OutputEn: 0| OpenDrain: 0| Pullup: 1| Pulldown: 0| Intr:0 [0m
[0;32mI (295) uart: ESP_INTR_FLAG_IRAM flag not set while CONFIG_UART_ISR_IN_IRAM is enabled, flag updated[0m
[0;32mI (304) uart: queue free spaces: 20[0m
[0;32mI (308) UART_SLAVE_DMA: UART initialized with DMA, 2000000 bps[0m
[0;32mI (322) UART_SLAVE_DMA: Setting up PWM and PID module[0m
[0;32mI (322) LEDC_PWM_UNIT: setting up LEDC units and chaneels[0m
[0;32mI (322) gpio: GPIO[32]| InputEn: 0| OutputEn: 0| OpenDrain: 0| Pullup: 1| Pulldown: 0| Intr:0 [0m
[0;32mI (331) gpio: GPIO[33]| InputEn: 0| OutputEn: 0| OpenDrain: 0| Pullup: 1| Pulldown: 0| Intr:0 [0m
[0;32mI (339) gpio: GPIO[25]| InputEn: 0| OutputEn: 0| OpenDrain: 0| Pullup: 1| Pulldown: 0| Intr:0 [0m
[0;32mI (347) gpio: GPIO[26]| InputEn: 0| OutputEn: 0| OpenDrain: 0| Pullup: 1| Pulldown: 0| Intr:0 [0m
[0;32mI (356) gpio: GPIO[27]| InputEn: 0| OutputEn: 0| OpenDrain: 0| Pullup: 1| Pulldown: 0| Intr:0 [0m
[0;32mI (364) gpio: GPIO[14]| InputEn: 0| OutputEn: 0| OpenDrain: 0| Pullup: 1| Pulldown: 0| Intr:0 [0m
[0;32mI (372) gpio: GPIO[23]| InputEn: 0| OutputEn: 0| OpenDrain: 0| Pullup: 1| Pulldown: 0| Intr:0 [0m
[0;32mI (381) gpio: GPIO[22]| InputEn: 0| OutputEn: 0| OpenDrain: 0| Pullup: 1| Pulldown: 0| Intr:0 [0m
[0;32mI (389) gpio: GPIO[21]| InputEn: 0| OutputEn: 0| OpenDrain: 0| Pullup: 1| Pulldown: 0| Intr:0 [0m
[0;32mI (397) gpio: GPIO[19]| InputEn: 0| OutputEn: 0| OpenDrain: 0| Pullup: 1| Pulldown: 0| Intr:0 [0m
[0;32mI (406) gpio: GPIO[18]| InputEn: 0| OutputEn: 0| OpenDrain: 0| Pullup: 1| Pulldown: 0| Intr:0 [0m
[0;32mI (414) gpio: GPIO[5]| InputEn: 0| OutputEn: 0| OpenDrain: 0| Pullup: 1| Pulldown: 0| Intr:0 [0m
[0;32mI (422) gpio: GPIO[17]| InputEn: 0| OutputEn: 0| OpenDrain: 0| Pullup: 1| Pulldown: 0| Intr:0 [0m
[0;32mI (430) gpio: GPIO[16]| InputEn: 0| OutputEn: 0| OpenDrain: 0| Pullup: 1| Pulldown: 0| Intr:0 [0m
[0;32mI (439) gpio: GPIO[4]| InputEn: 0| OutputEn: 0| OpenDrain: 0| Pullup: 1| Pulldown: 0| Intr:0 [0m
[0;32mI (447) gpio: GPIO[2]| InputEn: 0| OutputEn: 0| OpenDrain: 0| Pullup: 1| Pulldown: 0| Intr:0 [0m
[0;32mI (566) LEDC_PWM_UNIT: LEDC unit setiing up completed[0m

[0;32mI (576) MOTOR_SET: Starting PID application...[0m
[0;32mI (576) MOTOR_SET: Motor timer started at 5000.00 Hz[0m
[1;31mE (578) MOTOR_SET: Applied to motor[4]: pwm=-240 dir=-1[0m
[0;32mI (580) MOTOR_SET: PID application started successfully[0m
[1;31mE (581) MOTOR_SET: Applied to motor[4]: pwm=-240 dir=-1[0m

assert failed: xTaskGenericNotify tasks.c:5906 (xTaskToNotify)


Backtrace: 0x40081ab9:0x3ffbab90 0x400877f1:0x3ffbabb0 0x4008dcf5:0x3ffbabd0 0x4008a364:0x3ffbacf0 0x400d5f19:0x3ffbad10 0x40088269:0x3ffbad60




ELF file SHA256: 5d2380114

Rebooting...
ets Jun  8 2016 00:22:57

rst:0xc (SW_CPU_RESET),boot:0x13 (SPI_FAST_FLASH_BOOT)
configsip: 0, SPIWP:0xee
clk_drv:0x00,q_drv:0x00,d_drv:0x00,cs0_drv:0x00,hd_drv:0x00,wp_drv:0x00
mode:DIO, clock div:2
load:0x3fff0030,len:6276
load:0x40078000,len:15716
load:0x40080400,len:4
ho 8 tail 4 room 4
load:0x40080404,len:3860
entry 0x4008063c
[0;32mI (30) boot: ESP-IDF v5.4-dirty 2nd stage bootloader[0m
[0;32mI (31) boot: compile time Nov 12 2025 13:47:17[0m
[0;32mI (31) boot: Multicore bootloader[0m
[0;32mI (33) boot: chip revision: v1.1[0m
[0;32mI (35) boot.esp32: SPI Speed      : 40MHz[0m
[0;32mI (39) boot.esp32: SPI Mode       : DIO[0m
[0;32mI (43) boot.esp32: SPI Flash Size : 16MB[0m
[0;32mI (46) boot: Enabling RNG early entropy source...[0m
[0;32mI (51) boot: Partition Table:[0m
[0;32mI (53) boot: ## Label            Usage          Type ST Offset   Length[0m
[0;32mI (60) boot:  0 nvs              WiFi data        01 02 00009000 00006000[0m
[0;32mI (66) boot:  1 phy_init         RF data          01 01 0000f000 00001000[0m
[0;32mI (73) boot:  2 factory          factory app      00 00 00010000 00100000[0m
[0;32mI (79) boot: End of partition table[0m
[0;32mI (83) esp_image: segment 0: paddr=00010020 vaddr=3f400020 size=0c18ch ( 49548) map[0m
[0;32mI (107) esp_image: segment 1: paddr=0001c1b4 vaddr=3ff80000 size=0001ch (    28) load[0m
[0;32mI (107) esp_image: segment 2: paddr=0001c1d8 vaddr=3ffb0000 size=0261ch (  9756) load[0m
[0;32mI (115) esp_image: segment 3: paddr=0001e7fc vaddr=40080000 size=0181ch (  6172) load[0m
[0;32mI (121) esp_image: segment 4: paddr=00020020 vaddr=400d0020 size=17ad8h ( 96984) map[0m
[0;32mI (159) esp_image: segment 5: paddr=00037b00 vaddr=4008181c size=0db24h ( 56100) load[0m
[0;32mI (188) boot: Loaded app from partition at offset 0x10000[0m
[0;32mI (188) boot: Disabling RNG early entropy source...[0m
[0;32mI (199) cpu_start: Multicore app[0m
[0;32mI (207) cpu_start: Pro cpu start user code[0m
[0;32mI (207) cpu_start: cpu freq: 160000000 Hz[0m
[0;32mI (207) app_init: Application information:[0m
[0;32mI (207) app_init: Project name:     control_1.7[0m
[0;32mI (211) app_init: App version:      v5.4-dirty[0m
[0;32mI (216) app_init: Compile time:     Nov 12 2025 13:47:06[0m
[0;32mI (221) app_init: ELF file SHA256:  5d2380114...[0m
[0;32mI (225) app_init: ESP-IDF:          v5.4-dirty[0m
[0;32mI (229) efuse_init: Min chip rev:     v0.0[0m
[0;32mI (233) efuse_init: Max chip rev:     v3.99 [0m
[0;32mI (237) efuse_init: Chip rev:         v1.1[0m
[0;32mI (241) heap_init: Initializing. RAM available for dynamic allocation:[0m
[0;32mI (247) heap_init: At 3FFAE6E0 len 00001920 (6 KiB): DRAM[0m
[0;32mI (252) heap_init: At 3FFB3A68 len 0002C598 (177 KiB): DRAM[0m
[0;32mI (257) heap_init: At 3FFE0440 len 00003AE0 (14 KiB): D/IRAM[0m
[0;32mI (263) heap_init: At 3FFE4350 len 0001BCB0 (111 KiB): D/IRAM[0m
[0;32mI (268) heap_init: At 4008F340 len 00010CC0 (67 KiB): IRAM[0m
[0;32mI (275) spi_flash: detected chip: generic[0m
[0;32mI (277) spi_flash: flash io: dio[0m
[0;32mI (281) main_task: Started on CPU0[0m
[0;32mI (284) main_task: Calling app_main()[0m
[0;32mI (287) gpio: GPIO[12]| InputEn: 0| OutputEn: 0| OpenDrain: 0| Pullup: 1| Pulldown: 0| Intr:0 [0m
[0;32mI (295) uart: ESP_INTR_FLAG_IRAM flag not set while CONFIG_UART_ISR_IN_IRAM is enabled, flag updated[0m
[0;32mI (304) uart: queue free spaces: 20[0m
[0;32mI (308) UART_SLAVE_DMA: UART initialized with DMA, 2000000 bps[0m
[0;32mI (322) UART_SLAVE_DMA: Setting up PWM and PID module[0m
[0;32mI (322) LEDC_PWM_UNIT: setting up LEDC units and chaneels[0m
[0;32mI (322) gpio: GPIO[32]| InputEn: 0| OutputEn: 0| OpenDrain: 0| Pullup: 1| Pulldown: 0| Intr:0 [0m
[0;32mI (331) gpio: GPIO[33]| InputEn: 0| OutputEn: 0| OpenDrain: 0| Pullup: 1| Pulldown: 0| Intr:0 [0m
[0;32mI (339) gpio: GPIO[25]| InputEn: 0| OutputEn: 0| OpenDrain: 0| Pullup: 1| Pulldown: 0| Intr:0 [0m
[0;32mI (347) gpio: GPIO[26]| InputEn: 0| OutputEn: 0| OpenDrain: 0| Pullup: 1| Pulldown: 0| Intr:0 [0m
[0;32mI (356) gpio: GPIO[27]| InputEn: 0| OutputEn: 0| OpenDrain: 0| Pullup: 1| Pulldown: 0| Intr:0 [0m
[0;32mI (364) gpio: GPIO[14]| InputEn: 0| OutputEn: 0| OpenDrain: 0| Pullup: 1| Pulldown: 0| Intr:0 [0m
[0;32mI (372) gpio: GPIO[23]| InputEn: 0| OutputEn: 0| OpenDrain: 0| Pullup: 1| Pulldown: 0| Intr:0 [0m
[0;32mI (381) gpio: GPIO[22]| InputEn: 0| OutputEn: 0| OpenDrain: 0| Pullup: 1| Pulldown: 0| Intr:0 [0m
[0;32mI (389) gpio: GPIO[21]| InputEn: 0| OutputEn: 0| OpenDrain: 0| Pullup: 1| Pulldown: 0| Intr:0 [0m
[0;32mI (397) gpio: GPIO[19]| InputEn: 0| OutputEn: 0| OpenDrain: 0| Pullup: 1| Pulldown: 0| Intr:0 [0m
[0;32mI (406) gpio: GPIO[18]| InputEn: 0| OutputEn: 0| OpenDrain: 0| Pullup: 1| Pulldown: 0| Intr:0 [0m
[0;32mI (414) gpio: GPIO[5]| InputEn: 0| OutputEn: 0| OpenDrain: 0| Pullup: 1| Pulldown: 0| Intr:0 [0m
[0;32mI (422) gpio: GPIO[17]| InputEn: 0| OutputEn: 0| OpenDrain: 0| Pullup: 1| Pulldown: 0| Intr:0 [0m
[0;32mI (430) gpio: GPIO[16]| InputEn: 0| OutputEn: 0| OpenDrain: 0| Pullup: 1| Pulldown: 0| Intr:0 [0m
[0;32mI (439) gpio: GPIO[4]| InputEn: 0| OutputEn: 0| OpenDrain: 0| Pullup: 1| Pulldown: 0| Intr:0 [0m
[0;32mI (447) gpio: GPIO[2]| InputEn: 0| OutputEn: 0| OpenDrain: 0| Pullup: 1| Pulldown: 0| Intr:0 [0m
[0;32mI (566) LEDC_PWM_UNIT: LEDC unit setiing up completed[0m

[0;32mI (576) MOTOR_SET: Starting PID application...[0m
[0;32mI (576) MOTOR_SET: Motor timer started at 5000.00 Hz[0m
[1;31mE (578) MOTOR_SET: Applied to motor[4]: pwm=-240 dir=-1[0m
[0;32mI (579) MOTOR_SET: PID application started successfully[0m
[1;31mE (581) MOTOR_SET: Applied to motor[4]: pwm=-240 dir=-1[0m

assert failed: xTaskGenericNotify tasks.c:5906 (xTaskToNotify)


Backtrace: 0x40081ab9:0x3ffbab90 0x400877f1:0x3ffbabb0 0x4008dcf5:0x3ffbabd0 0x4008a364:0x3ffbacf0 0x400d5f19:0x3ffbad10 0x40088269:0x3ffbad60




ELF file SHA256: 5d2380114

Rebooting...
ets Jun  8 2016 00:22:57

rst:0xc (SW_CPU_RESET),boot:0x13 (SPI_FAST_FLASH_BOOT)
configsip: 0, SPIWP:0xee
clk_drv:0x00,q_drv:0x00,d_drv:0x00,cs0_drv:0x00,hd_drv:0x00,wp_drv:0x00
mode:DIO, clock div:2
load:0x3fff0030,len:6276
load:0x40078000,len:15716
load:0x40080400,len:4
ho 8 tail 4 room 4
load:0x40080404,len:3860
entry 0x4008063c
[0;32mI (30) boot: ESP-IDF v5.4-dirty 2nd stage bootloader[0m
[0;32mI (31) boot: compile time Nov 12 2025 13:47:17[0m
[0;32mI (31) boot: Multicore bootloader[0m
[0;32mI (33) boot: chip revision: v1.1[0m
[0;32mI (35) boot.esp32: SPI Speed      : 40MHz[0m
[0;32mI (39) boot.esp32: SPI Mode       : DIO[0m
[0;32mI (43) boot.esp32: SPI Flash Size : 16MB[0m
[0;32mI (46) boot: Enabling RNG early entropy source...[0m
[0;32mI (51) boot: Partition Table:[0m
[0;32mI (53) boot: ## Label            Usage          Type ST Offset   Length[0m
[0;32mI (60) boot:  0 nvs              WiFi data        01 02 00009000 00006000[0m
[0;32mI (66) boot:  1 phy_init         RF data          01 01 0000f000 00001000[0m
[0;32mI (73) boot:  2 factory          factory app      00 00 00010000 00100000[0m
[0;32mI (79) boot: End of partition table[0m
[0;32mI (83) esp_image: segment 0: paddr=00010020 vaddr=3f400020 size=0c18ch ( 49548) map[0m
[0;32mI (107) esp_image: segment 1: paddr=0001c1b4 vaddr=3ff80000 size=0001ch (    28) load[0m
[0;32mI (107) esp_image: segment 2: paddr=0001c1d8 vaddr=3ffb0000 size=0261ch (  9756) load[0m
[0;32mI (115) esp_image: segment 3: paddr=0001e7fc vaddr=40080000 size=0181ch (  6172) load[0m
[0;32mI (121) esp_image: segment 4: paddr=00020020 vaddr=400d0020 size=17ad8h ( 96984) map[0m
[0;32mI (159) esp_image: segment 5: paddr=00037b00 vaddr=4008181c size=0db24h ( 56100) load[0m
[0;32mI (188) boot: Loaded app from partition at offset 0x10000[0m
[0;32mI (188) boot: Disabling RNG early entropy source...[0m
[0;32mI (199) cpu_start: Multicore app[0m
[0;32mI (207) cpu_start: Pro cpu start user code[0m
[0;32mI (207) cpu_start: cpu freq: 160000000 Hz[0m
[0;32mI (207) app_init: Application information:[0m
[0;32mI (207) app_init: Project name:     control_1.7[0m
[0;32mI (211) app_init: App version:      v5.4-dirty[0m
[0;32mI (216) app_init: Compile time:     Nov 12 2025 13:47:06[0m
[0;32mI (221) app_init: ELF file SHA256:  5d2380114...[0m
[0;32mI (225) app_init: ESP-IDF:          v5.4-dirty[0m
[0;32mI (229) efuse_init: Min chip rev:     v0.0[0m
[0;32mI (233) efuse_init: Max chip rev:     v3.99 [0m
[0;32mI (237) efuse_init: Chip rev:         v1.1[0m
[0;32mI (241) heap_init: Initializing. RAM available for dynamic allocation:[0m
[0;32mI (247) heap_init: At 3FFAE6E0 len 00001920 (6 KiB): DRAM[0m
[0;32mI (252) heap_init: At 3FFB3A68 len 0002C598 (177 KiB): DRAM[0m
[0;32mI (257) heap_init: At 3FFE0440 len 00003AE0 (14 KiB): D/IRAM[0m
[0;32mI (263) heap_init: At 3FFE4350 len 0001BCB0 (111 KiB): D/IRAM[0m
[0;32mI (268) heap_init: At 4008F340 len 00010CC0 (67 KiB): IRAM[0m
[0;32mI (275) spi_flash: detected chip: generic[0m
[0;32mI (277) spi_flash: flash io: dio[0m
[0;32mI (281) main_task: Started on CPU0[0m
[0;32mI (284) main_task: Calling app_main()[0m
[0;32mI (287) gpio: GPIO[12]| InputEn: 0| OutputEn: 0| OpenDrain: 0| Pullup: 1| Pulldown: 0| Intr:0 [0m
[0;32mI (295) uart: ESP_INTR_FLAG_IRAM flag not set while CONFIG_UART_ISR_IN_IRAM is enabled, flag updated[0m
[0;32mI (304) uart: queue free spaces: 20[0m
[0;32mI (308) UART_SLAVE_DMA: UART initialized with DMA, 2000000 bps[0m
[0;32mI (322) UART_SLAVE_DMA: Setting up PWM and PID module[0m
[0;32mI (322) LEDC_PWM_UNIT: setting up LEDC units and chaneels[0m
[0;32mI (322) gpio: GPIO[32]| InputEn: 0| OutputEn: 0| OpenDrain: 0| Pullup: 1| Pulldown: 0| Intr:0 [0m
[0;32mI (331) gpio: GPIO[33]| InputEn: 0| OutputEn: 0| OpenDrain: 0| Pullup: 1| Pulldown: 0| Intr:0 [0m
[0;32mI (339) gpio: GPIO[25]| InputEn: 0| OutputEn: 0| OpenDrain: 0| Pullup: 1| Pulldown: 0| Intr:0 [0m
[0;32mI (347) gpio: GPIO[26]| InputEn: 0| OutputEn: 0| OpenDrain: 0| Pullup: 1| Pulldown: 0| Intr:0 [0m
[0;32mI (356) gpio: GPIO[27]| InputEn: 0| OutputEn: 0| OpenDrain: 0| Pullup: 1| Pulldown: 0| Intr:0 [0m
[0;32mI (364) gpio: GPIO[14]| InputEn: 0| OutputEn: 0| OpenDrain: 0| Pullup: 1| Pulldown: 0| Intr:0 [0m
[0;32mI (372) gpio: GPIO[23]| InputEn: 0| OutputEn: 0| OpenDrain: 0| Pullup: 1| Pulldown: 0| Intr:0 [0m
[0;32mI (381) gpio: GPIO[22]| InputEn: 0| OutputEn: 0| OpenDrain: 0| Pullup: 1| Pulldown: 0| Intr:0 [0m
[0;32mI (389) gpio: GPIO[21]| InputEn: 0| OutputEn: 0| OpenDrain: 0| Pullup: 1| Pulldown: 0| Intr:0 [0m
[0;32mI (397) gpio: GPIO[19]| InputEn: 0| OutputEn: 0| OpenDrain: 0| Pullup: 1| Pulldown: 0| Intr:0 [0m
[0;32mI (406) gpio: GPIO[18]| InputEn: 0| OutputEn: 0| OpenDrain: 0| Pullup: 1| Pulldown: 0| Intr:0 [0m
[0;32mI (414) gpio: GPIO[5]| InputEn: 0| OutputEn: 0| OpenDrain: 0| Pullup: 1| Pulldown: 0| Intr:0 [0m
[0;32mI (422) gpio: GPIO[17]| InputEn: 0| OutputEn: 0| OpenDrain: 0| Pullup: 1| Pulldown: 0| Intr:0 [0m
[0;32mI (430) gpio: GPIO[16]| InputEn: 0| OutputEn: 0| OpenDrain: 0| Pullup: 1| Pulldown: 0| Intr:0 [0m
[0;32mI (439) gpio: GPIO[4]| InputEn: 0| OutputEn: 0| OpenDrain: 0| Pullup: 1| Pulldown: 0| Intr:0 [0m
[0;32mI (447) gpio: GPIO[2]| InputEn: 0| OutputEn: 0| OpenDrain: 0| Pullup: 1| Pulldown: 0| Intr:0 [0m
[0;32mI (566) LEDC_PWM_UNIT: LEDC unit setiing up completed[0m

[0;32mI (576) MOTOR_SET: Starting PID application...[0m
[0;32mI (576) MOTOR_SET: Motor timer started at 5000.00 Hz[0m
[1;31mE (578) MOTOR_SET: Applied to motor[4]: pwm=-240 dir=-1[0m
[0;32mI (579) MOTOR_SET: PID application started successfully[0m
[1;31mE (581) MOTOR_SET: Applied to motor[4]: pwm=-240 dir=-1[0m

assert failed: xTaskGenericNotify tasks.c:5906 (xTaskToNotify)


Backtrace: 0x40081ab9:0x3ffbab90 0x400877f1:0x3ffbabb0 0x4008dcf5:0x3ffbabd0 0x4008a364:0x3ffbacf0 0x400d5f19:0x3ffbad10 0x40088269:0x3ffbad60




ELF file SHA256: 5d2380114

Rebooting...
ets Jun  8 2016 00:22:57

rst:0xc (SW_CPU_RESET),boot:0x13 (SPI_FAST_FLASH_BOOT)
configsip: 0, SPIWP:0xee
clk_drv:0x00,q_drv:0x00,d_drv:0x00,cs0_drv:0x00,hd_drv:0x00,wp_drv:0x00
mode:DIO, clock div:2
load:0x3fff0030,len:6276
load:0x40078000,len:15716
load:0x40080400,len:4
ho 8 tail 4 room 4
load:0x40080404,len:3860
entry 0x4008063c
[0;32mI (30) boot: ESP-IDF v5.4-dirty 2nd stage bootloader[0m
[0;32mI (31) boot: compile time Nov 12 2025 13:47:17[0m
[0;32mI (31) boot: Multicore bootloader[0m
[0;32mI (33) boot: chip revision: v1.1[0m
[0;32mI (35) boot.esp32: SPI Speed      : 40MHz[0m
[0;32mI (39) boot.esp32: SPI Mode       : DIO[0m
[0;32mI (43) boot.esp32: SPI Flash Size : 16MB[0m
[0;32mI (46) boot: Enabling RNG early entropy source...[0m
[0;32mI (51) boot: Partition Table:[0m
[0;32mI (53) boot: ## Label            Usage          Type ST Offset   Length[0m
[0;32mI (60) boot:  0 nvs              WiFi data        01 02 00009000 00006000[0m
[0;32mI (66) boot:  1 phy_init         RF data          01 01 0000f000 00001000[0m
[0;32mI (73) boot:  2 factory          factory app      00 00 00010000 00100000[0m
[0;32mI (79) boot: End of partition table[0m
[0;32mI (83) esp_image: segment 0: paddr=00010020 vaddr=3f400020 size=0c18ch ( 49548) map[0m
[0;32mI (107) esp_image: segment 1: paddr=0001c1b4 vaddr=3ff80000 size=0001ch (    28) load[0m
[0;32mI (107) esp_image: segment 2: paddr=0001c1d8 vaddr=3ffb0000 size=0261ch (  9756) load[0m
[0;32mI (115) esp_image: segment 3: paddr=0001e7fc vaddr=40080000 size=0181ch (  6172) load[0m
[0;32mI (121) esp_image: segment 4: paddr=00020020 vaddr=400d0020 size=17ad8h ( 96984) map[0m
[0;32mI (159) esp_image: segment 5: paddr=00037b00 vaddr=4008181c size=0db24h ( 56100) load[0m
[0;32mI (188) boot: Loaded app from partition at offset 0x10000[0m
[0;32mI (188) boot: Disabling RNG early entropy source...[0m
[0;32mI (199) cpu_start: Multicore app[0m
[0;32mI (207) cpu_start: Pro cpu start user code[0m
[0;32mI (207) cpu_start: cpu freq: 160000000 Hz[0m
[0;32mI (207) app_init: Application information:[0m
[0;32mI (207) app_init: Project name:     control_1.7[0m
[0;32mI (211) app_init: App version:      v5.4-dirty[0m
[0;32mI (216) app_init: Compile time:     Nov 12 2025 13:47:06[0m
[0;32mI (221) app_init: ELF file SHA256:  5d2380114...[0m
[0;32mI (225) app_init: ESP-IDF:          v5.4-dirty[0m
[0;32mI (229) efuse_init: Min chip rev:     v0.0[0m
[0;32mI (233) efuse_init: Max chip rev:     v3.99 [0m
[0;32mI (237) efuse_init: Chip rev:         v1.1[0m
[0;32mI (241) heap_init: Initializing. RAM available for dynamic allocation:[0m
[0;32mI (247) heap_init: At 3FFAE6E0 len 00001920 (6 KiB): DRAM[0m
[0;32mI (252) heap_init: At 3FFB3A68 len 0002C598 (177 KiB): DRAM[0m
[0;32mI (257) heap_init: At 3FFE0440 len 00003AE0 (14 KiB): D/IRAM[0m
[0;32mI (263) heap_init: At 3FFE4350 len 0001BCB0 (111 KiB): D/IRAM[0m
[0;32mI (268) heap_init: At 4008F340 len 00010CC0 (67 KiB): IRAM[0m
[0;32mI (275) spi_flash: detected chip: generic[0m
[0;32mI (277) spi_flash: flash io: dio[0m
[0;32mI (281) main_task: Started on CPU0[0m
[0;32mI (284) main_task: Calling app_main()[0m
[0;32mI (287) gpio: GPIO[12]| InputEn: 0| OutputEn: 0| OpenDrain: 0| Pullup: 1| Pulldown: 0| Intr:0 [0m
[0;32mI (295) uart: ESP_INTR_FLAG_IRAM flag not set while CONFIG_UART_ISR_IN_IRAM is enabled, flag updated[0m
[0;32mI (304) uart: queue free spaces: 20[0m
[0;32mI (308) UART_SLAVE_DMA: UART initialized with DMA, 2000000 bps[0m
[0;32mI (322) UART_SLAVE_DMA: Setting up PWM and PID module[0m
[0;32mI (322) LEDC_PWM_UNIT: setting up LEDC units and chaneels[0m
[0;32mI (322) gpio: GPIO[32]| InputEn: 0| OutputEn: 0| OpenDrain: 0| Pullup: 1| Pulldown: 0| Intr:0 [0m
[0;32mI (331) gpio: GPIO[33]| InputEn: 0| OutputEn: 0| OpenDrain: 0| Pullup: 1| Pulldown: 0| Intr:0 [0m
[0;32mI (339) gpio: GPIO[25]| InputEn: 0| OutputEn: 0| OpenDrain: 0| Pullup: 1| Pulldown: 0| Intr:0 [0m
[0;32mI (347) gpio: GPIO[26]| InputEn: 0| OutputEn: 0| OpenDrain: 0| Pullup: 1| Pulldown: 0| Intr:0 [0m
[0;32mI (356) gpio: GPIO[27]| InputEn: 0| OutputEn: 0| OpenDrain: 0| Pullup: 1| Pulldown: 0| Intr:0 [0m
[0;32mI (364) gpio: GPIO[14]| InputEn: 0| OutputEn: 0| OpenDrain: 0| Pullup: 1| Pulldown: 0| Intr:0 [0m
[0;32mI (372) gpio: GPIO[23]| InputEn: 0| OutputEn: 0| OpenDrain: 0| Pullup: 1| Pulldown: 0| Intr:0 [0m
[0;32mI (381) gpio: GPIO[22]| InputEn: 0| OutputEn: 0| OpenDrain: 0| Pullup: 1| Pulldown: 0| Intr:0 [0m
[0;32mI (389) gpio: GPIO[21]| InputEn: 0| OutputEn: 0| OpenDrain: 0| Pullup: 1| Pulldown: 0| Intr:0 [0m
[0;32mI (397) gpio: GPIO[19]| InputEn: 0| OutputEn: 0| OpenDrain: 0| Pullup: 1| Pulldown: 0| Intr:0 [0m
[0;32mI (406) gpio: GPIO[18]| InputEn: 0| OutputEn: 0| OpenDrain: 0| Pullup: 1| Pulldown: 0| Intr:0 [0m
[0;32mI (414) gpio: GPIO[5]| InputEn: 0| OutputEn: 0| OpenDrain: 0| Pullup: 1| Pulldown: 0| Intr:0 [0m
[0;32mI (422) gpio: GPIO[17]| InputEn: 0| OutputEn: 0| OpenDrain: 0| Pullup: 1| Pulldown: 0| Intr:0 [0m
[0;32mI (430) gpio: GPIO[16]| InputEn: 0| OutputEn: 0| OpenDrain: 0| Pullup: 1| Pulldown: 0| Intr:0 [0m
[0;32mI (439) gpio: GPIO[4]| InputEn: 0| OutputEn: 0| OpenDrain: 0| Pullup: 1| Pulldown: 0| Intr:0 [0m
[0;32mI (447) gpio: GPIO[2]| InputEn: 0| OutputEn: 0| OpenDrain: 0| Pullup: 1| Pulldown: 0| Intr:0 [0m
[0;32mI (566) LEDC_PWM_UNIT: LEDC unit setiing up completed[0m

[0;32mI (576) MOTOR_SET: Starting PID application...[0m
[0;32mI (576) MOTOR_SET: Motor timer started at 5000.00 Hz[0m
[1;31mE (578) MOTOR_SET: Applied to motor[4]: pwm=-240 dir=-1[0m
[0;32mI (580) MOTOR_SET: PID application started successfully[0m
[1;31mE (581) MOTOR_SET: Applied to motor[4]: pwm=-240 dir=-1[0m

assert failed: xTaskGenericNotify tasks.c:5906 (xTaskToNotify)


Backtrace: 0x40081ab9:0x3ffbab90 0x400877f1:0x3ffbabb0 0x4008dcf5:0x3ffbabd0 0x4008a364:0x3ffbacf0 0x400d5f19:0x3ffbad10 0x40088269:0x3ffbad60




ELF file SHA256: 5d2380114

Rebooting...
ets Jun  8 2016 00:22:57

rst:0xc (SW_CPU_RESET),boot:0x13 (SPI_FAST_FLASH_BOOT)
configsip: 0, SPIWP:0xee
clk_drv:0x00,q_drv:0x00,d_drv:0x00,cs0_drv:0x00,hd_drv:0x00,wp_drv:0x00
mode:DIO, clock div:2
load:0x3fff0030,len:6276
load:0x40078000,len:15716
load:0x40080400,len:4
ho 8 tail 4 room 4
load:0x40080404,len:3860
entry 0x4008063c
[0;32mI (30) boot: ESP-IDF v5.4-dirty 2nd stage bootloader[0m
[0;32mI (31) boot: compile time Nov 12 2025 13:47:17[0m
[0;32mI (31) boot: Multicore bootloader[0m
[0;32mI (33) boot: chip revision: v1.1[0m
[0;32mI (35) boot.esp32: SPI Speed      : 40MHz[0m
[0;32mI (39) boot.esp32: SPI Mode       : DIO[0m
[0;32mI (43) boot.esp32: SPI Flash Size : 16MB[0m
[0;32mI (46) boot: Enabling RNG early entropy source...[0m
[0;32mI (51) boot: Partition Table:[0m
[0;32mI (53) boot: ## Label            Usage          Type ST Offset   Length[0m
[0;32mI (60) boot:  0 nvs              WiFi data        01 02 00009000 00006000[0m
[0;32mI (66) boot:  1 phy_init         RF data          01 01 0000f000 00001000[0m
[0;32mI (73) boot:  2 factory          factory app      00 00 00010000 00100000[0m
[0;32mI (79) boot: End of partition table[0m
[0;32mI (83) esp_image: segment 0: paddr=00010020 vaddr=3f400020 size=0c18ch ( 49548) map[0m
[0;32mI (107) esp_image: segment 1: paddr=0001c1b4 vaddr=3ff80000 size=0001ch (    28) load[0m
[0;32mI (107) esp_image: segment 2: paddr=0001c1d8 vaddr=3ffb0000 size=0261ch (  9756) load[0m
[0;32mI (115) esp_image: segment 3: paddr=0001e7fc vaddr=40080000 size=0181ch (  6172) load[0m
[0;32mI (121) esp_image: segment 4: paddr=00020020 vaddr=400d0020 size=17ad8h ( 96984) map[0m
[0;32mI (159) esp_image: segment 5: paddr=00037b00 vaddr=4008181c size=0db24h ( 56100) load[0m
[0;32mI (188) boot: Loaded app from partition at offset 0x10000[0m
[0;32mI (188) boot: Disabling RNG early entropy source...[0m
[0;32mI (199) cpu_start: Multicore app[0m
[0;32mI (207) cpu_start: Pro cpu start user code[0m
[0;32mI (207) cpu_start: cpu freq: 160000000 Hz[0m
[0;32mI (207) app_init: Application information:[0m
[0;32mI (207) app_init: Project name:     control_1.7[0m
[0;32mI (211) app_init: App version:      v5.4-dirty[0m
[0;32mI (216) app_init: Compile time:     Nov 12 2025 13:47:06[0m
[0;32mI (221) app_init: ELF file SHA256:  5d2380114...[0m
[0;32mI (225) app_init: ESP-IDF:          v5.4-dirty[0m
[0;32mI (229) efuse_init: Min chip rev:     v0.0[0m
[0;32mI (233) efuse_init: Max chip rev:     v3.99 [0m
[0;32mI (237) efuse_init: Chip rev:         v1.1[0m
[0;32mI (241) heap_init: Initializing. RAM available for dynamic allocation:[0m
[0;32mI (247) heap_init: At 3FFAE6E0 len 00001920 (6 KiB): DRAM[0m
[0;32mI (252) heap_init: At 3FFB3A68 len 0002C598 (177 KiB): DRAM[0m
[0;32mI (257) heap_init: At 3FFE0440 len 00003AE0 (14 KiB): D/IRAM[0m
[0;32mI (263) heap_init: At 3FFE4350 len 0001BCB0 (111 KiB): D/IRAM[0m
[0;32mI (268) heap_init: At 4008F340 len 00010CC0 (67 KiB): IRAM[0m
[0;32mI (275) spi_flash: detected chip: generic[0m
[0;32mI (277) spi_flash: flash io: dio[0m
[0;32mI (281) main_task: Started on CPU0[0m
[0;32mI (284) main_task: Calling app_main()[0m
[0;32mI (287) gpio: GPIO[12]| InputEn: 0| OutputEn: 0| OpenDrain: 0| Pullup: 1| Pulldown: 0| Intr:0 [0m
[0;32mI (295) uart: ESP_INTR_FLAG_IRAM flag not set while CONFIG_UART_ISR_IN_IRAM is enabled, flag updated[0m
[0;32mI (304) uart: queue free spaces: 20[0m
[0;32mI (308) UART_SLAVE_DMA: UART initialized with DMA, 2000000 bps[0m
[0;32mI (322) UART_SLAVE_DMA: Setting up PWM and PID module[0m
[0;32mI (322) LEDC_PWM_UNIT: setting up LEDC units and chaneels[0m
[0;32mI (322) gpio: GPIO[32]| InputEn: 0| OutputEn: 0| OpenDrain: 0| Pullup: 1| Pulldown: 0| Intr:0 [0m
