[0;32mI (13) boot: ESP-IDF v5.4-dirty 2nd stage bootloader[0m
[0;32mI (13) boot: compile time Nov 12 2025 13:47:17[0m
[0;32mI (13) boot: Multicore bootloader[0m
[0;32mI (14) boot: chip revision: v1.1[0m
[0;32mI (16) boot.esp32: SPI Speed      : 40MHz[0m
[0;32mI (20) boot.esp32: SPI Mode       : DIO[0m
[0;32mI (24) boot.esp32: SPI Flash Size : 16MB[0m
[0;32mI (27) boot: Enabling RNG early entropy source...[0m
[0;32mI (32) boot: Partition Table:[0m
[0;32mI (34) boot: ## Label            Usage          Type ST Offset   Length[0m
[0;32mI (41) boot:  0 nvs              WiFi data        01 02 00009000 00006000[0m
[0;32mI (47) boot:  1 phy_init         RF data          01 01 0000f000 00001000[0m
[0;32mI (54) boot:  2 factory          factory app      00 00 00010000 00100000[0m
[0;32mI (60) boot: End of partition table[0m
[0;32mI (64) esp_image: segment 0: paddr=00010020 vaddr=3f400020 size=0c09ch ( 49308) map[0m
[0;32mI (88) esp_image: segment 1: paddr=0001c0c4 vaddr=3ff80000 size=0001ch (    28) load[0m
[0;32mI (88) esp_image: segment 2: paddr=0001c0e8 vaddr=3ffb0000 size=0261ch (  9756) load[0m
[0;32mI (95) esp_image: segment 3: paddr=0001e70c vaddr=40080000 size=0190ch (  6412) load[0m
[0;32mI (102) esp_image: segment 4: paddr=00020020 vaddr=400d0020 size=17a20h ( 96800) map[0m
[0;32mI (140) esp_image: segment 5: paddr=00037a48 vaddr=4008190c size=0d904h ( 55556) load[0m
[0;32mI (169) boot: Loaded app from partition at offset 0x10000[0m
[0;32mI (169) boot: Disabling RNG early entropy source...[0m
[0;32mI (179) cpu_start: Multicore app[0m
[0;32mI (188) cpu_start: Pro cpu start user code[0m
[0;32mI (188) cpu_start: cpu freq: 160000000 Hz[0m
[0;32mI (188) app_init: Application information:[0m
[0;32mI (188) app_init: Project name:     control_1.7[0m
[0;32mI (192) app_init: App version:      v5.4-dirty[0m
[0;32mI (196) app_init: Compile time:     Nov 12 2025 13:47:06[0m
[0;32mI (201) app_init: ELF file SHA256:  c12657532...[0m
[0;32mI (205) app_init: ESP-IDF:          v5.4-dirty[0m
[0;32mI (210) efuse_init: Min chip rev:     v0.0[0m
[0;32mI (213) efuse_init: Max chip rev:     v3.99 [0m
[0;32mI (217) efuse_init: Chip rev:         v1.1[0m
[0;32mI (222) heap_init: Initializing. RAM available for dynamic allocation:[0m
[0;32mI (228) heap_init: At 3FFAE6E0 len 00001920 (6 KiB): DRAM[0m
[0;32mI (233) heap_init: At 3FFB5418 len 0002ABE8 (170 KiB): DRAM[0m
[0;32mI (238) heap_init: At 3FFE0440 len 00003AE0 (14 KiB): D/IRAM[0m
[0;32mI (243) heap_init: At 3FFE4350 len 0001BCB0 (111 KiB): D/IRAM[0m
[0;32mI (249) heap_init: At 4008F210 len 00010DF0 (67 KiB): IRAM[0m
[0;32mI (256) spi_flash: detected chip: generic[0m
[0;32mI (258) spi_flash: flash io: dio[0m
[0;32mI (262) main_task: Started on CPU0[0m
[0;32mI (265) main_task: Calling app_main()[0m
[0;32mI (268) gpio: GPIO[12]| InputEn: 0| OutputEn: 0| OpenDrain: 0| Pullup: 1| Pulldown: 0| Intr:0 [0m

assert failed: xQueueReceive queue.c:1531 (( pxQueue ))


Backtrace: 0x40081ab5:0x3ffb9b40 0x400876c1:0x3ffb9b60 0x4008dbc5:0x3ffb9b80 0x40087e32:0x3ffb9ca0 0x400d5e24:0x3ffb9ce0 0x40088139:0x3ffb9d30




ELF file SHA256: c12657532

Rebooting...
[0;32mI (12) boot: ESP-IDF v5.4-dirty 2nd stage bootloader[0m
[0;32mI (12) boot: compile time Nov 12 2025 13:47:17[0m
[0;32mI (12) boot: Multicore bootloader[0m
[0;32mI (13) boot: chip revision: v1.1[0m
[0;32mI (16) boot.esp32: SPI Speed      : 40MHz[0m
[0;32mI (20) boot.esp32: SPI Mode       : DIO[0m
[0;32mI (23) boot.esp32: SPI Flash Size : 16MB[0m
[0;32mI (27) boot: Enabling RNG early entropy source...[0m
[0;32mI (31) boot: Partition Table:[0m
[0;32mI (34) boot: ## Label            Usage          Type ST Offset   Length[0m
[0;32mI (40) boot:  0 nvs              WiFi data        01 02 00009000 00006000[0m
[0;32mI (47) boot:  1 phy_init         RF data          01 01 0000f000 00001000[0m
[0;32mI (53) boot:  2 factory          factory app      00 00 00010000 00100000[0m
[0;32mI (60) boot: End of partition table[0m
[0;32mI (63) esp_image: segment 0: paddr=00010020 vaddr=3f400020 size=0c09ch ( 49308) map[0m
[0;32mI (87) esp_image: segment 1: paddr=0001c0c4 vaddr=3ff80000 size=0001ch (    28) load[0m
[0;32mI (88) esp_image: segment 2: paddr=0001c0e8 vaddr=3ffb0000 size=0261ch (  9756) load[0m
[0;32mI (95) esp_image: segment 3: paddr=0001e70c vaddr=40080000 size=0190ch (  6412) load[0m
[0;32mI (101) esp_image: segment 4: paddr=00020020 vaddr=400d0020 size=17a20h ( 96800) map[0m
[0;32mI (139) esp_image: segment 5: paddr=00037a48 vaddr=4008190c size=0d904h ( 55556) load[0m
[0;32mI (168) boot: Loaded app from partition at offset 0x10000[0m
[0;32mI (168) boot: Disabling RNG early entropy source...[0m
[0;32mI (179) cpu_start: Multicore app[0m
[0;32mI (187) cpu_start: Pro cpu start user code[0m
[0;32mI (187) cpu_start: cpu freq: 160000000 Hz[0m
[0;32mI (187) app_init: Application information:[0m
[0;32mI (187) app_init: Project name:     control_1.7[0m
[0;32mI (191) app_init: App version:      v5.4-dirty[0m
[0;32mI (196) app_init: Compile time:     Nov 12 2025 13:47:06[0m
[0;32mI (201) app_init: ELF file SHA256:  c12657532...[0m
[0;32mI (205) app_init: ESP-IDF:          v5.4-dirty[0m
[0;32mI (209) efuse_init: Min chip rev:     v0.0[0m
[0;32mI (213) efuse_init: Max chip rev:     v3.99 [0m
[0;32mI (217) efuse_init: Chip rev:         v1.1[0m
[0;32mI (221) heap_init: Initializing. RAM available for dynamic allocation:[0m
[0;32mI (227) heap_init: At 3FFAE6E0 len 00001920 (6 KiB): DRAM[0m
[0;32mI (232) heap_init: At 3FFB5418 len 0002ABE8 (170 KiB): DRAM[0m
[0;32mI (237) heap_init: At 3FFE0440 len 00003AE0 (14 KiB): D/IRAM[0m
[0;32mI (243) heap_init: At 3FFE4350 len 0001BCB0 (111 KiB): D/IRAM[0m
[0;32mI (248) heap_init: At 4008F210 len 00010DF0 (67 KiB): IRAM[0m
[0;32mI (255) spi_flash: detected chip: generic[0m
[0;32mI (257) spi_flash: flash io: dio[0m
[0;32mI (261) main_task: Started on CPU0[0m
[0;32mI (264) main_task: Calling app_main()[0m
[0;32mI (267) gpio: GPIO[12]| InputEn: 0| OutputEn: 0| OpenDrain: 0| Pullup: 1| Pulldown: 0| Intr:0 [0m

assert failed: xQueueReceive queue.c:1531 (( pxQueue ))


Backtrace: 0x40081ab5:0x3ffb9b40 0x400876c1:0x3ffb9b60 0x4008dbc5:0x3ffb9b80 0x40087e32:0x3ffb9ca0 0x400d5e24:0x3ffb9ce0 0x40088139:0x3ffb9d30




ELF file SHA256: c12657532

Rebooting...
[0;32mI (12) boot: ESP-IDF v5.4-dirty 2nd stage bootloader[0m
[0;32mI (12) boot: compile time Nov 12 2025 13:47:17[0m
[0;32mI (12) boot: Multicore bootloader[0m
[0;32mI (13) boot: chip revision: v1.1[0m
[0;32mI (16) boot.esp32: SPI Speed      : 40MHz[0m
[0;32mI (20) boot.esp32: SPI Mode       : DIO[0m
[0;32mI (23) boot.esp32: SPI Flash Size : 16MB[0m
[0;32mI (27) boot: Enabling RNG early entropy source...[0m
[0;32mI (31) boot: Partition Table:[0m
[0;32mI (34) boot: ## Label            Usage          Type ST Offset   Length[0m
[0;32mI (40) boot:  0 nvs              WiFi data        01 02 00009000 00006000[0m
[0;32mI (47) boot:  1 phy_init         RF data          01 01 0000f000 00001000[0m
[0;32mI (53) boot:  2 factory          factory app      00 00 00010000 00100000[0m
[0;32mI (60) boot: End of partition table[0m
[0;32mI (63) esp_image: segment 0: paddr=00010020 vaddr=3f400020 size=0c09ch ( 49308) map[0m
[0;32mI (87) esp_image: segment 1: paddr=0001c0c4 vaddr=3ff80000 size=0001ch (    28) load[0m
[0;32mI (88) esp_image: segment 2: paddr=0001c0e8 vaddr=3ffb0000 size=0261ch (  9756) load[0m
[0;32mI (95) esp_image: segment 3: paddr=0001e70c vaddr=40080000 size=0190ch (  6412) load[0m
[0;32mI (101) esp_image: segment 4: paddr=00020020 vaddr=400d0020 size=17a20h ( 96800) map[0m
[0;32mI (139) esp_image: segment 5: paddr=00037a48 vaddr=4008190c size=0d904h ( 55556) load[0m
[0;32mI (168) boot: Loaded app from partition at offset 0x10000[0m
[0;32mI (168) boot: Disabling RNG early entropy source...[0m
[0;32mI (179) cpu_start: Multicore app[0m
[0;32mI (187) cpu_start: Pro cpu start user code[0m
[0;32mI (187) cpu_start: cpu freq: 160000000 Hz[0m
[0;32mI (187) app_init: Application information:[0m
[0;32mI (187) app_init: Project name:     control_1.7[0m
[0;32mI (191) app_init: App version:      v5.4-dirty[0m
[0;32mI (196) app_init: Compile time:     Nov 12 2025 13:47:06[0m
[0;32mI (201) app_init: ELF file SHA256:  c12657532...[0m
[0;32mI (205) app_init: ESP-IDF:          v5.4-dirty[0m
[0;32mI (209) efuse_init: Min chip rev:     v0.0[0m
[0;32mI (213) efuse_init: Max chip rev:     v3.99 [0m
[0;32mI (217) efuse_init: Chip rev:         v1.1[0m
[0;32mI (221) heap_init: Initializing. RAM available for dynamic allocation:[0m
[0;32mI (227) heap_init: At 3FFAE6E0 len 00001920 (6 KiB): DRAM[0m
[0;32mI (232) heap_init: At 3FFB5418 len 0002ABE8 (170 KiB): DRAM[0m
[0;32mI (237) heap_init: At 3FFE0440 len 00003AE0 (14 KiB): D/IRAM[0m
[0;32mI (243) heap_init: At 3FFE4350 len 0001BCB0 (111 KiB): D/IRAM[0m
[0;32mI (248) heap_init: At 4008F210 len 00010DF0 (67 KiB): IRAM[0m
[0;32mI (255) spi_flash: detected chip: generic[0m
[0;32mI (257) spi_flash: flash io: dio[0m
[0;32mI (261) main_task: Started on CPU0[0m
[0;32mI (264) main_task: Calling app_main()[0m
[0;32mI (267) gpio: GPIO[12]| InputEn: 0| OutputEn: 0| OpenDrain: 0| Pullup: 1| Pulldown: 0| Intr:0 [0m

assert failed: xQueueReceive queue.c:1531 (( pxQueue ))


Backtrace: 0x40081ab5:0x3ffb9b40 0x400876c1:0x3ffb9b60 0x4008dbc5:0x3ffb9b80 0x40087e32:0x3ffb9ca0 0x400d5e24:0x3ffb9ce0 0x40088139:0x3ffb9d30




ELF file SHA256: c12657532

Rebooting...
[0;32mI (12) boot: ESP-IDF v5.4-dirty 2nd stage bootloader[0m
[0;32mI (12) boot: compile time Nov 12 2025 13:47:17[0m
[0;32mI (12) boot: Multicore bootloader[0m
[0;32mI (13) boot: chip revision: v1.1[0m
[0;32mI (16) boot.esp32: SPI Speed      : 40MHz[0m
[0;32mI (20) boot.esp32: SPI Mode       : DIO[0m
[0;32mI (23) boot.esp32: SPI Flash Size : 16MB[0m
[0;32mI (27) boot: Enabling RNG early entropy source...[0m
[0;32mI (31) boot: Partition Table:[0m
[0;32mI (34) boot: ## Label            Usage          Type ST Offset   Length[0m
[0;32mI (40) boot:  0 nvs              WiFi data        01 02 00009000 00006000[0m
[0;32mI (47) boot:  1 phy_init         RF data          01 01 0000f000 00001000[0m
[0;32mI (53) boot:  2 factory          factory app      00 00 00010000 00100000[0m
[0;32mI (60) boot: End of partition table[0m
[0;32mI (63) esp_image: segment 0: paddr=00010020 vaddr=3f400020 size=0c09ch ( 49308) map[0m
[0;32mI (87) esp_image: segment 1: paddr=0001c0c4 vaddr=3ff80000 size=0001ch (    28) load[0m
[0;32mI (88) esp_image: segment 2: paddr=0001c0e8 vaddr=3ffb0000 size=0261ch (  9756) load[0m
[0;32mI (95) esp_image: segment 3: paddr=0001e70c vaddr=40080000 size=0190ch (  6412) load[0m
[0;32mI (101) esp_image: segment 4: paddr=00020020 vaddr=400d0020 size=17a20h ( 96800) map[0m
[0;32mI (139) esp_image: segment 5: paddr=00037a48 vaddr=4008190c size=0d904h ( 55556) load[0m
[0;32mI (168) boot: Loaded app from partition at offset 0x10000[0m
[0;32mI (168) boot: Disabling RNG early entropy source...[0m
[0;32mI (179) cpu_start: Multicore app[0m
[0;32mI (187) cpu_start: Pro cpu start user code[0m
[0;32mI (187) cpu_start: cpu freq: 160000000 Hz[0m
[0;32mI (187) app_init: Application information:[0m
[0;32mI (187) app_init: Project name:     control_1.7[0m
[0;32mI (191) app_init: App version:      v5.4-dirty[0m
[0;32mI (196) app_init: Compile time:     Nov 12 2025 13:47:06[0m
[0;32mI (201) app_init: ELF file SHA256:  c12657532...[0m
[0;32mI (205) app_init: ESP-IDF:          v5.4-dirty[0m
[0;32mI (209) efuse_init: Min chip rev:     v0.0[0m
[0;32mI (213) efuse_init: Max chip rev:     v3.99 [0m
[0;32mI (217) efuse_init: Chip rev:         v1.1[0m
[0;32mI (221) heap_init: Initializing. RAM available for dynamic allocation:[0m
[0;32mI (227) heap_init: At 3FFAE6E0 len 00001920 (6 KiB): DRAM[0m
[0;32mI (232) heap_init: At 3FFB5418 len 0002ABE8 (170 KiB): DRAM[0m
[0;32mI (237) heap_init: At 3FFE0440 len 00003AE0 (14 KiB): D/IRAM[0m
[0;32mI (243) heap_init: At 3FFE4350 len 0001BCB0 (111 KiB): D/IRAM[0m
[0;32mI (248) heap_init: At 4008F210 len 00010DF0 (67 KiB): IRAM[0m
[0;32mI (255) spi_flash: detected chip: generic[0m
[0;32mI (257) spi_flash: flash io: dio[0m
[0;32mI (261) main_task: Started on CPU0[0m
[0;32mI (264) main_task: Calling app_main()[0m
[0;32mI (267) gpio: GPIO[12]| InputEn: 0| OutputEn: 0| OpenDrain: 0| Pullup: 1| Pulldown: 0| Intr:0 [0m

assert failed: xQueueReceive queue.c:1531 (( pxQueue ))


Backtrace: 0x40081ab5:0x3ffb9b40 0x400876c1:0x3ffb9b60 0x4008dbc5:0x3ffb9b80 0x40087e32:0x3ffb9ca0 0x400d5e24:0x3ffb9ce0 0x40088139:0x3ffb9d30




ELF file SHA256: c12657532

Rebooting...
[0;32mI (12) boot: ESP-IDF v5.4-dirty 2nd stage bootloader[0m
[0;32mI (12) boot: compile time Nov 12 2025 13:47:17[0m
[0;32mI (12) boot: Multicore bootloader[0m
[0;32mI (13) boot: chip revision: v1.1[0m
[0;32mI (16) boot.esp32: SPI Speed      : 40MHz[0m
[0;32mI (20) boot.esp32: SPI Mode       : DIO[0m
[0;32mI (23) boot.esp32: SPI Flash Size : 16MB[0m
[0;32mI (27) boot: Enabling RNG early entropy source...[0m
[0;32mI (31) boot: Partition Table:[0m
[0;32mI (34) boot: ## Label            Usage          Type ST Offset   Length[0m
[0;32mI (40) boot:  0 nvs              WiFi data        01 02 00009000 00006000[0m
[0;32mI (47) boot:  1 phy_init         RF data          01 01 0000f000 00001000[0m
[0;32mI (53) boot:  2 factory          factory app      00 00 00010000 00100000[0m
[0;32mI (60) boot: End of partition table[0m
[0;32mI (63) esp_image: segment 0: paddr=00010020 vaddr=3f400020 size=0c09ch ( 49308) map[0m
[0;32mI (87) esp_image: segment 1: paddr=0001c0c4 vaddr=3ff80000 size=0001ch (    28) load[0m
[0;32mI (88) esp_image: segment 2: paddr=0001c0e8 vaddr=3ffb0000 size=0261ch (  9756) load[0m
[0;32mI (95) esp_image: segment 3: paddr=0001e70c vaddr=40080000 size=0190ch (  6412) load[0m
[0;32mI (101) esp_image: segment 4: paddr=00020020 vaddr=400d0020 size=17a20h ( 96800) map[0m
[0;32mI (139) esp_image: segment 5: paddr=00037a48 vaddr=4008190c size=0d904h ( 55556) load[0m
[0;32mI (168) boot: Loaded app from partition at offset 0x10000[0m
[0;32mI (168) boot: Disabling RNG early entropy source...[0m
[0;32mI (179) cpu_start: Multicore app[0m
[0;32mI (187) cpu_start: Pro cpu start user code[0m
[0;32mI (187) cpu_start: cpu freq: 160000000 Hz[0m
[0;32mI (187) app_init: Application information:[0m
[0;32mI (187) app_init: Project name:     control_1.7[0m
[0;32mI (191) app_init: App version:      v5.4-dirty[0m
[0;32mI (196) app_init: Compile time:     Nov 12 2025 13:47:06[0m
[0;32mI (201) app_init: ELF file SHA256:  c12657532...[0m
[0;32mI (205) app_init: ESP-IDF:          v5.4-dirty[0m
[0;32mI (209) efuse_init: Min chip rev:     v0.0[0m
[0;32mI (213) efuse_init: Max chip rev:     v3.99 [0m
[0;32mI (217) efuse_init: Chip rev:         v1.1[0m
[0;32mI (221) heap_init: Initializing. RAM available for dynamic allocation:[0m
[0;32mI (227) heap_init: At 3FFAE6E0 len 00001920 (6 KiB): DRAM[0m
[0;32mI (232) heap_init: At 3FFB5418 len 0002ABE8 (170 KiB): DRAM[0m
[0;32mI (237) heap_init: At 3FFE0440 len 00003AE0 (14 KiB): D/IRAM[0m
[0;32mI (243) heap_init: At 3FFE4350 len 0001BCB0 (111 KiB): D/IRAM[0m
[0;32mI (248) heap_init: At 4008F210 len 00010DF0 (67 KiB): IRAM[0m
[0;32mI (255) spi_flash: detected chip: generic[0m
[0;32mI (257) spi_flash: flash io: dio[0m
[0;32mI (261) main_task: Started on CPU0[0m
[0;32mI (264) main_task: Calling app_main()[0m
[0;32mI (267) gpio: GPIO[12]| InputEn: 0| OutputEn: 0| OpenDrain: 0| Pullup: 1| Pulldown: 0| Intr:0 [0m

assert failed: xQueueReceive queue.c:1531 (( pxQueue ))


Backtrace: 0x40081ab5:0x3ffb9b40 0x400876c1:0x3ffb9b60 0x4008dbc5:0x3ffb9b80 0x40087e32:0x3ffb9ca0 0x400d5e24:0x3ffb9ce0 0x40088139:0x3ffb9d30




ELF file SHA256: c12657532

Rebooting...
[0;32mI (12) boot: ESP-IDF v5.4-dirty 2nd stage bootloader[0m
[0;32mI (12) boot: compile time Nov 12 2025 13:47:17[0m
[0;32mI (12) boot: Multicore bootloader[0m
[0;32mI (13) boot: chip revision: v1.1[0m
[0;32mI (16) boot.esp32: SPI Speed      : 40MHz[0m
[0;32mI (20) boot.esp32: SPI Mode       : DIO[0m
[0;32mI (23) boot.esp32: SPI Flash Size : 16MB[0m
[0;32mI (27) boot: Enabling RNG early entropy source...[0m
[0;32mI (31) boot: Partition Table:[0m
[0;32mI (34) boot: ## Label            Usage          Type ST Offset   Length[0m
[0;32mI (40) boot:  0 nvs              WiFi data        01 02 00009000 00006000[0m
[0;32mI (47) boot:  1 phy_init         RF data          01 01 0000f000 00001000[0m
[0;32mI (53) boot:  2 factory          factory app      00 00 00010000 00100000[0m
[0;32mI (60) boot: End of partition table[0m
[0;32mI (63) esp_image: segment 0: paddr=00010020 vaddr=3f400020 size=0c09ch ( 49308) map[0m
[0;32mI (87) esp_image: segment 1: paddr=0001c0c4 vaddr=3ff80000 size=0001ch (    28) load[0m
[0;32mI (88) esp_image: segment 2: paddr=0001c0e8 vaddr=3ffb0000 size=0261ch (  9756) load[0m
[0;32mI (95) esp_image: segment 3: paddr=0001e70c vaddr=40080000 size=0190ch (  6412) load[0m
[0;32mI (101) esp_image: segment 4: paddr=00020020 vaddr=400d0020 size=17a20h ( 96800) map[0m
[0;32mI (139) esp_image: segment 5: paddr=00037a48 vaddr=4008190c size=0d904h ( 55556) load[0m
[0;32mI (168) boot: Loaded app from partition at offset 0x10000[0m
[0;32mI (168) boot: Disabling RNG early entropy source...[0m
[0;32mI (179) cpu_start: Multicore app[0m
[0;32mI (187) cpu_start: Pro cpu start user code[0m
[0;32mI (187) cpu_start: cpu freq: 160000000 Hz[0m
[0;32mI (187) app_init: Application information:[0m
[0;32mI (187) app_init: Project name:     control_1.7[0m
[0;32mI (191) app_init: App version:      v5.4-dirty[0m
[0;32mI (196) app_init: Compile time:     Nov 12 2025 13:47:06[0m
[0;32mI (201) app_init: ELF file SHA256:  c12657532...[0m
[0;32mI (205) app_init: ESP-IDF:          v5.4-dirty[0m
[0;32mI (209) efuse_init: Min chip rev:     v0.0[0m
[0;32mI (213) efuse_init: Max chip rev:     v3.99 [0m
[0;32mI (217) efuse_init: Chip rev:         v1.1[0m
[0;32mI (221) heap_init: Initializing. RAM available for dynamic allocation:[0m
[0;32mI (227) heap_init: At 3FFAE6E0 len 00001920 (6 KiB): DRAM[0m
[0;32mI (232) heap_init: At 3FFB5418 len 0002ABE8 (170 KiB): DRAM[0m
[0;32mI (237) heap_init: At 3FFE0440 len 00003AE0 (14 KiB): D/IRAM[0m
[0;32mI (243) heap_init: At 3FFE4350 len 0001BCB0 (111 KiB): D/IRAM[0m
[0;32mI (248) heap_init: At 4008F210 len 00010DF0 (67 KiB): IRAM[0m
[0;32mI (255) spi_flash: detected chip: generic[0m
[0;32mI (257) spi_flash: flash io: dio[0m
[0;32mI (261) main_task: Started on CPU0[0m
[0;32mI (264) main_task: Calling app_main()[0m
[0;32mI (267) gpio: GPIO[12]| InputEn: 0| OutputEn: 0| OpenDrain: 0| Pullup: 1| Pulldown: 0| Intr:0 [0m

assert failed: xQueueReceive queue.c:1531 (( pxQueue ))


Backtrace: 0x40081ab5:0x3ffb9b40 0x400876c1:0x3ffb9b60 0x4008dbc5:0x3ffb9b80 0x40087e32:0x3ffb9ca0 0x400d5e24:0x3ffb9ce0 0x40088139:0x3ffb9d30




ELF file SHA256: c12657532

Rebooting...
[0;32mI (12) boot: ESP-IDF v5.4-dirty 2nd stage bootloader[0m
[0;32mI (12) boot: compile time Nov 12 2025 13:47:17[0m
[0;32mI (12) boot: Multicore bootloader[0m
[0;32mI (13) boot: chip revision: v1.1[0m
[0;32mI (16) boot.esp32: SPI Speed      : 40MHz[0m
[0;32mI (20) boot.esp32: SPI Mode       : DIO[0m
[0;32mI (23) boot.esp32: SPI Flash Size : 16MB[0m
[0;32mI (27) boot: Enabling RNG early entropy source...[0m
[0;32mI (31) boot: Partition Table:[0m
[0;32mI (34) boot: ## Label            Usage          Type ST Offset   Length[0m
[0;32mI (40) boot:  0 nvs              WiFi data        01 02 00009000 00006000[0m
[0;32mI (47) boot:  1 phy_init         RF data          01 01 0000f000 00001000[0m
[0;32mI (53) boot:  2 factory          factory app      00 00 00010000 00100000[0m
[0;32mI (60) boot: End of partition table[0m
[0;32mI (63) esp_image: segment 0: paddr=00010020 vaddr=3f400020 size=0c09ch ( 49308) map[0m
[0;32mI (87) esp_image: segment 1: paddr=0001c0c4 vaddr=3ff80000 size=0001ch (    28) load[0m
[0;32mI (88) esp_image: segment 2: paddr=0001c0e8 vaddr=3ffb0000 size=0261ch (  9756) load[0m
[0;32mI (95) esp_image: segment 3: paddr=0001e70c vaddr=40080000 size=0190ch (  6412) load[0m
[0;32mI (101) esp_image: segment 4: paddr=00020020 vaddr=400d0020 size=17a20h ( 96800) map[0m
[0;32mI (139) esp_image: segment 5: paddr=00037a48 vaddr=4008190c size=0d904h ( 55556) load[0m
[0;32mI (168) boot: Loaded app from partition at offset 0x10000[0m
[0;32mI (168) boot: Disabling RNG early entropy source...[0m
[0;32mI (179) cpu_start: Multicore app[0m
[0;32mI (187) cpu_start: Pro cpu start user code[0m
[0;32mI (187) cpu_start: cpu freq: 160000000 Hz[0m
[0;32mI (187) app_init: Application information:[0m
[0;32mI (187) app_init: Project name:     control_1.7[0m
[0;32mI (191) app_init: App version:      v5.4-dirty[0m
[0;32mI (196) app_init: Compile time:     Nov 12 2025 13:47:06[0m
[0;32mI (201) app_init: ELF file SHA256:  c12657532...[0m
[0;32mI (205) app_init: ESP-IDF:          v5.4-dirty[0m
[0;32mI (209) efuse_init: Min chip rev:     v0.0[0m
[0;32mI (213) efuse_init: Max chip rev:     v3.99 [0m
[0;32mI (217) efuse_init: Chip rev:         v1.1[0m
[0;32mI (221) heap_init: Initializing. RAM available for dynamic allocation:[0m
[0;32mI (227) heap_init: At 3FFAE6E0 len 00001920 (6 KiB): DRAM[0m
[0;32mI (232) heap_init: At 3FFB5418 len 0002ABE8 (170 KiB): DRAM[0m
[0;32mI (237) heap_init: At 3FFE0440 len 00003AE0 (14 KiB): D/IRAM[0m
[0;32mI (243) heap_init: At 3FFE4350 len 0001BCB0 (111 KiB): D/IRAM[0m
[0;32mI (248) heap_init: At 4008F210 len 00010DF0 (67 KiB): IRAM[0m
[0;32mI (255) spi_flash: detected chip: generic[0m
[0;32mI (257) spi_flash: flash io: dio[0m
[0;32mI (261) main_task: Started on CPU0[0m
[0;32mI (264) main_task: Calling app_main()[0m
[0;32mI (267) gpio: GPIO[12]| InputEn: 0| OutputEn: 0| OpenDrain: 0| Pullup: 1| Pulldown: 0| Intr:0 [0m

assert failed: xQueueReceive queue.c:1531 (( pxQueue ))


Backtrace: 0x40081ab5:0x3ffb9b40 0x400876c1:0x3ffb9b60 0x4008dbc5:0x3ffb9b80 0x40087e32:0x3ffb9ca0 0x400d5e24:0x3ffb9ce0 0x40088139:0x3ffb9d30




ELF file SHA256: c12657532

Rebooting...
[0;32mI (12) boot: ESP-IDF v5.4-dirty 2nd stage bootloader[0m
[0;32mI (12) boot: compile time Nov 12 2025 13:47:17[0m
[0;32mI (12) boot: Multicore bootloader[0m
[0;32mI (13) boot: chip revision: v1.1[0m
[0;32mI (16) boot.esp32: SPI Speed      : 40MHz[0m
[0;32mI (20) boot.esp32: SPI Mode       : DIO[0m
[0;32mI (23) boot.esp32: SPI Flash Size : 16MB[0m
[0;32mI (27) boot: Enabling RNG early entropy source...[0m
[0;32mI (31) boot: Partition Table:[0m
[0;32mI (34) boot: ## Label            Usage          Type ST Offset   Length[0m
[0;32mI (40) boot:  0 nvs              WiFi data        01 02 00009000 00006000[0m
[0;32mI (47) boot:  1 phy_init         RF data          01 01 0000f000 00001000[0m
[0;32mI (53) boot:  2 factory          factory app      00 00 00010000 00100000[0m
[0;32mI (60) boot: End of partition table[0m
[0;32mI (63) esp_image: segment 0: paddr=00010020 vaddr=3f400020 size=0c09ch ( 49308) map[0m
[0;32mI (87) esp_image: segment 1: paddr=0001c0c4 vaddr=3ff80000 size=0001ch (    28) load[0m
[0;32mI (88) esp_image: segment 2: paddr=0001c0e8 vaddr=3ffb0000 size=0261ch (  9756) load[0m
[0;32mI (95) esp_image: segment 3: paddr=0001e70c vaddr=40080000 size=0190ch (  6412) load[0m
[0;32mI (101) esp_image: segment 4: paddr=00020020 vaddr=400d0020 size=17a20h ( 96800) map[0m
[0;32mI (139) esp_image: segment 5: paddr=00037a48 vaddr=4008190c size=0d904h ( 55556) load[0m
[0;32mI (168) boot: Loaded app from partition at offset 0x10000[0m
[0;32mI (168) boot: Disabling RNG early entropy source...[0m
[0;32mI (179) cpu_start: Multicore app[0m
[0;32mI (187) cpu_start: Pro cpu start user code[0m
[0;32mI (187) cpu_start: cpu freq: 160000000 Hz[0m
[0;32mI (187) app_init: Application information:[0m
[0;32mI (187) app_init: Project name:     control_1.7[0m
[0;32mI (191) app_init: App version:      v5.4-dirty[0m
[0;32mI (196) app_init: Compile time:     Nov 12 2025 13:47:06[0m
[0;32mI (201) app_init: ELF file SHA256:  c12657532...[0m
[0;32mI (205) app_init: ESP-IDF:          v5.4-dirty[0m
[0;32mI (209) efuse_init: Min chip rev:     v0.0[0m
[0;32mI (213) efuse_init: Max chip rev:     v3.99 [0m
[0;32mI (217) efuse_init: Chip rev:         v1.1[0m
[0;32mI (221) heap_init: Initializing. RAM available for dynamic allocation:[0m
[0;32mI (227) heap_init: At 3FFAE6E0 len 00001920 (6 KiB): DRAM[0m
[0;32mI (232) heap_init: At 3FFB5418 len 0002ABE8 (170 KiB): DRAM[0m
[0;32mI (237) heap_init: At 3FFE0440 len 00003AE0 (14 KiB): D/IRAM[0m
[0;32mI (243) heap_init: At 3FFE4350 len 0001BCB0 (111 KiB): D/IRAM[0m
[0;32mI (248) heap_init: At 4008F210 len 00010DF0 (67 KiB): IRAM[0m
[0;32mI (255) spi_flash: detected chip: generic[0m
[0;32mI (257) spi_flash: flash io: dio[0m
[0;32mI (261) main_task: Started on CPU0[0m
[0;32mI (264) main_task: Calling app_main()[0m
[0;32mI (267) gpio: GPIO[12]| InputEn: 0| OutputEn: 0| OpenDrain: 0| Pullup: 1| Pulldown: 0| Intr:0 [0m

assert failed: xQueueReceive queue.c:1531 (( pxQueue ))


Backtrace: 0x40081ab5:0x3ffb9b40 0x400876c1:0x3ffb9b60 0x4008dbc5:0x3ffb9b80 0x40087e32:0x3ffb9ca0 0x400d5e24:0x3ffb9ce0 0x40088139:0x3ffb9d30




ELF file SHA256: c12657532

Rebooting...
[0;32mI (12) boot: ESP-IDF v5.4-dirty 2nd stage bootloader[0m
[0;32mI (12) boot: compile time Nov 12 2025 13:47:17[0m
[0;32mI (12) boot: Multicore bootloader[0m
[0;32mI (13) boot: chip revision: v1.1[0m
[0;32mI (16) boot.esp32: SPI Speed      : 40MHz[0m
[0;32mI (20) boot.esp32: SPI Mode       : DIO[0m
[0;32mI (23) boot.esp32: SPI Flash Size : 16MB[0m
[0;32mI (27) boot: Enabling RNG early entropy source...[0m
[0;32mI (31) boot: Partition Table:[0m
[0;32mI (34) boot: ## Label            Usage          Type ST Offset   Length[0m
[0;32mI (40) boot:  0 nvs              WiFi data        01 02 00009000 00006000[0m
[0;32mI (47) boot:  1 phy_init         RF data          01 01 0000f000 00001000[0m
[0;32mI (53) boot:  2 factory          factory app      00 00 00010000 00100000[0m
[0;32mI (60) boot: End of partition table[0m
[0;32mI (63) esp_image: segment 0: paddr=00010020 vaddr=3f400020 size=0c09ch ( 49308) map[0m
[0;32mI (87) esp_image: segment 1: paddr=0001c0c4 vaddr=3ff80000 size=0001ch (    28) load[0m
[0;32mI (88) esp_image: segment 2: paddr=0001c0e8 vaddr=3ffb0000 size=0261ch (  9756) load[0m
[0;32mI (95) esp_image: segment 3: paddr=0001e70c vaddr=40080000 size=0190ch (  6412) load[0m
[0;32mI (101) esp_image: segment 4: paddr=00020020 vaddr=400d0020 size=17a20h ( 96800) map[0m
[0;32mI (139) esp_image: segment 5: paddr=00037a48 vaddr=4008190c size=0d904h ( 55556) load[0m
[0;32mI (168) boot: Loaded app from partition at offset 0x10000[0m
[0;32mI (168) boot: Disabling RNG early entropy source...[0m
[0;32mI (179) cpu_start: Multicore app[0m
[0;32mI (187) cpu_start: Pro cpu start user code[0m
[0;32mI (187) cpu_start: cpu freq: 160000000 Hz[0m
[0;32mI (187) app_init: Application information:[0m
[0;32mI (187) app_init: Project name:     control_1.7[0m
[0;32mI (191) app_init: App version:      v5.4-dirty[0m
[0;32mI (196) app_init: Compile time:     Nov 12 2025 13:47:06[0m
[0;32mI (201) app_init: ELF file SHA256:  c12657532...[0m
[0;32mI (205) app_init: ESP-IDF:          v5.4-dirty[0m
[0;32mI (209) efuse_init: Min chip rev:     v0.0[0m
[0;32mI (213) efuse_init: Max chip rev:     v3.99 [0m
[0;32mI (217) efuse_init: Chip rev:         v1.1[0m
[0;32mI (221) heap_init: Initializing. RAM available for dynamic allocation:[0m
[0;32mI (227) heap_init: At 3FFAE6E0 len 00001920 (6 KiB): DRAM[0m
[0;32mI (232) heap_init: At 3FFB5418 len 0002ABE8 (170 KiB): DRAM[0m
[0;32mI (237) heap_init: At 3FFE0440 len 00003AE0 (14 KiB): D/IRAM[0m
[0;32mI (243) heap_init: At 3FFE4350 len 0001BCB0 (111 KiB): D/IRAM[0m
[0;32mI (248) heap_init: At 4008F210 len 00010DF0 (67 KiB): IRAM[0m
[0;32mI (255) spi_flash: detected chip: generic[0m
[0;32mI (257) spi_flash: flash io: dio[0m
[0;32mI (261) main_task: Started on CPU0[0m
[0;32mI (264) main_task: Calling app_main()[0m
[0;32mI (267) gpio: GPIO[12]| InputEn: 0| OutputEn: 0| OpenDrain: 0| Pullup: 1| Pulldown: 0| Intr:0 [0m

assert failed: xQueueReceive queue.c:1531 (( pxQueue ))


Backtrace: 0x40081ab5:0x3ffb9b40 0x400876c1:0x3ffb9b60 0x4008dbc5:0x3ffb9b80 0x40087e32:0x3ffb9ca0 0x400d5e24:0x3ffb9ce0 0x40088139:0x3ffb9d30




ELF file SHA256: c12657532

Rebooting...
[0;32mI (12) boot: ESP-IDF v5.4-dirty 2nd stage bootloader[0m
[0;32mI (12) boot: compile time Nov 12 2025 13:47:17[0m
[0;32mI (12) boot: Multicore bootloader[0m
[0;32mI (13) boot: chip revision: v1.1[0m
[0;32mI (16) boot.esp32: SPI Speed      : 40MHz[0m
[0;32mI (20) boot.esp32: SPI Mode       : DIO[0m
[0;32mI (23) boot.esp32: SPI Flash Size : 16MB[0m
[0;32mI (27) boot: Enabling RNG early entropy source...[0m
[0;32mI (31) boot: Partition Table:[0m
[0;32mI (34) boot: ## Label            Usage          Type ST Offset   Length[0m
[0;32mI (40) boot:  0 nvs              WiFi data        01 02 00009000 00006000[0m
[0;32mI (47) boot:  1 phy_init         RF data          01 01 0000f000 00001000[0m
[0;32mI (53) boot:  2 factory          factory app      00 00 00010000 00100000[0m
[0;32mI (60) boot: End of partition table[0m
[0;32mI (63) esp_image: segment 0: paddr=00010020 vaddr=3f400020 size=0c09ch ( 49308) map[0m
[0;32mI (87) esp_image: segment 1: paddr=0001c0c4 vaddr=3ff80000 size=0001ch (    28) load[0m
[0;32mI (88) esp_image: segment 2: paddr=0001c0e8 vaddr=3ffb0000 size=0261ch (  9756) load[0m
[0;32mI (95) esp_image: segment 3: paddr=0001e70c vaddr=40080000 size=0190ch (  6412) load[0m
[0;32mI (101) esp_image: segment 4: paddr=00020020 vaddr=400d0020 size=17a20h ( 96800) map[0m
[0;32mI (139) esp_image: segment 5: paddr=00037a48 vaddr=4008190c size=0d904h ( 55556) load[0m
[0;32mI (168) boot: Loaded app from partition at offset 0x10000[0m
[0;32mI (168) boot: Disabling RNG early entropy source...[0m
[0;32mI (179) cpu_start: Multicore app[0m
[0;32mI (187) cpu_start: Pro cpu start user code[0m
[0;32mI (187) cpu_start: cpu freq: 160000000 Hz[0m
[0;32mI (187) app_init: Application information:[0m
[0;32mI (187) app_init: Project name:     control_1.7[0m
[0;32mI (191) app_init: App version:      v5.4-dirty[0m
[0;32mI (196) app_init: Compile time:     Nov 12 2025 13:47:06[0m
[0;32mI (201) app_init: ELF file SHA256:  c12657532...[0m
[0;32mI (205) app_init: ESP-IDF:          v5.4-dirty[0m
[0;32mI (209) efuse_init: Min chip rev:     v0.0[0m
[0;32mI (213) efuse_init: Max chip rev:     v3.99 [0m
[0;32mI (217) efuse_init: Chip rev:         v1.1[0m
[0;32mI (221) heap_init: Initializing. RAM available for dynamic allocation:[0m
[0;32mI (227) heap_init: At 3FFAE6E0 len 00001920 (6 KiB): DRAM[0m
[0;32mI (232) heap_init: At 3FFB5418 len 0002ABE8 (170 KiB): DRAM[0m
[0;32mI (237) heap_init: At 3FFE0440 len 00003AE0 (14 KiB): D/IRAM[0m
[0;32mI (243) heap_init: At 3FFE4350 len 0001BCB0 (111 KiB): D/IRAM[0m
[0;32mI (248) heap_init: At 4008F210 len 00010DF0 (67 KiB): IRAM[0m
[0;32mI (255) spi_flash: detected chip: generic[0m
[0;32mI (257) spi_flash: flash io: dio[0m
[0;32mI (261) main_task: Started on CPU0[0m
[0;32mI (264) main_task: Calling app_main()[0m
[0;32mI (267) gpio: GPIO[12]| InputEn: 0| OutputEn: 0| OpenDrain: 0| Pullup: 1| Pulldown: 0| Intr:0 [0m

assert failed: xQueueReceive queue.c:1531 (( pxQueue ))


Backtrace: 0x40081ab5:0x3ffb9b40 0x400876c1:0x3ffb9b60 0x4008dbc5:0x3ffb9b80 0x40087e32:0x3ffb9ca0 0x400d5e24:0x3ffb9ce0 0x40088139:0x3ffb9d30




ELF file SHA256: c12657532

Rebooting...
[0;32mI (12) boot: ESP-IDF v5.4-dirty 2nd stage bootloader[0m
[0;32mI (12) boot: compile time Nov 12 2025 13:47:17[0m
[0;32mI (12) boot: Multicore bootloader[0m
[0;32mI (13) boot: chip revision: v1.1[0m
[0;32mI (16) boot.esp32: SPI Speed      : 40MHz[0m
[0;32mI (20) boot.esp32: SPI Mode       : DIO[0m
[0;32mI (23) boot.esp32: SPI Flash Size : 16MB[0m
[0;32mI (27) boot: Enabling RNG early entropy source...[0m
[0;32mI (31) boot: Partition Table:[0m
[0;32mI (34) boot: ## Label            Usage          Type ST Offset   Length[0m
[0;32mI (40) boot:  0 nvs              WiFi data        01 02 00009000 00006000[0m
[0;32mI (47) boot:  1 phy_init         RF data          01 01 0000f000 00001000[0m
[0;32mI (53) boot:  2 factory          factory app      00 00 00010000 00100000[0m
[0;32mI (60) boot: End of partition table[0m
[0;32mI (63) esp_image: segment 0: paddr=00010020 vaddr=3f400020 size=0c09ch ( 49308) map[0m
[0;32mI (87) esp_image: segment 1: paddr=0001c0c4 vaddr=3ff80000 size=0001ch (    28) load[0m
[0;32mI (88) esp_image: segment 2: paddr=0001c0e8 vaddr=3ffb0000 size=0261ch (  9756) load[0m
[0;32mI (95) esp_image: segment 3: paddr=0001e70c vaddr=40080000 size=0190ch (  6412) load[0m
[0;32mI (101) esp_image: segment 4: paddr=00020020 vaddr=400d0020 size=17a20h ( 96800) map[0m
[0;32mI (139) esp_image: segment 5: paddr=00037a48 vaddr=4008190c size=0d904h ( 55556) load[0m
[0;32mI (168) boot: Loaded app from partition at offset 0x10000[0m
[0;32mI (168) boot: Disabling RNG early entropy source...[0m
[0;32mI (179) cpu_start: Multicore app[0m
[0;32mI (187) cpu_start: Pro cpu start user code[0m
[0;32mI (187) cpu_start: cpu freq: 160000000 Hz[0m
[0;32mI (187) app_init: Application information:[0m
[0;32mI (187) app_init: Project name:     control_1.7[0m
[0;32mI (191) app_init: App version:      v5.4-dirty[0m
[0;32mI (196) app_init: Compile time:     Nov 12 2025 13:47:06[0m
[0;32mI (201) app_init: ELF file SHA256:  c12657532...[0m
[0;32mI (205) app_init: ESP-IDF:          v5.4-dirty[0m
[0;32mI (209) efuse_init: Min chip rev:     v0.0[0m
[0;32mI (213) efuse_init: Max chip rev:     v3.99 [0m
[0;32mI (217) efuse_init: Chip rev:         v1.1[0m
[0;32mI (221) heap_init: Initializing. RAM available for dynamic allocation:[0m
[0;32mI (227) heap_init: At 3FFAE6E0 len 00001920 (6 KiB): DRAM[0m
[0;32mI (232) heap_init: At 3FFB5418 len 0002ABE8 (170 KiB): DRAM[0m
[0;32mI (237) heap_init: At 3FFE0440 len 00003AE0 (14 KiB): D/IRAM[0m
[0;32mI (243) heap_init: At 3FFE4350 len 0001BCB0 (111 KiB): D/IRAM[0m
[0;32mI (248) heap_init: At 4008F210 len 00010DF0 (67 KiB): IRAM[0m
[0;32mI (255) spi_flash: detected chip: generic[0m
[0;32mI (257) spi_flash: flash io: dio[0m
[0;32mI (261) main_task: Started on CPU0[0m
[0;32mI (264) main_task: Calling app_main()[0m
[0;32mI (267) gpio: GPIO[12]| InputEn: 0| OutputEn: 0| OpenDrain: 0| Pullup: 1| Pulldown: 0| Intr:0 [0m

assert failed: xQueueReceive queue.c:1531 (( pxQueue ))


Backtrace: 0x40081ab5:0x3ffb9b40 0x400876c1:0x3ffb9b60 0x4008dbc5:0x3ffb9b80 0x40087e32:0x3ffb9ca0 0x400d5e24:0x3ffb9ce0 0x40088139:0x3ffb9d30




ELF file SHA256: c12657532

Rebooting...
[0;32mI (12) boot: ESP-IDF v5.4-dirty 2nd stage bootloader[0m
[0;32mI (12) boot: compile time Nov 12 2025 13:47:17[0m
[0;32mI (12) boot: Multicore bootloader[0m
[0;32mI (13) boot: chip revision: v1.1[0m
[0;32mI (16) boot.esp32: SPI Speed      : 40MHz[0m
[0;32mI (20) boot.esp32: SPI Mode       : DIO[0m
[0;32mI (23) boot.esp32: SPI Flash Size : 16MB[0m
[0;32mI (27) boot: Enabling RNG early entropy source...[0m
[0;32mI (31) boot: Partition Table:[0m
[0;32mI (34) boot: ## Label            Usage          Type ST Offset   Length[0m
[0;32mI (40) boot:  0 nvs              WiFi data        01 02 00009000 00006000[0m
[0;32mI (47) boot:  1 phy_init         RF data          01 01 0000f000 00001000[0m
[0;32mI (53) boot:  2 factory          factory app      00 00 00010000 00100000[0m
[0;32mI (60) boot: End of partition table[0m
[0;32mI (63) esp_image: segment 0: paddr=00010020 vaddr=3f400020 size=0c09ch ( 49308) map[0m
[0;32mI (87) esp_image: segment 1: paddr=0001c0c4 vaddr=3ff80000 size=0001ch (    28) load[0m
[0;32mI (88) esp_image: segment 2: paddr=0001c0e8 vaddr=3ffb0000 size=0261ch (  9756) load[0m
[0;32mI (95) esp_image: segment 3: paddr=0001e70c vaddr=40080000 size=0190ch (  6412) load[0m
[0;32mI (101) esp_image: segment 4: paddr=00020020 vaddr=400d0020 size=17a20h ( 96800) map[0m
[0;32mI (139) esp_image: segment 5: paddr=00037a48 vaddr=4008190c size=0d904h ( 55556) load[0m
[0;32mI (168) boot: Loaded app from partition at offset 0x10000[0m
[0;32mI (168) boot: Disabling RNG early entropy source...[0m
[0;32mI (179) cpu_start: Multicore app[0m
[0;32mI (187) cpu_start: Pro cpu start user code[0m
[0;32mI (187) cpu_start: cpu freq: 160000000 Hz[0m
[0;32mI (187) app_init: Application information:[0m
[0;32mI (187) app_init: Project name:     control_1.7[0m
[0;32mI (191) app_init: App version:      v5.4-dirty[0m
[0;32mI (196) app_init: Compile time:     Nov 12 2025 13:47:06[0m
[0;32mI (201) app_init: ELF file SHA256:  c12657532...[0m
[0;32mI (205) app_init: ESP-IDF:          v5.4-dirty[0m
[0;32mI (209) efuse_init: Min chip rev:     v0.0[0m
[0;32mI (213) efuse_init: Max chip rev:     v3.99 [0m
[0;32mI (217) efuse_init: Chip rev:         v1.1[0m
[0;32mI (221) heap_init: Initializing. RAM available for dynamic allocation:[0m
[0;32mI (227) heap_init: At 3FFAE6E0 len 00001920 (6 KiB): DRAM[0m
[0;32mI (232) heap_init: At 3FFB5418 len 0002ABE8 (170 KiB): DRAM[0m
[0;32mI (237) heap_init: At 3FFE0440 len 00003AE0 (14 KiB): D/IRAM[0m
[0;32mI (243) heap_init: At 3FFE4350 len 0001BCB0 (111 KiB): D/IRAM[0m
[0;32mI (248) heap_init: At 4008F210 len 00010DF0 (67 KiB): IRAM[0m
[0;32mI (255) spi_flash: detected chip: generic[0m
[0;32mI (257) spi_flash: flash io: dio[0m
[0;32mI (261) main_task: Started on CPU0[0m
[0;32mI (264) main_task: Calling app_main()[0m
[0;32mI (267) gpio: GPIO[12]| InputEn: 0| OutputEn: 0| OpenDrain: 0| Pullup: 1| Pulldown: 0| Intr:0 [0m

assert failed: xQueueReceive queue.c:1531 (( pxQueue ))


Backtrace: 0x40081ab5:0x3ffb9b40 0x400876c1:0x3ffb9b60 0x4008dbc5:0x3ffb9b80 0x40087e32:0x3ffb9ca0 0x400d5e24:0x3ffb9ce0 0x40088139:0x3ffb9d30




ELF file SHA256: c12657532

Rebooting...
[0;32mI (12) boot: ESP-IDF v5.4-dirty 2nd stage bootloader[0m
[0;32mI (12) boot: compile time Nov 12 2025 13:47:17[0m
[0;32mI (12) boot: Multicore bootloader[0m
[0;32mI (13) boot: chip revision: v1.1[0m
[0;32mI (16) boot.esp32: SPI Speed      : 40MHz[0m
[0;32mI (20) boot.esp32: SPI Mode       : DIO[0m
[0;32mI (23) boot.esp32: SPI Flash Size : 16MB[0m
[0;32mI (27) boot: Enabling RNG early entropy source...[0m
[0;32mI (31) boot: Partition Table:[0m
[0;32mI (34) boot: ## Label            Usage          Type ST Offset   Length[0m
[0;32mI (40) boot:  0 nvs              WiFi data        01 02 00009000 00006000[0m
[0;32mI (47) boot:  1 phy_init         RF data          01 01 0000f000 00001000[0m
[0;32mI (53) boot:  2 factory          factory app      00 00 00010000 00100000[0m
[0;32mI (60) boot: End of partition table[0m
[0;32mI (63) esp_image: segment 0: paddr=00010020 vaddr=3f400020 size=0c09ch ( 49308) map[0m
[0;32mI (87) esp_image: segment 1: paddr=0001c0c4 vaddr=3ff80000 size=0001ch (    28) load[0m
[0;32mI (88) esp_image: segment 2: paddr=0001c0e8 vaddr=3ffb0000 size=0261ch (  9756) load[0m
[0;32mI (95) esp_image: segment 3: paddr=0001e70c vaddr=40080000 size=0190ch (  6412) load[0m
[0;32mI (101) esp_image: segment 4: paddr=00020020 vaddr=400d0020 size=17a20h ( 96800) map[0m
[0;32mI (139) esp_image: segment 5: paddr=00037a48 vaddr=4008190c size=0d904h ( 55556) load[0m
[0;32mI (168) boot: Loaded app from partition at offset 0x10000[0m
[0;32mI (168) boot: Disabling RNG early entropy source...[0m
[0;32mI (179) cpu_start: Multicore app[0m
[0;32mI (187) cpu_start: Pro cpu start user code[0m
[0;32mI (187) cpu_start: cpu freq: 160000000 Hz[0m
[0;32mI (187) app_init: Application information:[0m
[0;32mI (187) app_init: Project name:     control_1.7[0m
[0;32mI (191) app_init: App version:      v5.4-dirty[0m
[0;32mI (196) app_init: Compile time:     Nov 12 2025 13:47:06[0m
[0;32mI (201) app_init: ELF file SHA256:  c12657532...[0m
[0;32mI (205) app_init: ESP-IDF:          v5.4-dirty[0m
[0;32mI (209) efuse_init: Min chip rev:     v0.0[0m
[0;32mI (213) efuse_init: Max chip rev:     v3.99 [0m
[0;32mI (217) efuse_init: Chip rev:         v1.1[0m
[0;32mI (221) heap_init: Initializing. RAM available for dynamic allocation:[0m
[0;32mI (227) heap_init: At 3FFAE6E0 len 00001920 (6 KiB): DRAM[0m
[0;32mI (232) heap_init: At 3FFB5418 len 0002ABE8 (170 KiB): DRAM[0m
[0;32mI (237) heap_init: At 3FFE0440 len 00003AE0 (14 KiB): D/IRAM[0m
[0;32mI (243) heap_init: At 3FFE4350 len 0001BCB0 (111 KiB): D/IRAM[0m
[0;32mI (248) heap_init: At 4008F210 len 00010DF0 (67 KiB): IRAM[0m
[0;32mI (255) spi_flash: detected chip: generic[0m
[0;32mI (257) spi_flash: flash io: dio[0m
[0;32mI (261) main_task: Started on CPU0[0m
[0;32mI (264) main_task: Calling app_main()[0m
[0;32mI (267) gpio: GPIO[12]| InputEn: 0| OutputEn: 0| OpenDrain: 0| Pullup: 1| Pulldown: 0| Intr:0 [0m

assert failed: xQueueReceive queue.c:1531 (( pxQueue ))


Backtrace: 0x40081ab5:0x3ffb9b40 0x400876c1:0x3ffb9b60 0x4008dbc5:0x3ffb9b80 0x40087e32:0x3ffb9ca0 0x400d5e24:0x3ffb9ce0 0x40088139:0x3ffb9d30




ELF file SHA256: c12657532

Rebooting...
[0;32mI (12) boot: ESP-IDF v5.4-dirty 2nd stage bootloader[0m
[0;32mI (12) boot: compile time Nov 12 2025 13:47:17[0m
[0;32mI (12) boot: Multicore bootloader[0m
[0;32mI (13) boot: chip revision: v1.1[0m
[0;32mI (16) boot.esp32: SPI Speed      : 40MHz[0m
[0;32mI (20) boot.esp32: SPI Mode       : DIO[0m
[0;32mI (23) boot.esp32: SPI Flash Size : 16MB[0m
[0;32mI (27) boot: Enabling RNG early entropy source...[0m
[0;32mI (31) boot: Partition Table:[0m
[0;32mI (34) boot: ## Label            Usage          Type ST Offset   Length[0m
[0;32mI (40) boot:  0 nvs              WiFi data        01 02 00009000 00006000[0m
[0;32mI (47) boot:  1 phy_init         RF data          01 01 0000f000 00001000[0m
[0;32mI (53) boot:  2 factory          factory app      00 00 00010000 00100000[0m
[0;32mI (60) boot: End of partition table[0m
[0;32mI (63) esp_image: segment 0: paddr=00010020 vaddr=3f400020 size=0c09ch ( 49308) map[0m
[0;32mI (87) esp_image: segment 1: paddr=0001c0c4 vaddr=3ff80000 size=0001ch (    28) load[0m
[0;32mI (88) esp_image: segment 2: paddr=0001c0e8 vaddr=3ffb0000 size=0261ch (  9756) load[0m
[0;32mI (95) esp_image: segment 3: paddr=0001e70c vaddr=40080000 size=0190ch (  6412) load[0m
[0;32mI (101) esp_image: segment 4: paddr=00020020 vaddr=400d0020 size=17a20h ( 96800) map[0m
[0;32mI (139) esp_image: segment 5: paddr=00037a48 vaddr=4008190c size=0d904h ( 55556) load[0m
[0;32mI (168) boot: Loaded app from partition at offset 0x10000[0m
[0;32mI (168) boot: Disabling RNG early entropy source...[0m
[0;32mI (179) cpu_start: Multicore app[0m
[0;32mI (187) cpu_start: Pro cpu start user code[0m
[0;32mI (187) cpu_start: cpu freq: 160000000 Hz[0m
[0;32mI (187) app_init: Application information:[0m
[0;32mI (187) app_init: Project name:     control_1.7[0m
[0;32mI (191) app_init: App version:      v5.4-dirty[0m
[0;32mI (196) app_init: Compile time:     Nov 12 2025 13:47:06[0m
[0;32mI (201) app_init: ELF file SHA256:  c12657532...[0m
[0;32mI (205) app_init: ESP-IDF:          v5.4-dirty[0m
[0;32mI (209) efuse_init: Min chip rev:     v0.0[0m
[0;32mI (213) efuse_init: Max chip rev:     v3.99 [0m
[0;32mI (217) efuse_init: Chip rev:         v1.1[0m
[0;32mI (221) heap_init: Initializing. RAM available for dynamic allocation:[0m
[0;32mI (227) heap_init: At 3FFAE6E0 len 00001920 (6 KiB): DRAM[0m
[0;32mI (232) heap_init: At 3FFB5418 len 0002ABE8 (170 KiB): DRAM[0m
[0;32mI (237) heap_init: At 3FFE0440 len 00003AE0 (14 KiB): D/IRAM[0m
[0;32mI (243) heap_init: At 3FFE4350 len 0001BCB0 (111 KiB): D/IRAM[0m
[0;32mI (248) heap_init: At 4008F210 len 00010DF0 (67 KiB): IRAM[0m
[0;32mI (255) spi_flash: detected chip: generic[0m
[0;32mI (257) spi_flash: flash io: dio[0m
[0;32mI (261) main_task: Started on CPU0[0m
[0;32mI (264) main_task: Calling app_main()[0m
[0;32mI (267) gpio: GPIO[12]| InputEn: 0| OutputEn: 0| OpenDrain: 0| Pullup: 1| Pulldown: 0| Intr:0 [0m

assert failed: xQueueReceive queue.c:1531 (( pxQueue ))


Backtrace: 0x40081ab5:0x3ffb9b40 0x400876c1:0x3ffb9b60 0x4008dbc5:0x3ffb9b80 0x40087e32:0x3ffb9ca0 0x400d5e24:0x3ffb9ce0 0x40088139:0x3ffb9d30




ELF file SHA256: c12657532

Rebooting...
[0;32mI (12) boot: ESP-IDF v5.4-dirty 2nd stage bootloader[0m
[0;32mI (12) boot: compile time Nov 12 2025 13:47:17[0m
[0;32mI (12) boot: Multicore bootloader[0m
[0;32mI (13) boot: chip revision: v1.1[0m
[0;32mI (16) boot.esp32: SPI Speed      : 40MHz[0m
[0;32mI (20) boot.esp32: SPI Mode       : DIO[0m
[0;32mI (23) boot.esp32: SPI Flash Size : 16MB[0m
[0;32mI (27) boot: Enabling RNG early entropy source...[0m
[0;32mI (31) boot: Partition Table:[0m
[0;32mI (34) boot: ## Label            Usage          Type ST Offset   Length[0m
[0;32mI (40) boot:  0 nvs              WiFi data        01 02 00009000 00006000[0m
[0;32mI (47) boot:  1 phy_init         RF data          01 01 0000f000 00001000[0m
[0;32mI (53) boot:  2 factory          factory app      00 00 00010000 00100000[0m
[0;32mI (60) boot: End of partition table[0m
[0;32mI (63) esp_image: segment 0: paddr=00010020 vaddr=3f400020 size=0c09ch ( 49308) map[0m
[0;32mI (87) esp_image: segment 1: paddr=0001c0c4 vaddr=3ff80000 size=0001ch (    28) load[0m
[0;32mI (88) esp_image: segment 2: paddr=0001c0e8 vaddr=3ffb0000 size=0261ch (  9756) load[0m
[0;32mI (95) esp_image: segment 3: paddr=0001e70c vaddr=40080000 size=0190ch (  6412) load[0m
[0;32mI (101) esp_image: segment 4: paddr=00020020 vaddr=400d0020 size=17a20h ( 96800) map[0m
[0;32mI (139) esp_image: segment 5: paddr=00037a48 vaddr=4008190c size=0d904h ( 55556) load[0m
[0;32mI (168) boot: Loaded app from partition at offset 0x10000[0m
[0;32mI (168) boot: Disabling RNG early entropy source...[0m
[0;32mI (179) cpu_start: Multicore app[0m
[0;32mI (187) cpu_start: Pro cpu start user code[0m
[0;32mI (187) cpu_start: cpu freq: 160000000 Hz[0m
[0;32mI (187) app_init: Application information:[0m
[0;32mI (187) app_init: Project name:     control_1.7[0m
[0;32mI (191) app_init: App version:      v5.4-dirty[0m
[0;32mI (196) app_init: Compile time:     Nov 12 2025 13:47:06[0m
[0;32mI (201) app_init: ELF file SHA256:  c12657532...[0m
[0;32mI (205) app_init: ESP-IDF:          v5.4-dirty[0m
[0;32mI (209) efuse_init: Min chip rev:     v0.0[0m
[0;32mI (213) efuse_init: Max chip rev:     v3.99 [0m
[0;32mI (217) efuse_init: Chip rev:         v1.1[0m
[0;32mI (221) heap_init: Initializing. RAM available for dynamic allocation:[0m
[0;32mI (227) heap_init: At 3FFAE6E0 len 00001920 (6 KiB): DRAM[0m
[0;32mI (232) heap_init: At 3FFB5418 len 0002ABE8 (170 KiB): DRAM[0m
[0;32mI (237) heap_init: At 3FFE0440 len 00003AE0 (14 KiB): D/IRAM[0m
[0;32mI (243) heap_init: At 3FFE4350 len 0001BCB0 (111 KiB): D/IRAM[0m
[0;32mI (248) heap_init: At 4008F210 len 00010DF0 (67 KiB): IRAM[0m
[0;32mI (255) spi_flash: detected chip: generic[0m
[0;32mI (257) spi_flash: flash io: dio[0m
[0;32mI (261) main_task: Started on CPU0[0m
[0;32mI (264) main_task: Calling app_main()[0m
[0;32mI (267) gpio: GPIO[12]| InputEn: 0| OutputEn: 0| OpenDrain: 0| Pullup: 1| Pulldown: 0| Intr:0 [0m

assert failed: xQueueReceive queue.c:1531 (( pxQueue ))


Backtrace: 0x40081ab5:0x3ffb9b40 0x400876c1:0x3ffb9b60 0x4008dbc5:0x3ffb9b80 0x40087e32:0x3ffb9ca0 0x400d5e24:0x3ffb9ce0 0x40088139:0x3ffb9d30




ELF file SHA256: c12657532

Rebooting...
[0;32mI (12) boot: ESP-IDF v5.4-dirty 2nd stage bootloader[0m
[0;32mI (12) boot: compile time Nov 12 2025 13:47:17[0m
[0;32mI (12) boot: Multicore bootloader[0m
[0;32mI (13) boot: chip revision: v1.1[0m
[0;32mI (16) boot.esp32: SPI Speed      : 40MHz[0m
[0;32mI (20) boot.esp32: SPI Mode       : DIO[0m
[0;32mI (23) boot.esp32: SPI Flash Size : 16MB[0m
[0;32mI (27) boot: Enabling RNG early entropy source...[0m
[0;32mI (31) boot: Partition Table:[0m
[0;32mI (34) boot: ## Label            Usage          Type ST Offset   Length[0m
[0;32mI (40) boot:  0 nvs              WiFi data        01 02 00009000 00006000[0m
[0;32mI (47) boot:  1 phy_init         RF data          01 01 0000f000 00001000[0m
[0;32mI (53) boot:  2 factory          factory app      00 00 00010000 00100000[0m
[0;32mI (60) boot: End of partition table[0m
[0;32mI (63) esp_image: segment 0: paddr=00010020 vaddr=3f400020 size=0c09ch ( 49308) map[0m
[0;32mI (87) esp_image: segment 1: paddr=0001c0c4 vaddr=3ff80000 size=0001ch (    28) load[0m
[0;32mI (88) esp_image: segment 2: paddr=0001c0e8 vaddr=3ffb0000 size=0261ch (  9756) load[0m
[0;32mI (95) esp_image: segment 3: paddr=0001e70c vaddr=40080000 size=0190ch (  6412) load[0m
[0;32mI (101) esp_image: segment 4: paddr=00020020 vaddr=400d0020 size=17a20h ( 96800) map[0m
[0;32mI (139) esp_image: segment 5: paddr=00037a48 vaddr=4008190c size=0d904h ( 55556) load[0m
[0;32mI (168) boot: Loaded app from partition at offset 0x10000[0m
[0;32mI (168) boot: Disabling RNG early entropy source...[0m
[0;32mI (179) cpu_start: Multicore app[0m
[0;32mI (187) cpu_start: Pro cpu start user code[0m
[0;32mI (187) cpu_start: cpu freq: 160000000 Hz[0m
[0;32mI (187) app_init: Application information:[0m
[0;32mI (187) app_init: Project name:     control_1.7[0m
[0;32mI (191) app_init: App version:      v5.4-dirty[0m
[0;32mI (196) app_init: Compile time:     Nov 12 2025 13:47:06[0m
[0;32mI (201) app_init: ELF file SHA256:  c12657532...[0m
[0;32mI (205) app_init: ESP-IDF:          v5.4-dirty[0m
[0;32mI (209) efuse_init: Min chip rev:     v0.0[0m
[0;32mI (213) efuse_init: Max chip rev:     v3.99 [0m
[0;32mI (217) efuse_init: Chip rev:         v1.1[0m
[0;32mI (221) heap_init: Initializing. RAM available for dynamic allocation:[0m
[0;32mI (227) heap_init: At 3FFAE6E0 len 00001920 (6 KiB): DRAM[0m
[0;32mI (232) heap_init: At 3FFB5418 len 0002ABE8 (170 KiB): DRAM[0m
[0;32mI (237) heap_init: At 3FFE0440 len 00003AE0 (14 KiB): D/IRAM[0m
[0;32mI (243) heap_init: At 3FFE4350 len 0001BCB0 (111 KiB): D/IRAM[0m
[0;32mI (248) heap_init: At 4008F210 len 00010DF0 (67 KiB): IRAM[0m
[0;32mI (255) spi_flash: detected chip: generic[0m
[0;32mI (257) spi_flash: flash io: dio[0m
[0;32mI (261) main_task: Started on CPU0[0m
[0;32mI (264) main_task: Calling app_main()[0m
[0;32mI (267) gpio: GPIO[12]| InputEn: 0| OutputEn: 0| OpenDrain: 0| Pullup: 1| Pulldown: 0| Intr:0 [0m

assert failed: xQueueReceive queue.c:1531 (( pxQueue ))


Backtrace: 0x40081ab5:0x3ffb9b40 0x400876c1:0x3ffb9b60 0x4008dbc5:0x3ffb9b80 0x40087e32:0x3ffb9ca0 0x400d5e24:0x3ffb9ce0 0x40088139:0x3ffb9d30




ELF file SHA256: c12657532

Rebooting...
[0;32mI (12) boot: ESP-IDF v5.4-dirty 2nd stage bootloader[0m
[0;32mI (12) boot: compile time Nov 12 2025 13:47:17[0m
[0;32mI (12) boot: Multicore bootloader[0m
[0;32mI (13) boot: chip revision: v1.1[0m
[0;32mI (16) boot.esp32: SPI Speed      : 40MHz[0m
[0;32mI (20) boot.esp32: SPI Mode       : DIO[0m
[0;32mI (23) boot.esp32: SPI Flash Size : 16MB[0m
[0;32mI (27) boot: Enabling RNG early entropy source...[0m
[0;32mI (31) boot: Partition Table:[0m
[0;32mI (34) boot: ## Label            Usage          Type ST Offset   Length[0m
[0;32mI (40) boot:  0 nvs              WiFi data        01 02 00009000 00006000[0m
[0;32mI (47) boot:  1 phy_init         RF data          01 01 0000f000 00001000[0m
[0;32mI (53) boot:  2 factory          factory app      00 00 00010000 00100000[0m
[0;32mI (60) boot: End of partition table[0m
[0;32mI (63) esp_image: segment 0: paddr=00010020 vaddr=3f400020 size=0c09ch ( 49308) map[0m
[0;32mI (87) esp_image: segment 1: paddr=0001c0c4 vaddr=3ff80000 size=0001ch (    28) load[0m
[0;32mI (88) esp_image: segment 2: paddr=0001c0e8 vaddr=3ffb0000 size=0261ch (  9756) load[0m
[0;32mI (95) esp_image: segment 3: paddr=0001e70c vaddr=40080000 size=0190ch (  6412) load[0m
[0;32mI (101) esp_image: segment 4: paddr=00020020 vaddr=400d0020 size=17a20h ( 96800) map[0m
[0;32mI (139) esp_image: segment 5: paddr=00037a48 vaddr=4008190c size=0d904h ( 55556) load[0m
[0;32mI (168) boot: Loaded app from partition at offset 0x10000[0m
[0;32mI (168) boot: Disabling RNG early entropy source...[0m
[0;32mI (179) cpu_start: Multicore app[0m
[0;32mI (187) cpu_start: Pro cpu start user code[0m
[0;32mI (187) cpu_start: cpu freq: 160000000 Hz[0m
[0;32mI (187) app_init: Application information:[0m
[0;32mI (187) app_init: Project name:     control_1.7[0m
[0;32mI (191) app_init: App version:      v5.4-dirty[0m
[0;32mI (196) app_init: Compile time:     Nov 12 2025 13:47:06[0m
[0;32mI (201) app_init: ELF file SHA256:  c12657532...[0m
[0;32mI (205) app_init: ESP-IDF:          v5.4-dirty[0m
[0;32mI (209) efuse_init: Min chip rev:     v0.0[0m
[0;32mI (213) efuse_init: Max chip rev:     v3.99 [0m
[0;32mI (217) efuse_init: Chip rev:         v1.1[0m
[0;32mI (221) heap_init: Initializing. RAM available for dynamic allocation:[0m
[0;32mI (227) heap_init: At 3FFAE6E0 len 00001920 (6 KiB): DRAM[0m
[0;32mI (232) heap_init: At 3FFB5418 len 0002ABE8 (170 KiB): DRAM[0m
[0;32mI (237) heap_init: At 3FFE0440 len 00003AE0 (14 KiB): D/IRAM[0m
[0;32mI (243) heap_init: At 3FFE4350 len 0001BCB0 (111 KiB): D/IRAM[0m
[0;32mI (248) heap_init: At 4008F210 len 00010DF0 (67 KiB): IRAM[0m
[0;32mI (255) spi_flash: detected chip: generic[0m
[0;32mI (257) spi_flash: flash io: dio[0m
[0;32mI (261) main_task: Started on CPU0[0m
[0;32mI (264) main_task: Calling app_main()[0m
[0;32mI (267) gpio: GPIO[12]| InputEn: 0| OutputEn: 0| OpenDrain: 0| Pullup: 1| Pulldown: 0| Intr:0 [0m

assert failed: xQueueReceive queue.c:1531 (( pxQueue ))


Backtrace: 0x40081ab5:0x3ffb9b40 0x400876c1:0x3ffb9b60 0x4008dbc5:0x3ffb9b80 0x40087e32:0x3ffb9ca0 0x400d5e24:0x3ffb9ce0 0x40088139:0x3ffb9d30




ELF file SHA256: c12657532

Rebooting...
[0;32mI (12) boot: ESP-IDF v5.4-dirty 2nd stage bootloader[0m
[0;32mI (12) boot: compile time Nov 12 2025 13:47:17[0m
[0;32mI (12) boot: Multicore bootloader[0m
[0;32mI (13) boot: chip revision: v1.1[0m
[0;32mI (16) boot.esp32: SPI Speed      : 40MHz[0m
[0;32mI (20) boot.esp32: SPI Mode       : DIO[0m
[0;32mI (23) boot.esp32: SPI Flash Size : 16MB[0m
[0;32mI (27) boot: Enabling RNG early entropy source...[0m
[0;32mI (31) boot: Partition Table:[0m
[0;32mI (34) boot: ## Label            Usage          Type ST Offset   Length[0m
[0;32mI (40) boot:  0 nvs              WiFi data        01 02 00009000 00006000[0m
[0;32mI (47) boot:  1 phy_init         RF data          01 01 0000f000 00001000[0m
[0;32mI (53) boot:  2 factory          factory app      00 00 00010000 00100000[0m
[0;32mI (60) boot: End of partition table[0m
[0;32mI (63) esp_image: segment 0: paddr=00010020 vaddr=3f400020 size=0c09ch ( 49308) map[0m
[0;32mI (87) esp_image: segment 1: paddr=0001c0c4 vaddr=3ff80000 size=0001ch (    28) load[0m
[0;32mI (88) esp_image: segment 2: paddr=0001c0e8 vaddr=3ffb0000 size=0261ch (  9756) load[0m
[0;32mI (95) esp_image: segment 3: paddr=0001e70c vaddr=40080000 size=0190ch (  6412) load[0m
[0;32mI (101) esp_image: segment 4: paddr=00020020 vaddr=400d0020 size=17a20h ( 96800) map[0m
[0;32mI (139) esp_image: segment 5: paddr=00037a48 vaddr=4008190c size=0d904h ( 55556) load[0m
[0;32mI (168) boot: Loaded app from partition at offset 0x10000[0m
[0;32mI (168) boot: Disabling RNG early entropy source...[0m
[0;32mI (179) cpu_start: Multicore app[0m
[0;32mI (187) cpu_start: Pro cpu start user code[0m
[0;32mI (187) cpu_start: cpu freq: 160000000 Hz[0m
[0;32mI (187) app_init: Application information:[0m
[0;32mI (187) app_init: Project name:     control_1.7[0m
[0;32mI (191) app_init: App version:      v5.4-dirty[0m
[0;32mI (196) app_init: Compile time:     Nov 12 2025 13:47:06[0m
[0;32mI (201) app_init: ELF file SHA256:  c12657532...[0m
[0;32mI (205) app_init: ESP-IDF:          v5.4-dirty[0m
[0;32mI (209) efuse_init: Min chip rev:     v0.0[0m
[0;32mI (213) efuse_init: Max chip rev:     v3.99 [0m
[0;32mI (217) efuse_init: Chip rev:         v1.1[0m
[0;32mI (221) heap_init: Initializing. RAM available for dynamic allocation:[0m
[0;32mI (227) heap_init: At 3FFAE6E0 len 00001920 (6 KiB): DRAM[0m
[0;32mI (232) heap_init: At 3FFB5418 len 0002ABE8 (170 KiB): DRAM[0m
[0;32mI (237) heap_init: At 3FFE0440 len 00003AE0 (14 KiB): D/IRAM[0m
[0;32mI (243) heap_init: At 3FFE4350 len 0001BCB0 (111 KiB): D/IRAM[0m
[0;32mI (248) heap_init: At 4008F210 len 00010DF0 (67 KiB): IRAM[0m
[0;32mI (255) spi_flash: detected chip: generic[0m
[0;32mI (257) spi_flash: flash io: dio[0m
[0;32mI (261) main_task: Started on CPU0[0m
[0;32mI (264) main_task: Calling app_main()[0m
[0;32mI (267) gpio: GPIO[12]| InputEn: 0| OutputEn: 0| OpenDrain: 0| Pullup: 1| Pulldown: 0| Intr:0 [0m

assert failed: xQueueReceive queue.c:1531 (( pxQueue ))


Backtrace: 0x40081ab5:0x3ffb9b40 0x400876c1:0x3ffb9b60 0x4008dbc5:0x3ffb9b80 0x40087e32:0x3ffb9ca0 0x400d5e24:0x3ffb9ce0 0x40088139:0x3ffb9d30




ELF file SHA256: c12657532

Rebooting...
[0;32mI (12) boot: ESP-IDF v5.4-dirty 2nd stage bootloader[0m
[0;32mI (12) boot: compile time Nov 12 2025 13:47:17[0m
[0;32mI (12) boot: Multicore bootloader[0m
[0;32mI (13) boot: chip revision: v1.1[0m
[0;32mI (16) boot.esp32: SPI Speed      : 40MHz[0m
[0;32mI (20) boot.esp32: SPI Mode       : DIO[0m
[0;32mI (23) boot.esp32: SPI Flash Size : 16MB[0m
[0;32mI (27) boot: Enabling RNG early entropy source...[0m
[0;32mI (31) boot: Partition Table:[0m
[0;32mI (34) boot: ## Label            Usage          Type ST Offset   Length[0m
[0;32mI (40) boot:  0 nvs              WiFi data        01 02 00009000 00006000[0m
[0;32mI (47) boot:  1 phy_init         RF data          01 01 0000f000 00001000[0m
[0;32mI (53) boot:  2 factory          factory app      00 00 00010000 00100000[0m
[0;32mI (60) boot: End of partition table[0m
[0;32mI (63) esp_image: segment 0: paddr=00010020 vaddr=3f400020 size=0c09ch ( 49308) map[0m
[0;32mI (87) esp_image: segment 1: paddr=0001c0c4 vaddr=3ff80000 size=0001ch (    28) load[0m
[0;32mI (88) esp_image: segment 2: paddr=0001c0e8 vaddr=3ffb0000 size=0261ch (  9756) load[0m
[0;32mI (95) esp_image: segment 3: paddr=0001e70c vaddr=40080000 size=0190ch (  6412) load[0m
[0;32mI (101) esp_image: segment 4: paddr=00020020 vaddr=400d0020 size=17a20h ( 96800) map[0m
[0;32mI (139) esp_image: segment 5: paddr=00037a48 vaddr=4008190c size=0d904h ( 55556) load[0m
[0;32mI (168) boot: Loaded app from partition at offset 0x10000[0m
[0;32mI (168) boot: Disabling RNG early entropy source...[0m
[0;32mI (179) cpu_start: Multicore app[0m
[0;32mI (187) cpu_start: Pro cpu start user code[0m
[0;32mI (187) cpu_start: cpu freq: 160000000 Hz[0m
[0;32mI (187) app_init: Application information:[0m
[0;32mI (187) app_init: Project name:     control_1.7[0m
[0;32mI (191) app_init: App version:      v5.4-dirty[0m
[0;32mI (196) app_init: Compile time:     Nov 12 2025 13:47:06[0m
[0;32mI (201) app_init: ELF file SHA256:  c12657532...[0m
[0;32mI (205) app_init: ESP-IDF:          v5.4-dirty[0m
[0;32mI (209) efuse_init: Min chip rev:     v0.0[0m
[0;32mI (213) efuse_init: Max chip rev:     v3.99 [0m
[0;32mI (217) efuse_init: Chip rev:         v1.1[0m
[0;32mI (221) heap_init: Initializing. RAM available for dynamic allocation:[0m
[0;32mI (227) heap_init: At 3FFAE6E0 len 00001920 (6 KiB): DRAM[0m
[0;32mI (232) heap_init: At 3FFB5418 len 0002ABE8 (170 KiB): DRAM[0m
[0;32mI (237) heap_init: At 3FFE0440 len 00003AE0 (14 KiB): D/IRAM[0m
[0;32mI (243) heap_init: At 3FFE4350 len 0001BCB0 (111 KiB): D/IRAM[0m
[0;32mI (248) heap_init: At 4008F210 len 00010DF0 (67 KiB): IRAM[0m
[0;32mI (255) spi_flash: detected chip: generic[0m
[0;32mI (257) spi_flash: flash io: dio[0m
[0;32mI (261) main_task: Started on CPU0[0m
[0;32mI (264) main_task: Calling app_main()[0m
[0;32mI (267) gpio: GPIO[12]| InputEn: 0| OutputEn: 0| OpenDrain: 0| Pullup: 1| Pulldown: 0| Intr:0 [0m

assert failed: xQueueReceive queue.c:1531 (( pxQueue ))


Backtrace: 0x40081ab5:0x3ffb9b40 0x400876c1:0x3ffb9b60 0x4008dbc5:0x3ffb9b80 0x40087e32:0x3ffb9ca0 0x400d5e24:0x3ffb9ce0 0x40088139:0x3ffb9d30




ELF file SHA256: c12657532

Rebooting...
[0;32mI (12) boot: ESP-IDF v5.4-dirty 2nd stage bootloader[0m
[0;32mI (12) boot: compile time Nov 12 2025 13:47:17[0m
[0;32mI (12) boot: Multicore bootloader[0m
[0;32mI (13) boot: chip revision: v1.1[0m
[0;32mI (16) boot.esp32: SPI Speed      : 40MHz[0m
[0;32mI (20) boot.esp32: SPI Mode       : DIO[0m
[0;32mI (23) boot.esp32: SPI Flash Size : 16MB[0m
[0;32mI (27) boot: Enabling RNG early entropy source...[0m
[0;32mI (31) boot: Partition Table:[0m
[0;32mI (34) boot: ## Label            Usage          Type ST Offset   Length[0m
[0;32mI (40) boot:  0 nvs              WiFi data        01 02 00009000 00006000[0m
[0;32mI (47) boot:  1 phy_init         RF data          01 01 0000f000 00001000[0m
[0;32mI (53) boot:  2 factory          factory app      00 00 00010000 00100000[0m
[0;32mI (60) boot: End of partition table[0m
[0;32mI (63) esp_image: segment 0: paddr=00010020 vaddr=3f400020 size=0c09ch ( 49308) map[0m
[0;32mI (87) esp_image: segment 1: paddr=0001c0c4 vaddr=3ff80000 size=0001ch (    28) load[0m
[0;32mI (88) esp_image: segment 2: paddr=0001c0e8 vaddr=3ffb0000 size=0261ch (  9756) load[0m
[0;32mI (95) esp_image: segment 3: paddr=0001e70c vaddr=40080000 size=0190ch (  6412) load[0m
[0;32mI (101) esp_image: segment 4: paddr=00020020 vaddr=400d0020 size=17a20h ( 96800) map[0m
[0;32mI (139) esp_image: segment 5: paddr=00037a48 vaddr=4008190c size=0d904h ( 55556) load[0m
[0;32mI (168) boot: Loaded app from partition at offset 0x10000[0m
[0;32mI (168) boot: Disabling RNG early entropy source...[0m
[0;32mI (179) cpu_start: Multicore app[0m
[0;32mI (187) cpu_start: Pro cpu start user code[0m
[0;32mI (187) cpu_start: cpu freq: 160000000 Hz[0m
[0;32mI (187) app_init: Application information:[0m
[0;32mI (187) app_init: Project name:     control_1.7[0m
[0;32mI (191) app_init: App version:      v5.4-dirty[0m
[0;32mI (196) app_init: Compile time:     Nov 12 2025 13:47:06[0m
[0;32mI (201) app_init: ELF file SHA256:  c12657532...[0m
[0;32mI (205) app_init: ESP-IDF:          v5.4-dirty[0m
[0;32mI (209) efuse_init: Min chip rev:     v0.0[0m
[0;32mI (213) efuse_init: Max chip rev:     v3.99 [0m
[0;32mI (217) efuse_init: Chip rev:         v1.1[0m
[0;32mI (221) heap_init: Initializing. RAM available for dynamic allocation:[0m
[0;32mI (227) heap_init: At 3FFAE6E0 len 00001920 (6 KiB): DRAM[0m
[0;32mI (232) heap_init: At 3FFB5418 len 0002ABE8 (170 KiB): DRAM[0m
[0;32mI (237) heap_init: At 3FFE0440 len 00003AE0 (14 KiB): D/IRAM[0m
[0;32mI (243) heap_init: At 3FFE4350 len 0001BCB0 (111 KiB): D/IRAM[0m
[0;32mI (248) heap_init: At 4008F210 len 00010DF0 (67 KiB): IRAM[0m
[0;32mI (255) spi_flash: detected chip: generic[0m
[0;32mI (257) spi_flash: flash io: dio[0m
[0;32mI (261) main_task: Started on CPU0[0m
[0;32mI (264) main_task: Calling app_main()[0m
[0;32mI (267) gpio: GPIO[12]| InputEn: 0| OutputEn: 0| OpenDrain: 0| Pullup: 1| Pulldown: 0| Intr:0 [0m

assert failed: xQueueReceive queue.c:1531 (( pxQueue ))


Backtrace: 0x40081ab5:0x3ffb9b40 0x400876c1:0x3ffb9b60 0x4008dbc5:0x3ffb9b80 0x40087e32:0x3ffb9ca0 0x400d5e24:0x3ffb9ce0 0x40088139:0x3ffb9d30




ELF file SHA256: c12657532

Rebooting...
[0;32mI (12) boot: ESP-IDF v5.4-dirty 2nd stage bootloader[0m
[0;32mI (12) boot: compile time Nov 12 2025 13:47:17[0m
[0;32mI (12) boot: Multicore bootloader[0m
[0;32mI (13) boot: chip revision: v1.1[0m
[0;32mI (16) boot.esp32: SPI Speed      : 40MHz[0m
[0;32mI (20) boot.esp32: SPI Mode       : DIO[0m
[0;32mI (23) boot.esp32: SPI Flash Size : 16MB[0m
[0;32mI (27) boot: Enabling RNG early entropy source...[0m
[0;32mI (31) boot: Partition Table:[0m
[0;32mI (34) boot: ## Label            Usage          Type ST Offset   Length[0m
[0;32mI (40) boot:  0 nvs              WiFi data        01 02 00009000 00006000[0m
[0;32mI (47) boot:  1 phy_init         RF data          01 01 0000f000 00001000[0m
[0;32mI (53) boot:  2 factory          factory app      00 00 00010000 00100000[0m
[0;32mI (60) boot: End of partition table[0m
[0;32mI (63) esp_image: segment 0: paddr=00010020 vaddr=3f400020 size=0c09ch ( 49308) map[0m
[0;32mI (87) esp_image: segment 1: paddr=0001c0c4 vaddr=3ff80000 size=0001ch (    28) load[0m
[0;32mI (88) esp_image: segment 2: paddr=0001c0e8 vaddr=3ffb0000 size=0261ch (  9756) load[0m
[0;32mI (95) esp_image: segment 3: paddr=0001e70c vaddr=40080000 size=0190ch (  6412) load[0m
[0;32mI (101) esp_image: segment 4: paddr=00020020 vaddr=400d0020 size=17a20h ( 96800) map[0m
[0;32mI (139) esp_image: segment 5: paddr=00037a48 vaddr=4008190c size=0d904h ( 55556) load[0m
[0;32mI (168) boot: Loaded app from partition at offset 0x10000[0m
[0;32mI (168) boot: Disabling RNG early entropy source...[0m
[0;32mI (179) cpu_start: Multicore app[0m
[0;32mI (187) cpu_start: Pro cpu start user code[0m
[0;32mI (187) cpu_start: cpu freq: 160000000 Hz[0m
[0;32mI (187) app_init: Application information:[0m
[0;32mI (187) app_init: Project name:     control_1.7[0m
[0;32mI (191) app_init: App version:      v5.4-dirty[0m
[0;32mI (196) app_init: Compile time:     Nov 12 2025 13:47:06[0m
[0;32mI (201) app_init: ELF file SHA256:  c12657532...[0m
[0;32mI (205) app_init: ESP-IDF:          v5.4-dirty[0m
[0;32mI (209) efuse_init: Min chip rev:     v0.0[0m
[0;32mI (213) efuse_init: Max chip rev:     v3.99 [0m
[0;32mI (217) efuse_init: Chip rev:         v1.1[0m
[0;32mI (221) heap_init: Initializing. RAM available for dynamic allocation:[0m
[0;32mI (227) heap_init: At 3FFAE6E0 len 00001920 (6 KiB): DRAM[0m
[0;32mI (232) heap_init: At 3FFB5418 len 0002ABE8 (170 KiB): DRAM[0m
[0;32mI (237) heap_init: At 3FFE0440 len 00003AE0 (14 KiB): D/IRAM[0m
[0;32mI (243) heap_init: At 3FFE4350 len 0001BCB0 (111 KiB): D/IRAM[0m
[0;32mI (248) heap_init: At 4008F210 len 00010DF0 (67 KiB): IRAM[0m
[0;32mI (255) spi_flash: detected chip: generic[0m
[0;32mI (257) spi_flash: flash io: dio[0m
[0;32mI (261) main_task: Started on CPU0[0m
[0;32mI (264) main_task: Calling app_main()[0m
[0;32mI (267) gpio: GPIO[12]| InputEn: 0| OutputEn: 0| OpenDrain: 0| Pullup: 1| Pulldown: 0| Intr:0 [0m

assert failed: xQueueReceive queue.c:1531 (( pxQueue ))


Backtrace: 0x40081ab5:0x3ffb9b40 0x400876c1:0x3ffb9b60 0x4008dbc5:0x3ffb9b80 0x40087e32:0x3ffb9ca0 0x400d5e24:0x3ffb9ce0 0x40088139:0x3ffb9d30




ELF file SHA256: c12657532

Rebooting...
[0;32mI (12) boot: ESP-IDF v5.4-dirty 2nd stage bootloader[0m
[0;32mI (12) boot: compile time Nov 12 2025 13:47:17[0m
[0;32mI (12) boot: Multicore bootloader[0m
[0;32mI (13) boot: chip revision: v1.1[0m
[0;32mI (16) boot.esp32: SPI Speed      : 40MHz[0m
[0;32mI (20) boot.esp32: SPI Mode       : DIO[0m
[0;32mI (23) boot.esp32: SPI Flash Size : 16MB[0m
[0;32mI (27) boot: Enabling RNG early entropy source...[0m
[0;32mI (31) boot: Partition Table:[0m
[0;32mI (34) boot: ## Label            Usage          Type ST Offset   Length[0m
[0;32mI (40) boot:  0 nvs              WiFi data        01 02 00009000 00006000[0m
[0;32mI (47) boot:  1 phy_init         RF data          01 01 0000f000 00001000[0m
[0;32mI (53) boot:  2 factory          factory app      00 00 00010000 00100000[0m
[0;32mI (60) boot: End of partition table[0m
[0;32mI (63) esp_image: segment 0: paddr=00010020 vaddr=3f400020 size=0c09ch ( 49308) map[0m
[0;32mI (87) esp_image: segment 1: paddr=0001c0c4 vaddr=3ff80000 size=0001ch (    28) load[0m
[0;32mI (88) esp_image: segment 2: paddr=0001c0e8 vaddr=3ffb0000 size=0261ch (  9756) load[0m
[0;32mI (95) esp_image: segment 3: paddr=0001e70c vaddr=40080000 size=0190ch (  6412) load[0m
[0;32mI (101) esp_image: segment 4: paddr=00020020 vaddr=400d0020 size=17a20h ( 96800) map[0m
[0;32mI (139) esp_image: segment 5: paddr=00037a48 vaddr=4008190c size=0d904h ( 55556) load[0m
[0;32mI (168) boot: Loaded app from partition at offset 0x10000[0m
[0;32mI (168) boot: Disabling RNG early entropy source...[0m
[0;32mI (179) cpu_start: Multicore app[0m
[0;32mI (187) cpu_start: Pro cpu start user code[0m
[0;32mI (187) cpu_start: cpu freq: 160000000 Hz[0m
[0;32mI (187) app_init: Application information:[0m
[0;32mI (187) app_init: Project name:     control_1.7[0m
[0;32mI (191) app_init: App version:      v5.4-dirty[0m
[0;32mI (196) app_init: Compile time:     Nov 12 2025 13:47:06[0m
[0;32mI (201) app_init: ELF file SHA256:  c12657532...[0m
[0;32mI (205) app_init: ESP-IDF:          v5.4-dirty[0m
[0;32mI (209) efuse_init: Min chip rev:     v0.0[0m
[0;32mI (213) efuse_init: Max chip rev:     v3.99 [0m
[0;32mI (217) efuse_init: Chip rev:         v1.1[0m
[0;32mI (221) heap_init: Initializing. RAM available for dynamic allocation:[0m
[0;32mI (227) heap_init: At 3FFAE6E0 len 00001920 (6 KiB): DRAM[0m
[0;32mI (232) heap_init: At 3FFB5418 len 0002ABE8 (170 KiB): DRAM[0m
[0;32mI (237) heap_init: At 3FFE0440 len 00003AE0 (14 KiB): D/IRAM[0m
[0;32mI (243) heap_init: At 3FFE4350 len 0001BCB0 (111 KiB): D/IRAM[0m
[0;32mI (248) heap_init: At 4008F210 len 00010DF0 (67 KiB): IRAM[0m
[0;32mI (255) spi_flash: detected chip: generic[0m
[0;32mI (257) spi_flash: flash io: dio[0m
[0;32mI (261) main_task: Started on CPU0[0m
[0;32mI (264) main_task: Calling app_main()[0m
[0;32mI (267) gpio: GPIO[12]| InputEn: 0| OutputEn: 0| OpenDrain: 0| Pullup: 1| Pulldown: 0| Intr:0 [0m

assert failed: xQueueReceive queue.c:1531 (( pxQueue ))


Backtrace: 0x40081ab5:0x3ffb9b40 0x400876c1:0x3ffb9b60 0x4008dbc5:0x3ffb9b80 0x40087e32:0x3ffb9ca0 0x400d5e24:0x3ffb9ce0 0x40088139:0x3ffb9d30




ELF file SHA256: c12657532

Rebooting...
[0;32mI (12) boot: ESP-IDF v5.4-dirty 2nd stage bootloader[0m
[0;32mI (12) boot: compile time Nov 12 2025 13:47:17[0m
[0;32mI (12) boot: Multicore bootloader[0m
[0;32mI (13) boot: chip revision: v1.1[0m
[0;32mI (16) boot.esp32: SPI Speed      : 40MHz[0m
[0;32mI (20) boot.esp32: SPI Mode       : DIO[0m
[0;32mI (23) boot.esp32: SPI Flash Size : 16MB[0m
[0;32mI (27) boot: Enabling RNG early entropy source...[0m
[0;32mI (31) boot: Partition Table:[0m
[0;32mI (34) boot: ## Label            Usage          Type ST Offset   Length[0m
[0;32mI (40) boot:  0 nvs              WiFi data        01 02 00009000 00006000[0m
[0;32mI (47) boot:  1 phy_init         RF data          01 01 0000f000 00001000[0m
[0;32mI (53) boot:  2 factory          factory app      00 00 00010000 00100000[0m
[0;32mI (60) boot: End of partition table[0m
[0;32mI (63) esp_image: segment 0: paddr=00010020 vaddr=3f400020 size=0c09ch ( 49308) map[0m
[0;32mI (87) esp_image: segment 1: paddr=0001c0c4 vaddr=3ff80000 size=0001ch (    28) load[0m
[0;32mI (88) esp_image: segment 2: paddr=0001c0e8 vaddr=3ffb0000 size=0261ch (  9756) load[0m
[0;32mI (95) esp_image: segment 3: paddr=0001e70c vaddr=40080000 size=0190ch (  6412) load[0m
[0;32mI (101) esp_image: segment 4: paddr=00020020 vaddr=400d0020 size=17a20h ( 96800) map[0m
[0;32mI (139) esp_image: segment 5: paddr=00037a48 vaddr=4008190c size=0d904h ( 55556) load[0m
[0;32mI (168) boot: Loaded app from partition at offset 0x10000[0m
[0;32mI (168) boot: Disabling RNG early entropy source...[0m
[0;32mI (179) cpu_start: Multicore app[0m
[0;32mI (187) cpu_start: Pro cpu start user code[0m
[0;32mI (187) cpu_start: cpu freq: 160000000 Hz[0m
[0;32mI (187) app_init: Application information:[0m
[0;32mI (187) app_init: Project name:     control_1.7[0m
[0;32mI (191) app_init: App version:      v5.4-dirty[0m
[0;32mI (196) app_init: Compile time:     Nov 12 2025 13:47:06[0m
[0;32mI (201) app_init: ELF file SHA256:  c12657532...[0m
[0;32mI (205) app_init: ESP-IDF:          v5.4-dirty[0m
[0;32mI (209) efuse_init: Min chip rev:     v0.0[0m
[0;32mI (213) efuse_init: Max chip rev:     v3.99 [0m
[0;32mI (217) efuse_init: Chip rev:         v1.1[0m
[0;32mI (221) heap_init: Initializing. RAM available for dynamic allocation:[0m
[0;32mI (227) heap_init: At 3FFAE6E0 len 00001920 (6 KiB): DRAM[0m
[0;32mI (232) heap_init: At 3FFB5418 len 0002ABE8 (170 KiB): DRAM[0m
[0;32mI (237) heap_init: At 3FFE0440 len 00003AE0 (14 KiB): D/IRAM[0m
[0;32mI (243) heap_init: At 3FFE4350 len 0001BCB0 (111 KiB): D/IRAM[0m
[0;32mI (248) heap_init: At 4008F210 len 00010DF0 (67 KiB): IRAM[0m
[0;32mI (255) spi_flash: detected chip: generic[0m
[0;32mI (257) spi_flash: flash io: dio[0m
[0;32mI (261) main_task: Started on CPU0[0m
[0;32mI (264) main_task: Calling app_main()[0m
[0;32mI (267) gpio: GPIO[12]| InputEn: 0| OutputEn: 0| OpenDrain: 0| Pullup: 1| Pulldown: 0| Intr:0 [0m

assert failed: xQueueReceive queue.c:1531 (( pxQueue ))


Backtrace: 0x40081ab5:0x3ffb9b40 0x400876c1:0x3ffb9b60 0x4008dbc5:0x3ffb9b80 0x40087e32:0x3ffb9ca0 0x400d5e24:0x3ffb9ce0 0x40088139:0x3ffb9d30




ELF file SHA256: c12657532

Rebooting...
[0;32mI (12) boot: ESP-IDF v5.4-dirty 2nd stage bootloader[0m
[0;32mI (12) boot: compile time Nov 12 2025 13:47:17[0m
[0;32mI (12) boot: Multicore bootloader[0m
[0;32mI (13) boot: chip revision: v1.1[0m
[0;32mI (16) boot.esp32: SPI Speed      : 40MHz[0m
[0;32mI (20) boot.esp32: SPI Mode       : DIO[0m
[0;32mI (23) boot.esp32: SPI Flash Size : 16MB[0m
[0;32mI (27) boot: Enabling RNG early entropy source...[0m
[0;32mI (31) boot: Partition Table:[0m
[0;32mI (34) boot: ## Label            Usage          Type ST Offset   Length[0m
[0;32mI (40) boot:  0 nvs              WiFi data        01 02 00009000 00006000[0m
[0;32mI (47) boot:  1 phy_init         RF data          01 01 0000f000 00001000[0m
[0;32mI (53) boot:  2 factory          factory app      00 00 00010000 00100000[0m
[0;32mI (60) boot: End of partition table[0m
[0;32mI (63) esp_image: segment 0: paddr=00010020 vaddr=3f400020 size=0c09ch ( 49308) map[0m
[0;32mI (87) esp_image: segment 1: paddr=0001c0c4 vaddr=3ff80000 size=0001ch (    28) load[0m
[0;32mI (88) esp_image: segment 2: paddr=0001c0e8 vaddr=3ffb0000 size=0261ch (  9756) load[0m
[0;32mI (95) esp_image: segment 3: paddr=0001e70c vaddr=40080000 size=0190ch (  6412) load[0m
[0;32mI (101) esp_image: segment 4: paddr=00020020 vaddr=400d0020 size=17a20h ( 96800) map[0m
[0;32mI (139) esp_image: segment 5: paddr=00037a48 vaddr=4008190c size=0d904h ( 55556) load[0m
[0;32mI (168) boot: Loaded app from partition at offset 0x10000[0m
[0;32mI (168) boot: Disabling RNG early entropy source...[0m
[0;32mI (179) cpu_start: Multicore app[0m
[0;32mI (187) cpu_start: Pro cpu start user code[0m
[0;32mI (187) cpu_start: cpu freq: 160000000 Hz[0m
[0;32mI (187) app_init: Application information:[0m
[0;32mI (187) app_init: Project name:     control_1.7[0m
[0;32mI (191) app_init: App version:      v5.4-dirty[0m
[0;32mI (196) app_init: Compile time:     Nov 12 2025 13:47:06[0m
[0;32mI (201) app_init: ELF file SHA256:  c12657532...[0m
[0;32mI (205) app_init: ESP-IDF:          v5.4-dirty[0m
[0;32mI (209) efuse_init: Min chip rev:     v0.0[0m
[0;32mI (213) efuse_init: Max chip rev:     v3.99 [0m
[0;32mI (217) efuse_init: Chip rev:         v1.1[0m
[0;32mI (221) heap_init: Initializing. RAM available for dynamic allocation:[0m
[0;32mI (227) heap_init: At 3FFAE6E0 len 00001920 (6 KiB): DRAM[0m
[0;32mI (232) heap_init: At 3FFB5418 len 0002ABE8 (170 KiB): DRAM[0m
[0;32mI (237) heap_init: At 3FFE0440 len 00003AE0 (14 KiB): D/IRAM[0m
[0;32mI (243) heap_init: At 3FFE4350 len 0001BCB0 (111 KiB): D/IRAM[0m
[0;32mI (248) heap_init: At 4008F210 len 00010DF0 (67 KiB): IRAM[0m
[0;32mI (255) spi_flash: detected chip: generic[0m
[0;32mI (257) spi_flash: flash io: dio[0m
[0;32mI (261) main_task: Started on CPU0[0m
[0;32mI (264) main_task: Calling app_main()[0m
[0;32mI (267) gpio: GPIO[12]| InputEn: 0| OutputEn: 0| OpenDrain: 0| Pullup: 1| Pulldown: 0| Intr:0 [0m

assert failed: xQueueReceive queue.c:1531 (( pxQueue ))


Backtrace: 0x40081ab5:0x3ffb9b40 0x400876c1:0x3ffb9b60 0x4008dbc5:0x3ffb9b80 0x40087e32:0x3ffb9ca0 0x400d5e24:0x3ffb9ce0 0x40088139:0x3ffb9d30




ELF file SHA256: c12657532

Rebooting...
[0;32mI (12) boot: ESP-IDF v5.4-dirty 2nd stage bootloader[0m
[0;32mI (12) boot: compile time Nov 12 2025 13:47:17[0m
[0;32mI (12) boot: Multicore bootloader[0m
[0;32mI (13) boot: chip revision: v1.1[0m
[0;32mI (16) boot.esp32: SPI Speed      : 40MHz[0m
[0;32mI (20) boot.esp32: SPI Mode       : DIO[0m
[0;32mI (23) boot.esp32: SPI Flash Size : 16MB[0m
[0;32mI (27) boot: Enabling RNG early entropy source...[0m
[0;32mI (31) boot: Partition Table:[0m
[0;32mI (34) boot: ## Label            Usage          Type ST Offset   Length[0m
[0;32mI (40) boot:  0 nvs              WiFi data        01 02 00009000 00006000[0m
[0;32mI (47) boot:  1 phy_init         RF data          01 01 0000f000 00001000[0m
[0;32mI (53) boot:  2 factory          factory app      00 00 00010000 00100000[0m
