M
[0;32mI (466) heap_init: At 3FFE4350 len 0001BCB0 (111 KiB): D/IRAM[0m
[0;32mI (471) heap_init: At 4009973C len 000068C4 (26 KiB): IRAM[0m
[0;32mI (478) spi_flash: detected chip: generic[0m
[0;32mI (480) spi_flash: flash io: dio[0m
[0;32mI (484) coexist: coex firmware version: 49a8cdc[0m
[0;32mI (488) main_task: Started on CPU0[0m
[0;32mI (491) main_task: Calling app_main()[0m
[0;32mI (494) gpio: GPIO[12]| InputEn: 0| OutputEn: 0| OpenDrain: 0| Pullup: 1| Pulldown: 0| Intr:0 [0m
[0;32mI (503) I2C SLAVE: Slave initialization complete and ready to receive data[0m
[0;32mI (509) I2C SLAVE: Setting up PWM and PID module[0m
[0;32mI (513) LEDC_PWM_UNIT: setting up LEDC units and chaneels[0m
[0;32mI (518) gpio: GPIO[32]| InputEn: 0| OutputEn: 0| OpenDrain: 0| Pullup: 1| Pulldown: 0| Intr:0 [0m
[0;32mI (526) gpio: GPIO[33]| InputEn: 0| OutputEn: 0| OpenDrain:$0| Pullup: 1| Pulldown: 0| Intr:0 [0m
[0;32mI (535) gpio: GPIO[25]| InputEn: 0| OutputEn: 0| OpenDrain: 0| Pullup: 1| Pulldown: 0| Intr:0 [0m
[0;32mI (543) gpio: GPIO[26]| InputEn: 0| OutputEn: 0| OpenDrain: 0| Pullup: 1| Pulldown: 0| Intr:4 [0m
[0;32mI (551) gpio: GPIO[27]| InputEn: 0| OutputEn: 0| OpenDrain: 0| Pullup: 1| Pulldown: 0| Intr:0 [0m
[0;32mI (559) gpio: GPIO[14]| InputEn: 0| OutputEn: 0| OpenDrain: 0| Pullup: 1| Pulldown: 0| Intr:0 [0m
[0;32mI (568) gpio: GPIO[:3]| InputEn: 0| OutputEn: 0| OpenDrain: 0| Pullup: 1| Pulldown: 0| Intr:0 [0m
[0;32mI (576) gpio: GPIO[22]| InputEn: 0| OutputEn: 0| OpenDrain: 0| Pullup: 1| Pulldown: 0| Intr:0 [0m
[0;32mI (584) gpio: GPIO[21]| InputEn: 0| OutputEn: 0| OpenDrain: 0| Pullup: 1| Pulldown: 0| Intr:0 [0m
[0;32mI (593) gpio: GPIO[19]| InputEn: 0| OutputEn: 0| OpenDrain: 0| Pullup: 1| Pulldown: 0| Intr:0 [0m
[0;32mI (601) gpio: GPIO[18]| InputEn: 0| OutputEn: 0| OpenDrain: 0| Pullup: 1| Pulldown: 0| Intr:0 [0m
[0;32mI (609) gpio: GPIO[5]| InputEn: 0| OutputEn: 0| OpenDrain: 0| Pullup: 1| Pulldown: 0| Intr:0 [0m
[0;32mI (618) gpio: GPIO[17]| InputEn: 0| OutputEn: 0| OpenDrain: 0| Pullup: 1| Pulldown: 0| Intr:0 [0m
[0;32mI (626) gpio: GPIO[16]| InputEn: 0| OutputEn: 0| OpenDrain: 0| Pullup: 1| Pulldown: 0| Intr:0 [0m
[0;32mI (634) gpio: GPIO[4]| InputEn: 0| OutputEn: 0| OpenDrain: 0| Pullup: 1| Pulldown: 0| Intr:0 [0m
[0;32mI (643) gpio: GPIO[2]| InputI (657) UART_PID: UART initialized on port 0 at 115200 baud[0m
[0;32mI (658) MOTOR_COMMANDS: Setting up the motor commands...[0m
[0;32mI (658) MOTOR_COMMANDS: Motor command setup complete[0m
[0;32mI (658) MOTOR_COMMANDS: IDLE gait running[0m
I 
assert failed: xQueueGenericSend queue.c:936 (pxQueue)


Backtrace: 0x40081d21:0x3ffcfa10 0x40090f7d:0x3ffcfa30 0x40097875:0x3ffcfa50 0x400913aa:0x3ffcfb70 0x400db461:0x3ffcfbb0 0x400dba55:0x3ffcfbe0 0x400dbb67:0x3ffcfc00 0x40091a35:0x3ffcfc30




ELF file SHA256: 6d9257bdd

Rebooting...
ets Jun  8 2016 00:22:57

rst:0xc (SW_CPU_RESET),boot:0x13 (SPI_FAST_FLASH_BOOT)
configsip: 0, SPIWP:0xee
clk_drv:0x00,q_drv:0x00,d_drv:0x00,cs0_drv:0x00,hd_drv:0x00,wp_drv:0x00
mode:DIO, clock div:2
load:0x3fff0030,len:6276
load:0x40078000,len:15716
load:0x40080400,len:4
ho 8 tail 4 room 4
load:0x40080404,len:3860
entry 0x4008063c
[0;32mI (30) boot: ESP-IDF v5.4 2nd stage bootloader[0m
[0;32mI (31) boot: compile time Oct 27 2025 10:14:31[0m
[0;32mI (31) boot: Multicore bootloader[0m
[0;32mI (32) boot: chip revision: v1.1[0m
[0;32mI (35) boot.esp32: SPI Speed      : 40MHz[0m
[0;32mI (39) boot.esp32: SPI Mode       : DIO[0m
[0;32mI (42) boot.esp32: SPI Flash Size : 16MB[0m
[0;32mI (46) boot: Enabling RNG early entropy source...[0m
[0;32mI (50) boot: Partition Table:[0m
[0;32mI (53) boot: ## Label            Usage          Type ST Offset   Length[0m
[0;32mI (59) boot:  0 nvs              WiFi data        01 02 00009000 00006000[0m
[0;32mI (66) boot:  1 phy_init         RF data          01 01 0000f000 00001000[0m
[0;32mI (72) boot:  2 factory          factory app      00 00 00010000 00100000[0m
[0;32mI (79) boot: End of partition table[0m
[0;32mI (82) esp_image: segment 0: paddr=00010020 vaddr=3f400020 size=21bfch (138236) map[0m
[0;32mI (137) esp_image: segment 1: paddr=00031c24 vaddr=3ff80000 size=0001ch (    28) load[0m
[0;32mI (137) esp_image: segment 2: paddr=00031c48 vaddr=3ffbdb60 size=04e08h ( 19976) load[0m
[0;32mI (148) esp_image: segment 3: paddr=00036a58 vaddr=40080000 size=095c0h ( 38336) load[0m
[0;32mI (163) esp_image: segment 4: paddr=00040020 vaddr=400d0020 size=80fcch (528332) map[0m
[0;32mI (344) esp_image: segment 5: paddr=000c0ff4 vaddr=400895c0 size=1017ch ( 65916) load[0m
[0;32mI (382) boot: Loaded app from partition at offset 0x10000[0m
[0;32mI (382) boot: Disabling RNG early entropy source...[0m
[0;32mI (393) cpu_start: Multicore app[0m
RBï¿½ï¿½ï¿½Jï¿½ï¿½}ï¿½ï¿½ï¿½ï¿½ï¿½ï¿½ Pro cpu start user code
[0;32mI (401) cpu_start: cpu freq: 160000000 Hz[0m
[0;32mI (401) app_init: Application information:[0m
[0;32mI (401) app_init: Project name:     control_1.3[0m
[0;32mI (405) app_init: App version:      v5.4[0m
[0;32mI (409) app_init: Compile time:     Oct 27 2025 10:14:06[0m
[0;32mI (414) app_init: ELF file SHA256:  6d9257bdd...[0m
[0;32mI (418) app_init: ESP-IDF:          v5.4[0m
[0;32mI (422) efuse_init: Min chip rev:     v0.0[0m
[0;32mI (426) efuse_init: Max chip rev:     v3.99 [0m
[0;32mI (430) efuse_init: Chip rev:         v1.1[0m
[0;32mI (434) heap_init: Initializing. RAM available for dynamic allocation:[0m
[0;32mI (440) heap_init: At 3FFAFF10 len 000000F0 (0 KiB): DRAM[0m
[0;32mI (445) heap_init: At 3FFB6388 len 00001C78 (7 KiB): DRAM[0m
[0;32mI (450) heap_init: At 3FFB9A20 len 00004108 (16 KiB): DRAM[0m
[0;32mI (455) heap_init: At 3FFC81E0 len 00017E20 (95 KiB): DRAM[0m
[0;32mI (461) heap_init: At 3FFE0440 len 00003AE0 (14 KiB): D/IRAM[0m
[0;32mI (466) heap_init: At 3FFE4350 len 0001BCB0 (111 KiB): D/IRAM[0m
[0;32mI (471) heap_init: At 4009973C len 000068C4 (26 KiB): IRAM[0m
[0;32mI (478) spi_flash: detected chip: generic[0m
[0;32mI (480) spi_flash: flash io: dio[0m
[0;32mI (484) coexist: coex firmware version: 49a8cdc[0m
[0;32mI (488) main_task: Started on CPU0[0m
[0;32mI (491) main_task: Calling app_main()[0m
[0;32mI (494) gpio: GPIO[12]| InputEn: 0| OutputEn: 0| OpenDrain: 0| Pullup: 1| Pulldown: 0| Intr:0 [0m
[0;32mI (503) I2C SLAVE: Slave initialization complete and ready to receive data[0m
[0;32mI (509) I2C SLAVE: Setting up PWM and PID module[0m
[0;32mI (513) LEDC_PWM_UNIT: setting up LEDC units and chaneels[0m
[0;32mI (518) gpio: GPIO[32]| InputEn: 0| OutputEn: 0| OpenDrain: 0| Pullup: 1| Pulldown: 0| Intr:0 [0m
[0;32mI (526) gpio: GPIO[33]| InputEn: 0| OutputEn: 0| OpenDrain: 0| Pullup: 1| Pulldown: 0| Intr:0 [0m
[0;32mI (535) gpio: GPIO[25]| InputEn: 0| OutputEn: 0| OpenDrain: 0| Pullup: 1| Pulldown: 0| Intr:0 [0m
[0;32mI (543) gpio: GPIO[26]| InputEn: 0| OutputEn: 0| OpenDrain: 0| Pullup: 1| Pulldown: 0| Intr:0 [0m
[0;32mI (551) gpio: GPIO[27]| InputEn: 0| OutputEn: 0| OpenDrain: 0| Pullup: 1| Pulldown: 0| Intr:0 [0m
[0;32mI (559) gpio: GPIO[14]| InputEn: 0| OutputEn: 0| OpenDrain: 0| Pullup: 1| Pulldown: 0| Intr:0 [0m
[0;32mI (568) gpio: GPIO[23]| InputEn: 0| OutputEn: 0| OpenDrain: 0| Pullup: 1| Pulldown: 0| Intr:0 [0m
[0;32mI (576) gpio: GPIO[22]| InputEn: 0| OutputEn: 0| OpenDrain: 0| Pullup: 1| Pulldown: 0| Intr:0 [0m
[0;32mI (584) gpio: GPIO[21]| InputEn: 0| OutputEn: 0| OpenDrain: 0| Pullup: 1| Pulldown: 0| Intr:0 [0m
[0;32mI (593) gpio: GPIO[19]| InputEn: 0| OutputEn: 0| OpenDrain: 0| Pullup: 1| Pulldown: 0| Intr:0 [0m
[0;32mI (601) gpio: GPIO[18]| InputEn: 0| OutputEn: 0| OpenDrain: 0| Pullup: 1| Pulldown: 0| Intr:0 [0m
[0;32mI (609) gpio: GPIO[5]| InputEn: 0| OutputEn: 0| OpenDrain: 0| Pullup: 1| Pulldown: 0| Intr:0 [0m
[0;32mI (618) gpio: GPIO[17]| InputEn: 0| OutputEn: 0| OpenDrain: 0| Pullup: 1| Pulldown: 0| Intr:0 [0m
[0;32mI (626) gpio: GPIO[16]| InputEn: 0| OutputEn: 0| OpenDrain: 0| Pullup: 1| Pulldown: 0| Intr:0 [0m
[0;32mI (634) gpio: GPIO[4]| InputEn: 0| OutputEn: 0| OpenDrain: 0| Pullup: 1| Pulldown: 0| Intr:0 [0m
[0;32mI (643) gpio: GPIO[2]| InputI (657) UART_PID: UART initialized on port 0 at 115200 baud[0m
[0;32mI (658) MOTOR_COMMANDS: Setting up the motor commands...[0m
[0;32mI (658) MOTOR_COMMANDS: Motor command setup complete[0m
[0;32mI (658) MOTOR_COMMANDS: IDLE gait running[0m
I 
assert failed: xQueueGenericSend queue.c:936 (pxQueue)


Backtrace: 0x40081d21:0x3ffcfa10 0x40090f7d:0x3ffcfa30 0x40097875:0x3ffcfa50 0x400913aa:0x3ffcfb70 0x400db461:0x3ffcfbb0 0x400dba55:0x3ffcfbe0 0x400dbb67:0x3ffcfc00 0x40091a35:0x3ffcfc30




ELF file SHA256: 6d9257bdd

Rebooting...
ets Jun  8 2016 00:22:57

rst:0xc (SW_CPU_RESET),boot:0x13 (SPI_FAST_FLASH_BOOT)
configsip: 0, SPIWP:0xee
clk_drv:0x00,q_drv:0x00,d_drv:0x00,cs0_drv:0x00,hd_drv:0x00,wp_drv:0x00
mode:DIO, clock div:2
load:0x3fff0030,len:6276
load:0x40078000,len:15716
load:0x40080400,len:4
ho 8 tail 4 room 4
load:0x40080404,len:3860
entry 0x4008063c
[0;32mI (30) boot: ESP-IDF v5.4 2nd stage bootloader[0m
[0;32mI (31) boot: compile time Oct 27 2025 10:14:31[0m
[0;32mI (31) boot: Multicore bootloader[0m
[0;32mI (32) boot: chip revision: v1.1[0m
[0;32mI (35) boot.esp32: SPI Speed      : 40MHz[0m
[0;32mI (39) boot.esp32: SPI Mode       : DIO[0m
[0;32mI (42) boot.esp32: SPI Flash Size : 16MB[0m
[0;32mI (46) boot: Enabling RNG early entropy source...[0m
[0;32mI (50) boot: Partition Table:[0m
[0;32mI (53) boot: ## Label            Usage          Type ST Offset   Length[0m
[0;32mI (59) boot:  0 nvs              WiFi data        01 02 00009000 00006000[0m
[0;32mI (66) boot:  1 phy_init         RF data          01 01 0000f000 00001000[0m
[0;32mI (72) boot:  2 factory          factory app      00 00 00010000 00100000[0m
[0;32mI (79) boot: End of partition table[0m
[0;32mI (82) esp_image: segment 0: paddr=00010020 vaddr=3f400020 size=21bfch (138236) map[0m
[0;32mI (137) esp_image: segment 1: paddr=00031c24 vaddr=3ff80000 size=0001ch (    28) load[0m
[0;32mI (137) esp_image: segment 2: paddr=00031c48 vaddr=3ffbdb60 size=04e08h ( 19976) load[0m
[0;32mI (148) esp_image: segment 3: paddr=00036a58 vaddr=40080000 size=095c0h ( 38336) load[0m
[0;32mI (163) esp_image: segment 4: paddr=00040020 vaddr=400d0020 size=80fcch (528332) map[0m
[0;32mI (344) esp_image: segment 5: paddr=000c0ff4 vaddr=400895c0 size=1017ch ( 65916) load[0m
[0;32mI (382) boot: Loaded app from partition at offset 0x10000[0m
[0;32mI (382) boot: Disabling RNG early entropy source...[0m
[0;32mI (393) cpu_start: Multicore app[0m
[0;32mI (401) cpu_start: Pro cpu start user code[0m
[0;32mI (401) cpu_start: cpu freq: 160000000 Hz[0m
[0;32mI (401) app_init: Application information:[0m
[0;32mI (401) app_init: Project name:     control_1.3[0m
[0;32mI (405) app_init: App version:      v5.4[0m
[0;32mI (409) app_init: Compile time:     Oct 27 2025 10:14:06[0m
[0;32mI (414) app_init: ELF file SHA256:  6d9257bdd...[0m
[0;32mI (418) app_init: ESP-IDF:          v5.4[0m
[0;32mI (422) efuse_init: Min chip rev:     v0.0[0m
[0;32mI (426) efuse_init: Max chip rev:     v3.99 [0m
[0;32mI (430) efuse_init: Chip rev:         v1.1[0m
[0;32mI (434) heap_init: Initializing. RAM available for dynamic allocation:[0m
[0;32mI (440) heap_init: At 3FFAFF10 len 000000F0 (0 KiB): DRAM[0m
[0;32mI (445) heap_init: At 3FFB6388 len 00001C78 (7 KiB): DRAM[0m
[0;32mI (450) heap_init: At 3FFB9A20 len 00004108 (16 KiB): DRAM[0m
[0;32mI (455) heap_init: At 3FFC81E0 len 00017E20 (95 KiB): DRAM[0m
[0;32mI (461) heap_init: At 3FFE0440 len 00003AE0 (14 KiB): D/IRAM[0m
[0;32mI (466) heap_init: At 3FFE4350 len 0001BCB0 (111 KiB): D/IRAM[0m
[0;32mI (471) heap_init: At 4009973C len 000068C4 (26 KiB): IRAM[0m
[0;32mI (478) spi_flash: detected chip: generic[0m
[0;32mI (480) spi_flash: flash io: dio[0m
[0;32mI (484) coexist: coex firmware version: 49a8cdc[0m
[0;32mI (488) main_task: Started on CPU0[0m
[0;32mI (491) main_task: Calling app_main()[0m
[0;32mI (494) gpio: GPIO[12]| InputEn: 0| OutputEn: 0| OpenDrain: 0| Pullup: 1| Pulldown: 0| Intr:0 [0m
[0;32mI (503) I2C SLAVE: Slave initialization complete and ready to receive data[0m
[0;32mI (509) I2C SLAVE: Setting up PWM and PID module[0m
[0;32mI (513) LEDC_PWM_UNIT: setting up LEDC units and chaneels[0m
[0;32mI (518) gpio: GPIO[32]| InputEn: 0| OutputEn: 0| OpenDrain: 0| Pullup: 1| Pulldown: 0| Intr:0 [0m
[0;32mI (526) gpio: GPIO[33]| InputEn: 0| OutputEn: 0| OpenDrain: 0| Pullup: 1| Pulldown: 0| Intr:0 [0m
[0;32mI (535) gpio: GPIO[25]| InputEn: 0| OutputEn: 0| OpenDrain: 0| Pullup: 1| Pulldown: 0| Intr:0 [0m
[0;32mI (543) gpio: GPIO[26]| InputEn: 0| OutputEn: 0| OpenDrain: 0| Pullup: 1| Pulldown: 0| Intr:0 [0m
[0;32mI (551) gpio: GPIO[27]| InputEn: 0| OutputEn: 0| OpenDrain: 0| Pullup: 1| Pulldown: 0| Intr:0 [0m
[0;32mI (559) gpio: GPIO[14]| InputEn: 0| OutputEn: 0| OpenDrain: 0| Pullup: 1| Pulldown: 0| Intr:0 [0m
[0;32mI (568) gpio: GPIO[23]| InputEn: 0| OutputEn: 0| OpenDrain: 0| Pullup: 1| Pulldown: 0| Intr:0 [0m
[0;32mI (576) gpio: GPIO[22]| InputEn: 0| OutputEn: 0| OpenDrain: 0| Pullup: 1| Pulldown: 0| Intr:0 [0m
[0;32mI (584) gpio: GPIO[21]| InputEn: 0| OutputEn: 0| OpenDrain: 0| Pullup: 1| Pulldown: 0| Intr:0 [0m
[0;32mI (593) gpio: GPIO[19]| InputEn: 0| OutputEn: 0| OpenDrain: 0| Pullup: 1| Pulldown: 0| Intr:0 [0m
[0;32mI (601) gpio: GPIO[18]| InputEn: 0| OutputEn: 0| OpenDrain: 0| Pullup: 1| Pulldown: 0| Intr:0 [0m
[0;32mI (609) gpio: GPIO[5]| InputEn: 0| OutputEn: 0| OpenDrain: 0| Pullup: 1| Pulldown: 0| Intr:0 [0m
[0;32mI (618) gpio: GPIO[17]| InputEn: 0| OutputEn: 0| OpenDrain: 0| Pullup: 1| Pulldown: 0| Intr:0 [0m
[0;32mI (626) gpio: GPIO[16]| InputEn: 0| OutputEn: 0| OpenDrain: 0| Pullup: 1| Pulldown: 0| Intr:0 [0m
[0;32mI (634) gpio: GPIO[4]| InputEn: 0| OutputEn: 0| OpenDrain: 0| Pullup: 1| Pulldown: 0| Intr:0 [0m
[0;32mI (643) gpio: GPIO[2]| InputI (657) UART_PID: UART initialized on port 0 at 115200 baud[0m
[0;32mI (658) MOTOR_COMMANDS: Setting up the motor commands...[0m
[0;32mI (658) MOTOR_COMMANDS: Motor command setup complete[0m
[0;32mI (658) MOTOR_COMMANDS: IDLE gait running[0m
I 
assert failed: xQueueGenericSend queue.c:936 (pxQueue)


Backtrace: 0x40081d21:0x3ffcfa10 0x40090f7d:0x3ffcfa30 0x40097875:0x3ffcfa50 0x400913aa:0x3ffcfb70 0x400db461:0x3ffcfbb0 0x400dba55:0x3ffcfbe0 0x400dbb67:0x3ffcfc00 0x40091a35:0x3ffcfc30




ELF file SHA256: 6d9257bdd

Rebooting...
ets Jun  8 2016 00:22:57

rst:0xc (SW_CPU_RESET),boot:0x13 (SPI_FAST_FLASH_BOOT)
configsip: 0, SPIWP:0xee
clk_drv:0x00,q_drv:0x00,d_drv:0x00,cs0_drv:0x00,hd_drv:0x00,wp_drv:0x00
mode:DIO, clock div:2
load:0x3fff0030,len:6276
load:0x40078000,len:15716
load:0x40080400,len:4
ho 8 tail 4 room 4
load:0x40080404,len:3860
entry 0x4008063c
[0;32mI (30) boot: ESP-IDF v5.4 2nd stage bootloader[0m
[0;32mI (31) boot: compile time Oct 27 2025 10:14:31[0m
[0;32mI (31) boot: Multicore bootloaderï¿½
[0;32mI (32) boot: chip revision: v1.1[0m
[0;32mI (35) boot.esp32: SPI Speed      : 40MHz[0m
[0;32mI (39) boot.esp32: SPI Mode       : DIO[0m
[0;32mI (42) boot.esp32: SPI Flash Size : 16MB[0m
[0;32mI (46) boot: Enabling RNG early entropy source...[0m
[0;32mI (50) boot: Partition Table:[0m
[0;32mI (53) boot: ## Label            Usage          Type ST Offset   Length[0m
[0;32mI (59) boot:  0 nvs              WiFi data        01 02 00009000 00006000[0m
[0;32mI (66) boot:  1 phy_init         RF data          01 01 0000f000 00001000[0m
[0;32mI (72) boot:  2 factory          factory app      00 00 00010000 00100000[0m
[0;32mI (79) boot: End of partition table[0m
[0;32mI (82) esp_image: segment 0: paddr=00010020 vaddr=3f400020 size=21bfch (138236) map[0m
[0;32mI (137) esp_image: segment 1: paddr=00031c24 vaddr=3ff80000 size=0001ch (    28) load[0m
[0;32mI (137) esp_image: segment 2: paddr=00031c48 vaddr=3ffbdb60 size=04e08h ( 19976) load[0m
[0;32mI (148) esp_image: segment 3: paddr=00036a58 vaddr=40080000 size=095c0h ( 38336) load[0m
[0;32mI (163) esp_image: segment 4: paddr=00040020 vaddr=400d0020 size=80fcch (528332) map[0m
[0;32mI (344) esp_image: segment 5: paddr=000c0ff4 vaddr=400895c0 size=1017ch ( 65916) load[0m
[0;32mI (382) boot: Loaded app from partition at offset 0x10000[0m
[0;32mI (382) boot: Disabling RNG early entropy source...[0m
[0;32mI (393) cpu_start: Multicore app[0m
[0;32mI (401) cpu_stirt: Pro cpu start user code[0m
[0;32mI (401) cpu_start: cpu freq: 160000000 Hz[0m
[0;32mI (401) app_init: Application information:[0m
[0;32mI (401) app_init: Project name:     control_1.3[0m
[0;32mI (405) app_init: App version:      v5.4[0m
[0;32mI (409) app_init: Compile time:     Oct 27 2025 10:14:06[0m
[0;32mI (414) app_init: ELF file SHA256:  6d9257bdd...[0m
[0;32mI (418) app_init> ESP-IDF:          v5.4[0m
[0;32mI (422) efuse_init: Min chip rev:     v0.0[0m
[0;32mI (426) efuse_init: Max chip rev:     v3.99 [0m
[0;32mI (430) efuse_init: Chip rev:         v1.1[0m
[0;32mI (434) heap_init: Initializing. RAM available for dynamic allocation:[0m
[0;32mI (440) heap_init: At 3FFAFF10 len 000000F0 (0 KiB): DRAM[0m
[0;32mI (445) heap_init: At 3FFB6388 len 00001C78 (7 KiB): DRAM[0m
[0;32mI (450) heap_init: At 3FFB9A20 len 00004108 (16 KiB): DRAM[0m
[0;32mI (455) heap_init: At 3FFC81E0 len 00017E20 (95 KiB): DRAM[0m
[0;32mI (461) heap_init: At 3FFE0440 len 00003AE0 (14 KiB): D/IRAM[0m
[0;32mI (466) heap_init: At 3FFE4350 len 0001BCB0 (111 KiB): D/IRAM[0m
[0;32mI (471) heap_init: At 4009973C len 000068C4 (26 KiB): IRAM[0m
[0;32mI (478) spi_flash: detected chip: generic[0m
[0;32mI (480) spi_flash: flash io: dio[0m
[0;32mI (484) coexist: coex firmware version: 49a8cdc[0m
[0;32mI (488) main_task: Started on CPU0[0m
[0;32mI (491) main_task: Calling app_main()[0m
[0;32mI (494) gpio: GPIO[12]| InputEn: 0| OutputEn: 0| OpenDrain: 0| Pullup: 1| Pulldown: 0| Intr:0 [0m
[0;32mI (503) I2C SLAVE: Slave initialization complete and ready to receive data[0m
[0;32mI (509) I2C SLAVE: Setting up PWM and PID module[0m
[0;32mI (513) LEDC_PWM_UNIT: setting up LEDC units and chaneels[0m
[0;32mI (518) gpio: GPIO[32]| InputEn: 0| OutputEn: 0| OpenDrain: 0| Pullup: 1| Pulldown: 0| Intr:0 [0m
[0;32mI (526) gpio: GPIO[33]| InputEn: 0| OutputEn: 0| OpenDrain: 0| Pullup: 1| Pulldown: 0| Intr:0 [0m
[0;32mI (535) gpio: GPIO[25]| InputEn: 0| OutputEn: 0| OpenDrain: 0| Pullup: 1| Pulldown: 0| Intr:0 [0m
[0;32mI (543) gpio: GPIO[26]| InputEn: 0| OutputEn: 0| OpenDrain: 0| Pullup: 1| Pulldown: 0| Intr:0 [0m
[0;32mI (551)!gpio: GPIO[27]| InputEn: 0| OutputEn: 0| OpenDrain: 0| Pullup: 1| Pulldown: 0| Intr:0 [0m
[0;32mI (559) gpio: GPIO[14]| InputEn: 0| OutputEn: 0| OpenDrain: 0| Pullup: 1| Pulldown: 0| Intr:0 [0m
[0;32mI (568) gpio: GPIO[23]| InputEn: 0| OutputEn: 0| OpenDrain: 0| Pullup: 1| Pulldown: 0| Intr:0 [0m
[0;32mI (576) gpio: GPIO[22]| InputEn: 0| OutputEn: 0| OpenDrain: 0| Pullup: 1| Pulldown: 0| Intr:0 [0m
[0;32mI (584) gpio: GPIO[21]| InputEn: 0| OutputEn: 0| OpenDrain: 0| Pullup: 1| Pulldown: 0| Intr:0 [0m
[0;32mI (593) gpio: GPIO[19]| InputEn: 0| OutputEn: 0| OpenDrain: 0| Pullup: 1| Pulldown: 0| Intr:0 [0m
[0;32mI (601) gpio: GPIO[18]| InputEn: 0| OutputEn: 0| OpenDrain: 0| Pullup: 1| Pulldown: 0| Intr:0 [0m
[0;32mI (609) gpio: GPIO[5]| InputEn: 0| OutputEn: 0| OpenDrain: 0| Pullup: 1| Pulldown: 0| Intr:0 [0m
[0;32mI (618) gpio: GPIO[17]| InputEn: 0| OutputEn: 0| OpenDrain: 0| Pullup: 1| Pulldown: 0| Intr:0 [0m
[0;32mI (626) gpio: GPIO[16]| InputEn: 0| OutputEn: 0| OpenDrain: 0| Pullup: 1| Pulldown: 0| Intr:0 [0m
[0;32mI (634) gpio: GPIO[4]| InputEn: 0| OutputEn: 0| OpenDrain: 0| Pullup: 1| Pulldown: 0| Intr:0 [0m
[0;32mI (643) gpio: GPIO[2]| InputI (657) UART_PID: UART initialized on port 0 at 115200 baud[0m
[0;32mI (658) MOTOR_COMMANDS: Setting up the motor commands...[0m
[0;32mI (658) MOTOR_COMMANDS: Motor command setup complete[0m
[0;32mI (658) MOTOR_COMMANDS: IDLE gait running[0m
I 
assert failed: xQueueGenericSend queue.c:936 (pxQueue)


Backtrace: 0x40081d21:0x3ffcfa10 0x40090f7d:0x3ffcfa30 0x40097875:0x3ffcfa50 0x400913aa:0x3ffcfb70 0x400db461:0x3ffcfbb0 0x400dba55:0x3ffcfbe0 0x400dbb67:0x3ffcfc00 0x40091a35:0x3ffcfc30




ELF file SHA256: 6d9257bdd

Rebooting...
ets Jun  8 2016 00:22:57

rst:0xc (SW_CPU_RESET),boot:0x13 (SPI_FAST_FLASH_BOOT)
configsip: 0, SPIWP:0xee
clk_drv:0x00,q_drv:0x00,d_drv:0x00,cs0_drv:0x00,hd_drv:0x00,wp_drv:0x00
mode:DIO, clock div:2
load:0x3fff0030,len:6276
load:0x40078000,len:15716
load:0x40080400,len:4
ho 8 tail 4 room 4
load:0x40080404,len:3860
entry 0x4008063c
[0;32mI (30) boot: ESP-IDF v5.4 2nd stage bootloader[0m
[0;32mI (31) boot: compile time Oct 27 2025 10:14:31[0m
[0;32mI (31) boot: Multicore bootloader[0m
[0;32mI (32) boot: chip revision: v1.1[0m
[0;32mI (35) boot.esp32: SPI Speed      : 40MHz[0m
[0;32mI (39) boot.esp32: SPI Mode       : DIO[0m
[0;32mI (42) boot.esp32: SPI Flash Size : 16MB[0m
[0;32mI (46) boot: Enabling RNG early en|ropy source...[0m
[0;32mI (50) boot: Partition Table:[0m
[0;32mI (53) boot: ## Label            Usage          Type ST Offset   Length[0m
[0;32mI (59) boot:  0 nvs              WiFi data        01 02 00009000 00006000[0m
[0;32mI (66) boot:  1 phy_init         RF data          01 01 0000f000 00001000[0m
[0;32mI (72) boot:  2 factory          factory app      00 00 00010000 00100000[0m
[0;32mI (79) boot: End of partition table[0m
[0;32mI (82) esp_image: segment 0: paddr=00010020 vaddr=3f400020 size=21bfch (138236) map[0m
[0;32mI (137) esp_image: segment 1: paddr=00031c24 vaddr=3ff80000 size=0001ch (    28) load[0m
[0;32mI (137) esp_image: segment 2: paddr=00031c48 vaddr=3ffbdb60 size=04e08h ( 19976) load[0m
[0;32mI (148) esp_image: segment 3: paddr=00036a58 vaddr=40080000 size=095c0h ( 38336) load[0m
[0;32mI (163) esp_image: segment 4: paddr=00040020 vaddr=400d0020 size=80fcch (528332) map[0m
[0;32mI (344) esp_image: segment 5: paddr=000c0ff4 vaddr=400895c0 size=1017ch ( 65916) load[0m
[0;32mI (382) boot: Loaded app from partition at offset 0x10000[0m
[0;32mI (382) boot: Disabling RNG early entropy source...[0m
[0;32mI (393) cpu_start: Multicore app[0m
[0;32mI (401) cpu_start: Pro cpu start user code[0m
[0;32mI (401) cpu_start: cpu freq: 160000000 Hz[0m
[0;32mI (401) app_init: Application information:[0m
[0;32mI (401) app_init: Project name:     control_1.3[0m
[0;32mI (405) app_init: App version:      v5.4[0m
[0;32mI (409) app_init: Compile time:     Oct 27 2025 10:14:06[0m
[0;32mI (414) app_init: ELF file SHA256:  6d9257bdd...[0m
[0;32mI (418) app_init: ESP-IDF:          v5.4[0m
[0;32mI (422) efuse_init: Min chip rev:     v0.0[0m
[0;32mI (426) efuse_init: Max chip rev:     v3.99 [0m
[0;32mI (430) efuse_init: Chip rev:         v1.1[0m
[0;32mI (434) heap_init: Initializing. RAM available for dynamic allocation:[0m
[0;32mI (440) heap_init: At 3FFAFF10 len 000000F0 (0 KiB): DRAM[0m
[0;32mI (445) heap_init: At 3FFB6388 len 00001C78 (7 KiB): DRAM[0m
[0;32mI (450) heap_init: At 3FFB9A20 len 00004108 (16 KiB): DRAM[0m
[0;32mI (455) heap_init: At 3FFC81E0 len 00017E20 (95 KiB): DRAM[0m
[0;32mI (461) heap_init: At 3FFE0440 len 00003AE0 (14 KiB): D/IRAM[0m
[0;32mI (466) heap_init: At 3FFE4350 len 0001BCB0 (111 KiB): D/IRAM[0m
[0;32mI (471) heap_init: At 4009973C len 000068C4 (26 KiB): IRAM[0m
[0;32mI (478) spi_flash: detected chip: generic[0m
[0;32mI (480) spi_flash: flash io: dio[0m
[0;32mI (484) coexist: coex firmware version: 49a8cdc[0m
[0;32mI (488) main_task: Started on CPU0[0m
[0;32mI (491) main_task: Calling app_main()[0m
[0;32mI (494) gpio: GPIO[12]| InputEn: 0| OutputEn: 0| OpenDrain: 0| Pullup: 1| Pulldown: 0| Intr:0 [0m
[0;32mI (503) I2C SLAVE: Slave initialization complete and ready to receive data[0m
[0;32mI (509) I2C SLAVE: Setting up PWM and PID module[0m
[0;32mI (513) LEDC_PWM_UNIT: setting up LEDC units and chaneels[0m
[0;32mI (518) gpio: GPIO[32]| InputEn: 0| OutputEn: 0| OpenDrain: 0| Pullup: 1| Pulldown: 0| Intr:0 [0m
[0;32mI (526) gpio: GPIO[33]| InputEn: 0| OutputEn: 0| OpenDrain: 0| Pullup: 1| Pulldown: 0| Intr:0 [0m
[0;32mI (535) gpio: GPIO[25]| InputEn: 0| OutputEn: 0| OpenDrain: 0| Pullup: 1| Pulldown: 0| Intr:0 [0m
[0;32mI (543) gpio: GPIO[26]| InputEn: 0| OutputEn: 0| OpenDrain: 0| Pullup: 1| Pulldown: 0| Intr:0 [0m
[0;32mI (551) gpio: GPIO[27]| InputEn: 0| OutputEn: 0| OpenDrain: 0| Pullup: 1| Pulldown: 0| Intr:0 [0m
[0;32mI (555) I2C SLAVE: [0m
ENCODER[1] READING: 0
ENCODER[2] READING: 0
ENCODER[3] READING: 0
ENCODER[4] READING: 0
ENCODER[5] READING: 0
ENCODER[6] READING: 0
ENCODER[7] READING: 0
ENCODER[8] READING: 0
[0;32mI (577) I2C SLAVE: .............[0m

[0;32mI (580) gpio: GPIO[14]| InputEn: 0| OutputEn: 0| OpenDrain: 0| Pullup: 1| Pulldown: 0| Intr:0 [0m
[0;32mI (589) gpio: GPIO[23]| InputEn: 0| OutputEn: 0| OpenDrain: 0| Pullup: 1| Pulldown: 0| Intr:0 [0m
[0;32mI (597) gpio: GPIO[22]| InputEn: 0| OutputEn: 0| OpenDrain: 0| Pullup: 1| Pulldown: 0| Intr:0 [0m
[0;32mI (605) gpio: GPIO[21]| InputEn: 0| OutputEn: 0| OpenDrain: 0| Pullup: 1| Pulldown: 0| Intr:0 [0m
[0;32mI (614) gpio: GPIO[19]| InputEn: 0| OutputEn: 0| OpenDrain: 0| Pullup: 1| Pulldown: 0| Intr:0 [0m
[0;32mI (622) gpio: GPIO[18]| InputEn: 0| OutputEn: 0| OpenDrain: 0| Pullup: 1| Pulldown: 0| Intr:0 [0m
[0;32mI (630) gpio: GPIO[5]| InputEn: 0| OutputEn: 0| OpenDrain: 0| Pullup: 1| Pulldown: 0| Intr:0 [0m
[0;32mI (639) gpio: GPIO[17]| InputEn: 0| OutputEn: 0| OpenDrain: 0| Pullup: 1| Pulldown: 0| Intr:0 [0m
[0;32mI (647) gpio: GPIO[16]| InputEn: 0| OutputEn: 0| OpenDrain: 0| Pullup: 1| Pulldown: 0| Intr:0 [0m
[0;32mI (655) gpio: GPIO[4]| InputEn: 0| OutputEn: 0| OpenDrain: 0| Pullup: 1| Pulldown: 0| Intr:0 [0m
[0;32mI (664) gpio: GPIO[2]| InputI (678) UART_PID: UART initialized on port 0 at 115200 baud[0m
[0;32mI (678) MOTOR_COMMANDS: Setting up the motor commands...[0m
[0;32mI (679) MOTOR_COMMANDS: Motor command setup complete[0m
[0;32mI (679) MOTOR_COMMANDS: IDLE gait running[0m
I 
assert failed: xQueueGenericSend queue.c:936 (pxQueue)


Backtrace: 0x40081d21:0x3ffcfa10 0x40090f7d:0x3ffcfa30 0x40097875:0x3ffcfa50 0x4009ï¿½3aa:0x3ffcfb70 0x400db461:0x3ffcfbb0 0x400dba55:0x3ffcfbe0 0x400dbb67:0x3ffcfc00 0x40091a35:0x3ffcfc30




ELF file SHA256: 6d9257bdd

Rebooting...
ets Jun  8 2016 00:22:57

rst:0xc (SW_CPU_RESET),boot:0x13 (SPI_FAST_FLASH_BOOT)
configsip: 0, SPIWP:0xee
clk_drv:0x00,q_drv:0x00,d_drv:0x00,cs0_drv:0x00,hd_drv:0x00,wp_drv:0x00
mode:DIO, clock div:2
load:0x3fff0030,len:6276
load:0x40078000,len:15716
load:0x40080400,len:4
ho 8 tail 4 room 4
load:0x40080404,len:3860
entry 0x4008063c
[0;32mI (30) boot: ESP-IDF v5.4 2nd stage bootloader[0m
[0;32mI (31) boot: compile time Oct 27 2025 10:14:31[0m
[0;32mI (31) boot: Multicore bootloader[0m
[0;32mI (32) boot: chip revision: v1.1[0m
[0;32mI (35) boot.esp32: SPI Speed      : 40MHz[0m
[0;32mI (39) boot.esp32: SPI Mode       : DIO[0m
[0;32mI (42) boot.esp32: SPI Flash Size : 16MB[0m
[0;32mI (46) boot: Enabling RNG early entropy source...[0m
[0;32mI (50) boot: Partition Table:[0m
[0;32mI (53) boot: ## Label            Usage          Type ST Offset   Length[0m
[0;32mI (59) boot:  0 nvs              WiFi data        01 02 00009000 00006000[0m
[0;32mI (66) boot:  1 phy_init         RF data          01 01 0000f000 00001000[0m
[0;32mI (72) boot:  2 factory          factory app      00 00 00010000 00100000[0m
[0;32mI (79) boot: End of partition table[0m
[0;32mI (82) esp_image: segment 0: paddr=00010020 vaddr=3f400020 size=21bfch (138236) map[0m
[0;32mI (137) esp_image: segment 1: paddr=00031c24 vaddr=3ff80000 size=0001ch (    28) load[0m
[0;32mI (137) esp_image: segment 2: paddr=00031c48 vaddr=3ffbdb60 size=04e08h ( 19976) load[0m
[0;32mI (148) esp_image: segment 3: paddr=00036a58 vaddr=40080000 size=095c0h ( 38336) load[0m
[0;32mI (163) esp_image: segment 4: paddr=00040020 vaddr=400d0020 size=80fcch (528332) map[0m
[0;32mI (344) esp_image: segment 5: paddr=000c0ff4 vaddr=400895c0 size=1017ch ( 65916) load[0m
[0;32mI (382) boot: Loaded app from partition at offset 0x10000[0m
[0;32mI (382) boot: Disabï¿½ing RNG early entropy source...[0m
[0;32mI (393) cpu_start: Multicore app[0m
[0;32mI (401) cpu_start: Pro cpu start user code[0m
[0;32mI (401) cpu_start: cpu freq: 160000000 Hz[0m
[0;32mI (401) app_init: Application information:[0m
[0;32mI (401) app_init: Project name:     control_1.3[0m
[0;32mI (405) app_init: App version:      v5.4[0m
[0;32mI (409) app_init: Compile time:     Oct 27 2025 10:14:06[0m
[0;32mI (414) app_init: ELF file SHA256:  6d9257bdd...[0m
[0;32mI (418) app_init: ESP-IDF:          v5.4[0m
[0;32mI (422) efuse_init: Min chip rev:     vï¿½	j[0m
[0;32mI (426) efuse_init: Max chip rev:     v3.99 [0m
[0;32mI (430) efuse_init: Chip rev:         v1.1[0m
[0;32mI (434) heap_init: Initializing. RAM available for dynamic allocation:[0m
[0;32mI (440) heap_init: At 3FFAFF10 len 000000F0 (0 KiB): DRAM[0m
[0;32mI (445) heap_init: At 3FFB6388 len 00001C78 (7 KiB): DRAM[0m
[0;32mI (450) heap_init: At 3FFB9A20 len 00004108 (16 KiB): DRAM[0m
[0;32mI (455) heap_init: At 3FFC81E0 len 00017E20 (95 KiB): DRAM[0m
[0;32mI (461) heap_init: At 3FFE0440 len 00003AE0 (14 KiB): D/IRAM[0m
[0;32mI (466) heap_init: At 3FFE4350 len 0001BCB0 (111 KiB): D/IRAM[0m
[0;32mI (471) heap_init: At 4009973C len 000068C4 (26 KiB): IRAM[0m
[0;32mI (478) spi_flash: detected chip: generic[0m
[0;32mI (480) spi_flash: flash io: dio[0m
[0;32mI (484) coexist: coex firmware version: 49a8cdc[0m
[0;32mI (488) main_task: Started on CPU0[0m
[0;32mI (491) main_task: Calling app_main()[0m
[0;32mI (494) gpio: GPIO[12]| InputEn: 0| OutputEn: 0| OpenDrain: 0| Pullup: 1| Pulldown: 0| Intr:0 [0m
[0;32mI (503) I2C SLAVM: Slave initialization complete and ready to receive data[0m
[0;32mI (509) I2C SLAVE: Setting up PWM and PID module[0m
[0;32mI (513) LEDC_PWM_UNIT: setting up LEDC units and chaneels[0m
[0;32mI (518) gpio: GPIO[32]| InputEn: 0| OutputEn: 0| OpenDrain: 0| Pullup: 1| Pulldown: 0| Intr:0 [0m
[0;32mI (526) gpio: GPIO[33]| InputEn: 0| OutputEn: 0| OpenDrain: 0| Pullup: 1| Pulldown: 0| Intr:0 [0m
[0;32mI (535) gpio: GPIO[25]| InputEn: 0| OutputEn: 0| OpenDrain: 0| Pullup: 1| Pulldown: 0| Intr:0 [0m
[0;32mI (543) gpio: GPIO[26]| InputEn: 0| OutputEn: 0| OpenDrain: 0| Pullup: 1| Pulldown: 0| Intr:0 [0m
[0;32mI (551) gpio: GPIO[27]| InputEn: 0| OutputEn: 0| OpenDrain: 0| Pullup: 1| Pulldown: 0| Intr:0 [0m
[0;32mI (559) gpio: GPIO[14]| InputEn: 0| OutputEn: 0| OpenDrain: 0| Pullup: 1| Pulldown: 0| Intr:0 [0m
[0;32mI (568) gpio: GPIO[23]| InputEn: 0| OutputEn: 0| OpenDrain: 0| Pullup: 1| Pulldown: 0| Intr:0 [0m
[0;32mI (576) gpio: GPIO[22]| InputEn: 0| OutputEn: 0| OpenDrain: 0| Pullup: 1| Pulldown: 0| Intr:0 [0m
[0;32mI (584) gpio: GPIO[21]| InputEn: 0| OutputEn: 0| OpenDrain: 0| Pullup: 1| Pulldown: 0| Intr:0 [0m
[0;32mI (593) gpio: GPIO[19]| InputEn: 0| OutputEn: 0| OpenDrain: 0| Pullup: 1| Pulldown: 0| Intr:0 [0m
[0;32mI (601) gpio: GPIO[18]| InputEn: 0| OutputEn: 0| OpenDrain: 0| Pullup: 1| Pulldown: 0| Intr:0 [0m
[0;32mI (609) gpio: GPIO[5]| InputEn: 0| OutputEn: 0| OpenDrain:$0| Pullup: 1| Pulldown: 0| Intr:0 [0m
[0;32mI (618) gpio: GPIO[17]| InputEn: 0| OutputEn: 0| OpenDrain: 0| Pullup: 1| Pulldown: 0| Intr:0 [0m
[0;32mI (626) gpio: GPIO[16]| InputEn: 0| OutputEn: 0| OpenDrain: 0| Pullup: 1| Pulldown: 0| Intr:0 [0m
[0;32mI (634) gpio: GPIO[4]| InputEn: 0| OutputEn: 0| OpenDrain: 0| Pullup: 1| Pulldown: 0| Intr:0 [0m
[0;32mI (643) gpio: GPIO[2]| InputI (657) UART_PID: UART initialized on port 0 at 115200 baud[0m
[0;32mI (658) MOTOR_COMMANDS: Setting up the motor commands...[0m
[0;32mI (658) MOTOR_COMMANDS: Motor command setup complete[0m
[0;32mI (658) MOTOR_COMMANDS: IDLE gait running[0m
I 
assert failed: xQueueGenericSend queue.c:936 (pxQueue)


Backtrace: 0x40081d21:0x3ffcfa10 0x40090f7d:0x3ffcfa30 0x40097875:0x3ffcfa50 0x400913aa:0x3ffcfb70 0x400db461:0x3ffcfbb0 0x400dba55:0x3ffcfbe0 0x400dbb67:0x3ffcfc00 0x40091a35:0x3ffcfc30




ELF file SHA256: 6d9257bdd

Rebooting...
ets Jun  8 2016 00:22:57

rst:0xc (SW_CPU_RESET),boot:0x13 (SPI_FAST_FLASH_BOOT)
configsip: 0, SPIWP:0xee
clk_drv:0x00,q_drv:0x00,d_drv:0x00,cs0_drv:0x00,hd_drv:0x00,wp_drv:0x00
mode:DIO, clock div:2
load:0x3fff0030,len:6276
load:0x40078000,len:15716
load:0x40080400,len:4
ho 8 tail 4 room 4
load:0x40080404,len:3860
entry 0x4008063c
[0;32mI (30) boot: ESP-IDF v5.4 2nd stage bootloader[0m
[0;32mI (31) boot: compile time Oct 27 2025 10:14:31[0m
[0;32mI (31) boot: Multicore bootloader[0m
[0;32mI (32) boot: chip revision: v1.1[0m
[0;32mI (35) boot.esp32: SPI Speed      : 40MHz[0m
[0;32mI (39) boot.esp32: SPI Mode       : DIO[0m
[0;32mI (42) boot.esp32: SPI Flash Size : 16MB[0m
[0;32mI (46) boot: Enabling RNG early entropy source...[0m
[0;32mI (50) boot: Partition Table:[0m
[0;32mI (53) boot: ## Label            Usage          Type ST Offset   Length[0m
[0;32mI (59) boot:  0 nvs              WiFi data        01 02 00009000 00006000[0m
[0;32mI (66) boot:  1 phy_init         RF data          01 01 0000f000 00001000[0m
[0;32mI (72) boot:  2 factory          factory app      00 00 00010000 00100000[0m
[0;32mI (79) boot: End of partition table[0m
[0;32mI (82) esp_image: segment 0: paddr=00010020 vaddr=3f400020 size=21bfch (138236) map[0m
[0;32mI (137) esp_image: segment 1: paddr=00031c24 vaddr=3ff80000 size=0001ch (    28) load[0m
[0;32mI (137) esp_image: segment 2: paddr=00031c48 vaddr=3ffbdb60 size=04e08h ( 19976) load[0m
[0;32mI (148) esp_image: segment 3: paddr=00036a58 vaddr=40080000 size=095c0h ( 38336) load[0m
[0;32mI (163) esp_image: segment 4: paddr=00040020 vaddr=400d0020 size=80fcch (528332) map[0m
[0;32mI (344) esp_image: segment 5: paddr=000c0ff4 vaddr=400895c0 size=1017ch ( 65916) load[0m
[0;32mI (382) boot: Loaded app from partition at offset 0x10000[0m
[0;32mI (382) boot: Disabling RNG early entropy source...[0m
[0;32mI (393) cpu_start: Multicore app[0m
[0;32mI (401) cpu_start: Pro cpu start user code[0m
[0;32mI (401) cpu_start: cpu freq: 160000000 Hz[0m
[0;32mI (401) app_init: Application information:[0m
[0;32mI (401) app_init: Project name:     control_1.3[0m
[0;32mI (405) app_init: App version:      v5.4[0m
[0;32mI (409) app_init: Compile time:     Oct 27 2025 10:14:06[0m
[0;32mI (414) app_init: ELF file SHA256:  6d9257bdd...[0m
[0;32mI (418) app_init: ESP-IDF:          v5.4[0m
[0;32mI (422) efuse_init: Min chip rev:     v0.0[0m
[0;32mI (426) efuse_init: Max chip rev:     v3.99 [0m
[0;32mI (430) efuse_init: Chip rev:         v1.1[0m
[0;32mI (434) heap_init: Initializing. RAM available for dynamic allocation:[0m
[0;32mI (440) heap_init: At 3FFAFF10 len 000000F0 (0 KiB): DRAM[0m
[0;32mI (445) heap_init: At 3FFB6388 len 00001C78 (7 KiB): DRQM[0m
[0;32mI (450) heap_init: At 3FFB9A20 len 00004108 (16 KiB): DRAM[0m
[0;32mI (455) heap_init: At 3FFC81E0 len 00017E20 (95 KiB): DRAM[0m
[0;32mI (461) heap_init: At 3FFE0440 len 00003AE0 (14 KiB): D/IRAM[0m
[0;32mI (466) heap_init: At 3FFE4350 len 0001BCB0 (111 KiB): D/IRAM[0m
[0;32mI (471) heap_init: At 4009973C len 000068C4 (26 KiB): IRAM[0m
[0;32mI (478) spi_flash: detected chip: generic[0m
[0;32mI (480) spi_flash: flash io: dio[0m
[0;32mI (484) coexist: coex firmware version: 49a8cdc[0m
[0;32mI (488) main_task: Started on CPU0[0m
[0;32mI (491) main_task: Calling app_main()[0m
[0;32mI (494) gpio: GPIO[12]| InputEn: 0| OutputEn: 0| OpenDrain: 0| Pullup: 1| Pulldown: 0| Intr:0 [0m
[0;32mI (503) I2C SLAVE: Slave initialization complete and ready to receive data[0m
[0;32mI (509) I2C SLAVE: Setting up PWM and PID module[0m
[0;32mI (513) LEDC_PWM_UNIT: setting up LEDC units and chaneels[0m
[0;32mI (518) gpio: GPIO[32]| InputEn: 0| OutputEn: 0| OpenDrain: 0| Pullup: 1| Pulldown: 0| Intr:0 [0m
[0;32mI (526) gpio: GPIO[33]| InputEn: 0| OutputEn: 0| OpenDrain: 0| Pullup: 1| Pulldown: 0| Intr:0 [0m
[0;32mI (535) gpio: GPIO[25]| InputEn: 0| OutputEn: 0| OpenDrain: 0| Pullup: 1| Pulldown: 0| Intr:0 [0m
[0;32mI (543) gpio: GPIO[26]| InputEn: 0| OutputEn: 0| OpenDrain: 0| Pullup: 1| Pulldown: 0| Intr:0 [0m
[0;32mI (551) gpio: GPIO[27]| InputEn: 0| OutputEn: 0| OpenDrain: 0| Pullup: 1| Pulldown: 0| Intr:0 [0m
[0;32mI (559) gpio: GPIO[14]| InputEn: 0| OutputEn: 0| OpenDrain: 0| Pullup: 1| Pulldown: 0| Intr:0 [0m
[0;32mI (568) gpio: GPIO[23]| InputEn: 0| OutputEn: 0| OpenDrain: 0| Pullup: 1| Pulldown: 0| Intr:0 [0m
[0;32mI (576) gpio: GPIO[22]| InputEn: 0| OutputEn: 0| OpenDrain: 0| Pullup: 1| Pulldown: 0| Intr:0 [0m
[0;32mI (584) gpio: GPIO[21]| InputEn: 0| OutputEn: 0| OpenDrain: 0| Pullup: 1| Pulldown: 0| Intr:0 [0m
[0;32mI (593) gpio: GPIO[19]| InputEn: 0| OutputEn: 0| OpenDrain: 0| Pullup: 1| Pulldown: 0| Intr:0 [0m
[0;32mI (601) gpio: GPIO[18]| InputEn: 0| OutputEn: 0| OpenDrain: 0| Pullup: 1| Pulldown: 0| Intr:0 [0m
[0;32mI (609) gpio: GPIO[5]| InputEn: 0| OutputEn: 0| OpenDrain: 0| Pullup: 1| Pulldown: 0| Intr:0 [0m
[0;32mI (618) gpio: GPIO[17]| InputEn: 0| OutputEn: 0| OpenDrain: 0| Pullup: 1| Pulldown: 0| Intr:0 [0m
[0;32mI (626) gpio: GPIO[16]| InputEn: 0| OutputEn: 0| OpenDrain: 0| Pullup: 1| Pulldown: 0| Intr:0 [0m
[0;32mI (634) gpio: GPIO[4]| InputEn: 0| OutputEn: 0| OpenDrain: 0| Pullup: 1| Pulldown: 0| Intr:0 [0m
[0;32mI (643) gpio: GPIO[2]| InputI (657) UART_PID: UART initialized on port 0 at 115200 baud[0m
[0;32mI (658) MOTOR_COMMANDS: Setting up the motor commands...[0m
[0;32mI (658) MOTOR_COMMANDS: Motor command setup complete[0m
[0;32mI (658) MOTOR_COMMANDS: IDLE gait running[0m
I 
assert failed: xQueueGenericSend queue.c:936 (pxQueue)


Backtrace: 0x40081d21:0x3ffcfa10 0x40090f7d:0x3ffcfa30 0x40097875:0x3ffcfa50 0x400913aa:0x3ffcfb70 0x400db461:0x3ffcfbb0 0x400ï¿½     ï¿½ï¿½ p ï¿½ï¿½  88ï¿½0ï¿½ï¿½8ï¿½ï¿½ï¿½|0  ï¿½ ï¿½  ï¿½   ï¿½ï¿½0ï¿½ï¿½ï¿½ï¿½ï¿½ ï¿½ï¿½ ï¿½ ï¿½ï¿½ï¿½ï¿½ pï¿½ï¿½ ï¿½ |ï¿½  ï¿½ ï¿½ï¿½ï¿½ï¿½0ï¿½ ï¿½ï¿½ï¿½ï¿½ï¿½ï¿½8ï¿½ï¿½ï¿½æ€†ï¿½ï¿½ ï¿½ï¿½ï¿½ï¿½>0 ï¿½p ï¿½ï¿½ ï¿½ï¿½    pxï¿½<ï¿½fx ï¿½ï¿½ï¿½ï¿½ï¿½ï¿½0ï¿½xï¿½fï¿½xï¿½xÆ€ï¿½ æ€˜@06xï¿½'O?ï¿½ï¿½ï¿½xï¿½ï¿½ï¿½ï¿½ï¿½ï¿½ï¿½gAï¿½]ï¿½ï¿½ï¿½ï¿½Âï¿½Òºï¿½ï¿½ï¿½ï¿½ï¿½Í¼ï¿½Eï¿½ï¿½ï¿½Uï¿½ï¿½Õ…ï¿½ï¿½ï¿½ï¿½ï¿½Q%ï¿½ï¿½ï¿½ï¿½GÂ¸&ï¿½ï¿½juï¿½ï¿½0ï¿½ï¿½Oiï¿½Ôºï¿½P
-ï¿½ï¿½4ï¿½ï¿½ï¿½ï¿½ï¿½ï¿½ï¿½ï¿½iï¿½ï¿½ï¿½ï¿½ï¿½Kï¿½ï¿½ï¿½Ý²ï¿½Ý·ï¿½ï¿½