ESP-ROM:esp32s3-20210327
Build:Mar 27 2021
rst:0x1 (POWERON),boot:0x23 (DOWNLOAD(USB/UART0))
waiting for download
ESP-ROM:esp32s3-20210327
Build:Mar 27 2021
rst:0x1 (POWERON),boot:0x29 (SPI_FAST_FLASH_BOOT)
SPIWP:0xee
mode:DIO, clock div:1
load:0x3fce2810,len:0x15a0
load:0x403c8700,len:0x4
load:0x403c8704,len:0xd20
load:0x403cb700,len:0x2ee4
entry 0x403c8928
[0;32mI (27) boot: ESP-IDF v5.4 2nd stage bootloader[0m
[0;32mI (27) boot: compile time Mar 16 2025 15:05:51[0m
[0;32mI (27) boot: Multicore bootloader[0m
[0;32mI (27) boot: chip revision: v0.2[0m
[0;32mI (30) boot: efuse block revision: v1.3[0m
[0;32mI (33) boot.esp32s3: Boot SPI Speed : 80MHz[0m
[0;32mI (37) boot.esp32s3: SPI Mode       : DIO[0m
[0;32mI (41) boot.esp32s3: SPI Flash Size : 2MB[0m
[0;32mI (45) boot: Enabling RNG early entropy source...[0m
[0;32mI (49) boot: Partition Table:[0m
[0;32mI (52) boot: ## Label            Usage          Type ST Offset   Length[0m
[0;32mI (58) boot:  0 nvs              WiFi data        01 02 00009000 00006000[0m
[0;32mI (65) boot:  1 phy_init         RF data          01 01 0000f000 00001000[0m
[0;32mI (71) boot:  2 factory          factory app      00 00 00010000 00100000[0m
[0;32mI (78) boot: End of partition table[0m
[0;32mI (81) esp_image: segment 0: paddr=00010020 vaddr=3c020020 size=0b3f0h ( 46064) map[0m
[0;32mI (97) esp_image: segment 1: paddr=0001b418 vaddr=3fc93300 size=02a50h ( 10832) load[0m
[0;32mI (99) esp_image: segment 2: paddr=0001de70 vaddr=40374000 size=021a8h (  8616) load[0m
[0;32mI (105) esp_image: segment 3: paddr=00020020 vaddr=42000020 size=18ee8h (102120) map[0m
[0;32mI (129) esp_image: segment 4: paddr=00038f10 vaddr=403761a8 size=0d124h ( 53540) load[0m
[0;32mI (141) esp_image: segment 5: paddr=0004603c vaddr=600fe100 size=0001ch (    28) load[0m
[0;32mI (147) boot: Loaded app from partition at offset 0x10000[0m
[0;32mI (147) boot: Disabling RNG early entropy source...[0m
[0;32mI (158) cpu_start: Multicore app[0m
[0;32mI (167) cpu_start: Pro cpu start user code[0m
[0;32mI (167) cpu_start: cpu freq: 160000000 Hz[0m
[0;32mI (168) app_init: Application information:[0m
[0;32mI (168) app_init: Project name:     i2c1.0_slave[0m
[0;32mI (172) app_init: App version:      v5.4[0m
[0;32mI (176) app_init: Compile time:     Mar 16 2025 15:02:37[0m
[0;32mI (181) app_init: ELF file SHA256:  2325d6a0b...[0m
[0;32mI (185) app_init: ESP-IDF:          v5.4[0m
[0;32mI (189) efuse_init: Min chip rev:     v0.0[0m
[0;32mI (192) efuse_init: Max chip rev:     v0.99 [0m
[0;32mI (196) efuse_init: Chip rev:         v0.2[0m
[0;32mI (200) heap_init: Initializing. RAM available for dynamic allocation:[0m
[0;32mI (207) heap_init: At 3FC96630 len 000530E0 (332 KiB): RAM[0m
[0;32mI (212) heap_init: At 3FCE9710 len 00005724 (21 KiB): RAM[0m
[0;32mI (217) heap_init: At 3FCF0000 len 00008000 (32 KiB): DRAM[0m
[0;32mI (222) heap_init: At 600FE11C len 00001ECC (7 KiB): RTCRAM[0m
[0;32mI (228) spi_flash: detected chip: boya[0m
[0;32mI (231) spi_flash: flash io: dio[0m
[0;33mW (234) spi_flash: Detected size(16384k) larger than the size in the binary image header(2048k). Using the size in the binary image header.[0m
[0;32mI (246) sleep_gpio: Configure to isolate all GPIO pins in sleep state[0m
[0;32mI (252) sleep_gpio: Enable automatic switching of GPIO sleep configuration[0m
[0;32mI (259) main_task: Started on CPU0[0m
[0;32mI (279) main_task: Calling app_main()[0m
[1;31mE (279) i2c.slave: i2c_new_slave_device(195): invalid SCL speed[0m
ESP_ERROR_CHECK failed: esp_err_t 0x102 (ESP_ERR_INVALID_ARG) at 0x420095d7
file: "/IDF/Project_Code/I2C_code/i2c1.0_slave/main/i2c1.0_slave.c" line 43
func: app_main
expression: i2c_new_slave_device(& slv_config, &slave_handle)

abort() was called at PC 0x4037ab1b on core 0


Backtrace: 0x40375b7d:0x3fc98db0 0x4037ab25:0x3fc98dd0 0x4038120d:0x3fc98df0 0x4037ab1b:0x3fc98e60 0x420095d7:0x3fc98e90 0x4201873b:0x3fc98f10 0x4037b55d:0x3fc98f40




ELF file SHA256: 2325d6a0b

Rebooting...
ï¿½ï¿½ï¿½ESP-ROM:esp32s3-20210327
Build:Mar 27 2021
rst:0xc (RTC_SW_CPU_RST),boot:0x29 (SPI_FAST_FLASH_BOOT)
Saved PC:0x40375abc
SPIWP:0xee
mode:DIO, clock div:1
load:0x3fce2810,len:0x15a0
load:0x403c8700,len:0x4
load:0x403c8704,len:0xd20
load:0x403cb700,len:0x2ee4
entry 0x403c8928
[0;32mI (31) boot: ESP-IDF v5.4 2nd stage bootloader[0m
[0;32mI (31) boot: compile time Mar 16 2025 15:05:51[0m
[0;32mI (31) boot: Multicore bootloader[0m
[0;32mI (32) boot: chip revision: v0.2[0m
[0;32mI (34) boot: efuse block revision: v1.3[0m
[0;32mI (38) boot.esp32s3: Boot SPI Speed : 80MHz[0m
[0;32mI (42) boot.esp32s3: SPI Mode       : DIO[0m
[0;32mI (45) boot.esp32s3: SPI Flash Size : 2MB[0m
[0;32mI (49) boot: Enabling RNG early entropy source...[0m
[0;32mI (54) boot: Partition Table:[0m
[0;32mI (56) boot: ## Label            Usage          Type ST Offset   Length[0m
[0;32mI (63) boot:  0 nvs              WiFi data        01 02 00009000 00006000[0m
[0;32mI (69) boot:  1 phy_init         RF data          01 01 0000f000 00001000[0m
[0;32mI (76) boot:  2 factory          factory app      00 00 00010000 00100000[0m
[0;32mI (82) boot: End of partition table[0m
[0;32mI (85) esp_image: segment 0: paddr=00010020 vaddr=3c020020 size=0b3f0h ( 46064) map[0m
[0;32mI (101) esp_image: segment 1: paddr=0001b418 vaddr=3fc93300 size=02a50h ( 10832) load[0m
[0;32mI (103) esp_image: segment 2: paddr=0001de70 vaddr=40374000 size=021a8h (  8616) load[0m
[0;32mI (110) esp_image: segment 3: paddr=00020020 vaddr=42000020 size=18ee8h (102120) map[0m
[0;32mI (133) esp_image: segment 4: paddr=00038f10 vaddr=403761a8 size=0d124h ( 53540) load[0m
[0;32mI (145) esp_image: segment 5: paddr=0004603c vaddr=600fe100 size=0001ch (    28) load[0m
[0;32mI (151) boot: Loaded app from partition at offset 0x10000[0m
[0;32mI (151) boot: Disabling RNG early entropy source...[0m
[0;32mI (163) cpu_start: Multicore app[0m
[0;32mI (172) cpu_start: Pro cpu start user code[0m
[0;32mI (172) cpu_start: cpu freq: 160000000 Hz[0m
[0;32mI (172) app_init: Application information:[0m
[0;32mI (172) app_init: Project name:     i2c1.0_slave[0m
[0;32mI (176) app_init: App version:      v5.4[0m
[0;32mI (180) app_init: Compile time:     Mar 16 2025 15:02:37[0m
[0;32mI (185) app_init: ELF file SHA256:  2325d6a0b...[0m
[0;32mI (189) app_init: ESP-IDF:          v5.4[0m
[0;32mI (193) efuse_init: Min chip rev:     v0.0[0m
[0;32mI (197) efuse_init: Max chip rev:     v0.99 [0m
[0;32mI (201) efuse_init: Chip rev:         v0.2[0m
[0;32mI (205) heap_init: Initializing. RAM available for dynamic allocation:[0m
[0;32mI (211) heap_init: At 3FC96630 len 000530E0 (332 KiB): RAM[0m
[0;32mI (216) heap_init: At 3FCE9710 len 00005724 (21 KiB): RAM[0m
[0;32mI (221) heap_init: At 3FCF0000 len 00008000 (32 KiB): DRAM[0m
[0;32mI (227) heap_init: At 600FE11C len 00001ECC (7 KiB): RTCRAM[0m
[0;32mI (233) spi_flash: detected chip: boya[0m
[0;32mI (235) spi_flash: flash io: dio[0m
[0;33mW (238) spi_flash: Detected size(16384k) larger than the size in the binary image header(2048k). Using the size in the binary image header.[0m
[0;32mI (251) sleep_gpio: Configure to isolate all GPIO pins in sleep state[0m
[0;32mI (257) sleep_gpio: Enable automatic switching of GPIO sleep configuration[0m
[0;32mI (264) main_task: Started on CPU0[0m
[0;32mI (284) main_task: Calling app_main()[0m
[1;31mE (284) i2c.slave: i2c_new_slave_device(195): invalid SCL speed[0m
ESP_ERROR_CHECK failed: esp_err_t 0x102 (ESP_ERR_INVALID_ARG) at 0x420095d7
file: "/IDF/Project_Code/I2C_code/i2c1.0_slave/main/i2c1.0_slave.c" line 43
func: app_main
expression: i2c_new_slave_device(& slv_config, &slave_handle)

abort() was called at PC 0x4037ab1b on core 0


Backtrace: 0x40375b7d:0x3fc98db0 0x4037ab25:0x3fc98dd0 0x4038120d:0x3fc98df0 0x4037ab1b:0x3fc98e60 0x420095d7:0x3fc98e90 0x4201873b:0x3fc98f10 0x4037b55d:0x3fc98f40




ELF file SHA256: 2325d6a0b

Rebooting...
ï¿½ï¿½ï¿½ESP-ROM:esp32s3-20210327
Build:Mar 27 2021
rst:0xc (RTC_SW_CPU_RST),boot:0x29 (SPI_FAST_FLASH_BOOT)
Saved PC:0x40375abc
SPIWP:0xee
mode:DIO, clock div:1
load:0x3fce2810,len:0x15a0
load:0x403c8700,len:0x4
load:0x403c8704,len:0xd20
load:0x403cb700,len:0x2ee4
entry 0x403c8928
[0;32mI (31) boot: ESP-IDF v5.4 2nd stage bootloader[0m
[0;32mI (31) boot: compile time Mar 16 2025 15:05:51[0m
[0;32mI (31) boot: Multicore bootloader[0m
[0;32mI (32) boot: chip revision: v0.2[0m
[0;32mI (34) boot: efuse block revision: v1.3[0m
[0;32mI (38) boot.esp32s3: Boot SPI Speed : 80MHz[0m
[0;32mI (42) boot.esp32s3: SPI Mode       : DIO[0m
[0;32mI (45) boot.esp32s3: SPI Flash Size : 2MB[0m
[0;32mI (49) boot: Enabling RNG early entropy source...[0m
[0;32mI (54) boot: Partition Table:[0m
[0;32mI (56) boot: ## Label            Usage          Type ST Offset   Length[0m
[0;32mI (63) boot:  0 nvs              WiFi data        01 02 00009000 00006000[0m
[0;32mI (69) boot:  1 phy_init         RF data          01 01 0000f000 00001000[0m
[0;32mI (76) boot:  2 factory          factory app      00 00 00010000 00100000[0m
[0;32mI (82) boot: End of partition table[0m
[0;32mI (85) esp_image: segment 0: paddr=00010020 vaddr=3c020020 size=0b3f0h ( 46064) map[0m
[0;32mI (101) esp_image: segment 1: paddr=0001b418 vaddr=3fc93300 size=02a50h ( 10832) load[0m
[0;32mI (103) esp_image: segment 2: paddr=0001de70 vaddr=40374000 size=021a8h (  8616) load[0m
[0;32mI (110) esp_image: segment 3: paddr=00020020 vaddr=42000020 size=18ee8h (102120) map[0m
[0;32mI (133) esp_image: segment 4: paddr=00038f10 vaddr=403761a8 size=0d124h ( 53540) load[0m
[0;32mI (145) esp_image: segment 5: paddr=0004603c vaddr=600fe100 size=0001ch (    28) load[0m
[0;32mI (151) boot: Loaded app from partition at offset 0x10000[0m
[0;32mI (151) boot: Disabling RNG early entropy source...[0m
[0;32mI (163) cpu_start: Multicore app[0m
[0;32mI (172) cpu_start: Pro cpu start user code[0m
[0;32mI (172) cpu_start: cpu freq: 160000000 Hz[0m
[0;32mI (172) app_init: Application information:[0m
[0;32mI (172) app_init: Project name:     i2c1.0_slave[0m
[0;32mI (176) app_init: App version:      v5.4[0m
[0;32mI (180) app_init: Compile time:     Mar 16 2025 15:02:37[0m
[0;32mI (185) app_init: ELF file SHA256:  2325d6a0b...[0m
[0;32mI (189) app_init: ESP-IDF:          v5.4[0m
[0;32mI (193) efuse_init: Min chip rev:     v0.0[0m
[0;32mI (197) efuse_init: Max chip rev:     v0.99 [0m
[0;32mI (201) efuse_init: Chip rev:         v0.2[0m
[0;32mI (205) heap_init: Initializing. RAM available for dynamic allocation:[0m
[0;32mI (211) heap_init: At 3FC96630 len 000530E0 (332 KiB): RAM[0m
[0;32mI (216) heap_init: At 3FCE9710 len 00005724 (21 KiB): RAM[0m
[0;32mI (221) heap_init: At 3FCF0000 len 00008000 (32 KiB): DRAM[0m
[0;32mI (227) heap_init: At 600FE11C len 00001ECC (7 KiB): RTCRAM[0m
[0;32mI (233) spi_flash: detected chip: boya[0m
[0;32mI (235) spi_flash: flash io: dio[0m
[0;33mW (238) spi_flash: Detected size(16384k) larger than the size in the binary image header(2048k). Using the size in the binary image header.[0m
[0;32mI (251) sleep_gpio: Configure to isolate all GPIO pins in sleep state[0m
[0;32mI (257) sleep_gpio: Enable automatic switching of GPIO sleep configuration[0m
[0;32mI (264) main_task: Started on CPU0[0m
[0;32mI (284) main_task: Calling app_main()[0m
[1;31mE (284) i2c.slave: i2c_new_slave_device(195): invalid SCL speed[0m
ESP_ERROR_CHECK failed: esp_err_t 0x102 (ESP_ERR_INVALID_ARG) at 0x420095d7
file: "/IDF/Project_Code/I2C_code/i2c1.0_slave/main/i2c1.0_slave.c" line 43
func: app_main
expression: i2c_new_slave_device(& slv_config, &slave_handle)

abort() was called at PC 0x4037ab1b on core 0


Backtrace: 0x40375b7d:0x3fc98db0 0x4037ab25:0x3fc98dd0 0x4038120d:0x3fc98df0 0x4037ab1b:0x3fc98e60 0x420095d7:0x3fc98e90 0x4201873b:0x3fc98f10 0x4037b55d:0x3fc98f40




ELF file SHA256: 2325d6a0b

Rebooting...
ï¿½ï¿½ï¿½ESP-ROM:esp32s3-20210327
Build:Mar 27 2021
rst:0xc (RTC_SW_CPU_RST),boot:0x29 (SPI_FAST_FLASH_BOOT)
Saved PC:0x40375abc
SPIWP:0xee
mode:DIO, clock div:1
load:0x3fce2810,len:0x15a0
load:0x403c8700,len:0x4
load:0x403c8704,len:0xd20
load:0x403cb700,len:0x2ee4
entry 0x403c8928
[0;32mI (31) boot: ESP-IDF v5.4 2nd stage bootloader[0m
[0;32mI (31) boot: compile time Mar 16 2025 15:05:51[0m
[0;32mI (31) boot: Multicore bootloader[0m
[0;32mI (32) boot: chip revision: v0.2[0m
[0;32mI (34) boot: efuse block revision: v1.3[0m
[0;32mI (38) boot.esp32s3: Boot SPI Speed : 80MHz[0m
[0;32mI (42) boot.esp32s3: SPI Mode       : DIO[0m
[0;32mI (45) boot.esp32s3: SPI Flash Size : 2MB[0m
[0;32mI (49) boot: Enabling RNG early entropy source...[0m
[0;32mI (54) boot: Partition Table:[0m
[0;32mI (56) boot: ## Label            Usage          Type ST Offset   Length[0m
[0;32mI (63) boot:  0 nvs              WiFi data        01 02 00009000 00006000[0m
[0;32mI (69) boot:  1 phy_init         RF data          01 01 0000f000 00001000[0m
[0;32mI (76) boot:  2 factory          factory app      00 00 00010000 00100000[0m
[0;32mI (82) boot: End of partition table[0m
[0;32mI (85) esp_image: segment 0: paddr=00010020 vaddr=3c020020 size=0b3f0h ( 46064) map[0m
[0;32mI (101) esp_image: segment 1: paddr=0001b418 vaddr=3fc93300 size=02a50h ( 10832) load[0m
[0;32mI (103) esp_image: segment 2: paddr=0001de70 vaddr=40374000 size=021a8h (  8616) load[0m
[0;32mI (110) esp_image: segment 3: paddr=00020020 vaddr=42000020 size=18ee8h (102120) map[0m
[0;32mI (133) esp_image: segment 4: paddr=00038f10 vaddr=403761a8 size=0d124h ( 53540) load[0m
[0;32mI (145) esp_image: segment 5: paddr=0004603c vaddr=600fe100 size=0001ch (    28) load[0m
[0;32mI (151) boot: Loaded app from partition at offset 0x10000[0m
[0;32mI (151) boot: Disabling RNG early entropy source...[0m
[0;32mI (163) cpu_start: Multicore app[0m
[0;32mI (172) cpu_start: Pro cpu start user code[0m
[0;32mI (172) cpu_start: cpu freq: 160000000 Hz[0m
[0;32mI (172) app_init: Application information:[0m
[0;32mI (172) app_init: Project name:     i2c1.0_slave[0m
[0;32mI (176) app_init: App version:      v5.4[0m
[0;32mI (180) app_init: Compile time:     Mar 16 2025 15:02:37[0m
[0;32mI (185) app_init: ELF file SHA256:  2325d6a0b...[0m
[0;32mI (189) app_init: ESP-IDF:          v5.4[0m
[0;32mI (193) efuse_init: Min chip rev:     v0.0[0m
[0;32mI (197) efuse_init: Max chip rev:     v0.99 [0m
[0;32mI (201) efuse_init: Chip rev:         v0.2[0m
[0;32mI (205) heap_init: Initializing. RAM available for dynamic allocation:[0m
[0;32mI (211) heap_init: At 3FC96630 len 000530E0 (332 KiB): RAM[0m
[0;32mI (216) heap_init: At 3FCE9710 len 00005724 (21 KiB): RAM[0m
[0;32mI (221) heap_init: At 3FCF0000 len 00008000 (32 KiB): DRAM[0m
[0;32mI (227) heap_init: At 600FE11C len 00001ECC (7 KiB): RTCRAM[0m
[0;32mI (233) spi_flash: detected chip: boya[0m
[0;32mI (235) spi_flash: flash io: dio[0m
[0;33mW (238) spi_flash: Detected size(16384k) larger than the size in the binary image header(2048k). Using the size in the binary image header.[0m
[0;32mI (251) sleep_gpio: Configure to isolate all GPIO pins in sleep state[0m
[0;32mI (257) sleep_gpio: Enable automatic switching of GPIO sleep configuration[0m
[0;32mI (264) main_task: Started on CPU0[0m
[0;32mI (284) main_task: Calling app_main()[0m
[1;31mE (284) i2c.slave: i2c_new_slave_device(195): invalid SCL speed[0m
ESP_ERROR_CHECK failed: esp_err_t 0x102 (ESP_ERR_INVALID_ARG) at 0x420095d7
file: "/IDF/Project_Code/I2C_code/i2c1.0_slave/main/i2c1.0_slave.c" line 43
func: app_main
expression: i2c_new_slave_device(& slv_config, &slave_handle)

abort() was called at PC 0x4037ab1b on core 0


Backtrace: 0x40375b7d:0x3fc98db0 0x4037ab25:0x3fc98dd0 0x4038120d:0x3fc98df0 0x4037ab1b:0x3fc98e60 0x420095d7:0x3fc98e90 0x4201873b:0x3fc98f10 0x4037b55d:0x3fc98f40




ELF file SHA256: 2325d6a0b

Rebooting...
ï¿½ï¿½ï¿½ESP-ROM:esp32s3-20210327
Build:Mar 27 2021
rst:0xc (RTC_SW_CPU_RST),boot:0x29 (SPI_FAST_FLASH_BOOT)
Saved PC:0x40375abc
SPIWP:0xee
mode:DIO, clock div:1
load:0x3fce2810,len:0x15a0
load:0x403c8700,len:0x4
load:0x403c8704,len:0xd20
load:0x403cb700,len:0x2ee4
entry 0x403c8928
[0;32mI (31) boot: ESP-IDF v5.4 2nd stage bootloader[0m
[0;32mI (31) boot: compile time Mar 16 2025 15:05:51[0m
[0;32mI (31) boot: Multicore bootloader[0m
[0;32mI (32) boot: chip revision: v0.2[0m
[0;32mI (34) boot: efuse block revision: v1.3[0m
[0;32mI (38) boot.esp32s3: Boot SPI Speed : 80MHz[0m
[0;32mI (42) boot.esp32s3: SPI Mode       : DIO[0m
[0;32mI (45) boot.esp32s3: SPI Flash Size : 2MB[0m
[0;32mI (49) boot: Enabling RNG early entropy source...[0m
[0;32mI (54) boot: Partition Table:[0m
[0;32mI (56) boot: ## Label            Usage          Type ST Offset   Length[0m
[0;32mI (63) boot:  0 nvs              WiFi data        01 02 00009000 00006000[0m
[0;32mI (69) boot:  1 phy_init         RF data          01 01 0000f000 00001000[0m
[0;32mI (76) boot:  2 factory          factory app      00 00 00010000 00100000[0m
[0;32mI (82) boot: End of partition table[0m
[0;32mI (85) esp_image: segment 0: paddr=00010020 vaddr=3c020020 size=0b3f0h ( 46064) map[0m
[0;32mI (101) esp_image: segment 1: paddr=0001b418 vaddr=3fc93300 size=02a50h ( 10832) load[0m
[0;32mI (103) esp_image: segment 2: paddr=0001de70 vaddr=40374000 size=021a8h (  8616) load[0m
[0;32mI (110) esp_image: segment 3: paddr=00020020 vaddr=42000020 size=18ee8h (102120) map[0m
[0;32mI (133) esp_image: segment 4: paddr=00038f10 vaddr=403761a8 size=0d124h ( 53540) load[0m
[0;32mI (145) esp_image: segment 5: paddr=0004603c vaddr=600fe100 size=0001ch (    28) load[0m
[0;32mI (151) boot: Loaded app from partition at offset 0x10000[0m
[0;32mI (151) boot: Disabling RNG early entropy source...[0m
[0;32mI (163) cpu_start: Multicore app[0m
[0;32mI (172) cpu_start: Pro cpu start user code[0m
[0;32mI (172) cpu_start: cpu freq: 160000000 Hz[0m
[0;32mI (172) app_init: Application information:[0m
[0;32mI (172) app_init: Project name:     i2c1.0_slave[0m
[0;32mI (176) app_init: App version:      v5.4[0m
[0;32mI (180) app_init: Compile time:     Mar 16 2025 15:02:37[0m
[0;32mI (185) app_init: ELF file SHA256:  2325d6a0b...[0m
[0;32mI (189) app_init: ESP-IDF:          v5.4[0m
[0;32mI (193) efuse_init: Min chip rev:     v0.0[0m
[0;32mI (197) efuse_init: Max chip rev:     v0.99 [0m
[0;32mI (201) efuse_init: Chip rev:         v0.2[0m
[0;32mI (205) heap_init: Initializing. RAM available for dynamic allocation:[0m
[0;32mI (211) heap_init: At 3FC96630 len 000530E0 (332 KiB): RAM[0m
[0;32mI (216) heap_init: At 3FCE9710 len 00005724 (21 KiB): RAM[0m
[0;32mI (221) heap_init: At 3FCF0000 len 00008000 (32 KiB): DRAM[0m
[0;32mI (227) heap_init: At 600FE11C len 00001ECC (7 KiB): RTCRAM[0m
[0;32mI (233) spi_flash: detected chip: boya[0m
[0;32mI (235) spi_flash: flash io: dio[0m
[0;33mW (238) spi_flash: Detected size(16384k) larger than the size in the binary image header(2048k). Using the size in the binary image header.[0m
[0;32mI (251) sleep_gpio: Configure to isolate all GPIO pins in sleep state[0m
[0;32mI (257) sleep_gpio: Enable automatic switching of GPIO sleep configuration[0m
[0;32mI (264) main_task: Started on CPU0[0m
[0;32mI (284) main_task: Calling app_main()[0m
[1;31mE (284) i2c.slave: i2c_new_slave_device(195): invalid SCL speed[0m
ESP_ERROR_CHECK failed: esp_err_t 0x102 (ESP_ERR_INVALID_ARG) at 0x420095d7
file: "/IDF/Project_Code/I2C_code/i2c1.0_slave/main/i2c1.0_slave.c" line 43
func: app_main
expression: i2c_new_slave_device(& slv_config, &slave_handle)

abort() was called at PC 0x4037ab1b on core 0


Backtrace: 0x40375b7d:0x3fc98db0 0x4037ab25:0x3fc98dd0 0x4038120d:0x3fc98df0 0x4037ab1b:0x3fc98e60 0x420095d7:0x3fc98e90 0x4201873b:0x3fc98f10 0x4037b55d:0x3fc98f40




ELF file SHA256: 2325d6a0b

Rebooting...
ï¿½ï¿½ï¿½ESP-ROM:esp32s3-20210327
Build:Mar 27 2021
rst:0xc (RTC_SW_CPU_RST),boot:0x29 (SPI_FAST_FLASH_BOOT)
Saved PC:0x40375abc
SPIWP:0xee
mode:DIO, clock div:1
load:0x3fce2810,len:0x15a0
load:0x403c8700,len:0x4
load:0x403c8704,len:0xd20
load:0x403cb700,len:0x2ee4
entry 0x403c8928
[0;32mI (31) boot: ESP-IDF v5.4 2nd stage bootloader[0m
[0;32mI (31) boot: compile time Mar 16 2025 15:05:51[0m
[0;32mI (31) boot: Multicore bootloader[0m
[0;32mI (32) boot: chip revision: v0.2[0m
[0;32mI (34) boot: efuse block revision: v1.3[0m
[0;32mI (38) boot.esp32s3: Boot SPI Speed : 80MHz[0m
[0;32mI (42) boot.esp32s3: SPI Mode       : DIO[0m
[0;32mI (45) boot.esp32s3: SPI Flash Size : 2MB[0m
[0;32mI (49) boot: Enabling RNG early entropy source...[0m
[0;32mI (54) boot: Partition Table:[0m
[0;32mI (56) boot: ## Label            Usage          Type ST Offset   Length[0m
[0;32mI (63) boot:  0 nvs              WiFi data        01 02 00009000 00006000[0m
[0;32mI (69) boot:  1 phy_init         RF data          01 01 0000f000 00001000[0m
[0;32mI (76) boot:  2 factory          factory app      00 00 00010000 00100000[0m
[0;32mI (82) boot: End of partition table[0m
[0;32mI (85) esp_image: segment 0: paddr=00010020 vaddr=3c020020 size=0b3f0h ( 46064) map[0m
[0;32mI (101) esp_image: segment 1: paddr=0001b418 vaddr=3fc93300 size=02a50h ( 10832) load[0m
[0;32mI (103) esp_image: segment 2: paddr=0001de70 vaddr=40374000 size=021a8h (  8616) load[0m
[0;32mI (110) esp_image: segment 3: paddr=00020020 vaddr=42000020 size=18ee8h (102120) map[0m
[0;32mI (133) esp_image: segment 4: paddr=00038f10 vaddr=403761a8 size=0d124h ( 53540) load[0m
[0;32mI (145) esp_image: segment 5: paddr=0004603c vaddr=600fe100 size=0001ch (    28) load[0m
[0;32mI (151) boot: Loaded app from partition at offset 0x10000[0m
[0;32mI (151) boot: Disabling RNG early entropy source...[0m
[0;32mI (163) cpu_start: Multicore app[0m
[0;32mI (172) cpu_start: Pro cpu start user code[0m
[0;32mI (172) cpu_start: cpu freq: 160000000 Hz[0m
[0;32mI (172) app_init: Application information:[0m
[0;32mI (172) app_init: Project name:     i2c1.0_slave[0m
[0;32mI (176) app_init: App version:      v5.4[0m
[0;32mI (180) app_init: Compile time:     Mar 16 2025 15:02:37[0m
[0;32mI (185) app_init: ELF file SHA256:  2325d6a0b...[0m
[0;32mI (189) app_init: ESP-IDF:          v5.4[0m
[0;32mI (193) efuse_init: Min chip rev:     v0.0[0m
[0;32mI (197) efuse_init: Max chip rev:     v0.99 [0m
[0;32mI (201) efuse_init: Chip rev:         v0.2[0m
[0;32mI (205) heap_init: Initializing. RAM available for dynamic allocation:[0m
[0;32mI (211) heap_init: At 3FC96630 len 000530E0 (332 KiB): RAM[0m
[0;32mI (216) heap_init: At 3FCE9710 len 00005724 (21 KiB): RAM[0m
[0;32mI (221) heap_init: At 3FCF0000 len 00008000 (32 KiB): DRAM[0m
[0;32mI (227) heap_init: At 600FE11C len 00001ECC (7 KiB): RTCRAM[0m
[0;32mI (233) spi_flash: detected chip: boya[0m
[0;32mI (235) spi_flash: flash io: dio[0m
[0;33mW (238) spi_flash: Detected size(16384k) larger than the size in the binary image header(2048k). Using the size in the binary image header.[0m
[0;32mI (251) sleep_gpio: Configure to isolate all GPIO pins in sleep state[0m
[0;32mI (257) sleep_gpio: Enable automatic switching of GPIO sleep configuration[0m
[0;32mI (264) main_task: Started on CPU0[0m
[0;32mI (284) main_task: Calling app_main()[0m
[1;31mE (284) i2c.slave: i2c_new_slave_device(195): invalid SCL speed[0m
ESP_ERROR_CHECK failed: esp_err_t 0x102 (ESP_ERR_INVALID_ARG) at 0x420095d7
file: "/IDF/Project_Code/I2C_code/i2c1.0_slave/main/i2c1.0_slave.c" line 43
func: app_main
expression: i2c_new_slave_device(& slv_config, &slave_handle)

abort() was called at PC 0x4037ab1b on core 0


Backtrace: 0x40375b7d:0x3fc98db0 0x4037ab25:0x3fc98dd0 0x4038120d:0x3fc98df0 0x4037ab1b:0x3fc98e60 0x420095d7:0x3fc98e90 0x4201873b:0x3fc98f10 0x4037b55d:0x3fc98f40




ELF file SHA256: 2325d6a0b

Rebooting...
ï¿½ï¿½ï¿½ESP-ROM:esp32s3-20210327
Build:Mar 27 2021
rst:0xc (RTC_SW_CPU_RST),boot:0x29 (SPI_FAST_FLASH_BOOT)
Saved PC:0x40375abc
SPIWP:0xee
mode:DIO, clock div:1
load:0x3fce2810,len:0x15a0
load:0x403c8700,len:0x4
load:0x403c8704,len:0xd20
load:0x403cb700,len:0x2ee4
entry 0x403c8928
[0;32mI (31) boot: ESP-IDF v5.4 2nd stage bootloader[0m
[0;32mI (31) boot: compile time Mar 16 2025 15:05:51[0m
[0;32mI (31) boot: Multicore bootloader[0m
[0;32mI (32) boot: chip revision: v0.2[0m
[0;32mI (34) boot: efuse block revision: v1.3[0m
[0;32mI (38) boot.esp32s3: Boot SPI Speed : 80MHz[0m
[0;32mI (42) boot.esp32s3: SPI Mode       : DIO[0m
[0;32mI (45) boot.esp32s3: SPI Flash Size : 2MB[0m
[0;32mI (49) boot: Enabling RNG early entropy source...[0m
[0;32mI (54) boot: Partition Table:[0m
[0;32mI (56) boot: ## Label            Usage          Type ST Offset   Length[0m
[0;32mI (63) boot:  0 nvs              WiFi data        01 02 00009000 00006000[0m
[0;32mI (69) boot:  1 phy_init         RF data          01 01 0000f000 00001000[0m
[0;32mI (76) boot:  2 factory          factory app      00 00 00010000 00100000[0m
[0;32mI (82) boot: End of partition table[0m
[0;32mI (85) esp_image: segment 0: paddr=00010020 vaddr=3c020020 size=0b3f0h ( 46064) map[0m
[0;32mI (101) esp_image: segment 1: paddr=0001b418 vaddr=3fc93300 size=02a50h ( 10832) load[0m
[0;32mI (103) esp_image: segment 2: paddr=0001de70 vaddr=40374000 size=021a8h (  8616) load[0m
[0;32mI (110) esp_image: segment 3: paddr=00020020 vaddr=42000020 size=18ee8h (102120) map[0m
[0;32mI (133) esp_image: segment 4: paddr=00038f10 vaddr=403761a8 size=0d124h ( 53540) load[0m
[0;32mI (145) esp_image: segment 5: paddr=0004603c vaddr=600fe100 size=0001ch (    28) load[0m
[0;32mI (151) boot: Loaded app from partition at offset 0x10000[0m
[0;32mI (151) boot: Disabling RNG early entropy source...[0m
[0;32mI (163) cpu_start: Multicore app[0m
[0;32mI (172) cpu_start: Pro cpu start user code[0m
[0;32mI (172) cpu_start: cpu freq: 160000000 Hz[0m
[0;32mI (172) app_init: Application information:[0m
[0;32mI (172) app_init: Project name:     i2c1.0_slave[0m
[0;32mI (176) app_init: App version:      v5.4[0m
[0;32mI (180) app_init: Compile time:     Mar 16 2025 15:02:37[0m
[0;32mI (185) app_init: ELF file SHA256:  2325d6a0b...[0m
[0;32mI (189) app_init: ESP-IDF:          v5.4[0m
[0;32mI (193) efuse_init: Min chip rev:     v0.0[0m
[0;32mI (197) efuse_init: Max chip rev:     v0.99 [0m
[0;32mI (201) efuse_init: Chip rev:         v0.2[0m
[0;32mI (205) heap_init: Initializing. RAM available for dynamic allocation:[0m
[0;32mI (211) heap_init: At 3FC96630 len 000530E0 (332 KiB): RAM[0m
[0;32mI (216) heap_init: At 3FCE9710 len 00005724 (21 KiB): RAM[0m
[0;32mI (221) heap_init: At 3FCF0000 len 00008000 (32 KiB): DRAM[0m
[0;32mI (227) heap_init: At 600FE11C len 00001ECC (7 KiB): RTCRAM[0m
[0;32mI (233) spi_flash: detected chip: boya[0m
[0;32mI (235) spi_flash: flash io: dio[0m
[0;33mW (238) spi_flash: Detected size(16384k) larger than the size in the binary image header(2048k). Using the size in the binary image header.[0m
[0;32mI (251) sleep_gpio: Configure to isolate all GPIO pins in sleep state[0m
[0;32mI (257) sleep_gpio: Enable automatic switching of GPIO sleep configuration[0m
[0;32mI (264) main_task: Started on CPU0[0m
[0;32mI (284) main_task: Calling app_main()[0m
[1;31mE (284) i2c.slave: i2c_new_slave_device(195): invalid SCL speed[0m
ESP_ERROR_CHECK failed: esp_err_t 0x102 (ESP_ERR_INVALID_ARG) at 0x420095d7
file: "/IDF/Project_Code/I2C_code/i2c1.0_slave/main/i2c1.0_slave.c" line 43
func: app_main
expression: i2c_new_slave_device(& slv_config, &slave_handle)

abort() was called at PC 0x4037ab1b on core 0


Backtrace: 0x40375b7d:0x3fc98db0 0x4037ab25:0x3fc98dd0 0x4038120d:0x3fc98df0 0x4037ab1b:0x3fc98e60 0x420095d7:0x3fc98e90 0x4201873b:0x3fc98f10 0x4037b55d:0x3fc98f40




ELF file SHA256: 2325d6a0b

Rebooting...
ï¿½ï¿½ï¿½ESP-ROM:esp32s3-20210327
Build:Mar 27 2021
rst:0xc (RTC_SW_CPU_RST),boot:0x29 (SPI_FAST_FLASH_BOOT)
Saved PC:0x40375abc
SPIWP:0xee
mode:DIO, clock div:1
load:0x3fce2810,len:0x15a0
load:0x403c8700,len:0x4
load:0x403c8704,len:0xd20
load:0x403cb700,len:0x2ee4
entry 0x403c8928
[0;32mI (31) boot: ESP-IDF v5.4 2nd stage bootloader[0m
[0;32mI (31) boot: compile time Mar 16 2025 15:05:51[0m
[0;32mI (31) boot: Multicore bootloader[0m
[0;32mI (32) boot: chip revision: v0.2[0m
[0;32mI (34) boot: efuse block revision: v1.3[0m
[0;32mI (38) boot.esp32s3: Boot SPI Speed : 80MHz[0m
[0;32mI (42) boot.esp32s3: SPI Mode       : DIO[0m
[0;32mI (45) boot.esp32s3: SPI Flash Size : 2MB[0m
[0;32mI (49) boot: Enabling RNG early entropy source...[0m
[0;32mI (54) boot: Partition Table:[0m
[0;32mI (56) boot: ## Label            Usage          Type ST Offset   Length[0m
[0;32mI (63) boot:  0 nvs              WiFi data        01 02 00009000 00006000[0m
[0;32mI (69) boot:  1 phy_init         RF data          01 01 0000f000 00001000[0m
[0;32mI (76) boot:  2 factory          factory app      00 00 00010000 00100000[0m
[0;32mI (82) boot: End of partition table[0m
[0;32mI (85) esp_image: segment 0: paddr=00010020 vaddr=3c020020 size=0b3f0h ( 46064) map[0m
[0;32mI (101) esp_image: segment 1: paddr=0001b418 vaddr=3fc93300 size=02a50h ( 10832) load[0m
[0;32mI (103) esp_image: segment 2: paddr=0001de70 vaddr=40374000 size=021a8h (  8616) load[0m
[0;32mI (110) esp_image: segment 3: paddr=00020020 vaddr=42000020 size=18ee8h (102120) map[0m
[0;32mI (133) esp_image: segment 4: paddr=00038f10 vaddr=403761a8 size=0d124h ( 53540) load[0m
[0;32mI (145) esp_image: segment 5: paddr=0004603c vaddr=600fe100 size=0001ch (    28) load[0m
[0;32mI (151) boot: Loaded app from partition at offset 0x10000[0m
[0;32mI (151) boot: Disabling RNG early entropy source...[0m
[0;32mI (163) cpu_start: Multicore app[0m
[0;32mI (172) cpu_start: Pro cpu start user code[0m
[0;32mI (172) cpu_start: cpu freq: 160000000 Hz[0m
[0;32mI (172) app_init: Application information:[0m
[0;32mI (172) app_init: Project name:     i2c1.0_slave[0m
[0;32mI (176) app_init: App version:      v5.4[0m
[0;32mI (180) app_init: Compile time:     Mar 16 2025 15:02:37[0m
[0;32mI (185) app_init: ELF file SHA256:  2325d6a0b...[0m
[0;32mI (189) app_init: ESP-IDF:          v5.4[0m
[0;32mI (193) efuse_init: Min chip rev:     v0.0[0m
[0;32mI (197) efuse_init: Max chip rev:     v0.99 [0m
[0;32mI (201) efuse_init: Chip rev:         v0.2[0m
[0;32mI (205) heap_init: Initializing. RAM available for dynamic allocation:[0m
[0;32mI (211) heap_init: At 3FC96630 len 000530E0 (332 KiB): RAM[0m
[0;32mI (216) heap_init: At 3FCE9710 len 00005724 (21 KiB): RAM[0m
[0;32mI (221) heap_init: At 3FCF0000 len 00008000 (32 KiB): DRAM[0m
[0;32mI (227) heap_init: At 600FE11C len 00001ECC (7 KiB): RTCRAM[0m
[0;32mI (233) spi_flash: detected chip: boya[0m
[0;32mI (235) spi_flash: flash io: dio[0m
[0;33mW (238) spi_flash: Detected size(16384k) larger than the size in the binary image header(2048k). Using the size in the binary image header.[0m
[0;32mI (251) sleep_gpio: Configure to isolate all GPIO pins in sleep state[0m
[0;32mI (257) sleep_gpio: Enable automatic switching of GPIO sleep configuration[0m
[0;32mI (264) main_task: Started on CPU0[0m
[0;32mI (284) main_task: Calling app_main()[0m
[1;31mE (284) i2c.slave: i2c_new_slave_device(195): invalid SCL speed[0m
ESP_ERROR_CHECK failed: esp_err_t 0x102 (ESP_ERR_INVALID_ARG) at 0x420095d7
file: "/IDF/Project_Code/I2C_code/i2c1.0_slave/main/i2c1.0_slave.c" line 43
func: app_main
expression: i2c_new_slave_device(& slv_config, &slave_handle)

abort() was called at PC 0x4037ab1b on core 0


Backtrace: 0x40375b7d:0x3fc98db0 0x4037ab25:0x3fc98dd0 0x4038120d:0x3fc98df0 0x4037ab1b:0x3fc98e60 0x420095d7:0x3fc98e90 0x4201873b:0x3fc98f10 0x4037b55d:0x3fc98f40




ELF file SHA256: 2325d6a0b

Rebooting...
ï¿½ï¿½ï¿½ESP-ROM:esp32s3-20210327
Build:Mar 27 2021
rst:0xc (RTC_SW_CPU_RST),boot:0x29 (SPI_FAST_FLASH_BOOT)
Saved PC:0x40375abc
SPIWP:0xee
mode:DIO, clock div:1
load:0x3fce2810,len:0x15a0
load:0x403c8700,len:0x4
load:0x403c8704,len:0xd20
load:0x403cb700,len:0x2ee4
entry 0x403c8928
[0;32mI (31) boot: ESP-IDF v5.4 2nd stage bootloader[0m
[0;32mI (31) boot: compile time Mar 16 2025 15:05:51[0m
[0;32mI (31) boot: Multicore bootloader[0m
[0;32mI (32) boot: chip revision: v0.2[0m
[0;32mI (34) boot: efuse block revision: v1.3[0m
[0;32mI (38) boot.esp32s3: Boot SPI Speed : 80MHz[0m
[0;32mI (42) boot.esp32s3: SPI Mode       : DIO[0m
[0;32mI (45) boot.esp32s3: SPI Flash Size : 2MB[0m
[0;32mI (49) boot: Enabling RNG early entropy source...[0m
[0;32mI (54) boot: Partition Table:[0m
[0;32mI (56) boot: ## Label            Usage          Type ST Offset   Length[0m
[0;32mI (63) boot:  0 nvs              WiFi data        01 02 00009000 00006000[0m
[0;32mI (69) boot:  1 phy_init         RF data          01 01 0000f000 00001000[0m
[0;32mI (76) boot:  2 factory          factory app      00 00 00010000 00100000[0m
[0;32mI (82) boot: End of partition table[0m
[0;32mI (85) esp_image: segment 0: paddr=00010020 vaddr=3c020020 size=0b3f0h ( 46064) map[0m
[0;32mI (101) esp_image: segment 1: paddr=0001b418 vaddr=3fc93300 size=02a50h ( 10832) load[0m
[0;32mI (103) esp_image: segment 2: paddr=0001de70 vaddr=40374000 size=021a8h (  8616) load[0m
[0;32mI (110) esp_image: segment 3: paddr=00020020 vaddr=42000020 size=18ee8h (102120) map[0m
[0;32mI (133) esp_image: segment 4: paddr=00038f10 vaddr=403761a8 size=0d124h ( 53540) load[0m
[0;32mI (145) esp_image: segment 5: paddr=0004603c vaddr=600fe100 size=0001ch (    28) load[0m
[0;32mI (151) boot: Loaded app from partition at offset 0x10000[0m
[0;32mI (151) boot: Disabling RNG early entropy source...[0m
[0;32mI (163) cpu_start: Multicore app[0m
[0;32mI (172) cpu_start: Pro cpu start user code[0m
[0;32mI (172) cpu_start: cpu freq: 160000000 Hz[0m
[0;32mI (172) app_init: Application information:[0m
[0;32mI (172) app_init: Project name:     i2c1.0_slave[0m
[0;32mI (176) app_init: App version:      v5.4[0m
[0;32mI (180) app_init: Compile time:     Mar 16 2025 15:02:37[0m
[0;32mI (185) app_init: ELF file SHA256:  2325d6a0b...[0m
[0;32mI (189) app_init: ESP-IDF:          v5.4[0m
[0;32mI (193) efuse_init: Min chip rev:     v0.0[0m
[0;32mI (197) efuse_init: Max chip rev:     v0.99 [0m
[0;32mI (201) efuse_init: Chip rev:         v0.2[0m
[0;32mI (205) heap_init: Initializing. RAM available for dynamic allocation:[0m
[0;32mI (211) heap_init: At 3FC96630 len 000530E0 (332 KiB): RAM[0m
[0;32mI (216) heap_init: At 3FCE9710 len 00005724 (21 KiB): RAM[0m
[0;32mI (221) heap_init: At 3FCF0000 len 00008000 (32 KiB): DRAM[0m
[0;32mI (227) heap_init: At 600FE11C len 00001ECC (7 KiB): RTCRAM[0m
[0;32mI (233) spi_flash: detected chip: boya[0m
[0;32mI (235) spi_flash: flash io: dio[0m
[0;33mW (238) spi_flash: Detected size(16384k) larger than the size in the binary image header(2048k). Using the size in the binary image header.[0m
[0;32mI (251) sleep_gpio: Configure to isolate all GPIO pins in sleep state[0m
[0;32mI (257) sleep_gpio: Enable automatic switching of GPIO sleep configuration[0m
[0;32mI (264) main_task: Started on CPU0[0m
[0;32mI (284) main_task: Calling app_main()[0m
[1;31mE (284) i2c.slave: i2c_new_slave_device(195): invalid SCL speed[0m
ESP_ERROR_CHECK failed: esp_err_t 0x102 (ESP_ERR_INVALID_ARG) at 0x420095d7
file: "/IDF/Project_Code/I2C_code/i2c1.0_slave/main/i2c1.0_slave.c" line 43
func: app_main
expression: i2c_new_slave_device(& slv_config, &slave_handle)

abort() was called at PC 0x4037ab1b on core 0


Backtrace: 0x40375b7d:0x3fc98db0 0x4037ab25:0x3fc98dd0 0x4038120d:0x3fc98df0 0x4037ab1b:0x3fc98e60 0x420095d7:0x3fc98e90 0x4201873b:0x3fc98f10 0x4037b55d:0x3fc98f40




ELF file SHA256: 2325d6a0b

Rebooting...
ï¿½ï¿½ï¿½ESP-ROM:esp32s3-20210327
Build:Mar 27 2021
rst:0xc (RTC_SW_CPU_RST),boot:0x29 (SPI_FAST_FLASH_BOOT)
Saved PC:0x40375abc
SPIWP:0xee
mode:DIO, clock div:1
load:0x3fce2810,len:0x15a0
load:0x403c8700,len:0x4
load:0x403c8704,len:0xd20
load:0x403cb700,len:0x2ee4
entry 0x403c8928
[0;32mI (31) boot: ESP-IDF v5.4 2nd stage bootloader[0m
[0;32mI (31) boot: compile time Mar 16 2025 15:05:51[0m
[0;32mI (31) boot: Multicore bootloader[0m
[0;32mI (32) boot: chip revision: v0.2[0m
[0;32mI (34) boot: efuse block revision: v1.3[0m
[0;32mI (38) boot.esp32s3: Boot SPI Speed : 80MHz[0m
[0;32mI (42) boot.esp32s3: SPI Mode       : DIO[0m
[0;32mI (45) boot.esp32s3: SPI Flash Size : 2MB[0m
[0;32mI (49) boot: Enabling RNG early entropy source...[0m
[0;32mI (54) boot: Partition Table:[0m
[0;32mI (56) boot: ## Label            Usage          Type ST Offset   Length[0m
[0;32mI (63) boot:  0 nvs              WiFi data        01 02 00009000 00006000[0m
[0;32mI (69) boot:  1 phy_init         RF data          01 01 0000f000 00001000[0m
[0;32mI (76) boot:  2 factory          factory app      00 00 00010000 00100000[0m
[0;32mI (82) boot: End of partition table[0m
[0;32mI (85) esp_image: segment 0: paddr=00010020 vaddr=3c020020 size=0b3f0h ( 46064) map[0m
[0;32mI (101) esp_image: segment 1: paddr=0001b418 vaddr=3fc93300 size=02a50h ( 10832) load[0m
[0;32mI (103) esp_image: segment 2: paddr=0001de70 vaddr=40374000 size=021a8h (  8616) load[0m
[0;32mI (110) esp_image: segment 3: paddr=00020020 vaddr=42000020 size=18ee8h (102120) map[0m
[0;32mI (133) esp_image: segment 4: paddr=00038f10 vaddr=403761a8 size=0d124h ( 53540) load[0m
[0;32mI (145) esp_image: segment 5: paddr=0004603c vaddr=600fe100 size=0001ch (    28) load[0m
[0;32mI (151) boot: Loaded app from partition at offset 0x10000[0m
[0;32mI (151) boot: Disabling RNG early entropy source...[0m
[0;32mI (163) cpu_start: Multicore app[0m
[0;32mI (172) cpu_start: Pro cpu start user code[0m
[0;32mI (172) cpu_start: cpu freq: 160000000 Hz[0m
[0;32mI (172) app_init: Application information:[0m
[0;32mI (172) app_init: Project name:     i2c1.0_slave[0m
[0;32mI (176) app_init: App version:      v5.4[0m
[0;32mI (180) app_init: Compile time:     Mar 16 2025 15:02:37[0m
[0;32mI (185) app_init: ELF file SHA256:  2325d6a0b...[0m
[0;32mI (189) app_init: ESP-IDF:          v5.4[0m
[0;32mI (193) efuse_init: Min chip rev:     v0.0[0m
[0;32mI (197) efuse_init: Max chip rev:     v0.99 [0m
[0;32mI (201) efuse_init: Chip rev:         v0.2[0m
[0;32mI (205) heap_init: Initializing. RAM available for dynamic allocation:[0m
[0;32mI (211) heap_init: At 3FC96630 len 000530E0 (332 KiB): RAM[0m
[0;32mI (216) heap_init: At 3FCE9710 len 00005724 (21 KiB): RAM[0m
[0;32mI (221) heap_init: At 3FCF0000 len 00008000 (32 KiB): DRAM[0m
[0;32mI (227) heap_init: At 600FE11C len 00001ECC (7 KiB): RTCRAM[0m
[0;32mI (233) spi_flash: detected chip: boya[0m
[0;32mI (235) spi_flash: flash io: dio[0m
[0;33mW (238) spi_flash: Detected size(16384k) larger than the size in the binary image header(2048k). Using the size in the binary image header.[0m
[0;32mI (251) sleep_gpio: Configure to isolate all GPIO pins in sleep state[0m
[0;32mI (257) sleep_gpio: Enable automatic switching of GPIO sleep configuration[0m
[0;32mI (264) main_task: Started on CPU0[0m
[0;32mI (284) main_task: Calling app_main()[0m
[1;31mE (284) i2c.slave: i2c_new_slave_device(195): invalid SCL speed[0m
ESP_ERROR_CHECK failed: esp_err_t 0x102 (ESP_ERR_INVALID_ARG) at 0x420095d7
file: "/IDF/Project_Code/I2C_code/i2c1.0_slave/main/i2c1.0_slave.c" line 43
func: app_main
expression: i2c_new_slave_device(& slv_config, &slave_handle)

abort() was called at PC 0x4037ab1b on core 0


Backtrace: 0x40375b7d:0x3fc98db0 0x4037ab25:0x3fc98dd0 0x4038120d:0x3fc98df0 0x4037ab1b:0x3fc98e60 0x420095d7:0x3fc98e90 0x4201873b:0x3fc98f10 0x4037b55d:0x3fc98f40




ELF file SHA256: 2325d6a0b

Rebooting...
ï¿½ï¿½ï¿½ESP-ROM:esp32s3-20210327
Build:Mar 27 2021
rst:0xc (RTC_SW_CPU_RST),boot:0x29 (SPI_FAST_FLASH_BOOT)
Saved PC:0x40375abc
SPIWP:0xee
mode:DIO, clock div:1
load:0x3fce2810,len:0x15a0
load:0x403c8700,len:0x4
load:0x403c8704,len:0xd20
load:0x403cb700,len:0x2ee4
entry 0x403c8928
[0;32mI (31) boot: ESP-IDF v5.4 2nd stage bootloader[0m
[0;32mI (31) boot: compile time Mar 16 2025 15:05:51[0m
[0;32mI (31) boot: Multicore bootloader[0m
[0;32mI (32) boot: chip revision: v0.2[0m
[0;32mI (34) boot: efuse block revision: v1.3[0m
[0;32mI (38) boot.esp32s3: Boot SPI Speed : 80MHz[0m
[0;32mI (42) boot.esp32s3: SPI Mode       : DIO[0m
[0;32mI (45) boot.esp32s3: SPI Flash Size : 2MB[0m
[0;32mI (49) boot: Enabling RNG early entropy source...[0m
[0;32mI (54) boot: Partition Table:[0m
[0;32mI (56) boot: ## Label            Usage          Type ST Offset   Length[0m
[0;32mI (63) boot:  0 nvs              WiFi data        01 02 00009000 00006000[0m
[0;32mI (69) boot:  1 phy_init         RF data          01 01 0000f000 00001000[0m
[0;32mI (76) boot:  2 factory          factory app      00 00 00010000 00100000[0m
[0;32mI (82) boot: End of partition table[0m
[0;32mI (85) esp_image: segment 0: paddr=00010020 vaddr=3c020020 size=0b3f0h ( 46064) map[0m
[0;32mI (101) esp_image: segment 1: paddr=0001b418 vaddr=3fc93300 size=02a50h ( 10832) load[0m
[0;32mI (103) esp_image: segment 2: paddr=0001de70 vaddr=40374000 size=021a8h (  8616) load[0m
[0;32mI (110) esp_image: segment 3: paddr=00020020 vaddr=42000020 size=18ee8h (102120) map[0m
[0;32mI (133) esp_image: segment 4: paddr=00038f10 vaddr=403761a8 size=0d124h ( 53540) load[0m
[0;32mI (145) esp_image: segment 5: paddr=0004603c vaddr=600fe100 size=0001ch (    28) load[0m
[0;32mI (151) boot: Loaded app from partition at offset 0x10000[0m
[0;32mI (151) boot: Disabling RNG early entropy source...[0m
[0;32mI (163) cpu_start: Multicore app[0m
[0;32mI (172) cpu_start: Pro cpu start user code[0m
[0;32mI (172) cpu_start: cpu freq: 160000000 Hz[0m
[0;32mI (172) app_init: Application information:[0m
[0;32mI (172) app_init: Project name:     i2c1.0_slave[0m
[0;32mI (176) app_init: App version:      v5.4[0m
[0;32mI (180) app_init: Compile time:     Mar 16 2025 15:02:37[0m
[0;32mI (185) app_init: ELF file SHA256:  2325d6a0b...[0m
[0;32mI (189) app_init: ESP-IDF:          v5.4[0m
[0;32mI (193) efuse_init: Min chip rev:     v0.0[0m
[0;32mI (197) efuse_init: Max chip rev:     v0.99 [0m
[0;32mI (201) efuse_init: Chip rev:         v0.2[0m
[0;32mI (205) heap_init: Initializing. RAM available for dynamic allocation:[0m
[0;32mI (211) heap_init: At 3FC96630 len 000530E0 (332 KiB): RAM[0m
[0;32mI (216) heap_init: At 3FCE9710 len 00005724 (21 KiB): RAM[0m
[0;32mI (221) heap_init: At 3FCF0000 len 00008000 (32 KiB): DRAM[0m
[0;32mI (227) heap_init: At 600FE11C len 00001ECC (7 KiB): RTCRAM[0m
[0;32mI (233) spi_flash: detected chip: boya[0m
[0;32mI (235) spi_flash: flash io: dio[0m
[0;33mW (238) spi_flash: Detected size(16384k) larger than the size in the binary image header(2048k). Using the size in the binary image header.[0m
[0;32mI (251) sleep_gpio: Configure to isolate all GPIO pins in sleep state[0m
[0;32mI (257) sleep_gpio: Enable automatic switching of GPIO sleep configuration[0m
[0;32mI (264) main_task: Started on CPU0[0m
[0;32mI (284) main_task: Calling app_main()[0m
[1;31mE (284) i2c.slave: i2c_new_slave_device(195): invalid SCL speed[0m
ESP_ERROR_CHECK failed: esp_err_t 0x102 (ESP_ERR_INVALID_ARG) at 0x420095d7
file: "/IDF/Project_Code/I2C_code/i2c1.0_slave/main/i2c1.0_slave.c" line 43
func: app_main
expression: i2c_new_slave_device(& slv_config, &slave_handle)

abort() was called at PC 0x4037ab1b on core 0


Backtrace: 0x40375b7d:0x3fc98db0 0x4037ab25:0x3fc98dd0 0x4038120d:0x3fc98df0 0x4037ab1b:0x3fc98e60 0x420095d7:0x3fc98e90 0x4201873b:0x3fc98f10 0x4037b55d:0x3fc98f40




ELF file SHA256: 2325d6a0b

Rebooting...
ï¿½ï¿½ï¿½ESP-ROM:esp32s3-20210327
Build:Mar 27 2021
rst:0xc (RTC_SW_CPU_RST),boot:0x29 (SPI_FAST_FLASH_BOOT)
Saved PC:0x40375abc
SPIWP:0xee
mode:DIO, clock div:1
load:0x3fce2810,len:0x15a0
load:0x403c8700,len:0x4
load:0x403c8704,len:0xd20
load:0x403cb700,len:0x2ee4
entry 0x403c8928
[0;32mI (31) boot: ESP-IDF v5.4 2nd stage bootloader[0m
[0;32mI (31) boot: compile time Mar 16 2025 15:05:51[0m
[0;32mI (31) boot: Multicore bootloader[0m
[0;32mI (32) boot: chip revision: v0.2[0m
[0;32mI (34) boot: efuse block revision: v1.3[0m
[0;32mI (38) boot.esp32s3: Boot SPI Speed : 80MHz[0m
[0;32mI (42) boot.esp32s3: SPI Mode       : DIO[0m
[0;32mI (45) boot.esp32s3: SPI Flash Size : 2MB[0m
[0;32mI (49) boot: Enabling RNG early entropy source...[0m
[0;32mI (54) boot: Partition Table:[0m
[0;32mI (56) boot: ## Label            Usage          Type ST Offset   Length[0m
[0;32mI (63) boot:  0 nvs              WiFi data        01 02 00009000 00006000[0m
[0;32mI (69) boot:  1 phy_init         RF data          01 01 0000f000 00001000[0m
[0;32mI (76) boot:  2 factory          factory app      00 00 00010000 00100000[0m
[0;32mI (82) boot: End of partition table[0m
[0;32mI (85) esp_image: segment 0: paddr=00010020 vaddr=3c020020 size=0b3f0h ( 46064) map[0m
[0;32mI (101) esp_image: segment 1: paddr=0001b418 vaddr=3fc93300 size=02a50h ( 10832) load[0m
[0;32mI (103) esp_image: segment 2: paddr=0001de70 vaddr=40374000 size=021a8h (  8616) load[0m
[0;32mI (110) esp_image: segment 3: paddr=00020020 vaddr=42000020 size=18ee8h (102120) map[0m
[0;32mI (133) esp_image: segment 4: paddr=00038f10 vaddr=403761a8 size=0d124h ( 53540) load[0m
[0;32mI (145) esp_image: segment 5: paddr=0004603c vaddr=600fe100 size=0001ch (    28) load[0m
[0;32mI (151) boot: Loaded app from partition at offset 0x10000[0m
[0;32mI (151) boot: Disabling RNG early entropy source...[0m
[0;32mI (163) cpu_start: Multicore app[0m
[0;32mI (172) cpu_start: Pro cpu start user code[0m
[0;32mI (172) cpu_start: cpu freq: 160000000 Hz[0m
[0;32mI (172) app_init: Application information:[0m
[0;32mI (172) app_init: Project name:     i2c1.0_slave[0m
[0;32mI (176) app_init: App version:      v5.4[0m
[0;32mI (180) app_init: Compile time:     Mar 16 2025 15:02:37[0m
[0;32mI (185) app_init: ELF file SHA256:  2325d6a0b...[0m
[0;32mI (189) app_init: ESP-IDF:          v5.4[0m
[0;32mI (193) efuse_init: Min chip rev:     v0.0[0m
[0;32mI (197) efuse_init: Max chip rev:     v0.99 [0m
[0;32mI (201) efuse_init: Chip rev:         v0.2[0m
[0;32mI (205) heap_init: Initializing. RAM available for dynamic allocation:[0m
[0;32mI (211) heap_init: At 3FC96630 len 000530E0 (332 KiB): RAM[0m
[0;32mI (216) heap_init: At 3FCE9710 len 00005724 (21 KiB): RAM[0m
[0;32mI (221) heap_init: At 3FCF0000 len 00008000 (32 KiB): DRAM[0m
[0;32mI (227) heap_init: At 600FE11C len 00001ECC (7 KiB): RTCRAM[0m
[0;32mI (233) spi_flash: detected chip: boya[0m
[0;32mI (235) spi_flash: flash io: dio[0m
[0;33mW (238) spi_flash: Detected size(16384k) larger than the size in the binary image header(2048k). Using the size in the binary image header.[0m
[0;32mI (251) sleep_gpio: Configure to isolate all GPIO pins in sleep state[0m
[0;32mI (257) sleep_gpio: Enable automatic switching of GPIO sleep configuration[0m
[0;32mI (264) main_task: Started on CPU0[0m
[0;32mI (284) main_task: Calling app_main()[0m
[1;31mE (284) i2c.slave: i2c_new_slave_device(195): invalid SCL speed[0m
ESP_ERROR_CHECK failed: esp_err_t 0x102 (ESP_ERR_INVALID_ARG) at 0x420095d7
file: "/IDF/Project_Code/I2C_code/i2c1.0_slave/main/i2c1.0_slave.c" line 43
func: app_main
expression: i2c_new_slave_device(& slv_config, &slave_handle)

abort() was called at PC 0x4037ab1b on core 0


Backtrace: 0x40375b7d:0x3fc98db0 0x4037ab25:0x3fc98dd0 0x4038120d:0x3fc98df0 0x4037ab1b:0x3fc98e60 0x420095d7:0x3fc98e90 0x4201873b:0x3fc98f10 0x4037b55d:0x3fc98f40




ELF file SHA256: 2325d6a0b

Rebooting...
ï¿½ï¿½ï¿½ESP-ROM:esp32s3-20210327
Build:Mar 27 2021
rst:0xc (RTC_SW_CPU_RST),boot:0x29 (SPI_FAST_FLASH_BOOT)
Saved PC:0x40375abc
SPIWP:0xee
mode:DIO, clock div:1
load:0x3fce2810,len:0x15a0
load:0x403c8700,len:0x4
load:0x403c8704,len:0xd20
load:0x403cb700,len:0x2ee4
entry 0x403c8928
[0;32mI (31) boot: ESP-IDF v5.4 2nd stage bootloader[0m
[0;32mI (31) boot: compile time Mar 16 2025 15:05:51[0m
[0;32mI (31) boot: Multicore bootloader[0m
[0;32mI (32) boot: chip revision: v0.2[0m
[0;32mI (34) boot: efuse block revision: v1.3[0m
[0;32mI (38) boot.esp32s3: Boot SPI Speed : 80MHz[0m
[0;32mI (42) boot.esp32s3: SPI Mode       : DIO[0m
[0;32mI (45) boot.esp32s3: SPI Flash Size : 2MB[0m
[0;32mI (49) boot: Enabling RNG early entropy source...[0m
[0;32mI (54) boot: Partition Table:[0m
[0;32mI (56) boot: ## Label            Usage          Type ST Offset   Length[0m
[0;32mI (63) boot:  0 nvs              WiFi data        01 02 00009000 00006000[0m
[0;32mI (69) boot:  1 phy_init         RF data          01 01 0000f000 00001000[0m
[0;32mI (76) boot:  2 factory          factory app      00 00 00010000 00100000[0m
[0;32mI (82) boot: End of partition table[0m
[0;32mI (85) esp_image: segment 0: paddr=00010020 vaddr=3c020020 size=0b3f0h ( 46064) map[0m
[0;32mI (101) esp_image: segment 1: paddr=0001b418 vaddr=3fc93300 size=02a50h ( 10832) load[0m
[0;32mI (103) esp_image: segment 2: paddr=0001de70 vaddr=40374000 size=021a8h (  8616) load[0m
[0;32mI (110) esp_image: segment 3: paddr=00020020 vaddr=42000020 size=18ee8h (102120) map[0m
[0;32mI (133) esp_image: segment 4: paddr=00038f10 vaddr=403761a8 size=0d124h ( 53540) load[0m
[0;32mI (145) esp_image: segment 5: paddr=0004603c vaddr=600fe100 size=0001ch (    28) load[0m
[0;32mI (151) boot: Loaded app from partition at offset 0x10000[0m
[0;32mI (151) boot: Disabling RNG early entropy source...[0m
[0;32mI (163) cpu_start: Multicore app[0m
[0;32mI (172) cpu_start: Pro cpu start user code[0m
[0;32mI (172) cpu_start: cpu freq: 160000000 Hz[0m
[0;32mI (172) app_init: Application information:[0m
[0;32mI (172) app_init: Project name:     i2c1.0_slave[0m
[0;32mI (176) app_init: App version:      v5.4[0m
[0;32mI (180) app_init: Compile time:     Mar 16 2025 15:02:37[0m
[0;32mI (185) app_init: ELF file SHA256:  2325d6a0b...[0m
[0;32mI (189) app_init: ESP-IDF:          v5.4[0m
[0;32mI (193) efuse_init: Min chip rev:     v0.0[0m
[0;32mI (197) efuse_init: Max chip rev:     v0.99 [0m
[0;32mI (201) efuse_init: Chip rev:         v0.2[0m
[0;32mI (205) heap_init: Initializing. RAM available for dynamic allocation:[0m
[0;32mI (211) heap_init: At 3FC96630 len 000530E0 (332 KiB): RAM[0m
[0;32mI (216) heap_init: At 3FCE9710 len 00005724 (21 KiB): RAM[0m
[0;32mI (221) heap_init: At 3FCF0000 len 00008000 (32 KiB): DRAM[0m
[0;32mI (227) heap_init: At 600FE11C len 00001ECC (7 KiB): RTCRAM[0m
[0;32mI (233) spi_flash: detected chip: boya[0m
[0;32mI (235) spi_flash: flash io: dio[0m
[0;33mW (238) spi_flash: Detected size(16384k) larger than the size in the binary image header(2048k). Using the size in the binary image header.[0m
[0;32mI (251) sleep_gpio: Configure to isolate all GPIO pins in sleep state[0m
[0;32mI (257) sleep_gpio: Enable automatic switching of GPIO sleep configuration[0m
[0;32mI (264) main_task: Started on CPU0[0m
[0;32mI (284) main_task: Calling app_main()[0m
[1;31mE (284) i2c.slave: i2c_new_slave_device(195): invalid SCL speed[0m
ESP_ERROR_CHECK failed: esp_err_t 0x102 (ESP_ERR_INVALID_ARG) at 0x420095d7
file: "/IDF/Project_Code/I2C_code/i2c1.0_slave/main/i2c1.0_slave.c" line 43
func: app_main
expression: i2c_new_slave_device(& slv_config, &slave_handle)

abort() was called at PC 0x4037ab1b on core 0


Backtrace: 0x40375b7d:0x3fc98db0 0x4037ab25:0x3fc98dd0 0x4038120d:0x3fc98df0 0x4037ab1b:0x3fc98e60 0x420095d7:0x3fc98e90 0x4201873b:0x3fc98f10 0x4037b55d:0x3fc98f40




ELF file SHA256: 2325d6a0b

Rebooting...
ï¿½ï¿½ï¿½ESP-ROM:esp32s3-20210327
Build:Mar 27 2021
rst:0xc (RTC_SW_CPU_RST),boot:0x29 (SPI_FAST_FLASH_BOOT)
Saved PC:0x40375abc
SPIWP:0xee
mode:DIO, clock div:1
load:0x3fce2810,len:0x15a0
load:0x403c8700,len:0x4
load:0x403c8704,len:0xd20
load:0x403cb700,len:0x2ee4
entry 0x403c8928
[0;32mI (31) boot: ESP-IDF v5.4 2nd stage bootloader[0m
[0;32mI (31) boot: compile time Mar 16 2025 15:05:51[0m
[0;32mI (31) boot: Multicore bootloader[0m
[0;32mI (32) boot: chip revision: v0.2[0m
[0;32mI (34) boot: efuse block revision: v1.3[0m
[0;32mI (38) boot.esp32s3: Boot SPI Speed : 80MHz[0m
[0;32mI (42) boot.esp32s3: SPI Mode       : DIO[0m
[0;32mI (45) boot.esp32s3: SPI Flash Size : 2MB[0m
[0;32mI (49) boot: Enabling RNG early entropy source...[0m
[0;32mI (54) boot: Partition Table:[0m
[0;32mI (56) boot: ## Label            Usage          Type ST Offset   Length[0m
[0;32mI (63) boot:  0 nvs              WiFi data        01 02 00009000 00006000[0m
[0;32mI (69) boot:  1 phy_init         RF data          01 01 0000f000 00001000[0m
[0;32mI (76) boot:  2 factory          factory app      00 00 00010000 00100000[0m
[0;32mI (82) boot: End of partition table[0m
[0;32mI (85) esp_image: segment 0: paddr=00010020 vaddr=3c020020 size=0b3f0h ( 46064) map[0m
[0;32mI (101) esp_image: segment 1: paddr=0001b418 vaddr=3fc93300 size=02a50h ( 10832) load[0m
[0;32mI (103) esp_image: segment 2: paddr=0001de70 vaddr=40374000 size=021a8h (  8616) load[0m
[0;32mI (110) esp_image: segment 3: paddr=00020020 vaddr=42000020 size=18ee8h (102120) map[0m
[0;32mI (133) esp_image: segment 4: paddr=00038f10 vaddr=403761a8 size=0d124h ( 53540) load[0m
[0;32mI (145) esp_image: segment 5: paddr=0004603c vaddr=600fe100 size=0001ch (    28) load[0m
[0;32mI (151) boot: Loaded app from partition at offset 0x10000[0m
[0;32mI (151) boot: Disabling RNG early entropy source...[0m
[0;32mI (163) cpu_start: Multicore app[0m
[0;32mI (172) cpu_start: Pro cpu start user code[0m
[0;32mI (172) cpu_start: cpu freq: 160000000 Hz[0m
[0;32mI (172) app_init: Application information:[0m
[0;32mI (172) app_init: Project name:     i2c1.0_slave[0m
[0;32mI (176) app_init: App version:      v5.4[0m
[0;32mI (180) app_init: Compile time:     Mar 16 2025 15:02:37[0m
[0;32mI (185) app_init: ELF file SHA256:  2325d6a0b...[0m
[0;32mI (189) app_init: ESP-IDF:          v5.4[0m
[0;32mI (193) efuse_init: Min chip rev:     v0.0[0m
[0;32mI (197) efuse_init: Max chip rev:     v0.99 [0m
[0;32mI (201) efuse_init: Chip rev:         v0.2[0m
[0;32mI (205) heap_init: Initializing. RAM available for dynamic allocation:[0m
[0;32mI (211) heap_init: At 3FC96630 len 000530E0 (332 KiB): RAM[0m
[0;32mI (216) heap_init: At 3FCE9710 len 00005724 (21 KiB): RAM[0m
[0;32mI (221) heap_init: At 3FCF0000 len 00008000 (32 KiB): DRAM[0m
[0;32mI (227) heap_init: At 600FE11C len 00001ECC (7 KiB): RTCRAM[0m
[0;32mI (233) spi_flash: detected chip: boya[0m
[0;32mI (235) spi_flash: flash io: dio[0m
[0;33mW (238) spi_flash: Detected size(16384k) larger than the size in the binary image header(2048k). Using the size in the binary image header.[0m
[0;32mI (251) sleep_gpio: Configure to isolate all GPIO pins in sleep state[0m
[0;32mI (257) sleep_gpio: Enable automatic switching of GPIO sleep configuration[0m
[0;32mI (264) main_task: Started on CPU0[0m
[0;32mI (284) main_task: Calling app_main()[0m
[1;31mE (284) i2c.slave: i2c_new_slave_device(195): invalid SCL speed[0m
ESP_ERROR_CHECK failed: esp_err_t 0x102 (ESP_ERR_INVALID_ARG) at 0x420095d7
file: "/IDF/Project_Code/I2C_code/i2c1.0_slave/main/i2c1.0_slave.c" line 43
func: app_main
expression: i2c_new_slave_device(& slv_config, &slave_handle)

abort() was called at PC 0x4037ab1b on core 0


Backtrace: 0x40375b7d:0x3fc98db0 0x4037ab25:0x3fc98dd0 0x4038120d:0x3fc98df0 0x4037ab1b:0x3fc98e60 0x420095d7:0x3fc98e90 0x4201873b:0x3fc98f10 0x4037b55d:0x3fc98f40




ELF file SHA256: 2325d6a0b

Rebooting...
ï¿½ï¿½ï¿½ESP-ROM:esp32s3-20210327
Build:Mar 27 2021
rst:0xc (RTC_SW_CPU_RST),boot:0x29 (SPI_FAST_FLASH_BOOT)
Saved PC:0x40375abc
SPIWP:0xee
mode:DIO, clock div:1
load:0x3fce2810,len:0x15a0
load:0x403c8700,len:0x4
load:0x403c8704,len:0xd20
load:0x403cb700,len:0x2ee4
entry 0x403c8928
[0;32mI (31) boot: ESP-IDF v5.4 2nd stage bootloader[0m
[0;32mI (31) boot: compile time Mar 16 2025 15:05:51[0m
[0;32mI (31) boot: Multicore bootloader[0m
[0;32mI (32) boot: chip revision: v0.2[0m
[0;32mI (34) boot: efuse block revision: v1.3[0m
[0;32mI (38) boot.esp32s3: Boot SPI Speed : 80MHz[0m
[0;32mI (42) boot.esp32s3: SPI Mode       : DIO[0m
[0;32mI (45) boot.esp32s3: SPI Flash Size : 2MB[0m
[0;32mI (49) boot: Enabling RNG early entropy source...[0m
[0;32mI (54) boot: Partition Table:[0m
[0;32mI (56) boot: ## Label            Usage          Type ST Offset   Length[0m
[0;32mI (63) boot:  0 nvs              WiFi data        01 02 00009000 00006000[0m
[0;32mI (69) boot:  1 phy_init         RF data          01 01 0000f000 00001000[0m
[0;32mI (76) boot:  2 factory          factory app      00 00 00010000 00100000[0m
[0;32mI (82) boot: End of partition table[0m
[0;32mI (85) esp_image: segment 0: paddr=00010020 vaddr=3c020020 size=0b3f0h ( 46064) map[0m
[0;32mI (101) esp_image: segment 1: paddr=0001b418 vaddr=3fc93300 size=02a50h ( 10832) load[0m
[0;32mI (103) esp_image: segment 2: paddr=0001de70 vaddr=40374000 size=021a8h (  8616) load[0m
[0;32mI (110) esp_image: segment 3: paddr=00020020 vaddr=42000020 size=18ee8h (102120) map[0m
[0;32mI (133) esp_image: segment 4: paddr=00038f10 vaddr=403761a8 size=0d124h ( 53540) load[0m
[0;32mI (145) esp_image: segment 5: paddr=0004603c vaddr=600fe100 size=0001ch (    28) load[0m
[0;32mI (151) boot: Loaded app from partition at offset 0x10000[0m
[0;32mI (151) boot: Disabling RNG early entropy source...[0m
[0;32mI (163) cpu_start: Multicore app[0m
[0;32mI (172) cpu_start: Pro cpu start user code[0m
[0;32mI (172) cpu_start: cpu freq: 160000000 Hz[0m
[0;32mI (172) app_init: Application information:[0m
[0;32mI (172) app_init: Project name:     i2c1.0_slave[0m
[0;32mI (176) app_init: App version:      v5.4[0m
[0;32mI (180) app_init: Compile time:     Mar 16 2025 15:02:37[0m
[0;32mI (185) app_init: ELF file SHA256:  2325d6a0b...[0m
[0;32mI (189) app_init: ESP-IDF:          v5.4[0m
[0;32mI (193) efuse_init: Min chip rev:     v0.0[0m
[0;32mI (197) efuse_init: Max chip rev:     v0.99 [0m
[0;32mI (201) efuse_init: Chip rev:         v0.2[0m
[0;32mI (205) heap_init: Initializing. RAM available for dynamic allocation:[0m
[0;32mI (211) heap_init: At 3FC96630 len 000530E0 (332 KiB): RAM[0m
[0;32mI (216) heap_init: At 3FCE9710 len 00005724 (21 KiB): RAM[0m
[0;32mI (221) heap_init: At 3FCF0000 len 00008000 (32 KiB): DRAM[0m
[0;32mI (227) heap_init: At 600FE11C len 00001ECC (7 KiB): RTCRAM[0m
[0;32mI (233) spi_flash: detected chip: boya[0m
[0;32mI (235) spi_flash: flash io: dio[0m
[0;33mW (238) spi_flash: Detected size(16384k) larger than the size in the binary image header(2048k). Using the size in the binary image header.[0m
[0;32mI (251) sleep_gpio: Configure to isolate all GPIO pins in sleep state[0m
[0;32mI (257) sleep_gpio: Enable automatic switching of GPIO sleep configuration[0m
[0;32mI (264) main_task: Started on CPU0[0m
[0;32mI (284) main_task: Calling app_main()[0m
[1;31mE (284) i2c.slave: i2c_new_slave_device(195): invalid SCL speed[0m
ESP_ERROR_CHECK failed: esp_err_t 0x102 (ESP_ERR_INVALID_ARG) at 0x420095d7
file: "/IDF/Project_Code/I2C_code/i2c1.0_slave/main/i2c1.0_slave.c" line 43
func: app_main
expression: i2c_new_slave_device(& slv_config, &slave_handle)

abort() was called at PC 0x4037ab1b on core 0


Backtrace: 0x40375b7d:0x3fc98db0 0x4037ab25:0x3fc98dd0 0x4038120d:0x3fc98df0 0x4037ab1b:0x3fc98e60 0x420095d7:0x3fc98e90 0x4201873b:0x3fc98f10 0x4037b55d:0x3fc98f40




ELF file SHA256: 2325d6a0b

Rebooting...
ï¿½ï¿½ï¿½ESP-ROM:esp32s3-20210327
Build:Mar 27 2021
rst:0xc (RTC_SW_CPU_RST),boot:0x29 (SPI_FAST_FLASH_BOOT)
Saved PC:0x40375abc
SPIWP:0xee
mode:DIO, clock div:1
load:0x3fce2810,len:0x15a0
load:0x403c8700,len:0x4
load:0x403c8704,len:0xd20
load:0x403cb700,len:0x2ee4
entry 0x403c8928
[0;32mI (31) boot: ESP-IDF v5.4 2nd stage bootloader[0m
[0;32mI (31) boot: compile time Mar 16 2025 15:05:51[0m
[0;32mI (31) boot: Multicore bootloader[0m
[0;32mI (32) boot: chip revision: v0.2[0m
[0;32mI (34) boot: efuse block revision: v1.3[0m
[0;32mI (38) boot.esp32s3: Boot SPI Speed : 80MHz[0m
[0;32mI (42) boot.esp32s3: SPI Mode       : DIO[0m
[0;32mI (45) boot.esp32s3: SPI Flash Size : 2MB[0m
[0;32mI (49) boot: Enabling RNG early entropy source...[0m
[0;32mI (54) boot: Partition Table:[0m
[0;32mI (56) boot: ## Label            Usage          Type ST Offset   Length[0m
[0;32mI (63) boot:  0 nvs              WiFi data        01 02 00009000 00006000[0m
[0;32mI (69) boot:  1 phy_init         RF data          01 01 0000f000 00001000[0m
[0;32mI (76) boot:  2 factory          factory app      00 00 00010000 00100000[0m
[0;32mI (82) boot: End of partition table[0m
[0;32mI (85) esp_image: segment 0: paddr=00010020 vaddr=3c020020 size=0b3f0h ( 46064) map[0m
[0;32mI (101) esp_image: segment 1: paddr=0001b418 vaddr=3fc93300 size=02a50h ( 10832) load[0m
[0;32mI (103) esp_image: segment 2: paddr=0001de70 vaddr=40374000 size=021a8h (  8616) load[0m
[0;32mI (110) esp_image: segment 3: paddr=00020020 vaddr=42000020 size=18ee8h (102120) map[0m
[0;32mI (133) esp_image: segment 4: paddr=00038f10 vaddr=403761a8 size=0d124h ( 53540) load[0m
[0;32mI (145) esp_image: segment 5: paddr=0004603c vaddr=600fe100 size=0001ch (    28) load[0m
[0;32mI (151) boot: Loaded app from partition at offset 0x10000[0m
[0;32mI (151) boot: Disabling RNG early entropy source...[0m
[0;32mI (163) cpu_start: Multicore app[0m
[0;32mI (172) cpu_start: Pro cpu start user code[0m
[0;32mI (172) cpu_start: cpu freq: 160000000 Hz[0m
[0;32mI (172) app_init: Application information:[0m
[0;32mI (172) app_init: Project name:     i2c1.0_slave[0m
[0;32mI (176) app_init: App version:      v5.4[0m
[0;32mI (180) app_init: Compile time:     Mar 16 2025 15:02:37[0m
[0;32mI (185) app_init: ELF file SHA256:  2325d6a0b...[0m
[0;32mI (189) app_init: ESP-IDF:          v5.4[0m
[0;32mI (193) efuse_init: Min chip rev:     v0.0[0m
[0;32mI (197) efuse_init: Max chip rev:     v0.99 [0m
[0;32mI (201) efuse_init: Chip rev:         v0.2[0m
[0;32mI (205) heap_init: Initializing. RAM available for dynamic allocation:[0m
[0;32mI (211) heap_init: At 3FC96630 len 000530E0 (332 KiB): RAM[0m
[0;32mI (216) heap_init: At 3FCE9710 len 00005724 (21 KiB): RAM[0m
[0;32mI (221) heap_init: At 3FCF0000 len 00008000 (32 KiB): DRAM[0m
[0;32mI (227) heap_init: At 600FE11C len 00001ECC (7 KiB): RTCRAM[0m
[0;32mI (233) spi_flash: detected chip: boya[0m
[0;32mI (235) spi_flash: flash io: dio[0m
[0;33mW (238) spi_flash: Detected size(16384k) larger than the size in the binary image header(2048k). Using the size in the binary image header.[0m
[0;32mI (251) sleep_gpio: Configure to isolate all GPIO pins in sleep state[0m
[0;32mI (257) sleep_gpio: Enable automatic switching of GPIO sleep configuration[0m
[0;32mI (264) main_task: Started on CPU0[0m
[0;32mI (284) main_task: Calling app_main()[0m
[1;31mE (284) i2c.slave: i2c_new_slave_device(195): invalid SCL speed[0m
ESP_ERROR_CHECK failed: esp_err_t 0x102 (ESP_ERR_INVALID_ARG) at 0x420095d7
file: "/IDF/Project_Code/I2C_code/i2c1.0_slave/main/i2c1.0_slave.c" line 43
func: app_main
expression: i2c_new_slave_device(& slv_config, &slave_handle)

abort() was called at PC 0x4037ab1b on core 0


Backtrace: 0x40375b7d:0x3fc98db0 0x4037ab25:0x3fc98dd0 0x4038120d:0x3fc98df0 0x4037ab1b:0x3fc98e60 0x420095d7:0x3fc98e90 0x4201873b:0x3fc98f10 0x4037b55d:0x3fc98f40




ELF file SHA256: 2325d6a0b

Rebooting...
ï¿½ï¿½ï¿½ESP-ROM:esp32s3-20210327
Build:Mar 27 2021
rst:0xc (RTC_SW_CPU_RST),boot:0x29 (SPI_FAST_FLASH_BOOT)
Saved PC:0x40375abc
SPIWP:0xee
mode:DIO, clock div:1
load:0x3fce2810,len:0x15a0
load:0x403c8700,len:0x4
load:0x403c8704,len:0xd20
load:0x403cb700,len:0x2ee4
entry 0x403c8928
[0;32mI (31) boot: ESP-IDF v5.4 2nd stage bootloader[0m
[0;32mI (31) boot: compile time Mar 16 2025 15:05:51[0m
[0;32mI (31) boot: Multicore bootloader[0m
[0;32mI (32) boot: chip revision: v0.2[0m
[0;32mI (34) boot: efuse block revision: v1.3[0m
[0;32mI (38) boot.esp32s3: Boot SPI Speed : 80MHz[0m
[0;32mI (42) boot.esp32s3: SPI Mode       : DIO[0m
[0;32mI (45) boot.esp32s3: SPI Flash Size : 2MB[0m
[0;32mI (49) boot: Enabling RNG early entropy source...[0m
[0;32mI (54) boot: Partition Table:[0m
[0;32mI (56) boot: ## Label            Usage          Type ST Offset   Length[0m
[0;32mI (63) boot:  0 nvs              WiFi data        01 02 00009000 00006000[0m
[0;32mI (69) boot:  1 phy_init         RF data          01 01 0000f000 00001000[0m
[0;32mI (76) boot:  2 factory          factory app      00 00 00010000 00100000[0m
[0;32mI (82) boot: End of partition table[0m
[0;32mI (85) esp_image: segment 0: paddr=00010020 vaddr=3c020020 size=0b3f0h ( 46064) map[0m
[0;32mI (101) esp_image: segment 1: paddr=0001b418 vaddr=3fc93300 size=02a50h ( 10832) load[0m
[0;32mI (103) esp_image: segment 2: paddr=0001de70 vaddr=40374000 size=021a8h (  8616) load[0m
[0;32mI (110) esp_image: segment 3: paddr=00020020 vaddr=42000020 size=18ee8h (102120) map[0m
[0;32mI (133) esp_image: segment 4: paddr=00038f10 vaddr=403761a8 size=0d124h ( 53540) load[0m
[0;32mI (145) esp_image: segment 5: paddr=0004603c vaddr=600fe100 size=0001ch (    28) load[0m
[0;32mI (151) boot: Loaded app from partition at offset 0x10000[0m
[0;32mI (151) boot: Disabling RNG early entropy source...[0m
[0;32mI (163) cpu_start: Multicore app[0m
[0;32mI (172) cpu_start: Pro cpu start user code[0m
[0;32mI (172) cpu_start: cpu freq: 160000000 Hz[0m
[0;32mI (172) app_init: Application information:[0m
[0;32mI (172) app_init: Project name:     i2c1.0_slave[0m
[0;32mI (176) app_init: App version:      v5.4[0m
[0;32mI (180) app_init: Compile time:     Mar 16 2025 15:02:37[0m
[0;32mI (185) app_init: ELF file SHA256:  2325d6a0b...[0m
[0;32mI (189) app_init: ESP-IDF:          v5.4[0m
[0;32mI (193) efuse_init: Min chip rev:     v0.0[0m
[0;32mI (197) efuse_init: Max chip rev:     v0.99 [0m
[0;32mI (201) efuse_init: Chip rev:         v0.2[0m
[0;32mI (205) heap_init: Initializing. RAM available for dynamic allocation:[0m
[0;32mI (211) heap_init: At 3FC96630 len 000530E0 (332 KiB): RAM[0m
[0;32mI (216) heap_init: At 3FCE9710 len 00005724 (21 KiB): RAM[0m
[0;32mI (221) heap_init: At 3FCF0000 len 00008000 (32 KiB): DRAM[0m
[0;32mI (227) heap_init: At 600FE11C len 00001ECC (7 KiB): RTCRAM[0m
[0;32mI (233) spi_flash: detected chip: boya[0m
[0;32mI (235) spi_flash: flash io: dio[0m
[0;33mW (238) spi_flash: Detected size(16384k) larger than the size in the binary image header(2048k). Using the size in the binary image header.[0m
[0;32mI (251) sleep_gpio: Configure to isolate all GPIO pins in sleep state[0m
[0;32mI (257) sleep_gpio: Enable automatic switching of GPIO sleep configuration[0m
[0;32mI (264) main_task: Started on CPU0[0m
[0;32mI (284) main_task: Calling app_main()[0m
[1;31mE (284) i2c.slave: i2c_new_slave_device(195): invalid SCL speed[0m
ESP_ERROR_CHECK failed: esp_err_t 0x102 (ESP_ERR_INVALID_ARG) at 0x420095d7
file: "/IDF/Project_Code/I2C_code/i2c1.0_slave/main/i2c1.0_slave.c" line 43
func: app_main
expression: i2c_new_slave_device(& slv_config, &slave_handle)

abort() was called at PC 0x4037ab1b on core 0


Backtrace: 0x40375b7d:0x3fc98db0 0x4037ab25:0x3fc98dd0 0x4038120d:0x3fc98df0 0x4037ab1b:0x3fc98e60 0x420095d7:0x3fc98e90 0x4201873b:0x3fc98f10 0x4037b55d:0x3fc98f40




ELF file SHA256: 2325d6a0b

Rebooting...
ï¿½ï¿½ï¿½ESP-ROM:esp32s3-20210327
Build:Mar 27 2021
rst:0xc (RTC_SW_CPU_RST),boot:0x29 (SPI_FAST_FLASH_BOOT)
Saved PC:0x40375abc
SPIWP:0xee
mode:DIO, clock div:1
load:0x3fce2810,len:0x15a0
load:0x403c8700,len:0x4
load:0x403c8704,len:0xd20
load:0x403cb700,len:0x2ee4
entry 0x403c8928
[0;32mI (31) boot: ESP-IDF v5.4 2nd stage bootloader[0m
[0;32mI (31) boot: compile time Mar 16 2025 15:05:51[0m
[0;32mI (31) boot: Multicore bootloader[0m
[0;32mI (32) boot: chip revision: v0.2[0m
[0;32mI (34) boot: efuse block revision: v1.3[0m
[0;32mI (38) boot.esp32s3: Boot SPI Speed : 80MHz[0m
[0;32mI (42) boot.esp32s3: SPI Mode       : DIO[0m
[0;32mI (45) boot.esp32s3: SPI Flash Size : 2MB[0m
[0;32mI (49) boot: Enabling RNG early entropy source...[0m
[0;32mI (54) boot: Partition Table:[0m
[0;32mI (56) boot: ## Label            Usage          Type ST Offset   Length[0m
[0;32mI (63) boot:  0 nvs              WiFi data        01 02 00009000 00006000[0m
[0;32mI (69) boot:  1 phy_init         RF data          01 01 0000f000 00001000[0m
[0;32mI (76) boot:  2 factory          factory app      00 00 00010000 00100000[0m
[0;32mI (82) boot: End of partition table[0m
[0;32mI (85) esp_image: segment 0: paddr=00010020 vaddr=3c020020 size=0b3f0h ( 46064) map[0m
[0;32mI (101) esp_image: segment 1: paddr=0001b418 vaddr=3fc93300 size=02a50h ( 10832) load[0m
[0;32mI (103) esp_image: segment 2: paddr=0001de70 vaddr=40374000 size=021a8h (  8616) load[0m
[0;32mI (110) esp_image: segment 3: paddr=00020020 vaddr=42000020 size=18ee8h (102120) map[0m
[0;32mI (133) esp_image: segment 4: paddr=00038f10 vaddr=403761a8 size=0d124h ( 53540) load[0m
[0;32mI (145) esp_image: segment 5: paddr=0004603c vaddr=600fe100 size=0001ch (    28) load[0m
[0;32mI (151) boot: Loaded app from partition at offset 0x10000[0m
[0;32mI (151) boot: Disabling RNG early entropy source...[0m
[0;32mI (163) cpu_start: Multicore app[0m
[0;32mI (172) cpu_start: Pro cpu start user code[0m
[0;32mI (172) cpu_start: cpu freq: 160000000 Hz[0m
[0;32mI (172) app_init: Application information:[0m
[0;32mI (172) app_init: Project name:     i2c1.0_slave[0m
[0;32mI (176) app_init: App version:      v5.4[0m
[0;32mI (180) app_init: Compile time:     Mar 16 2025 15:02:37[0m
[0;32mI (185) app_init: ELF file SHA256:  2325d6a0b...[0m
[0;32mI (189) app_init: ESP-IDF:          v5.4[0m
[0;32mI (193) efuse_init: Min chip rev:     v0.0[0m
[0;32mI (197) efuse_init: Max chip rev:     v0.99 [0m
[0;32mI (201) efuse_init: Chip rev:         v0.2[0m
[0;32mI (205) heap_init: Initializing. RAM available for dynamic allocation:[0m
[0;32mI (211) heap_init: At 3FC96630 len 000530E0 (332 KiB): RAM[0m
[0;32mI (216) heap_init: At 3FCE9710 len 00005724 (21 KiB): RAM[0m
[0;32mI (221) heap_init: At 3FCF0000 len 00008000 (32 KiB): DRAM[0m
[0;32mI (227) heap_init: At 600FE11C len 00001ECC (7 KiB): RTCRAM[0m
[0;32mI (233) spi_flash: detected chip: boya[0m
[0;32mI (235) spi_flash: flash io: dio[0m
[0;33mW (238) spi_flash: Detected size(16384k) larger than the size in the binary image header(2048k). Using the size in the binary image header.[0m
[0;32mI (251) sleep_gpio: Configure to isolate all GPIO pins in sleep state[0m
[0;32mI (257) sleep_gpio: Enable automatic switching of GPIO sleep configuration[0m
[0;32mI (264) main_task: Started on CPU0[0m
[0;32mI (284) main_task: Calling app_main()[0m
[1;31mE (284) i2c.slave: i2c_new_slave_device(195): invalid SCL speed[0m
ESP_ERROR_CHECK failed: esp_err_t 0x102 (ESP_ERR_INVALID_ARG) at 0x420095d7
file: "/IDF/Project_Code/I2C_code/i2c1.0_slave/main/i2c1.0_slave.c" line 43
func: app_main
expression: i2c_new_slave_device(& slv_config, &slave_handle)

abort() was called at PC 0x4037ab1b on core 0


Backtrace: 0x40375b7d:0x3fc98db0 0x4037ab25:0x3fc98dd0 0x4038120d:0x3fc98df0 0x4037ab1b:0x3fc98e60 0x420095d7:0x3fc98e90 0x4201873b:0x3fc98f10 0x4037b55d:0x3fc98f40




ELF file SHA256: 2325d6a0b

Rebooting...
ï¿½ï¿½ï¿½ESP-ROM:esp32s3-20210327
Build:Mar 27 2021
rst:0xc (RTC_SW_CPU_RST),boot:0x29 (SPI_FAST_FLASH_BOOT)
Saved PC:0x40375abc
SPIWP:0xee
mode:DIO, clock div:1
load:0x3fce2810,len:0x15a0
load:0x403c8700,len:0x4
load:0x403c8704,len:0xd20
load:0x403cb700,len:0x2ee4
entry 0x403c8928
[0;32mI (31) boot: ESP-IDF v5.4 2nd stage bootloader[0m
[0;32mI (31) boot: compile time Mar 16 2025 15:05:51[0m
[0;32mI (31) boot: Multicore bootloader[0m
[0;32mI (32) boot: chip revision: v0.2[0m
[0;32mI (34) boot: efuse block revision: v1.3[0m
[0;32mI (38) boot.esp32s3: Boot SPI Speed : 80MHz[0m
[0;32mI (42) boot.esp32s3: SPI Mode       : DIO[0m
[0;32mI (45) boot.esp32s3: SPI Flash Size : 2MB[0m
[0;32mI (49) boot: Enabling RNG early entropy source...[0m
[0;32mI (54) boot: Partition Table:[0m
[0;32mI (56) boot: ## Label            Usage          Type ST Offset   Length[0m
[0;32mI (63) boot:  0 nvs              WiFi data        01 02 00009000 00006000[0m
[0;32mI (69) boot:  1 phy_init         RF data          01 01 0000f000 00001000[0m
[0;32mI (76) boot:  2 factory          factory app      00 00 00010000 00100000[0m
[0;32mI (82) boot: End of partition table[0m
[0;32mI (85) esp_image: segment 0: paddr=00010020 vaddr=3c020020 size=0b3f0h ( 46064) map[0m
[0;32mI (101) esp_image: segment 1: paddr=0001b418 vaddr=3fc93300 size=02a50h ( 10832) load[0m
[0;32mI (103) esp_image: segment 2: paddr=0001de70 vaddr=40374000 size=021a8h (  8616) load[0m
[0;32mI (110) esp_image: segment 3: paddr=00020020 vaddr=42000020 size=18ee8h (102120) map[0m
[0;32mI (133) esp_image: segment 4: paddr=00038f10 vaddr=403761a8 size=0d124h ( 53540) load[0m
[0;32mI (145) esp_image: segment 5: paddr=0004603c vaddr=600fe100 size=0001ch (    28) load[0m
[0;32mI (151) boot: Loaded app from partition at offset 0x10000[0m
[0;32mI (151) boot: Disabling RNG early entropy source...[0m
[0;32mI (163) cpu_start: Multicore app[0m
[0;32mI (172) cpu_start: Pro cpu start user code[0m
[0;32mI (172) cpu_start: cpu freq: 160000000 Hz[0m
[0;32mI (172) app_init: Application information:[0m
[0;32mI (172) app_init: Project name:     i2c1.0_slave[0m
[0;32mI (176) app_init: App version:      v5.4[0m
[0;32mI (180) app_init: Compile time:     Mar 16 2025 15:02:37[0m
[0;32mI (185) app_init: ELF file SHA256:  2325d6a0b...[0m
[0;32mI (189) app_init: ESP-IDF:          v5.4[0m
[0;32mI (193) efuse_init: Min chip rev:     v0.0[0m
[0;32mI (197) efuse_init: Max chip rev:     v0.99 [0m
[0;32mI (201) efuse_init: Chip rev:         v0.2[0m
[0;32mI (205) heap_init: Initializing. RAM available for dynamic allocation:[0m
[0;32mI (211) heap_init: At 3FC96630 len 000530E0 (332 KiB): RAM[0m
[0;32mI (216) heap_init: At 3FCE9710 len 00005724 (21 KiB): RAM[0m
[0;32mI (221) heap_init: At 3FCF0000 len 00008000 (32 KiB): DRAM[0m
[0;32mI (227) heap_init: At 600FE11C len 00001ECC (7 KiB): RTCRAM[0m
[0;32mI (233) spi_flash: detected chip: boya[0m
[0;32mI (235) spi_flash: flash io: dio[0m
[0;33mW (238) spi_flash: Detected size(16384k) larger than the size in the binary image header(2048k). Using the size in the binary image header.[0m
[0;32mI (251) sleep_gpio: Configure to isolate all GPIO pins in sleep state[0m
[0;32mI (257) sleep_gpio: Enable automatic switching of GPIO sleep configuration[0m
[0;32mI (264) main_task: Started on CPU0[0m
[0;32mI (284) main_task: Calling app_main()[0m
[1;31mE (284) i2c.slave: i2c_new_slave_device(195): invalid SCL speed[0m
ESP_ERROR_CHECK failed: esp_err_t 0x102 (ESP_ERR_INVALID_ARG) at 0x420095d7
file: "/IDF/Project_Code/I2C_code/i2c1.0_slave/main/i2c1.0_slave.c" line 43
func: app_main
expression: i2c_new_slave_device(& slv_config, &slave_handle)

abort() was called at PC 0x4037ab1b on core 0


Backtrace: 0x40375b7d:0x3fc98db0 0x4037ab25:0x3fc98dd0 0x4038120d:0x3fc98df0 0x4037ab1b:0x3fc98e60 0x420095d7:0x3fc98e90 0x4201873b:0x3fc98f10 0x4037b55d:0x3fc98f40




ELF file SHA256: 2325d6a0b

Rebooting...
ï¿½ï¿½ï¿½ESP-ROM:esp32s3-20210327
Build:Mar 27 2021
rst:0xc (RTC_SW_CPU_RST),boot:0x29 (SPI_FAST_FLASH_BOOT)
Saved PC:0x40375abc
SPIWP:0xee
mode:DIO, clock div:1
load:0x3fce2810,len:0x15a0
load:0x403c8700,len:0x4
load:0x403c8704,len:0xd20
load:0x403cb700,len:0x2ee4
entry 0x403c8928
[0;32mI (31) boot: ESP-IDF v5.4 2nd stage bootloader[0m
[0;32mI (31) boot: compile time Mar 16 2025 15:05:51[0m
[0;32mI (31) boot: Multicore bootloader[0m
[0;32mI (32) boot: chip revision: v0.2[0m
[0;32mI (34) boot: efuse block revision: v1.3[0m
[0;32mI (38) boot.esp32s3: Boot SPI Speed : 80MHz[0m
[0;32mI (42) boot.esp32s3: SPI Mode       : DIO[0m
[0;32mI (45) boot.esp32s3: SPI Flash Size : 2MB[0m
[0;32mI (49) boot: Enabling RNG early entropy source...[0m
[0;32mI (54) boot: Partition Table:[0m
[0;32mI (56) boot: ## Label            Usage          Type ST Offset   Length[0m
[0;32mI (63) boot:  0 nvs              WiFi data        01 02 00009000 00006000[0m
[0;32mI (69) boot:  1 phy_init         RF data          01 01 0000f000 00001000[0m
[0;32mI (76) boot:  2 factory          factory app      00 00 00010000 00100000[0m
[0;32mI (82) boot: End of partition table[0m
[0;32mI (85) esp_image: segment 0: paddr=00010020 vaddr=3c020020 size=0b3f0h ( 46064) map[0m
[0;32mI (101) esp_image: segment 1: paddr=0001b418 vaddr=3fc93300 size=02a50h ( 10832) load[0m
[0;32mI (103) esp_image: segment 2: paddr=0001de70 vaddr=40374000 size=021a8h (  8616) load[0m
[0;32mI (110) esp_image: segment 3: paddr=00020020 vaddr=42000020 size=18ee8h (102120) map[0m
[0;32mI (133) esp_image: segment 4: paddr=00038f10 vaddr=403761a8 size=0d124h ( 53540) load[0m
[0;32mI (145) esp_image: segment 5: paddr=0004603c vaddr=600fe100 size=0001ch (    28) load[0m
[0;32mI (151) boot: Loaded app from partition at offset 0x10000[0m
[0;32mI (151) boot: Disabling RNG early entropy source...[0m
[0;32mI (163) cpu_start: Multicore app[0m
[0;32mI (172) cpu_start: Pro cpu start user code[0m
[0;32mI (172) cpu_start: cpu freq: 160000000 Hz[0m
[0;32mI (172) app_init: Application information:[0m
[0;32mI (172) app_init: Project name:     i2c1.0_slave[0m
[0;32mI (176) app_init: App version:      v5.4[0m
[0;32mI (180) app_init: Compile time:     Mar 16 2025 15:02:37[0m
[0;32mI (185) app_init: ELF file SHA256:  2325d6a0b...[0m
[0;32mI (189) app_init: ESP-IDF:          v5.4[0m
[0;32mI (193) efuse_init: Min chip rev:     v0.0[0m
[0;32mI (197) efuse_init: Max chip rev:     v0.99 [0m
[0;32mI (201) efuse_init: Chip rev:         v0.2[0m
[0;32mI (205) heap_init: Initializing. RAM available for dynamic allocation:[0m
[0;32mI (211) heap_init: At 3FC96630 len 000530E0 (332 KiB): RAM[0m
[0;32mI (216) heap_init: At 3FCE9710 len 00005724 (21 KiB): RAM[0m
[0;32mI (221) heap_init: At 3FCF0000 len 00008000 (32 KiB): DRAM[0m
[0;32mI (227) heap_init: At 600FE11C len 00001ECC (7 KiB): RTCRAM[0m
[0;32mI (233) spi_flash: detected chip: boya[0m
[0;32mI (235) spi_flash: flash io: dio[0m
[0;33mW (238) spi_flash: Detected size(16384k) larger than the size in the binary image header(2048k). Using the size in the binary image header.[0m
[0;32mI (251) sleep_gpio: Configure to isolate all GPIO pins in sleep state[0m
[0;32mI (257) sleep_gpio: Enable automatic switching of GPIO sleep configuration[0m
[0;32mI (264) main_task: Started on CPU0[0m
[0;32mI (284) main_task: Calling app_main()[0m
[1;31mE (284) i2c.slave: i2c_new_slave_device(195): invalid SCL speed[0m
ESP_ERROR_CHECK failed: esp_err_t 0x102 (ESP_ERR_INVALID_ARG) at 0x420095d7
file: "/IDF/Project_Code/I2C_code/i2c1.0_slave/main/i2c1.0_slave.c" line 43
func: app_main
expression: i2c_new_slave_device(& slv_config, &slave_handle)

abort() was called at PC 0x4037ab1b on core 0


Backtrace: 0x40375b7d:0x3fc98db0 0x4037ab25:0x3fc98dd0 0x4038120d:0x3fc98df0 0x4037ab1b:0x3fc98e60 0x420095d7:0x3fc98e90 0x4201873b:0x3fc98f10 0x4037b55d:0x3fc98f40




ELF file SHA256: 2325d6a0b

Rebooting...
ï¿½ï¿½ï¿½ESP-ROM:esp32s3-20210327
Build:Mar 27 2021
rst:0xc (RTC_SW_CPU_RST),boot:0x29 (SPI_FAST_FLASH_BOOT)
Saved PC:0x40375abc
SPIWP:0xee
mode:DIO, clock div:1
load:0x3fce2810,len:0x15a0
load:0x403c8700,len:0x4
load:0x403c8704,len:0xd20
load:0x403cb700,len:0x2ee4
entry 0x403c8928
[0;32mI (31) boot: ESP-IDF v5.4 2nd stage bootloader[0m
[0;32mI (31) boot: compile time Mar 16 2025 15:05:51[0m
[0;32mI (31) boot: Multicore bootloader[0m
[0;32mI (32) boot: chip revision: v0.2[0m
[0;32mI (34) boot: efuse block revision: v1.3[0m
[0;32mI (38) boot.esp32s3: Boot SPI Speed : 80MHz[0m
[0;32mI (42) boot.esp32s3: SPI Mode       : DIO[0m
[0;32mI (45) boot.esp32s3: SPI Flash Size : 2MB[0m
[0;32mI (49) boot: Enabling RNG early entropy source...[0m
[0;32mI (54) boot: Partition Table:[0m
[0;32mI (56) boot: ## Label            Usage          Type ST Offset   Length[0m
[0;32mI (63) boot:  0 nvs              WiFi data        01 02 00009000 00006000[0m
[0;32mI (69) boot:  1 phy_init         RF data          01 01 0000f000 00001000[0m
[0;32mI (76) boot:  2 factory          factory app      00 00 00010000 00100000[0m
[0;32mI (82) boot: End of partition table[0m
[0;32mI (85) esp_image: segment 0: paddr=00010020 vaddr=3c020020 size=0b3f0h ( 46064) map[0m
[0;32mI (101) esp_image: segment 1: paddr=0001b418 vaddr=3fc93300 size=02a50h ( 10832) load[0m
[0;32mI (103) esp_image: segment 2: paddr=0001de70 vaddr=40374000 size=021a8h (  8616) load[0m
[0;32mI (110) esp_image: segment 3: paddr=00020020 vaddr=42000020 size=18ee8h (102120) map[0m
[0;32mI (133) esp_image: segment 4: paddr=00038f10 vaddr=403761a8 size=0d124h ( 53540) load[0m
[0;32mI (145) esp_image: segment 5: paddr=0004603c vaddr=600fe100 size=0001ch (    28) load[0m
[0;32mI (151) boot: Loaded app from partition at offset 0x10000[0m
[0;32mI (151) boot: Disabling RNG early entropy source...[0m
[0;32mI (163) cpu_start: Multicore app[0m
[0;32mI (172) cpu_start: Pro cpu start user code[0m
[0;32mI (172) cpu_start: cpu freq: 160000000 Hz[0m
[0;32mI (172) app_init: Application information:[0m
[0;32mI (172) app_init: Project name:     i2c1.0_slave[0m
[0;32mI (176) app_init: App version:      v5.4[0m
[0;32mI (180) app_init: Compile time:     Mar 16 2025 15:02:37[0m
[0;32mI (185) app_init: ELF file SHA256:  2325d6a0b...[0m
[0;32mI (189) app_init: ESP-IDF:          v5.4[0m
[0;32mI (193) efuse_init: Min chip rev:     v0.0[0m
[0;32mI (197) efuse_init: Max chip rev:     v0.99 [0m
[0;32mI (201) efuse_init: Chip rev:         v0.2[0m
[0;32mI (205) heap_init: Initializing. RAM available for dynamic allocation:[0m
[0;32mI (211) heap_init: At 3FC96630 len 000530E0 (332 KiB): RAM[0m
[0;32mI (216) heap_init: At 3FCE9710 len 00005724 (21 KiB): RAM[0m
[0;32mI (221) heap_init: At 3FCF0000 len 00008000 (32 KiB): DRAM[0m
[0;32mI (227) heap_init: At 600FE11C len 00001ECC (7 KiB): RTCRAM[0m
[0;32mI (233) spi_flash: detected chip: boya[0m
[0;32mI (235) spi_flash: flash io: dio[0m
[0;33mW (238) spi_flash: Detected size(16384k) larger than the size in the binary image header(2048k). Using the size in the binary image header.[0m
[0;32mI (251) sleep_gpio: Configure to isolate all GPIO pins in sleep state[0m
[0;32mI (257) sleep_gpio: Enable automatic switching of GPIO sleep configuration[0m
[0;32mI (264) main_task: Started on CPU0[0m
[0;32mI (284) main_task: Calling app_main()[0m
[1;31mE (284) i2c.slave: i2c_new_slave_device(195): invalid SCL speed[0m
ESP_ERROR_CHECK failed: esp_err_t 0x102 (ESP_ERR_INVALID_ARG) at 0x420095d7
file: "/IDF/Project_Code/I2C_code/i2c1.0_slave/main/i2c1.0_slave.c" line 43
func: app_main
expression: i2c_new_slave_device(& slv_config, &slave_handle)

abort() was called at PC 0x4037ab1b on core 0


Backtrace: 0x40375b7d:0x3fc98db0 0x4037ab25:0x3fc98dd0 0x4038120d:0x3fc98df0 0x4037ab1b:0x3fc98e60 0x420095d7:0x3fc98e90 0x4201873b:0x3fc98f10 0x4037b55d:0x3fc98f40




ELF file SHA256: 2325d6a0b

Rebooting...
ï¿½ï¿½ï¿½ESP-ROM:esp32s3-20210327
Build:Mar 27 2021
rst:0xc (RTC_SW_CPU_RST),boot:0x29 (SPI_FAST_FLASH_BOOT)
Saved PC:0x40375abc
SPIWP:0xee
mode:DIO, clock div:1
load:0x3fce2810,len:0x15a0
load:0x403c8700,len:0x4
load:0x403c8704,len:0xd20
load:0x403cb700,len:0x2ee4
entry 0x403c8928
[0;32mI (31) boot: ESP-IDF v5.4 2nd stage bootloader[0m
[0;32mI (31) boot: compile time Mar 16 2025 15:05:51[0m
[0;32mI (31) boot: Multicore bootloader[0m
[0;32mI (32) boot: chip revision: v0.2[0m
[0;32mI (34) boot: efuse block revision: v1.3[0m
[0;32mI (38) boot.esp32s3: Boot SPI Speed : 80MHz[0m
[0;32mI (42) boot.esp32s3: SPI Mode       : DIO[0m
[0;32mI (45) boot.esp32s3: SPI Flash Size : 2MB[0m
[0;32mI (49) boot: Enabling RNG early entropy source...[0m
[0;32mI (54) boot: Partition Table:[0m
[0;32mI (56) boot: ## Label            Usage          Type ST Offset   Length[0m
[0;32mI (63) boot:  0 nvs              WiFi data        01 02 00009000 00006000[0m
[0;32mI (69) boot:  1 phy_init         RF data          01 01 0000f000 00001000[0m
[0;32mI (76) boot:  2 factory          factory app      00 00 00010000 00100000[0m
[0;32mI (82) boot: End of partition table[0m
[0;32mI (85) esp_image: segment 0: paddr=00010020 vaddr=3c020020 size=0b3f0h ( 46064) map[0m
[0;32mI (101) esp_image: segment 1: paddr=0001b418 vaddr=3fc93300 size=02a50h ( 10832) load[0m
[0;32mI (103) esp_image: segment 2: paddr=0001de70 vaddr=40374000 size=021a8h (  8616) load[0m
[0;32mI (110) esp_image: segment 3: paddr=00020020 vaddr=42000020 size=18ee8h (102120) map[0m
[0;32mI (133) esp_image: segment 4: paddr=00038f10 vaddr=403761a8 size=0d124h ( 53540) load[0m
[0;32mI (145) esp_image: segment 5: paddr=0004603c vaddr=600fe100 size=0001ch (    28) load[0m
[0;32mI (151) boot: Loaded app from partition at offset 0x10000[0m
[0;32mI (151) boot: Disabling RNG early entropy source...[0m
[0;32mI (163) cpu_start: Multicore app[0m
[0;32mI (172) cpu_start: Pro cpu start user code[0m
[0;32mI (172) cpu_start: cpu freq: 160000000 Hz[0m
[0;32mI (172) app_init: Application information:[0m
[0;32mI (172) app_init: Project name:     i2c1.0_slave[0m
[0;32mI (176) app_init: App version:      v5.4[0m
[0;32mI (180) app_init: Compile time:     Mar 16 2025 15:02:37[0m
[0;32mI (185) app_init: ELF file SHA256:  2325d6a0b...[0m
[0;32mI (189) app_init: ESP-IDF:          v5.4[0m
[0;32mI (193) efuse_init: Min chip rev:     v0.0[0m
[0;32mI (197) efuse_init: Max chip rev:     v0.99 [0m
[0;32mI (201) efuse_init: Chip rev:         v0.2[0m
[0;32mI (205) heap_init: Initializing. RAM available for dynamic allocation:[0m
[0;32mI (211) heap_init: At 3FC96630 len 000530E0 (332 KiB): RAM[0m
[0;32mI (216) heap_init: At 3FCE9710 len 00005724 (21 KiB): RAM[0m
[0;32mI (221) heap_init: At 3FCF0000 len 00008000 (32 KiB): DRAM[0m
[0;32mI (227) heap_init: At 600FE11C len 00001ECC (7 KiB): RTCRAM[0m
[0;32mI (233) spi_flash: detected chip: boya[0m
[0;32mI (235) spi_flash: flash io: dio[0m
[0;33mW (238) spi_flash: Detected size(16384k) larger than the size in the binary image header(2048k). Using the size in the binary image header.[0m
[0;32mI (251) sleep_gpio: Configure to isolate all GPIO pins in sleep state[0m
[0;32mI (257) sleep_gpio: Enable automatic switching of GPIO sleep configuration[0m
[0;32mI (264) main_task: Started on CPU0[0m
[0;32mI (284) main_task: Calling app_main()[0m
[1;31mE (284) i2c.slave: i2c_new_slave_device(195): invalid SCL speed[0m
ESP_ERROR_CHECK failed: esp_err_t 0x102 (ESP_ERR_INVALID_ARG) at 0x420095d7
file: "/IDF/Project_Code/I2C_code/i2c1.0_slave/main/i2c1.0_slave.c" line 43
func: app_main
expression: i2c_new_slave_device(& slv_config, &slave_handle)

abort() was called at PC 0x4037ab1b on core 0


Backtrace: 0x40375b7d:0x3fc98db0 0x4037ab25:0x3fc98dd0 0x4038120d:0x3fc98df0 0x4037ab1b:0x3fc98e60 0x420095d7:0x3fc98e90 0x4201873b:0x3fc98f10 0x4037b55d:0x3fc98f40




ELF file SHA256: 2325d6a0b

Rebooting...
ï¿½ï¿½ï¿½ESP-ROM:esp32s3-20210327
Build:Mar 27 2021
rst:0xc (RTC_SW_CPU_RST),boot:0x29 (SPI_FAST_FLASH_BOOT)
Saved PC:0x40375abc
SPIWP:0xee
mode:DIO, clock div:1
load:0x3fce2810,len:0x15a0
load:0x403c8700,len:0x4
load:0x403c8704,len:0xd20
load:0x403cb700,len:0x2ee4
entry 0x403c8928
[0;32mI (31) boot: ESP-IDF v5.4 2nd stage bootloader[0m
[0;32mI (31) boot: compile time Mar 16 2025 15:05:51[0m
[0;32mI (31) boot: Multicore bootloader[0m
[0;32mI (32) boot: chip revision: v0.2[0m
[0;32mI (34) boot: efuse block revision: v1.3[0m
[0;32mI (38) boot.esp32s3: Boot SPI Speed : 80MHz[0m
[0;32mI (42) boot.esp32s3: SPI Mode       : DIO[0m
[0;32mI (45) boot.esp32s3: SPI Flash Size : 2MB[0m
[0;32mI (49) boot: Enabling RNG early entropy source...[0m
[0;32mI (54) boot: Partition Table:[0m
[0;32mI (56) boot: ## Label            Usage          Type ST Offset   Length[0m
[0;32mI (63) boot:  0 nvs              WiFi data        01 02 00009000 00006000[0m
[0;32mI (69) boot:  1 phy_init         RF data          01 01 0000f000 00001000[0m
[0;32mI (76) boot:  2 factory          factory app      00 00 00010000 00100000[0m
[0;32mI (82) boot: End of partition table[0m
[0;32mI (85) esp_image: segment 0: paddr=00010020 vaddr=3c020020 size=0b3f0h ( 46064) map[0m
[0;32mI (101) esp_image: segment 1: paddr=0001b418 vaddr=3fc93300 size=02a50h ( 10832) load[0m
[0;32mI (103) esp_image: segment 2: paddr=0001de70 vaddr=40374000 size=021a8h (  8616) load[0m
[0;32mI (110) esp_image: segment 3: paddr=00020020 vaddr=42000020 size=18ee8h (102120) map[0m
[0;32mI (133) esp_image: segment 4: paddr=00038f10 vaddr=403761a8 size=0d124h ( 53540) load[0m
[0;32mI (145) esp_image: segment 5: paddr=0004603c vaddr=600fe100 size=0001ch (    28) load[0m
[0;32mI (151) boot: Loaded app from partition at offset 0x10000[0m
[0;32mI (151) boot: Disabling RNG early entropy source...[0m
[0;32mI (163) cpu_start: Multicore app[0m
[0;32mI (172) cpu_start: Pro cpu start user code[0m
[0;32mI (172) cpu_start: cpu freq: 160000000 Hz[0m
[0;32mI (172) app_init: Application information:[0m
[0;32mI (172) app_init: Project name:     i2c1.0_slave[0m
[0;32mI (176) app_init: App version:      v5.4[0m
[0;32mI (180) app_init: Compile time:     Mar 16 2025 15:02:37[0m
[0;32mI (185) app_init: ELF file SHA256:  2325d6a0b...[0m
[0;32mI (189) app_init: ESP-IDF:          v5.4[0m
[0;32mI (193) efuse_init: Min chip rev:     v0.0[0m
[0;32mI (197) efuse_init: Max chip rev:     v0.99 [0m
[0;32mI (201) efuse_init: Chip rev:         v0.2[0m
[0;32mI (205) heap_init: Initializing. RAM available for dynamic allocation:[0m
[0;32mI (211) heap_init: At 3FC96630 len 000530E0 (332 KiB): RAM[0m
[0;32mI (216) heap_init: At 3FCE9710 len 00005724 (21 KiB): RAM[0m
[0;32mI (221) heap_init: At 3FCF0000 len 00008000 (32 KiB): DRAM[0m
[0;32mI (227) heap_init: At 600FE11C len 00001ECC (7 KiB): RTCRAM[0m
[0;32mI (233) spi_flash: detected chip: boya[0m
[0;32mI (235) spi_flash: flash io: dio[0m
[0;33mW (238) spi_flash: Detected size(16384k) larger than the size in the binary image header(2048k). Using the size in the binary image header.[0m
[0;32mI (251) sleep_gpio: Configure to isolate all GPIO pins in sleep state[0m
[0;32mI (257) sleep_gpio: Enable automatic switching of GPIO sleep configuration[0m
[0;32mI (264) main_task: Started on CPU0[0m
[0;32mI (284) main_task: Calling app_main()[0m
[1;31mE (284) i2c.slave: i2c_new_slave_device(195): invalid SCL speed[0m
ESP_ERROR_CHECK failed: esp_err_t 0x102 (ESP_ERR_INVALID_ARG) at 0x420095d7
file: "/IDF/Project_Code/I2C_code/i2c1.0_slave/main/i2c1.0_slave.c" line 43
func: app_main
expression: i2c_new_slave_device(& slv_config, &slave_handle)

abort() was called at PC 0x4037ab1b on core 0


Backtrace: 0x40375b7d:0x3fc98db0 0x4037ab25:0x3fc98dd0 0x4038120d:0x3fc98df0 0x4037ab1b:0x3fc98e60 0x420095d7:0x3fc98e90 0x4201873b:0x3fc98f10 0x4037b55d:0x3fc98f40




ELF file SHA256: 2325d6a0b

Rebooting...
ï¿½ï¿½ï¿½ESP-ROM:esp32s3-20210327
Build:Mar 27 2021
rst:0xc (RTC_SW_CPU_RST),boot:0x29 (SPI_FAST_FLASH_BOOT)
Saved PC:0x40375abc
SPIWP:0xee
mode:DIO, clock div:1
load:0x3fce2810,len:0x15a0
load:0x403c8700,len:0x4
load:0x403c8704,len:0xd20
load:0x403cb700,len:0x2ee4
entry 0x403c8928
[0;32mI (31) boot: ESP-IDF v5.4 2nd stage bootloader[0m
[0;32mI (31) boot: compile time Mar 16 2025 15:05:51[0m
[0;32mI (31) boot: Multicore bootloader[0m
[0;32mI (32) boot: chip revision: v0.2[0m
[0;32mI (34) boot: efuse block revision: v1.3[0m
[0;32mI (38) boot.esp32s3: Boot SPI Speed : 80MHz[0m
[0;32mI (42) boot.esp32s3: SPI Mode       : DIO[0m
[0;32mI (45) boot.esp32s3: SPI Flash Size : 2MB[0m
[0;32mI (49) boot: Enabling RNG early entropy source...[0m
[0;32mI (54) boot: Partition Table:[0m
[0;32mI (56) boot: ## Label            Usage          Type ST Offset   Length[0m
[0;32mI (63) boot:  0 nvs              WiFi data        01 02 00009000 00006000[0m
[0;32mI (69) boot:  1 phy_init         RF data          01 01 0000f000 00001000[0m
[0;32mI (76) boot:  2 factory          factory app      00 00 00010000 00100000[0m
[0;32mI (82) boot: End of partition table[0m
[0;32mI (85) esp_image: segment 0: paddr=00010020 vaddr=3c020020 size=0b3f0h ( 46064) map[0m
[0;32mI (101) esp_image: segment 1: paddr=0001b418 vaddr=3fc93300 size=02a50h ( 10832) load[0m
[0;32mI (103) esp_image: segment 2: paddr=0001de70 vaddr=40374000 size=021a8h (  8616) load[0m
[0;32mI (110) esp_image: segment 3: paddr=00020020 vaddr=42000020 size=18ee8h (102120) map[0m
[0;32mI (133) esp_image: segment 4: paddr=00038f10 vaddr=403761a8 size=0d124h ( 53540) load[0m
[0;32mI (145) esp_image: segment 5: paddr=0004603c vaddr=600fe100 size=0001ch (    28) load[0m
[0;32mI (151) boot: Loaded app from partition at offset 0x10000[0m
[0;32mI (151) boot: Disabling RNG early entropy source...[0m
[0;32mI (163) cpu_start: Multicore app[0m
[0;32mI (172) cpu_start: Pro cpu start user code[0m
[0;32mI (172) cpu_start: cpu freq: 160000000 Hz[0m
[0;32mI (172) app_init: Application information:[0m
[0;32mI (172) app_init: Project name:     i2c1.0_slave[0m
[0;32mI (176) app_init: App version:      v5.4[0m
[0;32mI (180) app_init: Compile time:     Mar 16 2025 15:02:37[0m
[0;32mI (185) app_init: ELF file SHA256:  2325d6a0b...[0m
[0;32mI (189) app_init: ESP-IDF:          v5.4[0m
[0;32mI (193) efuse_init: Min chip rev:     v0.0[0m
[0;32mI (197) efuse_init: Max chip rev:     v0.99 [0m
[0;32mI (201) efuse_init: Chip rev:         v0.2[0m
[0;32mI (205) heap_init: Initializing. RAM available for dynamic allocation:[0m
[0;32mI (211) heap_init: At 3FC96630 len 000530E0 (332 KiB): RAM[0m
[0;32mI (216) heap_init: At 3FCE9710 len 00005724 (21 KiB): RAM[0m
[0;32mI (221) heap_init: At 3FCF0000 len 00008000 (32 KiB): DRAM[0m
[0;32mI (227) heap_init: At 600FE11C len 00001ECC (7 KiB): RTCRAM[0m
[0;32mI (233) spi_flash: detected chip: boya[0m
[0;32mI (235) spi_flash: flash io: dio[0m
[0;33mW (238) spi_flash: Detected size(16384k) larger than the size in the binary image header(2048k). Using the size in the binary image header.[0m
[0;32mI (251) sleep_gpio: Configure to isolate all GPIO pins in sleep state[0m
[0;32mI (257) sleep_gpio: Enable automatic switching of GPIO sleep configuration[0m
[0;32mI (264) main_task: Started on CPU0[0m
[0;32mI (284) main_task: Calling app_main()[0m
[1;31mE (284) i2c.slave: i2c_new_slave_device(195): invalid SCL speed[0m
ESP_ERROR_CHECK failed: esp_err_t 0x102 (ESP_ERR_INVALID_ARG) at 0x420095d7
file: "/IDF/Project_Code/I2C_code/i2c1.0_slave/main/i2c1.0_slave.c" line 43
func: app_main
expression: i2c_new_slave_device(& slv_config, &slave_handle)

abort() was called at PC 0x4037ab1b on core 0


Backtrace: 0x40375b7d:0x3fc98db0 0x4037ab25:0x3fc98dd0 0x4038120d:0x3fc98df0 0x4037ab1b:0x3fc98e60 0x420095d7:0x3fc98e90 0x4201873b:0x3fc98f10 0x4037b55d:0x3fc98f40




ELF file SHA256: 2325d6a0b

Rebooting...
ï¿½ï¿½ï¿½ESP-ROM:esp32s3-20210327
Build:Mar 27 2021
rst:0xc (RTC_SW_CPU_RST),boot:0x29 (SPI_FAST_FLASH_BOOT)
Saved PC:0x40375abc
SPIWP:0xee
mode:DIO, clock div:1
load:0x3fce2810,len:0x15a0
load:0x403c8700,len:0x4
load:0x403c8704,len:0xd20
load:0x403cb700,len:0x2ee4
entry 0x403c8928
[0;32mI (31) boot: ESP-IDF v5.4 2nd stage bootloader[0m
[0;32mI (31) boot: compile time Mar 16 2025 15:05:51[0m
[0;32mI (31) boot: Multicore bootloader[0m
[0;32mI (32) boot: chip revision: v0.2[0m
[0;32mI (34) boot: efuse block revision: v1.3[0m
[0;32mI (38) boot.esp32s3: Boot SPI Speed : 80MHz[0m
[0;32mI (42) boot.esp32s3: SPI Mode       : DIO[0m
[0;32mI (45) boot.esp32s3: SPI Flash Size : 2MB[0m
[0;32mI (49) boot: Enabling RNG early entropy source...[0m
[0;32mI (54) boot: Partition Table:[0m
[0;32mI (56) boot: ## Label            Usage          Type ST Offset   Length[0m
[0;32mI (63) boot:  0 nvs              WiFi data        01 02 00009000 00006000[0m
[0;32mI (69) boot:  1 phy_init         RF data          01 01 0000f000 00001000[0m
[0;32mI (76) boot:  2 factory          factory app      00 00 00010000 00100000[0m
[0;32mI (82) boot: End of partition table[0m
[0;32mI (85) esp_image: segment 0: paddr=00010020 vaddr=3c020020 size=0b3f0h ( 46064) map[0m
[0;32mI (101) esp_image: segment 1: paddr=0001b418 vaddr=3fc93300 size=02a50h ( 10832) load[0m
[0;32mI (103) esp_image: segment 2: paddr=0001de70 vaddr=40374000 size=021a8h (  8616) load[0m
[0;32mI (110) esp_image: segment 3: paddr=00020020 vaddr=42000020 size=18ee8h (102120) map[0m
[0;32mI (133) esp_image: segment 4: paddr=00038f10 vaddr=403761a8 size=0d124h ( 53540) load[0m
[0;32mI (145) esp_image: segment 5: paddr=0004603c vaddr=600fe100 size=0001ch (    28) load[0m
[0;32mI (151) boot: Loaded app from partition at offset 0x10000[0m
[0;32mI (151) boot: Disabling RNG early entropy source...[0m
[0;32mI (163) cpu_start: Multicore app[0m
[0;32mI (172) cpu_start: Pro cpu start user code[0m
[0;32mI (172) cpu_start: cpu freq: 160000000 Hz[0m
[0;32mI (172) app_init: Application information:[0m
[0;32mI (172) app_init: Project name:     i2c1.0_slave[0m
[0;32mI (176) app_init: App version:      v5.4[0m
[0;32mI (180) app_init: Compile time:     Mar 16 2025 15:02:37[0m
