ESP-ROM:esp32s3-20210327
Build:Mar 27 2021
rst:0x1 (POWERON),boot:0x23 (DOWNLOAD(USB/UART0))
waiting for download
ESP-ROM:esp32s3-20210327
Build:Mar 27 2021
rst:0x1 (POWERON),boot:0x2b (SPI_FAST_FLASH_BOOT)
SPIWP:0xee
mode:DIO, clock div:1
load:0x3fce2810,len:0x15a0
load:0x403c8700,len:0x4
load:0x403c8704,len:0xd20
load:0x403cb700,len:0x2ee4
entry 0x403c8928
[0;32mI (27) boot: ESP-IDF v5.4 2nd stage bootloader[0m
[0;32mI (27) boot: compile time Mar 16 2025 15:05:51[0m
[0;32mI (27) boot: Multicore bootloader[0m
[0;32mI (27) boot: chip revision: v0.2[0m
[0;32mI (30) boot: efuse block revision: v1.3[0m
[0;32mI (33) boot.esp32s3: Boot SPI Speed : 80MHz[0m
[0;32mI (37) boot.esp32s3: SPI Mode       : DIO[0m
[0;32mI (41) boot.esp32s3: SPI Flash Size : 2MB[0m
[0;32mI (45) boot: Enabling RNG early entropy source...[0m
[0;32mI (49) boot: Partition Table:[0m
[0;32mI (52) boot: ## Label            Usage          Type ST Offset   Length[0m
[0;32mI (58) boot:  0 nvs              WiFi data        01 02 00009000 00006000[0m
[0;32mI (65) boot:  1 phy_init         RF data          01 01 0000f000 00001000[0m
[0;32mI (71) boot:  2 factory          factory app      00 00 00010000 00100000[0m
[0;32mI (78) boot: End of partition table[0m
[0;32mI (81) esp_image: segment 0: paddr=00010020 vaddr=3c020020 size=0b3f0h ( 46064) map[0m
[0;32mI (97) esp_image: segment 1: paddr=0001b418 vaddr=3fc93300 size=02a50h ( 10832) load[0m
[0;32mI (99) esp_image: segment 2: paddr=0001de70 vaddr=40374000 size=021a8h (  8616) load[0m
[0;32mI (105) esp_image: segment 3: paddr=00020020 vaddr=42000020 size=18ef4h (102132) map[0m
[0;32mI (129) esp_image: segment 4: paddr=00038f1c vaddr=403761a8 size=0d124h ( 53540) load[0m
[0;32mI (141) esp_image: segment 5: paddr=00046048 vaddr=600fe100 size=0001ch (    28) load[0m
[0;32mI (147) boot: Loaded app from partition at offset 0x10000[0m
[0;32mI (147) boot: Disabling RNG early entropy source...[0m
[0;32mI (158) cpu_start: Multicore app[0m
[0;32mI (167) cpu_start: Pro cpu start user code[0m
[0;32mI (167) cpu_start: cpu freq: 160000000 Hz[0m
[0;32mI (168) app_init: Application information:[0m
[0;32mI (168) app_init: Project name:     i2c1.0_slave[0m
[0;32mI (172) app_init: App version:      v5.4[0m
[0;32mI (176) app_init: Compile time:     Mar 16 2025 15:02:37[0m
[0;32mI (181) app_init: ELF file SHA256:  e3483adee...[0m
[0;32mI (185) app_init: ESP-IDF:          v5.4[0m
[0;32mI (189) efuse_init: Min chip rev:     v0.0[0m
[0;32mI (192) efuse_init: Max chip rev:     v0.99 [0m
[0;32mI (196) efuse_init: Chip rev:         v0.2[0m
[0;32mI (200) heap_init: Initializing. RAM available for dynamic allocation:[0m
[0;32mI (207) heap_init: At 3FC96630 len 000530E0 (332 KiB): RAM[0m
[0;32mI (212) heap_init: At 3FCE9710 len 00005724 (21 KiB): RAM[0m
[0;32mI (217) heap_init: At 3FCF0000 len 00008000 (32 KiB): DRAM[0m
[0;32mI (222) heap_init: At 600FE11C len 00001ECC (7 KiB): RTCRAM[0m
[0;32mI (228) spi_flash: detected chip: boya[0m
[0;32mI (231) spi_flash: flash io: dio[0m
[0;33mW (234) spi_flash: Detected size(16384k) larger than the size in the binary image header(2048k). Using the size in the binary image header.[0m
[0;32mI (246) sleep_gpio: Configure to isolate all GPIO pins in sleep state[0m
[0;32mI (252) sleep_gpio: Enable automatic switching of GPIO sleep configuration[0m
[0;32mI (259) main_task: Started on CPU0[0m
[0;32mI (279) main_task: Calling app_main()[0m
[0;32mI (19269) SLAVE: Data: fï¿½
ESP-ROM:esp32s3-20210327
Build:Mar 27 2021
rst:0x1 (POWERON),boot:0x29 (SPI_FAST_FLASH_BOOT)
SPIWP:0xee
mode:DIO, clock div:1
load:0x3fce2810,len:0x15a0
load:0x403c8700,len:0x4
load:0x403c8704,len:0xd20
load:0x403cb700,len:0x2ee4
entry 0x403c8928
[0;32mI (27) boot: ESP-IDF v5.4 2nd stage bootloader[0m
[0;32mI (27) boot: compile time Mar 16 2025 15:05:51[0m
[0;32mI (27) boot: Multicore bootloader[0m
[0;32mI (27) boot: chip revision: v0.2[0m
[0;32mI (30) boot: efuse block revision: v1.3[0m
[0;32mI (33) boot.esp32s3: Boot SPI Speed : 80MHz[0m
[0;32mI (37) boot.esp32s3: SPI Mode       : DIO[0m
[0;32mI (41) boot.esp32s3: SPI Flash Size : 2MB[0m
[0;32mI (45) boot: Enabling RNG early entropy source...[0m
[0;32mI (49) boot: Partition Table:[0m
[0;32mI (52) boot: ## Label            Usage          Type ST Offset   Length[0m
[0;32mI (58) boot:  0 nvs              WiFi data        01 02 00009000 00006000[0m
[0;32mI (65) boot:  1 phy_init         RF data          01 01 0000f000 00001000[0m
[0;32mI (71) boot:  2 factory          factory app      00 00 00010000 00100000[0m
[0;32mI (78) boot: End of partition table[0m
[0;32mI (81) esp_image: segment 0: paddr=00010020 vaddr=3c020020 size=0b3f0h ( 46064) map[0m
[0;32mI (97) esp_image: segment 1: paddr=0001b418 vaddr=3fc93300 size=02a50h ( 10832) load[0m
[0;32mI (99) esp_image: segment 2: paddr=0001de70 vaddr=40374000 size=021a8h (  8616) load[0m
[0;32mI (105) esp_image: segment 3: paddr=00020020 vaddr=42000020 size=18ef4h (102132) map[0m
[0;32mI (129) esp_image: segment 4: paddr=00038f1c vaddr=403761a8 size=0d124h ( 53540) load[0m
[0;32mI (141) esp_image: segment 5: paddr=00046048 vaddr=600fe100 size=0001ch (    28) load[0m
[0;32mI (147) boot: Loaded app from partition at offset 0x10000[0m
[0;32mI (147) boot: Disabling RNG early entropy source...[0m
[0;32mI (158) cpu_start: Multicore app[0m
[0;32mI (167) cpu_start: Pro cpu start user code[0m
[0;32mI (167) cpu_start: cpu freq: 160000000 Hz[0m
[0;32mI (168) app_init: Application information:[0m
[0;32mI (168) app_init: Project name:     i2c1.0_slave[0m
[0;32mI (172) app_init: App version:      v5.4[0m
[0;32mI (176) app_init: Compile time:     Mar 16 2025 15:02:37[0m
[0;32mI (181) app_init: ELF file SHA256:  e3483adee...[0m
[0;32mI (185) app_init: ESP-IDF:          v5.4[0m
[0;32mI (189) efuse_init: Min chip rev:     v0.0[0m
[0;32mI (192) efuse_init: Max chip rev:     v0.99 [0m
[0;32mI (196) efuse_init: Chip rev:         v0.2[0m
[0;32mI (200) heap_init: Initializing. RAM available for dynamic allocation:[0m
[0;32mI (207) heap_init: At 3FC96630 len 000530E0 (332 KiB): RAM[0m
[0;32mI (212) heap_init: At 3FCE9710 len 00005724 (21 KiB): RAM[0m
[0;32mI (217) heap_init: At 3FCF0000 len 00008000 (32 KiB): DRAM[0m
[0;32mI (222) heap_init: At 600FE11C len 00001ECC (7 KiB): RTCRAM[0m
[0;32mI (228) spi_flash: detected chip: boya[0m
[0;32mI (231) spi_flash: flash io: dio[0m
[0;33mW (234) spi_flash: Detected size(16384k) larger than the size in the binary image header(2048k). Using the size in the binary image header.[0m
[0;32mI (246) sleep_gpio: Configure to isolate all GPIO pins in sleep state[0m
[0;32mI (252) sleep_gpio: Enable automatic switching of GPIO sleep configuration[0m
[0;32mI (259) main_task: Started on CPU0[0m
[0;32mI (279) main_task: Calling app_main()[0m
[0;32mI (299) SLAVE: Data: fï¿½
ESP-ROM:esp32s3-20210327
Build:Mar 27 2021
rst:0x1 (POWERON),boot:0x29 (SPI_FAST_FLASH_BOOT)
SPIWP:0xee
mode:DIO, clock div:1
load:0x3fce2810,len:0x15a0
load:0x403c8700,len:0x4
load:0x403c8704,len:0xd20
load:0x403cb700,len:0x2ee4
entry 0x403c8928
[0;32mI (27) boot: ESP-IDF v5.4 2nd stage bootloader[0m
[0;32mI (27) boot: compile time Mar 16 2025 15:05:51[0m
[0;32mI (27) boot: Multicore bootloader[0m
[0;32mI (27) boot: chip revision: v0.2[0m
[0;32mI (30) boot: efuse block revision: v1.3[0m
[0;32mI (33) boot.esp32s3: Boot SPI Speed : 80MHz[0m
[0;32mI (37) boot.esp32s3: SPI Mode       : DIO[0m
[0;32mI (41) boot.esp32s3: SPI Flash Size : 2MB[0m
[0;32mI (45) boot: Enabling RNG early entropy source...[0m
[0;32mI (49) boot: Partition Table:[0m
[0;32mI (52) boot: ## Label            Usage          Type ST Offset   Length[0m
[0;32mI (58) boot:  0 nvs              WiFi data        01 02 00009000 00006000[0m
[0;32mI (65) boot:  1 phy_init         RF data          01 01 0000f000 00001000[0m
[0;32mI (71) boot:  2 factory          factory app      00 00 00010000 00100000[0m
[0;32mI (78) boot: End of partition table[0m
[0;32mI (81) esp_image: segment 0: paddr=00010020 vaddr=3c020020 size=0b3f0h ( 46064) map[0m
[0;32mI (97) esp_image: segment 1: paddr=0001b418 vaddr=3fc93300 size=02a50h ( 10832) load[0m
[0;32mI (99) esp_image: segment 2: paddr=0001de70 vaddr=40374000 size=021a8h (  8616) load[0m
[0;32mI (105) esp_image: segment 3: paddr=00020020 vaddr=42000020 size=18ef4h (102132) map[0m
[0;32mI (129) esp_image: segment 4: paddr=00038f1c vaddr=403761a8 size=0d124h ( 53540) load[0m
[0;32mI (141) esp_image: segment 5: paddr=00046048 vaddr=600fe100 size=0001ch (    28) load[0m
[0;32mI (147) boot: Loaded app from partition at offset 0x10000[0m
[0;32mI (147) boot: Disabling RNG early entropy source...[0m
[0;32mI (158) cpu_start: Multicore app[0m
[0;32mI (167) cpu_start: Pro cpu start user code[0m
[0;32mI (167) cpu_start: cpu freq: 160000000 Hz[0m
[0;32mI (168) app_init: Application information:[0m
[0;32mI (168) app_init: Project name:     i2c1.0_slave[0m
[0;32mI (172) app_init: App version:      v5.4[0m
[0;32mI (176) app_init: Compile time:     Mar 16 2025 15:02:37[0m
[0;32mI (181) app_init: ELF file SHA256:  e3483adee...[0m
[0;32mI (185) app_init: ESP-IDF:          v5.4[0m
[0;32mI (189) efuse_init: Min chip rev:     v0.0[0m
[0;32mI (192) efuse_init: Max chip rev:     v0.99 [0m
[0;32mI (196) efuse_init: Chip rev:         v0.2[0m
[0;32mI (200) heap_init: Initializing. RAM available for dynamic allocation:[0m
[0;32mI (207) heap_init: At 3FC96630 len 000530E0 (332 KiB): RAM[0m
[0;32mI (212) heap_init: At 3FCE9710 len 00005724 (21 KiB): RAM[0m
[0;32mI (217) heap_init: At 3FCF0000 len 00008000 (32 KiB): DRAM[0m
[0;32mI (222) heap_init: At 600FE11C len 00001ECC (7 KiB): RTCRAM[0m
[0;32mI (228) spi_flash: detected chip: boya[0m
[0;32mI (231) spi_flash: flash io: dio[0m
[0;33mW (234) spi_flash: Detected size(16384k) larger than the size in the binary image header(2048k). Using the size in the binary image header.[0m
[0;32mI (246) sleep_gpio: Configure to isolate all GPIO pins in sleep state[0m
[0;32mI (252) sleep_gpio: Enable automatic switching of GPIO sleep configuration[0m
[0;32mI (259) main_task: Started on CPU0[0m
[0;32mI (279) main_task: Calling app_main()[0m
[0;32mI (359) SLAVE: Data: fï¿½
ESP-ROM:esp32s3-20210327
Build:Mar 27 2021
rst:0x1 (POWERON),boot:0x29 (SPI_FAST_FLASH_BOOT)
SPIWP:0xee
mode:DIO, clock div:1
load:0x3fce2810,len:0x15a0
load:0x403c8700,len:0x4
load:0x403c8704,len:0xd20
load:0x403cb700,len:0x2ee4
entry 0x403c8928
[0;32mI (27) boot: ESP-IDF v5.4 2nd stage bootloader[0m
[0;32mI (27) boot: compile time Mar 16 2025 15:05:51[0m
[0;32mI (27) boot: Multicore bootloader[0m
[0;32mI (27) boot: chip revision: v0.2[0m
[0;32mI (30) boot: efuse block revision: v1.3[0m
[0;32mI (33) boot.esp32s3: Boot SPI Speed : 80MHz[0m
[0;32mI (37) boot.esp32s3: SPI Mode       : DIO[0m
[0;32mI (41) boot.esp32s3: SPI Flash Size : 2MB[0m
[0;32mI (45) boot: Enabling RNG early entropy source...[0m
[0;32mI (49) boot: Partition Table:[0m
[0;32mI (52) boot: ## Label            Usage          Type ST Offset   Length[0m
[0;32mI (58) boot:  0 nvs              WiFi data        01 02 00009000 00006000[0m
[0;32mI (65) boot:  1 phy_init         RF data          01 01 0000f000 00001000[0m
[0;32mI (71) boot:  2 factory          factory app      00 00 00010000 00100000[0m
[0;32mI (78) boot: End of partition table[0m
[0;32mI (81) esp_image: segment 0: paddr=00010020 vaddr=3c020020 size=0b3f0h ( 46064) map[0m
[0;32mI (97) esp_image: segment 1: paddr=0001b418 vaddr=3fc93300 size=02a50h ( 10832) load[0m
[0;32mI (99) esp_image: segment 2: paddr=0001de70 vaddr=40374000 size=021a8h (  8616) load[0m
[0;32mI (105) esp_image: segment 3: paddr=00020020 vaddr=42000020 size=18ef4h (102132) map[0m
[0;32mI (129) esp_image: segment 4: paddr=00038f1c vaddr=403761a8 size=0d124h ( 53540) load[0m
[0;32mI (141) esp_image: segment 5: paddr=00046048 vaddr=600fe100 size=0001ch (    28) load[0m
[0;32mI (147) boot: Loaded app from partition at offset 0x10000[0m
[0;32mI (147) boot: Disabling RNG early entropy source...[0m
[0;32mI (158) cpu_start: Multicore app[0m
[0;32mI (167) cpu_start: Pro cpu start user code[0m
[0;32mI (167) cpu_start: cpu freq: 160000000 Hz[0m
[0;32mI (168) app_init: Application information:[0m
[0;32mI (168) app_init: Project name:     i2c1.0_slave[0m
[0;32mI (172) app_init: App version:      v5.4[0m
[0;32mI (176) app_init: Compile time:     Mar 16 2025 15:02:37[0m
[0;32mI (181) app_init: ELF file SHA256:  e3483adee...[0m
[0;32mI (185) app_init: ESP-IDF:          v5.4[0m
[0;32mI (189) efuse_init: Min chip rev:     v0.0[0m
[0;32mI (192) efuse_init: Max chip rev:     v0.99 [0m
[0;32mI (196) efuse_init: Chip rev:         v0.2[0m
[0;32mI (200) heap_init: Initializing. RAM available for dynamic allocation:[0m
[0;32mI (207) heap_init: At 3FC96630 len 000530E0 (332 KiB): RAM[0m
[0;32mI (212) heap_init: At 3FCE9710 len 00005724 (21 KiB): RAM[0m
[0;32mI (217) heap_init: At 3FCF0000 len 00008000 (32 KiB): DRAM[0m
[0;32mI (222) heap_init: At 600FE11C len 00001ECC (7 KiB): RTCRAM[0m
[0;32mI (228) spi_flash: detected chip: boya[0m
[0;32mI (231) spi_flash: flash io: dio[0m
[0;33mW (234) spi_flash: Detected size(16384k) larger than the size in the binary image header(2048k). Using the size in the binary image header.[0m
[0;32mI (246) sleep_gpio: Configure to isolate all GPIO pins in sleep state[0m
[0;32mI (252) sleep_gpio: Enable automatic switching of GPIO sleep configuration[0m
[0;32mI (259) main_task: Started on CPU0[0m
[0;32mI (279) main_task: Calling app_main()[0m
[0;32mI (319) SLAVE: Data: fï¿½
ESP-ROM:esp32s3-20210327
Build:Mar 27 2021
rst:0x1 (POWERON),boot:0x29 (SPI_FAST_FLASH_BOOT)
SPIWP:0xee
mode:DIO, clock div:1
load:0x3fce2810,len:0x15a0
load:0x403c8700,len:0x4
load:0x403c8704,len:0xd20
load:0x403cb700,len:0x2ee4
entry 0x403c8928
[0;32mI (27) boot: ESP-IDF v5.4 2nd stage bootloader[0m
[0;32mI (27) boot: compile time Mar 16 2025 15:05:51[0m
[0;32mI (27) boot: Multicore bootloader[0m
[0;32mI (27) boot: chip revision: v0.2[0m
[0;32mI (30) boot: efuse block revision: v1.3[0m
[0;32mI (33) boot.esp32s3: Boot SPI Speed : 80MHz[0m
[0;32mI (37) boot.esp32s3: SPI Mode       : DIO[0m
[0;32mI (41) boot.esp32s3: SPI Flash Size : 2MB[0m
[0;32mI (45) boot: Enabling RNG early entropy source...[0m
[0;32mI (49) boot: Partition Table:[0m
[0;32mI (52) boot: ## Label            Usage          Type ST Offset   Length[0m
[0;32mI (58) boot:  0 nvs              WiFi data        01 02 00009000 00006000[0m
[0;32mI (65) boot:  1 phy_init         RF data          01 01 0000f000 00001000[0m
[0;32mI (71) boot:  2 factory          factory app      00 00 00010000 00100000[0m
[0;32mI (78) boot: End of partition table[0m
[0;32mI (81) esp_image: segment 0: paddr=00010020 vaddr=3c020020 size=0b3f0h ( 46064) map[0m
[0;32mI (97) esp_image: segment 1: paddr=0001b418 vaddr=3fc93300 size=02a50h ( 10832) load[0m
[0;32mI (99) esp_image: segment 2: paddr=0001de70 vaddr=40374000 size=021a8h (  8616) load[0m
[0;32mI (105) esp_image: segment 3: paddr=00020020 vaddr=42000020 size=18ef4h (102132) map[0m
[0;32mI (129) esp_image: segment 4: paddr=00038f1c vaddr=403761a8 size=0d124h ( 53540) load[0m
[0;32mI (141) esp_image: segment 5: paddr=00046048 vaddr=600fe100 size=0001ch (    28) load[0m
[0;32mI (147) boot: Loaded app from partition at offset 0x10000[0m
[0;32mI (147) boot: Disabling RNG early entropy source...[0m
[0;32mI (158) cpu_start: Multicore app[0m
[0;32mI (167) cpu_start: Pro cpu start user code[0m
[0;32mI (167) cpu_start: cpu freq: 160000000 Hz[0m
[0;32mI (168) app_init: Application information:[0m
[0;32mI (168) app_init: Project name:     i2c1.0_slave[0m
[0;32mI (172) app_init: App version:      v5.4[0m
[0;32mI (176) app_init: Compile time:     Mar 16 2025 15:02:37[0m
[0;32mI (181) app_init: ELF file SHA256:  e3483adee...[0m
[0;32mI (185) app_init: ESP-IDF:          v5.4[0m
[0;32mI (189) efuse_init: Min chip rev:     v0.0[0m
[0;32mI (192) efuse_init: Max chip rev:     v0.99 [0m
[0;32mI (196) efuse_init: Chip rev:         v0.2[0m
[0;32mI (200) heap_init: Initializing. RAM available for dynamic allocation:[0m
[0;32mI (207) heap_init: At 3FC96630 len 000530E0 (332 KiB): RAM[0m
[0;32mI (212) heap_init: At 3FCE9710 len 00005724 (21 KiB): RAM[0m
[0;32mI (217) heap_init: At 3FCF0000 len 00008000 (32 KiB): DRAM[0m
[0;32mI (222) heap_init: At 600FE11C len 00001ECC (7 KiB): RTCRAM[0m
[0;32mI (228) spi_flash: detected chip: boya[0m
[0;32mI (231) spi_flash: flash io: dio[0m
[0;33mW (234) spi_flash: Detected size(16384k) larger than the size in the binary image header(2048k). Using the size in the binary image header.[0m
[0;32mI (246) sleep_gpio: Configure to isolate all GPIO pins in sleep state[0m
[0;32mI (252) sleep_gpio: Enable automatic switching of GPIO sleep configuration[0m
[0;32mI (259) main_task: Started on CPU0[0m
[0;32mI (279) main_task: Calling app_main()[0m
[0;32mI (429) SLAVE: Data: fï¿½
ESP-ROM:esp32s3-20210327
Build:Mar 27 2021
rst:0x1 (POWERON),boot:0x29 (SPI_FAST_FLASH_BOOT)
SPIWP:0xee
mode:DIO, clock div:1
load:0x3fce2810,len:0x15a0
load:0x403c8700,len:0x4
load:0x403c8704,len:0xd20
load:0x403cb700,len:0x2ee4
entry 0x403c8928
[0;32mI (27) boot: ESP-IDF v5.4 2nd stage bootloader[0m
[0;32mI (27) boot: compile time Mar 16 2025 15:05:51[0m
[0;32mI (27) boot: Multicore bootloader[0m
[0;32mI (27) boot: chip revision: v0.2[0m
[0;32mI (30) boot: efuse block revision: v1.3[0m
[0;32mI (33) boot.esp32s3: Boot SPI Speed : 80MHz[0m
[0;32mI (37) boot.esp32s3: SPI Mode       : DIO[0m
[0;32mI (41) boot.esp32s3: SPI Flash Size : 2MB[0m
[0;32mI (45) boot: Enabling RNG early entropy source...[0m
[0;32mI (49) boot: Partition Table:[0m
[0;32mI (52) boot: ## Label            Usage          Type ST Offset   Length[0m
[0;32mI (58) boot:  0 nvs              WiFi data        01 02 00009000 00006000[0m
[0;32mI (65) boot:  1 phy_init         RF data          01 01 0000f000 00001000[0m
[0;32mI (71) boot:  2 factory          factory app      00 00 00010000 00100000[0m
[0;32mI (78) boot: End of partition table[0m
[0;32mI (81) esp_image: segment 0: paddr=00010020 vaddr=3c020020 size=0b3f0h ( 46064) map[0m
[0;32mI (97) esp_image: segment 1: paddr=0001b418 vaddr=3fc93300 size=02a50h ( 10832) load[0m
[0;32mI (99) esp_image: segment 2: paddr=0001de70 vaddr=40374000 size=021a8h (  8616) load[0m
[0;32mI (105) esp_image: segment 3: paddr=00020020 vaddr=42000020 size=18ef4h (102132) map[0m
[0;32mI (129) esp_image: segment 4: paddr=00038f1c vaddr=403761a8 size=0d124h ( 53540) load[0m
[0;32mI (141) esp_image: segment 5: paddr=00046048 vaddr=600fe100 size=0001ch (    28) load[0m
[0;32mI (147) boot: Loaded app from partition at offset 0x10000[0m
[0;32mI (147) boot: Disabling RNG early entropy source...[0m
[0;32mI (158) cpu_start: Multicore app[0m
[0;32mI (167) cpu_start: Pro cpu start user code[0m
[0;32mI (167) cpu_start: cpu freq: 160000000 Hz[0m
[0;32mI (168) app_init: Application information:[0m
[0;32mI (168) app_init: Project name:     i2c1.0_slave[0m
[0;32mI (172) app_init: App version:      v5.4[0m
[0;32mI (176) app_init: Compile time:     Mar 16 2025 15:02:37[0m
[0;32mI (181) app_init: ELF file SHA256:  e3483adee...[0m
[0;32mI (185) app_init: ESP-IDF:          v5.4[0m
[0;32mI (189) efuse_init: Min chip rev:     v0.0[0m
[0;32mI (192) efuse_init: Max chip rev:     v0.99 [0m
[0;32mI (196) efuse_init: Chip rev:         v0.2[0m
[0;32mI (200) heap_init: Initializing. RAM available for dynamic allocation:[0m
[0;32mI (207) heap_init: At 3FC96630 len 000530E0 (332 KiB): RAM[0m
[0;32mI (212) heap_init: At 3FCE9710 len 00005724 (21 KiB): RAM[0m
[0;32mI (217) heap_init: At 3FCF0000 len 00008000 (32 KiB): DRAM[0m
[0;32mI (222) heap_init: At 600FE11C len 00001ECC (7 KiB): RTCRAM[0m
[0;32mI (228) spi_flash: detected chip: boya[0m
[0;32mI (231) spi_flash: flash io: dio[0m
[0;33mW (234) spi_flash: Detected size(16384k) larger than the size in the binary image header(2048k). Using the size in the binary image header.[0m
[0;32mI (246) sleep_gpio: Configure to isolate all GPIO pins in sleep state[0m
[0;32mI (252) sleep_gpio: Enable automatic switching of GPIO sleep configuration[0m
[0;32mI (259) main_task: Started on CPU0[0m
[0;32mI (279) main_task: Calling app_main()[0m
[0;32mI (309) SLAVE: Data: fï¿½
ESP-ROM:esp32s3-20210327
Build:Mar 27 2021
rst:0x1 (POWERON),boot:0x29 (SPI_FAST_FLASH_BOOT)
SPIWP:0xee
mode:DIO, clock div:1
load:0x3fce2810,len:0x15a0
load:0x403c8700,len:0x4
load:0x403c8704,len:0xd20
load:0x403cb700,len:0x2ee4
entry 0x403c8928
[0;32mI (27) boot: ESP-IDF v5.4 2nd stage bootloader[0m
[0;32mI (27) boot: compile time Mar 16 2025 15:05:51[0m
[0;32mI (27) boot: Multicore bootloader[0m
[0;32mI (27) boot: chip revision: v0.2[0m
[0;32mI (30) boot: efuse block revision: v1.3[0m
[0;32mI (33) boot.esp32s3: Boot SPI Speed : 80MHz[0m
[0;32mI (37) boot.esp32s3: SPI Mode       : DIO[0m
[0;32mI (41) boot.esp32s3: SPI Flash Size : 2MB[0m
[0;32mI (45) boot: Enabling RNG early entropy source...[0m
[0;32mI (49) boot: Partition Table:[0m
[0;32mI (52) boot: ## Label            Usage          Type ST Offset   Length[0m
[0;32mI (58) boot:  0 nvs              WiFi data        01 02 00009000 00006000[0m
[0;32mI (65) boot:  1 phy_init         RF data          01 01 0000f000 00001000[0m
[0;32mI (71) boot:  2 factory          factory app      00 00 00010000 00100000[0m
[0;32mI (78) boot: End of partition table[0m
[0;32mI (81) esp_image: segment 0: paddr=00010020 vaddr=3c020020 size=0b3f0h ( 46064) map[0m
[0;32mI (97) esp_image: segment 1: paddr=0001b418 vaddr=3fc93300 size=02a50h ( 10832) load[0m
[0;32mI (99) esp_image: segment 2: paddr=0001de70 vaddr=40374000 size=021a8h (  8616) load[0m
[0;32mI (105) esp_image: segment 3: paddr=00020020 vaddr=42000020 size=18ef4h (102132) map[0m
[0;32mI (129) esp_image: segment 4: paddr=00038f1c vaddr=403761a8 size=0d124h ( 53540) load[0m
[0;32mI (141) esp_image: segment 5: paddr=00046048 vaddr=600fe100 size=0001ch (    28) load[0m
[0;32mI (147) boot: Loaded app from partition at offset 0x10000[0m
[0;32mI (147) boot: Disabling RNG early entropy source...[0m
[0;32mI (158) cpu_start: Multicore app[0m
[0;32mI (167) cpu_start: Pro cpu start user code[0m
[0;32mI (167) cpu_start: cpu freq: 160000000 Hz[0m
[0;32mI (168) app_init: Application information:[0m
[0;32mI (168) app_init: Project name:     i2c1.0_slave[0m
[0;32mI (172) app_init: App version:      v5.4[0m
[0;32mI (176) app_init: Compile time:     Mar 16 2025 15:02:37[0m
[0;32mI (181) app_init: ELF file SHA256:  e3483adee...[0m
[0;32mI (185) app_init: ESP-IDF:          v5.4[0m
[0;32mI (189) efuse_init: Min chip rev:     v0.0[0m
[0;32mI (192) efuse_init: Max chip rev:     v0.99 [0m
[0;32mI (196) efuse_init: Chip rev:         v0.2[0m
[0;32mI (200) heap_init: Initializing. RAM available for dynamic allocation:[0m
[0;32mI (207) heap_init: At 3FC96630 len 000530E0 (332 KiB): RAM[0m
[0;32mI (212) heap_init: At 3FCE9710 len 00005724 (21 KiB): RAM[0m
[0;32mI (217) heap_init: At 3FCF0000 len 00008000 (32 KiB): DRAM[0m
[0;32mI (222) heap_init: At 600FE11C len 00001ECC (7 KiB): RTCRAM[0m
[0;32mI (228) spi_flash: detected chip: boya[0m
[0;32mI (231) spi_flash: flash io: dio[0m
[0;33mW (234) spi_flash: Detected size(16384k) larger than the size in the binary image header(2048k). Using the size in the binary image header.[0m
[0;32mI (246) sleep_gpio: Configure to isolate all GPIO pins in sleep state[0m
[0;32mI (252) sleep_gpio: Enable automatic switching of GPIO sleep configuration[0m
[0;32mI (259) main_task: Started on CPU0[0m
[0;32mI (279) main_task: Calling app_main()[0m
[0;32mI (319) SLAVE: Data: fï¿½
ESP-ROM:esp32s3-20210327
Build:Mar 27 2021
rst:0x1 (POWERON),boot:0x29 (SPI_FAST_FLASH_BOOT)
SPIWP:0xee
mode:DIO, clock div:1
load:0x3fce2810,len:0x15a0
load:0x403c8700,len:0x4
load:0x403c8704,len:0xd20
load:0x403cb700,len:0x2ee4
entry 0x403c8928
[0;32mI (27) boot: ESP-IDF v5.4 2nd stage bootloader[0m
[0;32mI (27) boot: compile time Mar 16 2025 15:05:51[0m
[0;32mI (27) boot: Multicore bootloader[0m
[0;32mI (27) boot: chip revision: v0.2[0m
[0;32mI (30) boot: efuse block revision: v1.3[0m
[0;32mI (33) boot.esp32s3: Boot SPI Speed : 80MHz[0m
[0;32mI (37) boot.esp32s3: SPI Mode       : DIO[0m
[0;32mI (41) boot.esp32s3: SPI Flash Size : 2MB[0m
[0;32mI (45) boot: Enabling RNG early entropy source...[0m
[0;32mI (49) boot: Partition Table:[0m
[0;32mI (52) boot: ## Label            Usage          Type ST Offset   Length[0m
[0;32mI (58) boot:  0 nvs              WiFi data        01 02 00009000 00006000[0m
[0;32mI (65) boot:  1 phy_init         RF data          01 01 0000f000 00001000[0m
[0;32mI (71) boot:  2 factory          factory app      00 00 00010000 00100000[0m
[0;32mI (78) boot: End of partition table[0m
[0;32mI (81) esp_image: segment 0: paddr=00010020 vaddr=3c020020 size=0b3f0h ( 46064) map[0m
[0;32mI (97) esp_image: segment 1: paddr=0001b418 vaddr=3fc93300 size=02a50h ( 10832) load[0m
[0;32mI (99) esp_image: segment 2: paddr=0001de70 vaddr=40374000 size=021a8h (  8616) load[0m
[0;32mI (105) esp_image: segment 3: paddr=00020020 vaddr=42000020 size=18ef4h (102132) map[0m
[0;32mI (129) esp_image: segment 4: paddr=00038f1c vaddr=403761a8 size=0d124h ( 53540) load[0m
[0;32mI (141) esp_image: segment 5: paddr=00046048 vaddr=600fe100 size=0001ch (    28) load[0m
[0;32mI (147) boot: Loaded app from partition at offset 0x10000[0m
[0;32mI (147) boot: Disabling RNG early entropy source...[0m
[0;32mI (158) cpu_start: Multicore app[0m
[0;32mI (167) cpu_start: Pro cpu start user code[0m
[0;32mI (167) cpu_start: cpu freq: 160000000 Hz[0m
[0;32mI (168) app_init: Application information:[0m
[0;32mI (168) app_init: Project name:     i2c1.0_slave[0m
[0;32mI (172) app_init: App version:      v5.4[0m
[0;32mI (176) app_init: Compile time:     Mar 16 2025 15:02:37[0m
[0;32mI (181) app_init: ELF file SHA256:  e3483adee...[0m
[0;32mI (185) app_init: ESP-IDF:          v5.4[0m
[0;32mI (189) efuse_init: Min chip rev:     v0.0[0m
[0;32mI (192) efuse_init: Max chip rev:     v0.99 [0m
[0;32mI (196) efuse_init: Chip rev:         v0.2[0m
[0;32mI (200) heap_init: Initializing. RAM available for dynamic allocation:[0m
[0;32mI (207) heap_init: At 3FC96630 len 000530E0 (332 KiB): RAM[0m
[0;32mI (212) heap_init: At 3FCE9710 len 00005724 (21 KiB): RAM[0m
[0;32mI (217) heap_init: At 3FCF0000 len 00008000 (32 KiB): DRAM[0m
[0;32mI (222) heap_init: At 600FE11C len 00001ECC (7 KiB): RTCRAM[0m
[0;32mI (228) spi_flash: detected chip: boya[0m
[0;32mI (231) spi_flash: flash io: dio[0m
[0;33mW (234) spi_flash: Detected size(16384k) larger than the size in the binary image header(2048k). Using the size in the binary image header.[0m
[0;32mI (246) sleep_gpio: Configure to isolate all GPIO pins in sleep state[0m
[0;32mI (252) sleep_gpio: Enable automatic switching of GPIO sleep configuration[0m
[0;32mI (259) main_task: Started on CPU0[0m
[0;32mI (279) main_task: Calling app_main()[0m
[0;32mI (299) SLAVE: Data: fï¿½
