ESP-ROM:esp32s3-20210327
Build:Mar 27 2021
rst:0x1 (POWERON),boot:0x8 (SPI_FAST_FLASH_BOOT)
SPIWP:0xee
mode:DIO, clock div:1
load:0x3fce2810,len:0x15a0
load:0x403c8700,len:0x4
load:0x403c8704,len:0xd20
load:0x403cb700,len:0x2ee4
entry 0x403c8928
[0;32mI (27) boot: ESP-IDF v5.4 2nd stage bootloader[0m
[0;32mI (27) boot: compile time Apr 27 2025 15:14:53[0m
[0;32mI (27) boot: Multicore bootloader[0m
[0;32mI (27) boot: chip revision: v0.2[0m
[0;32mI (30) boot: efuse block revision: v1.3[0m
[0;32mI (33) boot.esp32s3: Boot SPI Speed : 80MHz[0m
[0;32mI (37) boot.esp32s3: SPI Mode       : DIO[0m
[0;32mI (41) boot.esp32s3: SPI Flash Size : 2MB[0m
[0;32mI (45) boot: Enabling RNG early entropy source...[0m
[0;32mI (49) boot: Partition Table:[0m
[0;32mI (52) boot: ## Label            Usage          Type ST Offset   Length[0m
[0;32mI (58) boot:  0 nvs              WiFi data        01 02 00009000 00006000[0m
[0;32mI (65) boot:  1 phy_init         RF data          01 01 0000f000 00001000[0m
[0;32mI (71) boot:  2 factory          factory app      00 00 00010000 00100000[0m
[0;32mI (78) boot: End of partition table[0m
[0;32mI (81) esp_image: segment 0: paddr=00010020 vaddr=3c080020 size=20a48h (133704) map[0m
[0;32mI (112) esp_image: segment 1: paddr=00030a70 vaddr=3fc98a00 size=0412ch ( 16684) load[0m
[0;32mI (116) esp_image: segment 2: paddr=00034ba4 vaddr=40374000 size=0b474h ( 46196) load[0m
[0;32mI (126) esp_image: segment 3: paddr=00040020 vaddr=42000020 size=7f588h (521608) map[0m
[0;32mI (218) esp_image: segment 4: paddr=000bf5b0 vaddr=4037f474 size=09520h ( 38176) load[0m
[0;32mI (227) esp_image: segment 5: paddr=000c8ad8 vaddr=600fe100 size=0001ch (    28) load[0m
[0;32mI (235) boot: Loaded app from partition at offset 0x10000[0m
[0;32mI (235) boot: Disabling RNG early entropy source...[0m
[0;32mI (245) cpu_start: Multicore app[0m
[0;32mI (254) cpu_start: Pro cpu start user code[0m
[0;32mI (254) cpu_start: cpu freq: 160000000 Hz[0m
[0;32mI (254) app_init: Application information:[0m
[0;32mI (255) app_init: Project name:     bluetooth_1.5[0m
[0;32mI (259) app_init: App version:      v5.4[0m
[0;32mI (263) app_init: Compile time:     Apr 27 2025 15:18:21[0m
[0;32mI (268) app_init: ELF file SHA256:  1ac20251d...[0m
[0;32mI (272) app_init: ESP-IDF:          v5.4[0m
[0;32mI (276) efuse_init: Min chip rev:     v0.0[0m
[0;32mI (279) efuse_init: Max chip rev:     v0.99 [0m
[0;32mI (283) efuse_init: Chip rev:         v0.2[0m
[0;32mI (287) heap_init: Initializing. RAM available for dynamic allocation:[0m
[0;32mI (294) heap_init: At 3FCA0C50 len 00048AC0 (290 KiB): RAM[0m
[0;32mI (299) heap_init: At 3FCE9710 len 00005724 (21 KiB): RAM[0m
[0;32mI (304) heap_init: At 3FCF0000 len 00008000 (32 KiB): DRAM[0m
[0;32mI (309) heap_init: At 600FE11C len 00001ECC (7 KiB): RTCRAM[0m
[0;32mI (315) spi_flash: detected chip: boya[0m
[0;32mI (318) spi_flash: flash io: dio[0m
[0;33mW (321) spi_flash: Detected size(16384k) larger than the size in the binary image header(2048k). Using the size in the binary image header.[0m
[0;32mI (333) sleep_gpio: Configure to isolate all GPIO pins in sleep state[0m
[0;32mI (339) sleep_gpio: Enable automatic switching of GPIO sleep configuration[0m
[0;32mI (346) coexist: coex firmware version: 49a8cdc[0m
[0;32mI (364) coexist: coexist rom version e7ae62f[0m
[0;32mI (365) main_task: Started on CPU0[0m
[0;32mI (375) main_task: Calling app_main()[0m
[0;32mI (385) BLE_INIT: BT controller compile version [d752dea][0m
[0;32mI (385) BLE_INIT: Bluetooth MAC: cc:ba:97:21:c7:4a[0m
[0;32mI (385) phy_init: phy_version 680,a6008b2,Jun  4 2024,16:41:10[0m
[0;32mI (445) BTserver: REGISTER_APP_EVT, status 0, app_id 0[0m
[0;32mI (445) BTserver: CREATE_SERVICE_EVT_TX, status 0, service_handle 40[0m
[0;32mI (445) BTserver: CREATE_SERVICE_EVT_RX, status 0, service_handle 40[0m
[0;32mI (445) BTserver: CREATE_SERVICE_EVT_RX_FLOAT, status 0, service_handle 40[0m
[0;32mI (455) BTserver: Unhandled GATTS event: 12[0m
[0;32mI (455) BTserver: the gatts char length = 8[0m
[0;32mI (465) BTserver: prf_char[0] = 0[0m
[0;32mI (465) BTserver: prf_char[1] = 0[0m
[0;32mI (465) BTserver: prf_char[2] = 0[0m
[0;32mI (475) BTserver: prf_char[3] = 0[0m
[0;32mI (475) BTserver: prf_char[4] = 0[0m
[0;32mI (475) BTserver: prf_char[5] = 0[0m
[0;32mI (485) BTserver: prf_char[6] = 0[0m
[0;32mI (485) BTserver: prf_char[7] = 0[0m
[0;32mI (485) BTserver: ADD_RX_CHAR, status 0,  attr_handle 42, service_handle 40[0m
[0;32mI (495) BTserver: the gatts char length = 8[0m
[0;32mI (495) BTserver: prf_char[0] = 0[0m
[0;32mI (505) BTserver: prf_char[1] = 1[0m
[0;32mI (505) BTserver: prf_char[2] = 2[0m
[0;32mI (505) BTserver: prf_char[3] = 3[0m
[0;32mI (505) BTserver: prf_char[4] = 4[0m
[0;32mI (515) BTserver: prf_char[5] = 5[0m
[0;32mI (515) BTserver: prf_char[6] = 6[0m
[0;32mI (515) BTserver: prf_char[7] = 7[0m
[0;32mI (525) BTserver: ADD_TX_CHAR, status 0,  attr_handle 44, service_handle 40[0m
[0;32mI (525) BTserver: the gatts char length = 20[0m
[0;32mI (535) BTserver: prf_char[0] = 0[0m
[0;32mI (535) BTserver: prf_char[1] = 0[0m
[0;32mI (535) BTserver: prf_char[2] = 0[0m
[0;32mI (545) BTserver: prf_char[3] = 0[0m
[0;32mI (545) BTserver: prf_char[4] = 0[0m
[0;32mI (545) BTserver: prf_char[5] = 0[0m
[0;32mI (555) BTserver: prf_char[6] = 0[0m
[0;32mI (555) BTserver: prf_char[7] = 0[0m
[0;32mI (555) BTserver: prf_char[8] = 0[0m
[0;32mI (555) BTserver: prf_char[9] = 0[0m
[0;32mI (565) BTserver: prf_char[a] = 0[0m
[0;32mI (565) BTserver: prf_char[b] = 0[0m
[0;32mI (565) BTserver: prf_char[c] = 0[0m
[0;32mI (575) BTserver: prf_char[d] = 0[0m
[0;32mI (575) BTserver: prf_char[e] = 0[0m
[0;32mI (575) BTserver: prf_char[f] = 0[0m
[0;32mI (585) BTserver: prf_char[10] = 0[0m
[0;32mI (585) BTserver: prf_char[11] = 0[0m
[0;32mI (585) BTserver: prf_char[12] = 0[0m
[0;32mI (595) BTserver: prf_char[13] = 0[0m
[0;32mI (595) BTserver: prf_char[14] = 0[0m
[0;32mI (595) BTserver: prf_char[15] = 0[0m
[0;32mI (595) BTserver: prf_char[16] = 0[0m
[0;32mI (605) BTserver: prf_char[17] = 0[0m
[0;32mI (605) BTserver: prf_char[18] = 0[0m
[0;32mI (605) BTserver: prf_char[19] = 0[0m
[0;32mI (615) BTserver: prf_char[1a] = 0[0m
[0;32mI (615) BTserver: prf_char[1b] = 0[0m
[0;32mI (615) BTserver: prf_char[1c] = 0[0m
[0;32mI (625) BTserver: prf_char[1d] = 0[0m
[0;32mI (625) BTserver: prf_char[1e] = 0[0m
[0;32mI (625) BTserver: prf_char[1f] = 0[0m
[0;32mI (635) BTserver: ADD_RX_CHAR, status 0,  attr_handle 46, service_handle 40[0m
[0;32mI (635) BTserver: Unhandled event: 6[0m
[0;32mI (645) BTserver: TX CCCD Handle: 0[0m
[0;32mI (645) main_task: Returned from app_main()[0m
[0;32mI (5565) BTserver: ESP_GATTS_CONNECT_EVT, conn_id 0, remote 64:27:55:ed:3a:a7:, link_role 1[0m
[0;32mI (5615) BTserver: Unhandled event: 21[0m
[0;32mI (5925) BTserver: update connection params status = 0, conn_int = 6,latency = 0, timeout = 500[0m
[0;32mI (6165) BTserver: update connection params status = 0, conn_int = 48,latency = 0, timeout = 400[0m
[0;32mI (10605) BTserver: GATT_READ_EVT, conn_id 0, trans_id 1, handle 44[0m
[0;32mI (10615) BTserver: Unhandled GATTS event: 21[0m
[0;32mI (17565) BTserver: GATT_WRITE_EVT, handle 46[0m
[0;32mI (17565) BTserver: Unhandled GATTS event: 21[0m
[0;32mI (34125) BTserver: GATT_WRITE_EVT, handle 42[0m
[0;32mI (34125) BTserver: Received data (len 1):[0m
[0;32mI (34125) BTserver: 01[0m
[0;32mI (34135) BTserver: Unhandled GATTS event: 21[0m
[0;32mI (44925) BTserver: GATT_WRITE_EVT, handle 46[0m
[1;31mE (44925) BTserver: Invalid float data length: 1 bytes[0m
[0;33mW (74925) BT_HCI: hcif disc complete: hdl 0x1, rsn 0x13[0m
[0;32mI (74925) BTserver: ClIENT DISCONNECTED, conn_id 0, reason 19[0m
[0;32mI (74935) BTserver: Unhandled event: 6[0m
[0;32mI (178465) BTserver: ESP_GATTS_CONNECT_EVT, conn_id 0, remote 5d:3c:04:e1:d7:f4:, link_role 1[0m
[0;32mI (178505) BTserver: Unhandled event: 21[0m
[0;32mI (178815) BTserver: update connection params status = 0, conn_int = 6,latency = 0, timeout = 500[0m
[0;32mI (179085) BTserver: update connection params status = 0, conn_int = 48,latency = 0, timeout = 400[0m
[0;32mI (196725) BTserver: GATT_WRITE_EVT, handle 46[0m
[0;32mI (196735) BTserver: Unhandled GATTS event: 21[0m
[0;32mI (204945) BTserver: GATT_WRITE_EVT, handle 42[0m
[0;32mI (204945) BTserver: Received data (len 1):[0m
[0;32mI (204945) BTserver: 01[0m
[0;32mI (204955) BTserver: Unhandled GATTS event: 21[0m
[0;32mI (225825) BTserver: GATT_WRITE_EVT, handle 46[0m
[1;31mE (225825) BTserver: Invalid float data length: 1 bytes[0m
[0;33mW (236385) BT_HCI: hcif disc complete: hdl 0x1, rsn 0x13[0m
[0;32mI (236385) BTserver: ClIENT DISCONNECTED, conn_id 0, reason 19[0m
[0;32mI (236395) BTserver: Unhandled event: 6[0m
