_drv:0x00,d_drv:0x00,cs0_drv:0x00,hd_drv:0x00,wp_drv:0x00
mode:DIO, clock div:2
load:0x3ffï¿½ets Jul 29 2019 12:21:46

rst:0x1 (POWERON_RESET),boot:0x17 (SPI_FAST_FLASH_BOOT)
configsip: 0, SPIWP:0xee
clk_drv:0x00,q_drv:0x00,d_drv:0x00,cs0_drv:0x00,hd_drv:0x00,wp_drv:0x00
mode:DIO, clock div:2
load:0x3fff0030,len:6276
load:0x40078000,len:15716
load:0x40080400,len:4
ho 8 tail 4 room 4
load:0x40080404,len:3860
entry 0x4008063c
[0;32mI (31) boot: ESP-IDF v5.4 2nd stage bootloader[0m
[0;32mI (31) boot: compile time May  2 2025 19:47:00[0m
[0;32mI (31) boot: Multicore bootloader[0m
[0;32mI (32) boot: chip revision: v3.1[0m
[0;32mI (35) boot.esp32: SPI Speed      : 40MHz[0m
[0;32mI (39) boot.esp32: SPI Mode       : DIO[0m
[0;32mI (42) boot.esp32: SPI Flash Size : 4MB[0m
[0;32mI (46) boot: Enabling RNG early entropy source...[0m
[0;32mI (50) boot: Partition Table:[0m
[0;32mI (53) boot: ## Label            Usage          Type ST Offset   Length[0m
[0;32mI (59) boot:  0 nvs              WiFi data        01 02 00009000 00006000[0m
[0;32mI (66) boot:  1 phy_init         RF data          01 01 0000f000 00001000[0m
[0;32mI (72) boot:  2 factory          factory app      00 00 00010000 00100000[0m
[0;32mI (79) boot: End of partition table[0m
[0;32mI (82) esp_image: segment 0: paddr=00010020 vaddr=3f400020 size=20764h (132964) map[0m
[0;32mI (135) esp_image: segment 1: paddr=0003078c vaddr=3ff80000 size=0001ch (    28) load[0m
[0;32mI (135) esp_image: segment 2: paddr=000307b0 vaddr=3ffbdb60 size=04d50h ( 19792) load[0m
[0;32mI (146) esp_image: segment 3: paddr=00035508 vaddr=40080000 size=0ab10h ( 43792) load[0m
[0;32mI (164) esp_image: segment 4: paddr=00040020 vaddr=400d0020 size=7e0ech (516332) map[0m
[0;32mI (340) esp_image: segment 5: paddr=000be114 vaddr=4008ab10 size=0d1f8h ( 53752) load[0m
[0;32mI (373) boot: Loaded app from partition at offset 0x10000[0m
[0;32mI (373) boot: Disabling RNG early entropy source...[0m
[0;32mI (384) cpu_start: Multicore app[0m
[0;32mI (392) cpu_start: Pro cpu start user code[0m
[0;32mI (392) cpu_start: cpu freq: 160000000 Hz[0m
[0;32mI (392) app_init: Application information:[0m
[0;32mI (392) app_init: Project name:     robot_controller_1.1[0m
[0;32mI (397) app_init: App version:      v5.4[0m
[0;32mI (401) app_init: Compile time:     May  2 2025 19:46:51[0m
[0;32mI (406) app_init: ELF file SHA256:  32715a9ce...[0m
[0;32mI (410) app_init: ESP-IDF:          v5.4[0m
[0;32mI (414) efuse_init: Min chip rev:     v0.0[0m
[0;32mI (418) efuse_init: Max chip rev:     v3.99 [0m
[0;32mI (422) efuse_init: Chip rev:         v3.1[0m
[0;32mI (426) heap_init: Initializing. RAM available for dynamic allocation:[0m
[0;32mI (432) heap_init: At 3FFAFF10 len 000000F0 (0 KiB): DRAM[0m
[0;32mI (437) heap_init: At 3FFB6388 len 00001C78 (7 KiB): DRAM[0m
[0;32mI (442) heap_init: At 3FFB9A20 len 00004108 (16 KiB): DRAM[0m
[0;32mI (447) heap_init: At 3FFC7508 len 00018AF8 (98 KiB): DRAM[0m
[0;32mI (452) heap_init: At 3FFE0440 len 00003AE0 (14 KiB): D/IRAM[0m
[0;32mI (458) heap_init: At 3FFE4350 len 0001BCB0 (111 KiB): D/IRAM[0m
[0;32mI (463) heap_init: At 40097D08 len 000082F8 (32 KiB): IRAM[0m
[0;32mI (470) spi_flash: detected chip: generic[0m
[0;32mI (472) spi_flash: flash io: dio[0m
[0;32mI (476) coexist: coex firmware version: 49a8cdc[0m
[0;32mI (480) main_task: Started on CPU0[0m
[0;32mI (483) main_task: Calling app_main()[0m
[0;32mI (485) BLE UNIT: setting up BLE unit[0m

[0;32mI (498) BTDM_INIT: BT controller compile version [20b459d][0m
[0;32mI (500) BTDM_INIT: Bluetooth MAC: 78:42:1c:2e:4c:ea[0m
[0;32mI (503) phy_init: phy_version 4840,02e0d70,Sep  2 2024,19:39:07[0m
[0;32mI (897) BTserver: REGISTER_APP_EVT, status 0, app_id 0[0m
[0;33mW (899) BT_BTM: BTM_BleWriteAdvData, Partial data write into ADV[0m
[0;32mI (900) BTserver: CREATE_SERVICE_EVT_TX, status 0, service_handle 40[0m
[0;32mI (904) BTserver: CREATE_SERVICE_EVT_RX, status 0, service_handle 40[0m
[0;32mI (912) BTserver: Unhandled GATTS event: 12[0m
[0;32mI (916) BTserver: the gatts char length = 8[0m
[0;32mI (920) BTserver: prf_char[0] = 0[0m
[0;32mI (920) BTserver: prf_char[1] = 0[0m
[0;32mI (923) BTserver: prf_char[2] = 0[0m
[0;32mI (926) BTserver: prf_char[3] = 0[0m
[0;32mI (929) BTserver: prf_char[4] = 0[0m
[0;32mI (932) BTserver: prf_char[5] = 0[0m
[0;32mI (935) BTserver: prf_char[6] = 0[0m
[0;32mI (938) BTserver: prf_char[7] = 0[0m
[0;32mI (941) BTserver: ADD_RX_CHAR, status 0,  attr_handle 42, service_handle 40[0m
[0;32mI (948) BTserver: the gatts char length = 8[0m
[0;32mI (952) BTserver: prf_char[0] = 0[0m
[0;32mI (955) BTserver: prf_char[1] = 1[0m
[0;32mI (958) BTserver: prf_char[2] = 2[0m
[0;32mI (961) BTserver: prf_char[3] = 3[0m
[0;32mI (964) BTserver: prf_char[4] = 4[0m
[0;32mI (968) BTserver: prf_char[5] = 5[0m
[0;32mI (970) BTserver: prf_char[6] = 6[0m
[0;32mI (973) BTserver: prf_char[7] = 7[0m
[0;32mI (976) BTserver: ADD_TX_CHAR, status 0,  attr_handle 44, service_handle 40[0m
[0;32mI (983) BTserver: Unhandled event: 6[0m
[0;32mI (986) BTserver: TX CCCD Handle: 45[0m
[0;32mI (990) BLE UNIT: BLE unit setiing up completed[0m

[0;32mI (1094) PCNT UNIT: setting up PCNT units and chaneels[0m
[0;32mI (1094) PCNT UNIT: install pcnt unit1[0m
[0;32mI (1095) PCNT UNIT: set glitch filter for unit1[0m
[0;32mI (1095) PCNT UNIT: install pcnt channels of unit1[0m
[0;32mI (1100) PCNT UNIT: set edge and level actions for pcnt channels of unit1[0m
[0;32mI (1106) PCNT UNIT: enable pcnt unit1[0m
[0;32mI (1110) PCNT UNIT: clear pcnt unit1[0m
[0;32mI (1113) PCNT UNIT: start pcnt unit1[0m
[0;32mI (1116) PCNT UNIT: install pcnt unit2[0m
[0;32mI (1120) PCNT UNIT: set glitch filter for unit2[0m
[0;32mI (1124) PCNT UNIT: install pcnt channels of unit2[0m
[0;32mI (1129) PCNT UNIT: set edge and level actions for pcnt channels of unit2[0m
[0;32mI (1135) PCNT UNIT: enable pcnt unit2[0m
[0;32mI (1138) PCNT UNIT: clear pcnt unit2[0m
[0;32mI (1142) PCNT UNIT: start pcnt unit2[0m
[0;32mI (1146) PCNT UNIT: install pcnt unit3[0m
[0;32mI (1149) PCNT UNIT: set glitch filter for unit3[0m
[0;32mI (1153) PCNT UNIT: install pcnt channels of unit3[0m
[0;32mI (1157) PCNT UNIT: set edge and level actions for pcnt channels of unit3[0m
[0;32mI (1164) PCNT UNIT: enable pcnt unit3[0m
[0;32mI (1167) PCNT UNIT: clear pcnt unit3[0m
[0;32mI (1170) PCNT UNIT: start pcnt unit3[0m
[0;32mI (1174) PCNT UNIT: install pcnt unit4[0m
[0;32mI (1177) PCNT UNIT: set glitch filter for unit4[0m
[0;32mI (1181) PCNT UNIT: install pcnt channels of unit4[0m
[0;32mI (1186) PCNT UNIT: set edge and level actions for pcnt channels of unit4[0m
[0;32mI (1193) PCNT UNIT: enable pcnt unit4[0m
[0;32mI (1196) PCNT UNIT: clear pcnt unit4[0m
[0;32mI (1199) PCNT UNIT: start pcnt unit4[0m
[0;32mI (1202) PCNT UNIT: setting up Ques[0m
[0;32mI (1206) PCNT UNIT: setting up Tasks[0m

assert failed: prvInitialiseNewTask tasks.c:1088 (uxPriority < ( 25 ))


Backtrace: 0x40081b4d:0x3ffbba20 0x4008fb05:0x3ffbba40 0x40095e41:0x3ffbba60 0x4009135f:0x3ffbbb80 0x40092b20:0x3ffbbbb0 0x400d9339:0x3ffbbbf0 0x400d8f3c:0x3ffbbc30 0x4014c477:0x3ffbbc50 0x40090501:0x3ffbbc80




ELF file SHA256: 32715a9ce

Rebooting...
ets Jul 29 2019 12:21:46

rst:0xc (SW_CPU_RESET),boot:0x17 (SPI_FAST_FLASH_BOOT)
configsip: 0, SPIWP:0xee
clk_drv:0x00,q_drv:0x00,d_drv:0x00,cs0_drv:0x00,hd_drv:0x00,wp_drv:0x00
mode:DIO, clock div:2
load:0x3fff0030,len:6276
load:0x40078000,len:15716
load:0x40080400,len:4
ho 8 tail 4 room 4
load:0x40080404,len:3860
entry 0x4008063c
[0;32mI (31) boot: ESP-IDF v5.4 2nd stage bootloader[0m
[0;32mI (31) boot: compile time May  2 2025 19:47:00[0m
[0;32mI (31) boot: Multicore bootloader[0m
[0;32mI (32) boot: chip revision: v3.1[0m
[0;32mI (35) boot.esp32: SPI Speed      : 40MHz[0m
[0;32mI (39) boot.esp32: SPI Mode       : DIO[0m
[0;32mI (42) boot.esp32: SPI Flash Size : 4MB[0m
[0;32mI (46) boot: Enabling RNG early entropy source...[0m
[0;32mI (50) boot: Partition Table:[0m
[0;32mI (53) boot: ## Label            Usage          Type ST Offset   Length[0m
[0;32mI (59) boot:  0 nvs              WiFi data        01 02 00009000 00006000[0m
[0;32mI (66) boot:  1 phy_init         RF data          01 01 0000f000 00001000[0m
[0;32mI (72) boot:  2 factory          factory app      00 00 00010000 00100000[0m
[0;32mI (79) boot: End of partition table[0m
[0;32mI (82) esp_image: segment 0: paddr=00010020 vaddr=3f400020 size=20764h (132964) map[0m
[0;32mI (135) esp_image: segment 1: paddr=0003078c vaddr=3ff80000 size=0001ch (    28) load[0m
[0;32mI (135) esp_image: segment 2: paddr=000307b0 vaddr=3ffbdb60 size=04d50h ( 19792) load[0m
[0;32mI (146) esp_image: segment 3: paddr=00035508 vaddr=40080000 size=0ab10h ( 43792) load[0m
[0;32mI (164) esp_image: segment 4: paddr=00040020 vaddr=400d0020 size=7e0ech (516332) map[0m
[0;32mI (340) esp_image: segment 5: paddr=000be114 vaddr=4008ab10 size=0d1f8h ( 53752) load[0m
[0;32mI (373) boot: Loaded app from partition at offset 0x10000[0m
[0;32mI (373) boot: Disabling RNG early entropy source...[0m
[0;32mI (383) cpu_start: Multicore app[0m
[0;32mI (392) cpu_start: Pro cpu start user code[0m
[0;32mI (392) cpu_start: cpu freq: 160000000 Hz[0m
[0;32mI (392) app_init: Application information:[0m
[0;32mI (392) app_init: Project name:     robot_controller_1.1[0m
[0;32mI (397) app_init: App version:      v5.4[0m
[0;32mI (401) app_init: Compile time:     May  2 2025 19:46:51[0m
[0;32mI (406) app_init: ELF file SHA256:  32715a9ce...[0m
[0;32mI (410) app_init: ESP-IDF:          v5.4[0m
[0;32mI (414) efuse_init: Min chip rev:     v0.0[0m
[0;32mI (417) efuse_init: Max chip rev:     v3.99 [0m
[0;32mI (421) efuse_init: Chip rev:         v3.1[0m
[0;32mI (426) heap_init: Initializing. RAM available for dynamic allocation:[0m
[0;32mI (432) heap_init: At 3FFAFF10 len 000000F0 (0 KiB): DRAM[0m
[0;32mI (437) heap_init: At 3FFB6388 len 00001C78 (7 KiB): DRAM[0m
[0;32mI (442) heap_init: At 3FFB9A20 len 00004108 (16 KiB): DRAM[0m
[0;32mI (447) heap_init: At 3FFC7508 len 00018AF8 (98 KiB): DRAM[0m
[0;32mI (452) heap_init: At 3FFE0440 len 00003AE0 (14 KiB): D/IRAM[0m
[0;32mI (458) heap_init: At 3FFE4350 len 0001BCB0 (111 KiB): D/IRAM[0m
[0;32mI (463) heap_init: At 40097D08 len 000082F8 (32 KiB): IRAM[0m
[0;32mI (470) spi_flash: detected chip: generic[0m
[0;32mI (472) spi_flash: flash io: dio[0m
[0;32mI (476) coexist: coex firmware version: 49a8cdc[0m
[0;32mI (480) main_task: Started on CPU0[0m
[0;32mI (483) main_task: Calling app_main()[0m
[0;32mI (485) BLE UNIT: setting up BLE unit[0m

[0;32mI (498) BTDM_INIT: BT controller compile version [20b459d][0m
[0;32mI (500) BTDM_INIT: Bluetooth MAC: 78:42:1c:2e:4c:ea[0m
[0;32mI (503) phy_init: phy_version 4840,02e0d70,Sep  2 2024,19:39:07[0m
[0;32mI (892) BTserver: REGISTER_APP_EVT, status 0, app_id 0[0m
[0;33mW (895) BT_BTM: BTM_BleWriteAdvData, Partial data write into ADV[0m
[0;32mI (896) BTserver: CREATE_SERVICE_EVT_TX, status 0, service_handle 40[0m
[0;32mI (900) BTserver: CREATE_SERVICE_EVT_RX, status 0, service_handle 40[0m
[0;32mI (907) BTserver: Unhandled GATTS event: 12[0m
[0;32mI (911) BTserver: the gatts char length = 8[0m
[0;32mI (915) BTserver: prf_char[0] = 0[0m
[0;32mI (915) BTserver: prf_char[1] = 0[0m
[0;32mI (919) BTserver: prf_char[2] = 0[0m
[0;32mI (922) BTserver: prf_char[3] = 0[0m
[0;32mI (924) BTserver: prf_char[4] = 0[0m
[0;32mI (927) BTserver: prf_char[5] = 0[0m
[0;32mI (930) BTserver: prf_char[6] = 0[0m
[0;32mI (933) BTserver: prf_char[7] = 0[0m
[0;32mI (937) BTserver: ADD_RX_CHAR, status 0,  attr_handle 42, service_handle 40[0m
[0;32mI (943) BTserver: the gatts char length = 8[0m
[0;32mI (947) BTserver: prf_char[0] = 0[0m
[0;32mI (950) BTserver: prf_char[1] = 1[0m
[0;32mI (953) BTserver: prf_char[2] = 2[0m
[0;32mI (956) BTserver: prf_char[3] = 3[0m
[0;32mI (959) BTserver: prf_char[4] = 4[0m
[0;32mI (962) BTserver: prf_char[5] = 5[0m
[0;32mI (965) BTserver: prf_char[6] = 6[0m
[0;32mI (968) BTserver: prf_char[7] = 7[0m
[0;32mI (971) BTserver: ADD_TX_CHAR, status 0,  attr_handle 44, service_handle 40[0m
[0;32mI (978) BTserver: Unhandled event: 6[0m
[0;32mI (982) BTserver: TX CCCD Handle: 45[0m
[0;32mI (985) BLE UNIT: BLE unit setiing up completed[0m

[0;32mI (1089) PCNT UNIT: setting up PCNT units and chaneels[0m
[0;32mI (1089) PCNT UNIT: install pcnt unit1[0m
[0;32mI (1090) PCNT UNIT: set glitch filter for unit1[0m
[0;32mI (1090) PCNT UNIT: install pcnt channels of unit1[0m
[0;32mI (1095) PCNT UNIT: set edge and level actions for pcnt channels of unit1[0m
[0;32mI (1101) PCNT UNIT: enable pcnt unit1[0m
[0;32mI (1105) PCNT UNIT: clear pcnt unit1[0m
[0;32mI (1108) PCNT UNIT: start pcnt unit1[0m
[0;32mI (1111) PCNT UNIT: install pcnt unit2[0m
[0;32mI (1116) PCNT UNIT: set glitch filter for unit2[0m
[0;32mI (1119) PCNT UNIT: install pcnt channels of unit2[0m
[0;32mI (1124) PCNT UNIT: set edge and level actions for pcnt channels of unit2[0m
[0;32mI (1130) PCNT UNIT: enable pcnt unit2[0m
[0;32mI (1133) PCNT UNIT: clear pcnt unit2[0m
[0;32mI (1137) PCNT UNIT: start pcnt unit2[0m
[0;32mI (1140) PCNT UNIT: install pcnt unit3[0m
[0;32mI (1144) PCNT UNIT: set glitch filter for unit3[0m
[0;32mI (1148) PCNT UNIT: install pcnt channels of unit3[0m
[0;32mI (1152) PCNT UNIT: set edge and level actions for pcnt channels of unit3[0m
[0;32mI (1159) PCNT UNIT: enable pcnt unit3[0m
[0;32mI (1162) PCNT UNIT: clear pcnt unit3[0m
[0;32mI (1165) PCNT UNIT: start pcnt unit3[0m
[0;32mI (1169) PCNT UNIT: install pcnt unit4[0m
[0;32mI (1173) PCNT UNIT: set glitch filter for unit4[0m
[0;32mI (1176) PCNT UNIT: install pcnt channels of unit4[0m
[0;32mI (1181) PCNT UNIT: set edge and level actions for pcnt channels of unit4[0m
[0;32mI (1187) PCNT UNIT: enable pcnt unit4[0m
[0;32mI (1191) PCNT UNIT: clear pcnt unit4[0m
[0;32mI (1194) PCNT UNIT: start pcnt unit4[0m
[0;32mI (1197) PCNT UNIT: setting up Ques[0m
[0;32mI (1201) PCNT UNIT: setting up Tasks[0m

assert failed: prvInitialiseNewTask tasks.c:1088 (uxPriority < ( 25 ))


Backtrace: 0x40081b4d:0x3ffbba20 0x4008fb05:0x3ffbba40 0x40095e41:0x3ffbba60 0x4009135f:0x3ffbbb80 0x40092b20:0x3ffbbbb0 0x400d9339:0x3ffbbbf0 0x400d8f3c:0x3ffbbc30 0x4014c477:0x3ffbbc50 0x40090501:0x3ffbbc80




ELF file SHA256: 32715a9ce

Rebooting...
ets Jul 29 2019 12:21:46

rst:0xc (SW_CPU_RESET),boot:0x17 (SPI_FAST_FLASH_BOOT)
configsip: 0, SPIWP:0xee
clk_drv:0x00,q_drv:0x00,d_drv:0x00,cs0_drv:0x00,hd_drv:0x00,wp_drv:0x00
mode:DIO, clock div:2
load:0x3fff0030,len:6276
load:0x40078000,len:15716
load:0x40080400,len:4
ho 8 tail 4 room 4
load:0x40080404,len:3860
entry 0x4008063c
[0;32mI (31) boot: ESP-IDF v5.4 2nd stage bootloader[0m
[0;32mI (31) boot: compile time May  2 2025 19:47:00[0m
[0;32mI (31) boot: Multicore bootloader[0m
[0;32mI (32) boot: chip revision: v3.1[0m
[0;32mI (35) boot.esp32: SPI Speed      : 40MHz[0m
[0;32mI (39) boot.esp32: SPI Mode       : DIO[0m
[0;32mI (42) boot.esp32: SPI Flash Size : 4MB[0m
[0;32mI (46) boot: Enabling RNG early entropy source...[0m
[0;32mI (50) boot: Partition Table:[0m
[0;32mI (53) boot: ## Label            Usage          Type ST Offset   Length[0m
[0;32mI (59) boot:  0 nvs              WiFi data        01 02 00009000 00006000[0m
[0;32mI (66) boot:  1 phy_init         RF data          01 01 0000f000 00001000[0m
[0;32mI (72) boot:  2 factory          factory app      00 00 00010000 00100000[0m
[0;32mI (79) boot: End of partition table[0m
[0;32mI (82) esp_image: segment 0: paddr=00010020 vaddr=3f400020 size=20764h (132964) map[0m
[0;32mI (135) esp_image: segment 1: paddr=0003078c vaddr=3ff80000 size=0001ch (    28) load[0m
[0;32mI (135) esp_image: segment 2: paddr=000307b0 vaddr=3ffbdb60 size=04d50h ( 19792) load[0m
[0;32mI (146) esp_image: segment 3: paddr=00035508 vaddr=40080000 size=0ab10h ( 43792) load[0m
[0;32mI (164) esp_image: segment 4: paddr=00040020 vaddr=400d0020 size=7e0ech (516332) map[0m
[0;32mI (340) esp_image: segment 5: paddr=000be114 vaddr=4008ab10 size=0d1f8h ( 53752) load[0m
[0;32mI (373) boot: Loaded app from partition at offset 0x10000[0m
[0;32mI (373) boot: Disabling RNG early entropy source...[0m
[0;32mI (383) cpu_start: Multicore app[0m
[0;32mI (392) cpu_start: Pro cpu start user code[0m
[0;32mI (392) cpu_start: cpu freq: 160000000 Hz[0m
[0;32mI (392) app_init: Application information:[0m
[0;32mI (392) app_init: Project name:     robot_controller_1.1[0m
[0;32mI (397) app_init: App version:      v5.4[0m
[0;32mI (401) app_init: Compile time:     May  2 2025 19:46:51[0m
[0;32mI (406) app_init: ELF file SHA256:  32715a9ce...[0m
[0;32mI (410) app_init: ESP-IDF:          v5.4[0m
[0;32mI (414) efuse_init: Min chip rev:     v0.0[0m
[0;32mI (417) efuse_init: Max chip rev:     v3.99 [0m
[0;32mI (421) efuse_init: Chip rev:         v3.1[0m
[0;32mI (426) heap_init: Initializing. RAM available for dynamic allocation:[0m
[0;32mI (432) heap_init: At 3FFAFF10 len 000000F0 (0 KiB): DRAM[0m
[0;32mI (437) heap_init: At 3FFB6388 len 00001C78 (7 KiB): DRAM[0m
[0;32mI (442) heap_init: At 3FFB9A20 len 00004108 (16 KiB): DRAM[0m
[0;32mI (447) heap_init: At 3FFC7508 len 00018AF8 (98 KiB): DRAM[0m
[0;32mI (452) heap_init: At 3FFE0440 len 00003AE0 (14 KiB): D/IRAM[0m
[0;32mI (458) heap_init: At 3FFE4350 len 0001BCB0 (111 KiB): D/IRAM[0m
[0;32mI (463) heap_init: At 40097D08 len 000082F8 (32 KiB): IRAM[0m
[0;32mI (470) spi_flash: detected chip: generic[0m
[0;32mI (472) spi_flash: flash io: dio[0m
[0;32mI (476) coexist: coex firmware version: 49a8cdc[0m
[0;32mI (480) main_task: Started on CPU0[0m
[0;32mI (483) main_task: Calling app_main()[0m
[0;32mI (485) BLE UNIT: setting up BLE unit[0m

[0;32mI (498) BTDM_INIT: BT controller compile version [20b459d][0m
[0;32mI (500) BTDM_INIT: Bluetooth MAC: 78:42:1c:2e:4c:ea[0m
[0;32mI (503) phy_init: phy_version 4840,02e0d70,Sep  2 2024,19:39:07[0m
[0;32mI (893) BTserver: REGISTER_APP_EVT, status 0, app_id 0[0m
[0;33mW (895) BT_BTM: BTM_BleWriteAdvData, Partial data write into ADV[0m
[0;32mI (896) BTserver: CREATE_SERVICE_EVT_TX, status 0, service_handle 40[0m
[0;32mI (900) BTserver: CREATE_SERVICE_EVT_RX, status 0, service_handle 40[0m
[0;32mI (908) BTserver: Unhandled GATTS event: 12[0m
[0;32mI (912) BTserver: the gatts char length = 8[0m
[0;32mI (916) BTserver: prf_char[0] = 0[0m
[0;32mI (916) BTserver: prf_char[1] = 0[0m
[0;32mI (919) BTserver: prf_char[2] = 0[0m
[0;32mI (922) BTserver: prf_char[3] = 0[0m
[0;32mI (925) BTserver: prf_char[4] = 0[0m
[0;32mI (928) BTserver: prf_char[5] = 0[0m
[0;32mI (931) BTserver: prf_char[6] = 0[0m
[0;32mI (934) BTserver: prf_char[7] = 0[0m
[0;32mI (937) BTserver: ADD_RX_CHAR, status 0,  attr_handle 42, service_handle 40[0m
[0;32mI (944) BTserver: the gatts char length = 8[0m
[0;32mI (948) BTserver: prf_char[0] = 0[0m
[0;32mI (951) BTserver: prf_char[1] = 1[0m
[0;32mI (954) BTserver: prf_char[2] = 2[0m
[0;32mI (957) BTserver: prf_char[3] = 3[0m
[0;32mI (960) BTserver: prf_char[4] = 4[0m
[0;32mI (963) BTserver: prf_char[5] = 5[0m
[0;32mI (966) BTserver: prf_char[6] = 6[0m
[0;32mI (969) BTserver: prf_char[7] = 7[0m
[0;32mI (972) BTserver: ADD_TX_CHAR, status 0,  attr_handle 44, service_handle 40[0m
[0;32mI (979) BTserver: Unhandled event: 6[0m
[0;32mI (982) BTserver: TX CCCD Handle: 45[0m
[0;32mI (986) BLE UNIT: BLE unit setiing up completed[0m

[0;32mI (1090) PCNT UNIT: setting up PCNT units and chaneels[0m
[0;32mI (1090) PCNT UNIT: install pcnt unit1[0m
[0;32mI (1091) PCNT UNIT: set glitch filter for unit1[0m
[0;32mI (1091) PCNT UNIT: install pcnt channels of unit1[0m
[0;32mI (1096) PCNT UNIT: set edge and level actions for pcnt channels of unit1[0m
[0;32mI (1102) PCNT UNIT: enable pcnt unit1[0m
[0;32mI (1106) PCNT UNIT: clear pcnt unit1[0m
[0;32mI (1109) PCNT UNIT: start pcnt unit1[0m
[0;32mI (1112) PCNT UNIT: install pcnt unit2[0m
[0;32mI (1116) PCNT UNIT: set glitch filter for unit2[0m
[0;32mI (1120) PCNT UNIT: install pcnt channels of unit2[0m
[0;32mI (1125) PCNT UNIT: set edge and level actions for pcnt channels of unit2[0m
[0;32mI (1131) PCNT UNIT: enable pcnt unit2[0m
[0;32mI (1134) PCNT UNIT: clear pcnt unit2[0m
[0;32mI (1138) PCNT UNIT: start pcnt unit2[0m
[0;32mI (1141) PCNT UNIT: install pcnt unit3[0m
[0;32mI (1145) PCNT UNIT: set glitch filter for unit3[0m
[0;32mI (1149) PCNT UNIT: install pcnt channels of unit3[0m
[0;32mI (1153) PCNT UNIT: set edge and level actions for pcnt channels of unit3[0m
[0;32mI (1160) PCNT UNIT: enable pcnt unit3[0m
[0;32mI (1163) PCNT UNIT: clear pcnt unit3[0m
[0;32mI (1166) PCNT UNIT: start pcnt unit3[0m
[0;32mI (1170) PCNT UNIT: install pcnt unit4[0m
[0;32mI (1174) PCNT UNIT: set glitch filter for unit4[0m
[0;32mI (1177) PCNT UNIT: install pcnt channels of unit4[0m
[0;32mI (1182) PCNT UNIT: set edge and level actions for pcnt channels of unit4[0m
[0;32mI (1188) PCNT UNIT: enable pcnt unit4[0m
[0;32mI (1192) PCNT UNIT: clear pcnt unit4[0m
[0;32mI (1195) PCNT UNIT: start pcnt unit4[0m
[0;32mI (1198) PCNT UNIT: setting up Ques[0m
[0;32mI (1202) PCNT UNIT: setting up Tasks[0m

assert failed: prvInitialiseNewTask tasks.c:1088 (uxPriority < ( 25 ))


Backtrace: 0x40081b4d:0x3ffbba20 0x4008fb05:0x3ffbba40 0x40095e41:0x3ffbba60 0x4009135f:0x3ffbbb80 0x40092b20:0x3ffbbbb0 0x400d9339:0x3ffbbbf0 0x400d8f3c:0x3ffbbc30 0x4014c477:0x3ffbbc50 0x40090501:0x3ffbbc80




ELF file SHA256: 32715a9ce

Rebooting...
ets Jul 29 2019 12:21:46

rst:0xc (SW_CPU_RESET),boot:0x17 (SPI_FAST_FLASH_BOOT)
configsip: 0, SPIWP:0xee
clk_drv:0x00,q_drv:0x00,d_drv:0x00,cs0_drv:0x00,hd_drv:0x00,wp_drv:0x00
mode:DIO, clock div:2
load:0x3fff0030,len:6276
load:0x40078000,len:15716
load:0x40080400,len:4
ho 8 tail 4 room 4
load:0x40080404,len:3860
entry 0x4008063c
[0;32mI (31) boot: ESP-IDF v5.4 2nd stage bootloader[0m
[0;32mI (31) boot: compile time May  2 2025 19:47:00[0m
[0;32mI (31) boot: Multicore bootloader[0m
[0;32mI (32) boot: chip revision: v3.1[0m
[0;32mI (35) boot.esp32: SPI Speed      : 40MHz[0m
[0;32mI (39) boot.esp32: SPI Mode       : DIO[0m
[0;32mI (42) boot.esp32: SPI Flash Size : 4MB[0m
[0;32mI (46) boot: Enabling RNG early entropy source...[0m
[0;32mI (50) boot: Partition Table:[0m
[0;32mI (53) boot: ## Label            Usage          Type ST Offset   Length[0m
[0;32mI (59) boot:  0 nvs              WiFi data        01 02 00009000 00006000[0m
[0;32mI (66) boot:  1 phy_init         RF data          01 01 0000f000 00001000[0m
[0;32mI (72) boot:  2 factory          factory app      00 00 00010000 00100000[0m
[0;32mI (79) boot: End of partition table[0m
[0;32mI (82) esp_image: segment 0: paddr=00010020 vaddr=3f400020 size=20764h (132964) map[0m
[0;32mI (135) esp_image: segment 1: paddr=0003078c vaddr=3ff80000 size=0001ch (    28) load[0m
[0;32mI (135) esp_image: segment 2: paddr=000307b0 vaddr=3ffbdb60 size=04d50h ( 19792) load[0m
[0;32mI (146) esp_image: segment 3: paddr=00035508 vaddr=40080000 size=0ab10h ( 43792) load[0m
[0;32mI (164) esp_image: segment 4: paddr=00040020 vaddr=400d0020 size=7e0ech (516332) map[0m
[0;32mI (340) esp_image: segment 5: paddr=000be114 vaddr=4008ab10 size=0d1f8h ( 53752) load[0m
[0;32mI (373) boot: Loaded app from partition at offset 0x10000[0m
[0;32mI (373) boot: Disabling RNG early entropy source...[0m
[0;32mI (383) cpu_start: Multicore app[0m
[0;32mI (392) cpu_start: Pro cpu start user code[0m
[0;32mI (392) cpu_start: cpu freq: 160000000 Hz[0m
[0;32mI (392) app_init: Application information:[0m
[0;32mI (392) app_init: Project name:     robot_controller_1.1[0m
[0;32mI (397) app_init: App version:      v5.4[0m
[0;32mI (401) app_init: Compile time:     May  2 2025 19:46:51[0m
[0;32mI (406) app_init: ELF file SHA256:  32715a9ce...[0m
[0;32mI (410) app_init: ESP-IDF:          v5.4[0m
[0;32mI (414) efuse_init: Min chip rev:     v0.0[0m
[0;32mI (417) efuse_init: Max chip rev:     v3.99 [0m
[0;32mI (421) efuse_init: Chip rev:         v3.1[0m
[0;32mI (426) heap_init: Initializing. RAM available for dynamic allocation:[0m
[0;32mI (432) heap_init: At 3FFAFF10 len 000000F0 (0 KiB): DRAM[0m
[0;32mI (437) heap_init: At 3FFB6388 len 00001C78 (7 KiB): DRAM[0m
[0;32mI (442) heap_init: At 3FFB9A20 len 00004108 (16 KiB): DRAM[0m
[0;32mI (447) heap_init: At 3FFC7508 len 00018AF8 (98 KiB): DRAM[0m
[0;32mI (452) heap_init: At 3FFE0440 len 00003AE0 (14 KiB): D/IRAM[0m
[0;32mI (458) heap_init: At 3FFE4350 len 0001BCB0 (111 KiB): D/IRAM[0m
[0;32mI (463) heap_init: At 40097D08 len 000082F8 (32 KiB): IRAM[0m
[0;32mI (470) spi_flash: detected chip: generic[0m
[0;32mI (472) spi_flash: flash io: dio[0m
[0;32mI (476) coexist: coex firmware version: 49a8cdc[0m
[0;32mI (480) main_task: Started on CPU0[0m
[0;32mI (483) main_task: Calling app_main()[0m
[0;32mI (485) BLE UNIT: setting up BLE unit[0m

[0;32mI (498) BTDM_INIT: BT controller compile version [20b459d][0m
[0;32mI (500) BTDM_INIT: Bluetooth MAC: 78:42:1c:2e:4c:ea[0m
[0;32mI (503) phy_init: phy_version 4840,02e0d70,Sep  2 2024,19:39:07[0m
