PI_FAST_FLASH_BOOT)
configsip: 0, SPIWP:0xee
clk_drv:0x00,q_drhd_drv:0x00,wp_drv:0x00
mode:DIO, clock div:2
load:0x3fff0030,len:6276
load:0x40078000,len:15716
load:0x40080400,len:4
ho ets Jul 29 2019 12:21:46

rst:0x1 (POWERON_RESET),boot:0x13 (SPI_FAST_FLASH_BOOT)
configsip: 0, SPIWP:0xee
clk_drv:0x00,q_drv:0x00,d_drv:0x00,cs0_drv:0x00,hd_drv:0x00,wp_drv:0x00
mode:DIO, clock div:2
load:0x3fff0030,len:6276
load:0x40078000,len:15716
load:0x40080400,len:4
ho 8 tail 4 room 4
load:0x40080404,len:3860
entry 0x4008063c
[0;32mI (31) boot: ESP-IDF v5.4 2nd stage bootloader[0m
[0;32mI (31) boot: compile time May  2 2025 17:18:45[0m
[0;32mI (31) boot: Multicore bootloader[0m
[0;32mI (32) boot: chip revision: v3.1[0m
[0;32mI (35) boot.esp32: SPI Speed      : 40MHz[0m
[0;32mI (39) boot.esp32: SPI Mode       : DIO[0m
[0;32mI (42) boot.esp32: SPI Flash Size : 2MB[0m
[0;32mI (46) boot: Enabling RNG early entropy source...[0m
[0;32mI (50) boot: Partition Table:[0m
[0;32mI (53) boot: ## Label            Usage          Type ST Offset   Length[0m
[0;32mI (59) boot:  0 nvs              WiFi data        01 02 00009000 00006000[0m
[0;32mI (66) boot:  1 phy_init         RF data          01 01 0000f000 00001000[0m
[0;32mI (72) boot:  2 factory          factory app      00 00 00010000 00100000[0m
[0;32mI (79) boot: End of partition table[0m
[0;32mI (82) esp_image: segment 0: paddr=00010020 vaddr=3f400020 size=203c4h (132036) map[0m
[0;32mI (135) esp_image: segment 1: paddr=000303ec vaddr=3ff80000 size=0001ch (    28) load[0m
[0;32mI (135) esp_image: segment 2: paddr=00030410 vaddr=3ffbdb60 size=04ce8h ( 19688) load[0m
[0;32mI (146) esp_image: segment 3: paddr=00035100 vaddr=40080000 size=0af18h ( 44824) load[0m
[0;32mI (164) esp_image: segment 4: paddr=00040020 vaddr=400d0020 size=7d940h (514368) map[0m
[0;32mI (340) esp_image: segment 5: paddr=000bd968 vaddr=4008af18 size=0ceach ( 52908) load[0m
[0;32mI (372) boot: Loaded app from partition at offset 0x10000[0m
[0;32mI (372) boot: Disabling RNG early entropy source...[0m
[0;32mI (383) cpu_start: Multicore app[0m
[0;32mI (391) cpu_start: Pro cpu start user code[0m
[0;32mI (391) cpu_start: cpu freq: 160000000 Hz[0m
[0;32mI (391) app_init: Application information:[0m
[0;32mI (391) app_init: Project name:     robot_controller_1.1[0m
[0;32mI (396) app_init: App version:      v5.4[0m
[0;32mI (400) app_init: Compile time:     May  2 2025 17:18:46[0m
[0;32mI (405) app_init: ELF file SHA256:  436526f4c...[0m
[0;32mI (409) app_init: ESP-IDF:          v5.4[0m
[0;32mI (413) efuse_init: Min chip rev:     v0.0[0m
[0;32mI (417) efuse_init: Max chip rev:     v3.99 [0m
[0;32mI (421) efuse_init: Chip rev:         v3.1[0m
[0;32mI (425) heap_init: Initializing. RAM available for dynamic allocation:[0m
[0;32mI (431) heap_init: At 3FFAFF10 len 000000F0 (0 KiB): DRAM[0m
[0;32mI (436) heap_init: At 3FFB6388 len 00001C78 (7 KiB): DRAM[0m
[0;32mI (441) heap_init: At 3FFB9A20 len 00004108 (16 KiB): DRAM[0m
[0;32mI (446) heap_init: At 3FFC74C0 len 00018B40 (98 KiB): DRAM[0m
[0;32mI (451) heap_init: At 3FFE0440 len 00003AE0 (14 KiB): D/IRAM[0m
[0;32mI (457) heap_init: At 3FFE4350 len 0001BCB0 (111 KiB): D/IRAM[0m
[0;32mI (462) heap_init: At 40097DC4 len 0000823C (32 KiB): IRAM[0m
[0;32mI (469) spi_flash: detected chip: generic[0m
[0;32mI (471) spi_flash: flash io: dio[0m
[0;33mW (474) spi_flash: Detected size(4096k) larger than the size in the binary image header(2048k). Using the size in the binary image header.[0m
[0;32mI (487) coexist: coex firmware version: 49a8cdc[0m
[0;32mI (491) main_task: Started on CPU0[0m
[0;32mI (501) main_task: Calling app_main()[0m
[0;32mI (501) PCNT: setting up PCNT units and chaneeï¿½ets Jul 29 2019 12:21:46[0m

rst:0xc (SW_CPU_RESET),boot:0x13 (SPI_FAST_FLASH_BOOT)
configsip: 0, SPIWP:0xee
clk_drv:0x00,q_drv:0x00,d_drv:0x00,cs0_drv:0x00,hd_drv:0x00,wp_drv:0x00
mode:DIO, clock div:2
load:0x3fff0030,len:6276
load:0x40078000,len:15716
load:0x40080400,len:4
ho 8 tail 4 room 4
load:0x40080404,len:3860
entry 0x4008063c
[0;32mI (31) boot: ESP-IDF v5.4 2nd stage bootloader[0m
[0;32mI (31) boot: compile time May  2 2025 17:18:45[0m
[0;32mI (31) boot: Multicore bootloader[0m
[0;32mI (32) boot: chip revision: v3.1[0m
[0;32mI (35) boot.esp32: SPI Speed      : 40MHz[0m
[0;32mI (39) boot.esp32: SPI Mode       : DIO[0m
[0;32mI (42) boot.esp32: SPI Flash Size : 2MB[0m
[0;32mI (46) boot: Enabling RNG early entropy source...[0m
[0;32mI (50) boot: Partition Table:[0m
[0;32mI (53) boot: ## Label            Usage          Type ST Offset   Length[0m
[0;32mI (59) boot:  0 nvs              WiFi data        01 02 00009000 00006000[0m
[0;32mI (66) boot:  1 phy_init         RF data          01 01 0000f000 00001000[0m
[0;32mI (72) boot:  2 factory          factory app      00 00 00010000 00100000[0m
[0;32mI (79) boot: End of partition table[0m
[0;32mI (82) esp_image: segment 0: paddr=00010020 vaddr=3f400020 size=203c4h (132036) map[0m
[0;32mI (135) esp_image: segment 1: paddr=000303ec vaddr=3ff80000 size=0001ch (    28) load[0m
[0;32mI (135) esp_image: segment 2: paddr=00030410 vaddr=3ffbdb60 size=04ce8h ( 19688) load[0m
[0;32mI (146) esp_image: segment 3: paddr=00035100 vaddr=40080000 size=0af18h ( 44824) load[0m
[0;32mI (164) esp_image: segment 4: paddr=00040020 vaddr=400d0020 size=7d940h (514368) map[0m
[0;32mI (339) esp_image: segment 5: paddr=000bd968 vaddr=4008af18 size=0ceach ( 52908) load[0m
[0;32mI (372) boot: Loaded app from partition at offset 0x10000[0m
[0;32mI (372) boot: Disabling RNG early entropy source...[0m
[0;32mI (382) cpu_start: Multicore app[0m
[0;32mI (391) cpu_start: Pro cpu start user code[0m
[0;32mI (391) cpu_start: cpu freq: 160000000 Hz[0m
[0;32mI (391) app_init: Application information:[0m
[0;32mI (391) app_init: Project name:     robot_controller_1.1[0m
[0;32mI (396) app_init: App version:      v5.4[0m
[0;32mI (400) app_init: Compile time:     May  2 2025 17:18:46[0m
[0;32mI (405) app_init: ELF file SHA256:  436526f4c...[0m
[0;32mI (409) app_init: ESP-IDF:          v5.4[0m
[0;32mI (413) efuse_init: Min chip rev:     v0.0[0m
[0;32mI (416) efuse_init: Max chip rev:     v3.99 [0m
[0;32mI (420) efuse_init: Chip rev:         v3.1[0m
[0;32mI (425) heap_init: Initializing. RAM available for dynamic allocation:[0m
[0;32mI (431) heap_init: At 3FFAFF10 len 000000F0 (0 KiB): DRAM[0m
[0;32mI (436) heap_init: At 3FFB6388 len 00001C78 (7 KiB): DRAM[0m
[0;32mI (441) heap_init: At 3FFB9A20 len 00004108 (16 KiB): DRAM[0m
[0;32mI (446) heap_init: At 3FFC74C0 len 00018B40 (98 KiB): DRAM[0m
[0;32mI (451) heap_init: At 3FFE0440 len 00003AE0 (14 KiB): D/IRAM[0m
[0;32mI (456) heap_init: At 3FFE4350 len 0001BCB0 (111 KiB): D/IRAM[0m
[0;32mI (462) heap_init: At 40097DC4 len 0000823C (32 KiB): IRAM[0m
[0;32mI (469) spi_flash: detected chip: generic[0m
[0;32mI (471) spi_flash: flash io: dio[0m
[0;33mW (474) spi_flash: Detected size(4096k) larger than the size in the binary image header(2048k). Using the size in the binary image header.[0m
[0;32mI (487) coexist: coex firmware version: 49a8cdc[0m
[0;32mI (491) main_task: Started on CPU0[0m
[0;32mI (501) main_task: Calling app_main()[0m
[0;32mI (501) PCNT: setting up PCNT units and chaneeï¿½ets Jul 29 2019 12:21:46[0m

rst:0xc (SW_CPU_RESET),boot:0x13 (SPI_FAST_FLASH_BOOT)
configsip: 0, SPIWP:0xee
clk_drv:0x00,q_drv:0x00,d_drv:0x00,cs0_drv:0x00,hd_drv:0x00,wp_drv:0x00
mode:DIO, clock div:2
load:0x3fff0030,len:6276
load:0x40078000,len:15716
load:0x40080400,len:4
ho 8 tail 4 room 4
load:0x40080404,len:3860
entry 0x4008063c
[0;32mI (31) boot: ESP-IDF v5.4 2nd stage bootloader[0m
[0;32mI (31) boot: compile time May  2 2025 17:18:45[0m
[0;32mI (31) boot: Multicore bootloader[0m
[0;32mI (32) boot: chip revision: v3.1[0m
[0;32mI (35) boot.esp32: SPI Speed      : 40MHz[0m
[0;32mI (39) boot.esp32: SPI Mode       : DIO[0m
[0;32mI (42) boot.esp32: SPI Flash Size : 2MB[0m
[0;32mI (46) boot: Enabling RNG early entropy source...[0m
[0;32mI (50) boot: Partition Table:[0m
[0;32mI (53) boot: ## Label            Usage          Type ST Offset   Length[0m
[0;32mI (59) boot:  0 nvs              WiFi data        01 02 00009000 00006000[0m
[0;32mI (66) boot:  1 phy_init         RF data          01 01 0000f000 00001000[0m
[0;32mI (72) boot:  2 factory          factory app      00 00 00010000 00100000[0m
[0;32mI (79) boot: End of partition table[0m
[0;32mI (82) esp_image: segment 0: paddr=00010020 vaddr=3f400020 size=203c4h (132036) map[0m
[0;32mI (135) esp_image: segment 1: paddr=000303ec vaddr=3ff80000 size=0001ch (    28) load[0m
[0;32mI (135) esp_image: segment 2: paddr=00030410 vaddr=3ffbdb60 size=04ce8h ( 19688) load[0m
[0;32mI (146) esp_image: segment 3: paddr=00035100 vaddr=40080000 size=0af18h ( 44824) load[0m
[0;32mI (164) esp_image: segment 4: paddr=00040020 vaddr=400d0020 size=7d940h (514368) map[0m
[0;32mI (339) esp_image: segment 5: paddr=000bd968 vaddr=4008af18 size=0ceach ( 52908) load[0m
[0;32mI (372) boot: Loaded app from partition at offset 0x10000[0m
[0;32mI (372) boot: Disabling RNG early entropy source...[0m
[0;32mI (382) cpu_start: Multicore app[0m
[0;32mI (391) cpu_start: Pro cpu start user code[0m
[0;32mI (391) cpu_start: cpu freq: 160000000 Hz[0m
[0;32mI (391) app_init: Application information:[0m
[0;32mI (391) app_init: Project name:     robot_controller_1.1[0m
[0;32mI (396) app_init: App version:      v5.4[0m
[0;32mI (400) app_init: Compile time:     May  2 2025 17:18:46[0m
[0;32mI (405) app_init: ELF file SHA256:  436526f4c...[0m
[0;32mI (409) app_init: ESP-IDF:          v5.4[0m
[0;32mI (413) efuse_init: Min chip rev:     v0.0[0m
[0;32mI (416) efuse_init: Max chip rev:     v3.99 [0m
[0;32mI (420) efuse_init: Chip rev:         v3.1[0m
[0;32mI (425) heap_init: Initializing. RAM available for dynamic allocation:[0m
[0;32mI (431) heap_init: At 3FFAFF10 len 000000F0 (0 KiB): DRAM[0m
[0;32mI (436) heap_init: At 3FFB6388 len 00001C78 (7 KiB): DRAM[0m
[0;32mI (441) heap_init: At 3FFB9A20 len 00004108 (16 KiB): DRAM[0m
[0;32mI (446) heap_init: At 3FFC74C0 len 00018B40 (98 KiB): DRAM[0m
[0;32mI (451) heap_init: At 3FFE0440 len 00003AE0 (14 KiB): D/IRAM[0m
[0;32mI (456) heap_init: At 3FFE4350 len 0001BCB0 (111 KiB): D/IRAM[0m
[0;32mI (462) heap_init: At 40097DC4 len 0000823C (32 KiB): IRAM[0m
[0;32mI (469) spi_flash: detected chip: generic[0m
[0;32mI (471) spi_flash: flash io: dio[0m
[0;33mW (474) spi_flash: Detected size(4096k) larger than the size in the binary image header(2048k). Using the size in the binary image header.[0m
[0;32mI (487) coexist: coex firmware version: 49a8cdc[0m
[0;32mI (491) main_task: Started on CPU0[0m
[0;32mI (501) main_task: Calling app_main()[0m
[0;32mI (501) PCNT: setting up PCNT units and chaneeï¿½ets Jul 29 2019 12:21:46[0m

rst:0xc (SW_CPU_RESET),boot:0x13 (SPI_FAST_FLASH_BOOT)
configsip: 0, SPIWP:0xee
clk_drv:0x00,q_drv:0x00,d_drv:0x00,cs0_drv:0x00,hd_drv:0x00,wp_drv:0x00
mode:DIO, clock div:2
load:0x3fff0030,len:6276
load:0x40078000,len:15716
load:0x40080400,len:4
ho 8 tail 4 room 4
load:0x40080404,len:3860
entry 0x4008063c
[0;32mI (31) boot: ESP-IDF v5.4 2nd stage bootloader[0m
[0;32mI (31) boot: compile time May  2 2025 17:18:45[0m
[0;32mI (31) boot: Multicore bootloader[0m
[0;32mI (32) boot: chip revision: v3.1[0m
[0;32mI (35) boot.esp32: SPI Speed      : 40MHz[0m
[0;32mI (39) boot.esp32: SPI Mode       : DIO[0m
[0;32mI (42) boot.esp32: SPI Flash Size : 2MB[0m
[0;32mI (46) boot: Enabling RNG early entropy source...[0m
[0;32mI (50) boot: Partition Table:[0m
[0;32mI (53) boot: ## Label            Usage          Type ST Offset   Length[0m
[0;32mI (59) boot:  0 nvs              WiFi data        01 02 00009000 00006000[0m
[0;32mI (66) boot:  1 phy_init         RF data          01 01 0000f000 00001000[0m
[0;32mI (72) boot:  2 factory          factory app      00 00 00010000 00100000[0m
[0;32mI (79) boot: End of partition table[0m
[0;32mI (82) esp_image: segment 0: paddr=00010020 vaddr=3f400020 size=203c4h (132036) map[0m
[0;32mI (135) esp_image: segment 1: paddr=000303ec vaddr=3ff80000 size=0001ch (    28) load[0m
[0;32mI (135) esp_image: segment 2: paddr=00030410 vaddr=3ffbdb60 size=04ce8h ( 19688) load[0m
[0;32mI (146) esp_image: segment 3: paddr=00035100 vaddr=40080000 size=0af18h ( 44824) load[0m
[0;32mI (164) esp_image: segment 4: paddr=00040020 vaddr=400d0020 size=7d940h (514368) map[0m
[0;32mI (339) esp_image: segment 5: paddr=000bd968 vaddr=4008af18 size=0ceach ( 52908) load[0m
[0;32mI (372) boot: Loaded app from partition at offset 0x10000[0m
[0;32mI (372) boot: Disabling RNG early entropy source...[0m
[0;32mI (382) cpu_start: Multicore app[0m
[0;32mI (391) cpu_start: Pro cpu start user code[0m
[0;32mI (391) cpu_start: cpu freq: 160000000 Hz[0m
[0;32mI (391) app_init: Application information:[0m
[0;32mI (391) app_init: Project name:     robot_controller_1.1[0m
[0;32mI (396) app_init: App version:      v5.4[0m
[0;32mI (400) app_init: Compile time:     May  2 2025 17:18:46[0m
[0;32mI (405) app_init: ELF file SHA256:  436526f4c...[0m
[0;32mI (409) app_init: ESP-IDF:          v5.4[0m
[0;32mI (413) efuse_init: Min chip rev:     v0.0[0m
[0;32mI (416) efuse_init: Max chip rev:     v3.99 [0m
[0;32mI (420) efuse_init: Chip rev:         v3.1[0m
[0;32mI (425) heap_init: Initializing. RAM available for dynamic allocation:[0m
[0;32mI (431) heap_init: At 3FFAFF10 len 000000F0 (0 KiB): DRAM[0m
[0;32mI (436) heap_init: At 3FFB6388 len 00001C78 (7 KiB): DRAM[0m
[0;32mI (441) heap_init: At 3FFB9A20 len 00004108 (16 KiB): DRAM[0m
[0;32mI (446) heap_init: At 3FFC74C0 len 00018B40 (98 KiB): DRAM[0m
[0;32mI (451) heap_init: At 3FFE0440 len 00003AE0 (14 KiB): D/IRAM[0m
[0;32mI (456) heap_init: At 3FFE4350 len 0001BCB0 (111 KiB): D/IRAM[0m
[0;32mI (462) heap_init: At 40097DC4 len 0000823C (32 KiB): IRAM[0m
[0;32mI (469) spi_flash: detected chip: generic[0m
[0;32mI (471) spi_flash: flash io: dio[0m
[0;33mW (474) spi_flash: Detected size(4096k) larger than the size in the binary image header(2048k). Using the size in the binary image header.[0m
[0;32mI (487) coexist: coex firmware version: 49a8cdc[0m
[0;32mI (491) main_task: Started on CPU0[0m
[0;32mI (501) main_task: Calling app_main()[0m
[0;32mI (501) PCNT: setting up PCNT units and chaneeï¿½ets Jul 29 2019 12:21:46[0m

rst:0xc (SW_CPU_RESET),boot:0x13 (SPI_FAST_FLASH_BOOT)
configsip: 0, SPIWP:0xee
clk_drv:0x00,q_drv:0x00,d_drv:0x00,cs0_drv:0x00,hd_drv:0x00,wp_drv:0x00
mode:DIO, clock div:2
load:0x3fff0030,len:6276
load:0x40078000,len:15716
load:0x40080400,len:4
ho 8 tail 4 room 4
load:0x40080404,len:3860
entry 0x4008063c
[0;32mI (31) boot: ESP-IDF v5.4 2nd stage bootloader[0m
[0;32mI (31) boot: compile time May  2 2025 17:18:45[0m
[0;32mI (31) boot: Multicore bootloader[0m
[0;32mI (32) boot: chip revision: v3.1[0m
[0;32mI (35) boot.esp32: SPI Speed      : 40MHz[0m
[0;32mI (39) boot.esp32: SPI Mode       : DIO[0m
[0;32mI (42) boot.esp32: SPI Flash Size : 2MB[0m
[0;32mI (46) boot: Enabling RNG early entropy source...[0m
[0;32mI (50) boot: Partition Table:[0m
[0;32mI (53) boot: ## Label            Usage          Type ST Offset   Length[0m
[0;32mI (59) boot:  0 nvs              WiFi data        01 02 00009000 00006000[0m
[0;32mI (66) boot:  1 phy_init         RF data          01 01 0000f000 00001000[0m
[0;32mI (72) boot:  2 factory          factory app      00 00 00010000 00100000[0m
[0;32mI (79) boot: End of partition table[0m
[0;32mI (82) esp_image: segment 0: paddr=00010020 vaddr=3f400020 size=203c4h (132036) map[0m
[0;32mI (135) esp_image: segment 1: paddr=000303ec vaddr=3ff80000 size=0001ch (    28) load[0m
[0;32mI (135) esp_image: segment 2: paddr=00030410 vaddr=3ffbdb60 size=04ce8h ( 19688) load[0m
[0;32mI (146) esp_image: segment 3: paddr=00035100 vaddr=40080000 size=0af18h ( 44824) load[0m
[0;32mI (164) esp_image: segment 4: paddr=00040020 vaddr=400d0020 size=7d940h (514368) map[0m
[0;32mI (339) esp_image: segment 5: paddr=000bd968 vaddr=4008af18 size=0ceach ( 52908) load[0m
[0;32mI (372) boot: Loaded app from partition at offset 0x10000[0m
[0;32mI (372) boot: Disabling RNG early entropy source...[0m
[0;32mI (382) cpu_start: Multicore app[0m
[0;32mI (391) cpu_start: Pro cpu start user code[0m
[0;32mI (391) cpu_start: cpu freq: 160000000 Hz[0m
[0;32mI (391) app_init: Application information:[0m
[0;32mI (391) app_init: Project name:     robot_controller_1.1[0m
[0;32mI (396) app_init: App version:      v5.4[0m
[0;32mI (400) app_init: Compile time:     May  2 2025 17:18:46[0m
[0;32mI (405) app_init: ELF file SHA256:  436526f4c...[0m
[0;32mI (409) app_init: ESP-IDF:          v5.4[0m
[0;32mI (413) efuse_init: Min chip rev:     v0.0[0m
[0;32mI (416) efuse_init: Max chip rev:     v3.99 [0m
[0;32mI (420) efuse_init: Chip rev:         v3.1[0m
[0;32mI (425) heap_init: Initializing. RAM available for dynamic allocation:[0m
[0;32mI (431) heap_init: At 3FFAFF10 len 000000F0 (0 KiB): DRAM[0m
[0;32mI (436) heap_init: At 3FFB6388 len 00001C78 (7 KiB): DRAM[0m
[0;32mI (441) heap_init: At 3FFB9A20 len 00004108 (16 KiB): DRAM[0m
[0;32mI (446) heap_init: At 3FFC74C0 len 00018B40 (98 KiB): DRAM[0m
[0;32mI (451) heap_init: At 3FFE0440 len 00003AE0 (14 KiB): D/IRAM[0m
[0;32mI (456) heap_init: At 3FFE4350 len 0001BCB0 (111 KiB): D/IRAM[0m
[0;32mI (462) heap_init: At 40097DC4 len 0000823C (32 KiB): IRAM[0m
[0;32mI (469) spi_flash: detected chip: generic[0m
[0;32mI (471) spi_flash: flash io: dio[0m
[0;33mW (474) spi_flash: Detected size(4096k) larger than the size in the binary image header(2048k). Using the size in the binary image header.[0m
[0;32mI (487) coexist: coex firmware version: 49a8cdc[0m
[0;32mI (491) main_task: Started on CPU0[0m
[0;32mI (501) main_task: Calling app_main()[0m
[0;32mI (501) PCNT: setting up PCNT units and chaneeï¿½ets Jul 29 2019 12:21:46[0m

rst:0xc (SW_CPU_RESET),boot:0x13 (SPI_FAST_FLASH_BOOT)
configsip: 0, SPIWP:0xee
clk_drv:0x00,q_drv:0x00,d_drv:0x00,cs0_drv:0x00,hd_drv:0x00,wp_drv:0x00
mode:DIO, clock div:2
load:0x3fff0030,len:6276
load:0x40078000,len:15716
load:0x40080400,len:4
ho 8 tail 4 room 4
load:0x40080404,len:3860
entry 0x4008063c
[0;32mI (31) boot: ESP-IDF v5.4 2nd stage bootloader[0m
[0;32mI (31) boot: compile time May  2 2025 17:18:45[0m
[0;32mI (31) boot: Multicore bootloader[0m
[0;32mI (32) boot: chip revision: v3.1[0m
[0;32mI (35) boot.esp32: SPI Speed      : 40MHz[0m
[0;32mI (39) boot.esp32: SPI Mode       : DIO[0m
[0;32mI (42) boot.esp32: SPI Flash Size : 2MB[0m
[0;32mI (46) boot: Enabling RNG early entropy source...[0m
[0;32mI (50) boot: Partition Table:[0m
[0;32mI (53) boot: ## Label            Usage          Type ST Offset   Length[0m
[0;32mI (59) boot:  0 nvs              WiFi data        01 02 00009000 00006000[0m
[0;32mI (66) boot:  1 phy_init         RF data          01 01 0000f000 00001000[0m
[0;32mI (72) boot:  2 factory          factory app      00 00 00010000 00100000[0m
[0;32mI (79) boot: End of partition table[0m
[0;32mI (82) esp_image: segment 0: paddr=00010020 vaddr=3f400020 size=203c4h (132036) map[0m
[0;32mI (135) esp_image: segment 1: paddr=000303ec vaddr=3ff80000 size=0001ch (    28) load[0m
[0;32mI (135) esp_image: segment 2: paddr=00030410 vaddr=3ffbdb60 size=04ce8h ( 19688) load[0m
[0;32mI (146) esp_image: segment 3: paddr=00035100 vaddr=40080000 size=0af18h ( 44824) load[0m
[0;32mI (164) esp_image: segment 4: paddr=00040020 vaddr=400d0020 size=7d940h (514368) map[0m
[0;32mI (339) esp_image: segment 5: paddr=000bd968 vaddr=4008af18 size=0ceach ( 52908) load[0m
[0;32mI (372) boot: Loaded app from partition at offset 0x10000[0m
[0;32mI (372) boot: Disabling RNG early entropy source...[0m
[0;32mI (382) cpu_start: Multicore app[0m
[0;32mI (391) cpu_start: Pro cpu start user code[0m
[0;32mI (391) cpu_start: cpu freq: 160000000 Hz[0m
[0;32mI (391) app_init: Application information:[0m
[0;32mI (391) app_init: Project name:     robot_controller_1.1[0m
[0;32mI (396) app_init: App version:      v5.4[0m
[0;32mI (400) app_init: Compile time:     May  2 2025 17:18:46[0m
[0;32mI (405) app_init: ELF file SHA256:  436526f4c...[0m
[0;32mI (409) app_init: ESP-IDF:          v5.4[0m
[0;32mI (413) efuse_init: Min chip rev:     v0.0[0m
[0;32mI (416) efuse_init: Max chip rev:     v3.99 [0m
[0;32mI (420) efuse_init: Chip rev:         v3.1[0m
[0;32mI (425) heap_init: Initializing. RAM available for dynamic allocation:[0m
[0;32mI (431) heap_init: At 3FFAFF10 len 000000F0 (0 KiB): DRAM[0m
[0;32mI (436) heap_init: At 3FFB6388 len 00001C78 (7 KiB): DRAM[0m
[0;32mI (441) heap_init: At 3FFB9A20 len 00004108 (16 KiB): DRAM[0m
[0;32mI (446) heap_init: At 3FFC74C0 len 00018B40 (98 KiB): DRAM[0m
[0;32mI (451) heap_init: At 3FFE0440 len 00003AE0 (14 KiB): D/IRAM[0m
[0;32mI (456) heap_init: At 3FFE4350 len 0001BCB0 (111 KiB): D/IRAM[0m
[0;32mI (462) heap_init: At 40097DC4 len 0000823C (32 KiB): IRAM[0m
[0;32mI (469) spi_flash: detected chip: generic[0m
[0;32mI (471) spi_flash: flash io: dio[0m
[0;33mW (474) spi_flash: Detected size(4096k) larger than the size in the binary image header(2048k). Using the size in the binary image header.[0m
[0;32mI (487) coexist: coex firmware version: 49a8cdc[0m
[0;32mI (491) main_task: Started on CPU0[0m
[0;32mI (501) main_task: Calling app_main()[0m
[0;32mI (501) PCNT: setting up PCNT units and chaneeï¿½ets Jul 29 2019 12:21:46[0m

rst:0xc (SW_CPU_RESET),boot:0x13 (SPI_FAST_FLASH_BOOT)
configsip: 0, SPIWP:0xee
clk_drv:0x00,q_drv:0x00,d_drv:0x00,cs0_drv:0x00,hd_drv:0x00,wp_drv:0x00
mode:DIO, clock div:2
load:0x3fff0030,len:6276
load:0x40078000,len:15716
load:0x40080400,len:4
ho 8 tail 4 room 4
load:0x40080404,len:3860
entry 0x4008063c
[0;32mI (31) boot: ESP-IDF v5.4 2nd stage bootloader[0m
[0;32mI (31) boot: compile time May  2 2025 17:18:45[0m
[0;32mI (31) boot: Multicore bootloader[0m
[0;32mI (32) boot: chip revision: v3.1[0m
[0;32mI (35) boot.esp32: SPI Speed      : 40MHz[0m
[0;32mI (39) boot.esp32: SPI Mode       : DIO[0m
[0;32mI (42) boot.esp32: SPI Flash Size : 2MB[0m
[0;32mI (46) boot: Enabling RNG early entropy source...[0m
[0;32mI (50) boot: Partition Table:[0m
[0;32mI (53) boot: ## Label            Usage          Type ST Offset   Length[0m
[0;32mI (59) boot:  0 nvs              WiFi data        01 02 00009000 00006000[0m
[0;32mI (66) boot:  1 phy_init         RF data          01 01 0000f000 00001000[0m
[0;32mI (72) boot:  2 factory          factory app      00 00 00010000 00100000[0m
[0;32mI (79) boot: End of partition table[0m
[0;32mI (82) esp_image: segment 0: paddr=00010020 vaddr=3f400020 size=203c4h (132036) map[0m
[0;32mI (135) esp_image: segment 1: paddr=000303ec vaddr=3ff80000 size=0001ch (    28) load[0m
[0;32mI (135) esp_image: segment 2: paddr=00030410 vaddr=3ffbdb60 size=04ce8h ( 19688) load[0m
[0;32mI (146) esp_image: segment 3: paddr=00035100 vaddr=40080000 size=0af18h ( 44824) load[0m
[0;32mI (164) esp_image: segment 4: paddr=00040020 vaddr=400d0020 size=7d940h (514368) map[0m
