ESP-ROM:esp32s3-20210327
Build:Mar 27 2021
rst:0x15 (USB_UART_CHIP_RESET),boot:0x8 (SPI_FAST_FLASH_BOOT)
Saved PC:0x400490d5
SPIWP:0xee
mode:DIO, clock div:1
load:0x3fce2810,len:0x15a0
load:0x403c8700,len:0x4
load:0x403c8704,len:0xd20
load:0x403cb700,len:0x2ee4
entry 0x403c8928
[0;32mI (26) boot: ESP-IDF v5.4-dirty 2nd stage bootloader[0m
[0;32mI (27) boot: compile time Mar 15 2025 21:00:47[0m
[0;32mI (27) boot: Multicore bootloader[0m
[0;32mI (27) boot: chip revision: v0.2[0m
[0;32mI (30) boot: efuse block revision: v1.3[0m
[0;32mI (34) boot.esp32s3: Boot SPI Speed : 80MHz[0m
[0;32mI (37) boot.esp32s3: SPI Mode       : DIO[0m
[0;32mI (41) boot.esp32s3: SPI Flash Size : 2MB[0m
[0;32mI (45) boot: Enabling RNG early entropy source...[0m
[0;32mI (49) boot: Partition Table:[0m
[0;32mI (52) boot: ## Label            Usage          Type ST Offset   Length[0m
[0;32mI (58) boot:  0 nvs              WiFi data        01 02 00009000 00006000[0m
[0;32mI (65) boot:  1 phy_init         RF data          01 01 0000f000 00001000[0m
[0;32mI (71) boot:  2 factory          factory app      00 00 00010000 00100000[0m
[0;32mI (78) boot: End of partition table[0m
[0;32mI (81) esp_image: segment 0: paddr=00010020 vaddr=3c020020 size=0b570h ( 46448) map[0m
[0;32mI (97) esp_image: segment 1: paddr=0001b598 vaddr=3fc92800 size=02a30h ( 10800) load[0m
[0;32mI (99) esp_image: segment 2: paddr=0001dfd0 vaddr=40374000 size=02048h (  8264) load[0m
[0;32mI (105) esp_image: segment 3: paddr=00020020 vaddr=42000020 size=1ac4ch (109644) map[0m
[0;32mI (130) esp_image: segment 4: paddr=0003ac74 vaddr=40376048 size=0c6c8h ( 50888) load[0m
[0;32mI (142) esp_image: segment 5: paddr=00047344 vaddr=600fe100 size=0001ch (    28) load[0m
[0;32mI (148) boot: Loaded app from partition at offset 0x10000[0m
[0;32mI (148) boot: Disabling RNG early entropy source...[0m
[0;32mI (159) cpu_start: Multicore app[0m
[0;32mI (169) cpu_start: Pro cpu start user code[0m
[0;32mI (169) cpu_start: cpu freq: 160000000 Hz[0m
[0;32mI (169) app_init: Application information:[0m
[0;32mI (169) app_init: Project name:     i2c_ver1.0[0m
[0;32mI (173) app_init: App version:      v5.4-dirty[0m
[0;32mI (177) app_init: Compile time:     Mar 15 2025 21:00:36[0m
[0;32mI (182) app_init: ELF file SHA256:  fc88ef8a0...[0m
[0;32mI (186) app_init: ESP-IDF:          v5.4-dirty[0m
[0;32mI (191) efuse_init: Min chip rev:     v0.0[0m
[0;32mI (194) efuse_init: Max chip rev:     v0.99 [0m
[0;32mI (198) efuse_init: Chip rev:         v0.2[0m
[0;32mI (202) heap_init: Initializing. RAM available for dynamic allocation:[0m
[0;32mI (209) heap_init: At 3FC95B10 len 00053C00 (335 KiB): RAM[0m
[0;32mI (214) heap_init: At 3FCE9710 len 00005724 (21 KiB): RAM[0m
[0;32mI (219) heap_init: At 3FCF0000 len 00008000 (32 KiB): DRAM[0m
[0;32mI (224) heap_init: At 600FE11C len 00001ECC (7 KiB): RTCRAM[0m
[0;32mI (230) spi_flash: detected chip: gd[0m
[0;32mI (233) spi_flash: flash io: dio[0m
[0;33mW (236) spi_flash: Detected size(16384k) larger than the size in the binary image header(2048k). Using the size in the binary image header.[0m
[0;32mI (248) sleep_gpio: Configure to isolate all GPIO pins in sleep state[0m
[0;32mI (254) sleep_gpio: Enable automatic switching of GPIO sleep configuration[0m
[0;32mI (261) main_task: Started on CPU0[0m
[0;32mI (271) main_task: Calling app_main()[0m
[0;32mI (271) MASTER: Yo!the Message hello from master is Sent:look down below to chek if the other guy rcieved it properly [0m
[0;32mI (281) main_task: Returned from app_main()[0m
