[0;32mI (341) sleep_gpio: Enable automatic switching of GPIO sleep configuration[0m
ESP-ROM:esp32c3-api1-20210207
Build:Feb  7 2021
rst:0x15 (USB_UART_CHIP_RESET),boot:0x8 (SPI_FAST_FLASH_BOOT)
Saved PC:0x420070de
SPIWP:0xee
mode:DIO, clock div:1
load:0x3fcd5820,len:0x1574
load:0x403cc710,len:0xc30
load:0x403ce710,len:0x2f58
entry 0x403cc71a
[0;32mI (24) boot: ESP-IDF v5.4-dirty 2nd stage bootloader[0m
[0;32mI (24) boot: compile time Jan 30 2026 18:03:48[0m
[0;32mI (25) boot: chip revision: v0.4[0m
[0;32mI (25) boot: efuse block revision: v1.3[0m
[0;32mI (28) boot.esp32c3: SPI Speed      : 80MHz[0m
[0;32mI (32) boot.esp32c3: SPI Mode       : DIO[0m
[0;32mI (36) boot.esp32c3: SPI Flash Size : 2MB[0m
[0;32mI (40) boot: Enabling RNG early entropy source...[0m
[0;32mI (44) boot: Partition Table:[0m
[0;32mI (47) boot: ## Label            Usage          Type ST Offset   Length[0m
[0;32mI (53) boot:  0 nvs              WiFi data        01 02 00009000 00006000[0m
[0;32mI (60) boot:  1 phy_init         RF data          01 01 0000f000 00001000[0m
[0;32mI (66) boot:  2 factory          factory app      00 00 00010000 00100000[0m
[0;32mI (73) boot: End of partition table[0m
[0;32mI (76) esp_image: segment 0: paddr=00010020 vaddr=3c0a0020 size=1f1d4h (127444) map[0m
[0;32mI (104) esp_image: segment 1: paddr=0002f1fc vaddr=3fc92e00 size=00e1ch (  3612) load[0m
[0;32mI (105) esp_image: segment 2: paddr=00030020 vaddr=42000020 size=9599ch (612764) map[0m
[0;32mI (205) esp_image: segment 3: paddr=000c59c4 vaddr=3fc93c1c size=017cch (  6092) load[0m
[0;32mI (207) esp_image: segment 4: paddr=000c7198 vaddr=40380000 size=12d18h ( 77080) load[0m
[0;32mI (223) esp_image: segment 5: paddr=000d9eb8 vaddr=50000200 size=0001ch (    28) load[0m
[0;32mI (229) boot: Loaded app from partition at offset 0x10000[0m
[0;32mI (229) boot: Disabling RNG early entropy source...[0m
[0;32mI (241) cpu_start: Unicore app[0m
[0;32mI (249) cpu_start: Pro cpu start user code[0m
[0;32mI (249) cpu_start: cpu freq: 160000000 Hz[0m
[0;32mI (249) app_init: Application information:[0m
[0;32mI (249) app_init: Project name:     BLEtest[0m
[0;32mI (253) app_init: App version:      v5.4-dirty[0m
[0;32mI (257) app_init: Compile time:     Jan 30 2026 18:08:24[0m
[0;32mI (262) app_init: ELF file SHA256:  985e3f180...[0m
[0;32mI (267) app_init: ESP-IDF:          v5.4-dirty[0m
[0;32mI (271) efuse_init: Min chip rev:     v0.3[0m
[0;32mI (275) efuse_init: Max chip rev:     v1.99 [0m
[0;32mI (279) efuse_init: Chip rev:         v0.4[0m
[0;32mI (283) heap_init: Initializing. RAM available for dynamic allocation:[0m
[0;32mI (289) heap_init: At 3FC99BA0 len 00026460 (153 KiB): RAM[0m
[0;32mI (294) heap_init: At 3FCC0000 len 0001C710 (113 KiB): Retention RAM[0m
[0;32mI (300) heap_init: At 3FCDC710 len 00002950 (10 KiB): Retention RAM[0m
[0;32mI (306) heap_init: At 5000021C len 00001DCC (7 KiB): RTCRAM[0m
[0;32mI (312) spi_flash: detected chip: generic[0m
[0;32mI (315) spi_flash: flash io: dio[0m
[0;33mW (318) spi_flash: Detected size(4096k) larger than the size in the binary image header(2048k). Using the size in the binary image header.[0m
[0;32mI (331) sleep_gpio: Configure to isolate all GPIO pins in sleep state[0m
[0;32mI (337) sleep_gpio: Enable automatic switching of GPIO sleep configuration[0m
[0;32mI (343) coexist: coex firmware version: 49a8cdc[0m
[0;32mI (348) coexist: coexist rom version 9387209[0m
[0;32mI (352) main_task: Started on CPU0[0m
[0;32mI (352) main_task: Calling app_main()[0m
[0;32mI (352) BLE: Setting up BLE unit[0m
[0;32mI (362) BLE_INIT: BT controller compile version [d752dea][0m
[0;32mI (362) BLE_INIT: Bluetooth MAC: ac:eb:e6:49:c9:86[0m
[0;32mI (362) phy_init: phy_version 1180,01f2a49,Jun  4 2024,16:34:25[0m
[0;32mI (422) BLE: REGISTER_APP_EVT, status 0, app_id 0[0m
[0;33mW (422) BT_BTM: BTM_BleWriteAdvData, Partial data write into ADV[0m
[0;32mI (422) BLE: CREATE_SERVICE_EVT, status 0, service_handle 40[0m
[0;32mI (432) BLE: Unhandled GATTS event: 12[0m
[0;32mI (432) BLE: ADD_RX_CHAR, status 0, attr_handle 42, service_handle 40[0m
[0;32mI (432) BLE: ADD_TX_CHAR, status 0, attr_handle 44, service_handle 40[0m
[0;32mI (442) BLE: Unhandled GAP event: 6[0m
[0;32mI (442) BLE: TX CCCD Handle: 45[0m
[0;32mI (452) gpio: GPIO[3]| InputEn: 0| OutputEn: 0| OpenDrain: 0| Pullup: 1| Pulldown: 0| Intr:0 [0m
[0;32mI (462) gpio: GPIO[4]| InputEn: 0| OutputEn: 0| OpenDrain: 0| Pullup: 1| Pulldown: 0| Intr:0 [0m
[0;32mI (462) BLE: BLE unit setup completed[0m
[0;32mI (472) main_task: Returned from app_main()[0m
[0;32mI (12572) BLE: ESP_GATTS_CONNECT_EVT, conn_id 0, remote 7e:76:df:87:71:5e, link_role 1[0m
[0;32mI (12622) BLE: Unhandled GAP event: 21[0m
[0;32mI (13022) BLE: update connection params status = 0, conn_int = 6, latency = 0, timeout = 500[0m
[0;32mI (13222) BLE: GATT_WRITE_EVT, handle 45[0m
[0;32mI (13222) BLE: BLE data receiving length: 2/68[0m
[0;32mI (13222) BLE: CCCD Write: 0001[0m
[0;32mI (13222) BLE: notify enable[0m
[0;32mI (13302) BLE: update connection params status = 0, conn_int = 32, latency = 0, timeout = 600[0m
[0;32mI (20942) BLE: GATT_WRITE_EVT, handle 42[0m
[0;32mI (20952) BLE: BLE data receiving length: 2/68[0m
[0;32mI (20952) BLE: RX[0] = 0x4C (L)[0m
[0;32mI (20952) BLE: RX[1] = 0x20 ( )[0m
[0;32mI (22062) BLE: GATT_WRITE_EVT, handle 42[0m
[0;32mI (22072) BLE: BLE data receiving length: 2/68[0m
[0;32mI (22072) BLE: RX[0] = 0x4C (L)[0m
[0;32mI (22072) BLE: RX[1] = 0x20 ( )[0m
[0;32mI (25342) BLE: GATT_WRITE_EVT, handle 42[0m
[0;32mI (25352) BLE: BLE data receiving length: 2/68[0m
[0;32mI (25352) BLE: RX[0] = 0x4C (L)[0m
[0;32mI (25352) BLE: RX[1] = 0x20 ( )[0m
[0;32mI (26302) BLE: GATT_WRITE_EVT, handle 42[0m
[0;32mI (26312) BLE: BLE data receiving length: 2/68[0m
[0;32mI (26312) BLE: RX[0] = 0x4C (L)[0m
[0;32mI (26312) BLE: RX[1] = 0x20 ( )[0m
